C51 COMPILER V9.59.0.0   ACCESCAN                                                          10/01/2020 11:49:08 PAGE 1   


C51 COMPILER V9.59.0.0, COMPILATION OF MODULE ACCESCAN
OBJECT MODULE PLACED IN .\Objects\Accescan.obj
COMPILER INVOKED BY: C:\Keil_v5\C51\BIN\C51.EXE Accescan.c LARGE OPTIMIZE(8,SPEED) BROWSE DEBUG OBJECTEXTEND PRINT(.\Lis
                    -tings\Accescan.lst) TABS(2) OBJECT(.\Objects\Accescan.obj)

line level    source

   1          #include <Accescan.h>
   2          #include <reg51.h>
   3          #include <string.h>
   4          extern void Block_write_clock_ascii(unsigned char *datos_clock);
   5          extern void PantallaLCD(unsigned char cod_msg);
   6          extern void Reloj_Pantalla_Lcd();
   7          extern unsigned char rx_Data(void);
   8          extern void Debug_txt_Tibbo(unsigned char * str);
   9          extern void DebugBufferMF(unsigned char *str,unsigned char num_char,char io);
  10          extern void Debug_Dividir_texto();
  11          extern void tx_aux(unsigned char caracter);
  12          extern unsigned char Dir_board();
  13          extern void Block_read_clock_ascii(unsigned char *datos_clock);
  14          extern void Two_ByteHex_Decimal(unsigned char *buffer,unsigned char id_h,unsigned char id_l);
  15          extern void ByteHex_Decimal(unsigned char *buffer,unsigned char valorhex);
  16          extern void PantallaLCD(unsigned char cod_msg);
  17          extern void LCD_txt (unsigned char * msg,char enable_char_add );
  18          extern unsigned char  ValidaSensoresPaso(void);
  19          extern void tx_aux(unsigned char caracter);
  20          extern void PantallaLCD_LINEA_2(unsigned char cod_msg, unsigned char *buffer);
  21          extern unsigned char hex_bcd (unsigned char byte);
  22          extern void Trama_pto_Paralelo_P(unsigned char *buffer_S1_B0,unsigned char *buffer_S1_B2,unsigned char cmd
             -);
  23          extern void  send_port(unsigned char *buffer_port, unsigned char length_char);
  24          extern unsigned char validar_clk(unsigned char *datos_clock);
  25          extern void Debug_chr_Tibbo(unsigned char Dat);
  26          extern unsigned char rd_eeprom (unsigned char control,unsigned int Dir); 
  27          extern unsigned char Dir_Board_Monitor();
  28          
  29          
  30          extern unsigned int Timer_tivo;
  31          extern unsigned char Timer_wait;
  32          extern unsigned char Tipo_Vehiculo;
  33          extern unsigned char ValTimeOutCom;
  34          
  35          extern unsigned char  Debug_Tibbo;
  36          extern unsigned char buffer_S_B[17];
  37          sbit rx_ip = P0^0;        
  38          sbit lock = P1^7;           //Relevo 
  39          sbit Atascado = P0^3;       //Rele de on/off del verificador o transporte
  40          sbit led_err_imp = P0^2;      //Error   
  41          
  42          
  43          #define STX                     02 
  44          #define ETX                     03 
  45          
  46          /*MENSAJES PRIMARIO CON CMD DE MSJ*/
  47          #define PRMR_ON_LINE                0xB7
  48          #define PRMR_OFF_LINE               0xb6
  49          #define PRMR_BIENVENIDO             0X02    //FE
  50          #define PRMR_SIN_PAGO               0XE7
  51          #define PRMR_NO_IN_PARK             0XB2
  52          #define PRMR_GRACIAS                'V'
  53          #define PRMR_ERROR_LOOP             06          //0XE0
C51 COMPILER V9.59.0.0   ACCESCAN                                                          10/01/2020 11:49:08 PAGE 2   

  54          #define PRMR_EXPIRO                 0XB4
  55          #define PRMR_EXCEDE_HORARIO         0X07
  56          #define PRMR_NO_MENSUAL             0XB1
  57          #define PRMR_DIREJASE_A_CAJA        0XA1
  58          #define PRMR_MENSUAL_NO_PAGO        0X08
  59          #define PRMR_UN_MOMENTO             0X09
  60          #define PRMR_SOLICITA_EVN           0XAA
  61          /*mensaje de mensual*/
  62          #define GRACIAS                 91            //0XFF,01
  63          #define LECTURA_WIEGAND         92//0xB0
  64          #define NO_IN_PARK              93  
  65          #define EXPIRO                  94            //B4
  66          #define EXCEDE_HORARIO          95
  67          #define NO_MENSUAL_NI_PREPAGO   96
  68          #define DIREJASE_A_CAJA         90
  69          #define MENSUAL_NO_PAGO         97
  70          /*mensaje informativo DE PANTALLAS*/
  71          #define ERROR_LOOP              171         //0XE0
  72          #define OFF_LINE                174
  73          #define UN_MOMENTO              175
  74          /*direcciones de eeprom*/
  75          #define EE_USE_LPR            0x000A
  76          #define EE_DEBUG              0x0008
  77          /*define variables de esta funcion*/
  78           unsigned char USE_LPR;
  79           idata unsigned char placa[]={0x30,0x30,0x30,0x30,0x30,0x30,0x0,0x0,0x0};
  80           
  81           /*externos bits*/
  82          
  83          extern bit placa_ready;
  84           enum Tipos_MF_TIPO_TARJETA{
  85            INACTIVA,         
  86            ROTACION,           
  87            MENSUALIDAD,
  88            PREPAGO,
  89            CORTESIA,
  90            LOCATARIO,
  91            TARJETA_PERDIDA = 0X10,
  92            INHABILITADA = 0X11
  93          };
  94           enum expedidor {
  95           fecha_Int_Ano,
  96           fecha_Int_Mes, 
  97           fecha_Int_Dia, 
  98           fecha_Int_Hora,
  99           fecha_Int_Min,   
 100           Tipo_Tarjeta,
 101           Apb,
 102           Horario,
 103           Pico_Placa,
 104           Type_Vehiculo,
 105           Uid_0,
 106           Uid_1,
 107           Uid_2,
 108           Uid_3,
 109           Expira_ano,
 110           Expira_mes,
 111           Expira_dia
 112           
 113          };
 114          
 115          //unsigned char S1_B2[]={0x13, 0x03, 0x1D, 0x0B, 0x0E, 00, 00, 00, 00, 00, 0x01, 0x13, 0x03, 0x1D, 0x0E, 0
C51 COMPILER V9.59.0.0   ACCESCAN                                                          10/01/2020 11:49:08 PAGE 3   

             -x1D};
 116          //unsigned char S1_B0[]={0x32, 0x31, 0x30, 0x37, 0x31, 0x35, 00, 00, 00, 00, 00, 00, 00, 00, 00, 01};
 117          //unsigned char S_B[]={0xE7, 00, 00, 00, 00, 00, 00, 00, 00, 00, 01};
 118          /*------------------------------------------------------------------------------
 119          Rutina q valida los cmd del pto paralelo
 120          temp= usado para contar 20 fuera de linea y mostralo en la pantalla
 121          ------------------------------------------------------------------------------*/
 122          void Valida_Trama_Pto(unsigned char *buffer, unsigned char length_trama)
 123          {
 124   1        
 125   1         static unsigned char cont;
 126   1         unsigned char buff[11];
 127   1        USE_LPR=rd_eeprom(0xa8,EE_USE_LPR);
 128   1        /*-------------------------------CMD H reloj para el board y la pantalla lcd-----------------------------
             --------------*/
 129   1          if((length_trama==25)&&(*buffer==STX)&&(*(buffer+2)=='H')&&*(buffer+(length_trama-1))==ETX)                         
             -/*cmd de Accescan que me envia el reloj actualizado*/
 130   1          { 
 131   2            if(validar_clk(buffer+3)==0)
 132   2            {
 133   3            Block_write_clock_ascii(buffer+3);                                                                                /* se escribe el reloj de har
             -dware*/
 134   3          
 135   3            Reloj_Pantalla_Lcd();                                                                                             /* Escribo el reloj en la pantalla 
             -lcd*/
 136   3            
 137   3            } 
 138   2            
 139   2          }
 140   1          /*-------------------------------CMD B6 fuera de linea -------------------------------------------------
             -------------*/
 141   1          else if(*buffer==PRMR_OFF_LINE)                                                                                   /*cmd de Accescan que dice q es
             -ta fuera de linea*/
 142   1          {
 143   2              cont++;
 144   2              if (cont>4)     /* con un tiempo de retardo =((1/(22118400/12)*65535)*30)*/
 145   2              {
 146   3              PantallaLCD(OFF_LINE);
 147   3              led_err_imp=0;                                                                                                  /*error led on*/
 148   3              Timer_wait=0;
 149   3              lock=0;                                                                                                         /*relevo off despues de 1 minuto*/
 150   3              Atascado=0; 
 151   3              cont=0;
 152   3              }
 153   2          }
 154   1          /*-------------------------------CMD B7 en linea (AA) NO SE SABE  --------------------------------------
             -----------------------------*/
 155   1          else if ((*buffer==PRMR_ON_LINE)  ||(*buffer==PRMR_SOLICITA_EVN) )                                                                              
             -      /*en linea*/
 156   1          {   
 157   2            
 158   2            if (Timer_wait>=20)                                                                                               /* se envia el msj fuera de linea*/
 159   2            { 
 160   3              Timer_wait=0;                                                                                                   /*se inicia el timer*/
 161   3              lock=0;
 162   3              led_err_imp=1;                                                                                                  /*relevo off despues de 1 minuto*/
 163   3              Atascado=0; 
 164   3            } 
 165   2            
 166   2            if ((Debug_Tibbo==0)&&(USE_LPR==1)&& (Timer_tivo>=600))
 167   2            {
 168   3              Timer_tivo=0;
C51 COMPILER V9.59.0.0   ACCESCAN                                                          10/01/2020 11:49:08 PAGE 4   

 169   3              Debug_Tibbo=1;
 170   3              Debug_txt_Tibbo((unsigned char *) "LIVE");
 171   3              Debug_Tibbo=0;
 172   3            }
 173   2            
 174   2            
 175   2          } 
 176   1          
 177   1            /*-------------------------------CMD B1 PRMR_NO_MENSUAL_NI PREPAGO ------------------------------------
             ------------------------------*/
 178   1          else if ((*buffer==PRMR_NO_MENSUAL) )                                                                                   /*en linea*/
 179   1          {
 180   2            PantallaLCD(NO_MENSUAL_NI_PREPAGO);                                                                                           /*MSJ MENSUAL NO EN PA
             -RQUEADERO*/
 181   2          }   
 182   1            /*-------------------------------CMD B2 PRMR_NO_IN_PARK   ---------------------------------------------
             ---------------------*/
 183   1          else if ((*buffer==PRMR_NO_IN_PARK) )                                                                                   /*en linea*/
 184   1          {
 185   2            PantallaLCD(NO_IN_PARK);                                                                                            /*MSJ MENSUAL NO EN PARQUEADERO*/
 186   2          }   
 187   1            /*-------------------------------CMD A1    DIREJASE_A_CAJA                ------------------------------
             -------------------------------------*/
 188   1          else if ((length_trama==1)&&(*buffer==PRMR_DIREJASE_A_CAJA  ))                                                                        /*cmd 0
             -xA1 audio caja que es igual a no registra pago */
 189   1          {
 190   2               PantallaLCD(DIREJASE_A_CAJA);
 191   2          }
 192   1          
 193   1            /*-------------------------------CMD 06  error de loop    ---------------------------------------------
             ----------------------*/
 194   1          else if ((length_trama==1)&&(*buffer==PRMR_ERROR_LOOP))                                                                   /*cmd 0xA1 audi
             -o caja que es igual a no registra pago */
 195   1          {
 196   2               PantallaLCD(ERROR_LOOP);
 197   2          }
 198   1          
 199   1              /*-------------------------------CMD 07  EXCEDE_HORARIO   --------------------------------------------
             -----------------------*/
 200   1          else if ((length_trama==1)&&(*buffer==PRMR_EXCEDE_HORARIO))                                                                   /*cmd 0xA1 
             -audio caja que es igual a no registra pago */
 201   1          {
 202   2               PantallaLCD(EXCEDE_HORARIO);
 203   2          }
 204   1          
 205   1      
 206   1              /*-------------------------------CMD 08 MENSUAL_NO_PAGO   --------------------------------------------
             -----------------------*/
 207   1          else if ((length_trama==1)&&(*buffer==PRMR_MENSUAL_NO_PAGO))                                                                    /*cmd 0xA1
             - audio caja que es igual a no registra pago */
 208   1          {
 209   2               PantallaLCD(MENSUAL_NO_PAGO);
 210   2          } 
 211   1        
 212   1          /*-------------------------------CMD 09 UN_MOMENTO     --------------------------------------------------
             -----------------*/
 213   1          else if ((length_trama==1)&&(*buffer==PRMR_UN_MOMENTO ))                                                                    /*cmd 0xA1 aud
             -io caja que es igual a no registra pago */
 214   1          {
 215   2               PantallaLCD(UN_MOMENTO );
 216   2          }     
 217   1            /*-------------------------------CMD B4  EXPIRO mensualidad vencida -----------------------------------
C51 COMPILER V9.59.0.0   ACCESCAN                                                          10/01/2020 11:49:08 PAGE 5   

             ------------------------*/
 218   1          else if ((length_trama==1)&&(*buffer==PRMR_EXPIRO))                                                                   /*cmd 0xA1 audio ca
             -ja que es igual a no registra pago */
 219   1          {
 220   2               PantallaLCD(EXPIRO);                                                                                             /*mesualidad vencida*/
 221   2          }
 222   1          /*-------------------------------CMD 'V'=PRMR_GRACIAS  msj Gracias y nombre del mensual-----------------
             -------------------------*/
 223   1          else if ((length_trama==19)&& (*(buffer+1)==PRMR_GRACIAS)&&*(buffer+(length_trama-1))==ETX)                         
             -/*cmd 0xA1 audio caja que es igual a no registra pago */
 224   1          {
 225   2               PantallaLCD_LINEA_2(GRACIAS,buffer+2);                                                                     /*SE ENVIA EL MSJ GRACIAS lo
             - q envia el software*/
 226   2          }
 227   1          
 228   1          /*-------------------------------CMD de wiegand---------------------------------------------------*/
 229   1          else if ((length_trama==6)&&(*buffer==STX)&&(*(buffer+1)=='W')&&*(buffer+(length_trama-1))==ETX)                
             -    /* cmd q comunica con monitor por wiegand*/
 230   1          {
 231   2              /*-------------------------------se covierte el numero serie de la tarjeta----------------------------
             ---*/
 232   2                    ByteHex_Decimal(buff,*(buffer+2));                                                                        /*convierto el primer byte_he
             -x a decimal    */
 233   2                    buff[3]=' ';
 234   2                    Two_ByteHex_Decimal(buff+4,*(buffer+3),*(buffer+4)) ;                                                     /*convierto un byte
             - de 16 bits a decimal*/   
 235   2              /*----------------------------------------------------------------------------------------------------
             ---*/
 236   2                
 237   2            if (USE_LPR==1)
 238   2              {
 239   3                    /*-------------------------------mensaje en la pantalla -------------------------------------------
             --*/
 240   3                    /*ValidaSensoresPaso=0 no hay presencia  ValidaSensoresPaso=0xff  hay presencia*/
 241   3                    if (ValidaSensoresPaso()!= 0xff)
 242   3                    {               
 243   4                      PantallaLCD(ERROR_LOOP);
 244   4                      PantallaLCD_LINEA_2(LECTURA_WIEGAND,buff);                                                                /*msj rasberry*/
 245   4                    }
 246   3                    else
 247   3                    {
 248   4                      Cmd_LPR_Salida_wiegand(buff);
 249   4                      PantallaLCD_LINEA_2(LECTURA_WIEGAND,buff);                                                                /*msj rasberry*/
 250   4                    }
 251   3                
 252   3                    
 253   3                                                                                                                              /*transmito el codigo de la tarjeta a la panta
             -lla lcd*/
 254   3                                
 255   3              }                                                                             
 256   2              
 257   2              else
 258   2              {
 259   3                 /*-------------------------------mensaje en la pantalla---------------------------------------------
             -------*/
 260   3                                                                    
 261   3                    if (ValidaSensoresPaso()!= 0xff)
 262   3                    {               
 263   4                      PantallaLCD(ERROR_LOOP);
 264   4                    }
 265   3                    PantallaLCD_LINEA_2(LECTURA_WIEGAND,buff);                                                                /*transmito el codigo de 
             -la tarjeta a la pantalla lcd*/
C51 COMPILER V9.59.0.0   ACCESCAN                                                          10/01/2020 11:49:08 PAGE 6   

 266   3                                                                                                          
 267   3                /*---------------------------------------------------------------------------------------------------
             ------*/  
 268   3              
 269   3              }
 270   2          }
 271   1          
 272   1      }
 273          /*------------------------------------------------------------------------------
 274          Rutina q recibe  los cmd de Monitor por el tibbo
 275          return el num de caracteres recibidos
 276          y almacena la trama en un apuntador
 277          ------------------------------------------------------------------------------*/
 278          unsigned char recibe_cmd_Monitor(unsigned char *buffer_cmd)
 279          {
 280   1        unsigned char j, NumDatos,time_out,MaxChrRx;
 281   1        unsigned int contador;
 282   1        
 283   1          NumDatos=0;
 284   1          MaxChrRx=11;
 285   1      
 286   1        if (USE_LPR==1)
 287   1        {
 288   2            for (j=0; j<MaxChrRx; j++)
 289   2            {
 290   3              contador=0;
 291   3              time_out=0;
 292   3              while ((rx_ip==1)&&(time_out==0))
 293   3              {
 294   4                contador++;
 295   4                if (contador>20000)
 296   4                {
 297   5                  time_out=1;
 298   5                  j=MaxChrRx;
 299   5                }       
 300   4              }
 301   3              if(time_out==1)break;
 302   3                NumDatos++;
 303   3                *buffer_cmd=rx_Data();
 304   3                  buffer_cmd++;
 305   3            }
 306   2      
 307   2            *buffer_cmd=0;
 308   2            
 309   2      
 310   2        }
 311   1        return  NumDatos;
 312   1      } 
 313          /*------------------------------------------------------------------------------
 314          Rutina q valida los cmd de Monitor
 315          ------------------------------------------------------------------------------*/
 316          /*
 317          void Valida_Trama_Monitor(unsigned char *buffer, unsigned char length_trama)
 318          {   
 319            unsigned char j=0;
 320            unsigned char p=2;
 321            length_trama=1;
 322              if  ((*(buffer+2)==ETX)&&(*(buffer+1)=='P'))                                                                            // APERTURA DE BARRETA
             - 
 323                  {
 324                    lock=1;                                                                                                         //habilita el relevo ON
 325                    Timer_wait=0;
C51 COMPILER V9.59.0.0   ACCESCAN                                                          10/01/2020 11:49:08 PAGE 7   

 326                  }
 327                else if (*(buffer+1)=='<')
 328              {
 329                /*placa*/
 330          /*      do
 331                {
 332                  placa[j]=*(buffer+p);
 333                  p++;
 334                  j++;
 335                }while (*(buffer+p) != ETX);
 336                *(buffer+p)=0;
 337                  placa[j-1]=0;
 338                  placa_ready=1;
 339                ValTimeOutCom=10;
 340                /*placa no play <NO_PLATE>*/ 
 341            /*    
 342              }
 343              else if (*(buffer+1)=='[')
 344              {
 345                /*cancel*/
 346                /*
 347              }
 348          }
 349          */
 350          /*------------------------------------------------------------------------------
 351          
 352          ------------------------------------------------------------------------------*/
 353          /*
 354          void clear_placa()
 355          {
 356            unsigned char i;
 357            for(i=0;i<6;i++)
 358            {
 359             placa[i]=0x30;
 360            }
 361           placa_ready=0;
 362          }
 363            */
 364          /*------------------------------------------------------------------------------
 365          Transmito un caracter al software monitor 
 366          ------------------------------------------------------------------------------*/
 367          void Monitor_chr (unsigned char *str,unsigned char num_char)
 368          {
 369   1        unsigned char j;
 370   1        for (j=0; j<num_char; j++)
 371   1          {
 372   2          tx_aux(*str);
 373   2          str++;
 374   2          }
 375   1      }
 376            
 377          /*------------------------------------------------------------------------------
 378          Transmito CMD de salida wiegand 
 379          ------------------------------------------------------------------------------*/
 380          void Cmd_LPR_Salida_wiegand(unsigned char *buffer)
 381          {
 382   1        unsigned char Buffer_Lpr[30];
 383   1        unsigned char j=3;
 384   1        Buffer_Lpr[0]=STX;                                      /*inicio de cmd STx*/
 385   1        Buffer_Lpr[1]=Dir_Board_Monitor();                      //Dir_board();                              /*direccion de la tarjeta*/
 386   1        Buffer_Lpr[2]='S';                                      /*cmd S que salida wiegand*/
 387   1        if(Tipo_Vehiculo!=0)                                    /*Tipo de vehiculo*/
C51 COMPILER V9.59.0.0   ACCESCAN                                                          10/01/2020 11:49:08 PAGE 8   

 388   1          {
 389   2            Buffer_Lpr[j++]='M';                                /*moto*/
 390   2          }
 391   1          else
 392   1          {
 393   2            Buffer_Lpr[j++]='C';                                /*carro*/
 394   2          }
 395   1        
 396   1          
 397   1          
 398   1          for (j=4; *buffer != '\0'; j++)                       /*numero del tab o tarjeta Mf*/
 399   1            {
 400   2                Buffer_Lpr[j]=*buffer;
 401   2                buffer++;
 402   2              
 403   2            }
 404   1            Buffer_Lpr[j++]=':';                                /*separador del tab  o tarjeta MF*/
 405   1                        
 406   1            Block_read_clock_ascii(Buffer_Lpr+j);               /*año,mes,dia,hora,minutos,*/
 407   1            Buffer_Lpr[j+10]=':';                               /*separador fecha*/
 408   1            Buffer_Lpr[j+11]=ETX;                               /*fin de la trama*/
 409   1          
 410   1                
 411   1          
 412   1            Monitor_chr(Buffer_Lpr,j+12);                       /*rutina de envio de la trama a monitor*/
 413   1      }
 414          /*------------------------------------------------------------------------------
 415          
 416          ------------------------------------------------------------------------------*/
 417          void Cmd_LPR_Salida(unsigned char *buffer_S1_B0,unsigned char *buffer_S1_B)
 418          {
 419   1        
 420   1        
 421   1        unsigned char Buffer_Lpr[30];
 422   1        unsigned char j=3;
 423   1        Buffer_Lpr[0]=STX;                                /*inicio de cmd STx*/
 424   1        Buffer_Lpr[1]=Dir_Board_Monitor();                  //Dir_board();                        /*direccion de la tarjeta*/
 425   1        Buffer_Lpr[2]='S';                                /*numero de digitos de transmicion NO IMPORTA NO ES VALIDADO EN PRINCIP
             -AL*/
 426   1      
 427   1        /*Tipo de vehiculo*/
 428   1        
 429   1          if(buffer_S_B[8] != 0)                        
 430   1          {
 431   2            Buffer_Lpr[j++]='M';                          /*moto*/
 432   2          }
 433   1          else
 434   1          {
 435   2            Buffer_Lpr[j++]='C';                          /*carro*/
 436   2          }
 437   1        if(*(buffer_S1_B0 + Tipo_Tarjeta) == MENSUALIDAD)
 438   1        {
 439   2          ByteHex_Decimal(Buffer_Lpr+4,*(buffer_S1_B0 + Uid_2));
 440   2          j=strlen(Buffer_Lpr);
 441   2          Buffer_Lpr[j]= ' ';
 442   2          Buffer_Lpr[j+1]= 0;
 443   2          j=strlen(Buffer_Lpr);
 444   2          Two_ByteHex_Decimal(Buffer_Lpr+j,*(buffer_S1_B0 + Uid_1),*(buffer_S1_B0 + Uid_0));
 445   2            
 446   2        }
 447   1        else
 448   1        {
C51 COMPILER V9.59.0.0   ACCESCAN                                                          10/01/2020 11:49:08 PAGE 9   

 449   2        /*ticket o consecutivo*/
 450   2        
 451   2          do
 452   2          {
 453   3          
 454   3          Buffer_Lpr[j++]=*buffer_S1_B;                 /*ticket o consecutivo*/
 455   3          buffer_S1_B++;
 456   3          }while (*buffer_S1_B != 0);
 457   2          
 458   2          Buffer_Lpr[j++]=0;
 459   2        }
 460   1        
 461   1          j=strlen(Buffer_Lpr);
 462   1        
 463   1        
 464   1          Buffer_Lpr[j]=':';                            /*separador de la fecha de entrada*/
 465   1          
 466   1        /*fecha de entrada*/
 467   1          
 468   1          Block_read_clock_ascii(Buffer_Lpr+j+1);     //leo la fecha de entrada
 469   1            
 470   1          j=strlen(Buffer_Lpr);
 471   1          
 472   1          Buffer_Lpr[j++]=':';                            /*separador tipo fecha*/
 473   1                                                          /**/
 474   1              
 475   1          Buffer_Lpr[j++]=ETX;  
 476   1        
 477   1          Monitor_chr(Buffer_Lpr,j);                        /*rutina de envio de la trama a monitor*/
 478   1      }
 479          
 480            
 481            


MODULE INFORMATION:   STATIC OVERLAYABLE
   CODE SIZE        =   1635    ----
   CONSTANT SIZE    =      5    ----
   XDATA SIZE       =      2      97
   PDATA SIZE       =   ----    ----
   DATA SIZE        =   ----    ----
   IDATA SIZE       =      9    ----
   BIT SIZE         =   ----    ----
END OF MODULE INFORMATION.


C51 COMPILATION COMPLETE.  0 WARNING(S),  0 ERROR(S)
