BL51 BANKED LINKER/LOCATER V6.22.2.0                                                    11/29/2019  12:27:59  PAGE 1


BL51 BANKED LINKER/LOCATER V6.22.2.0, INVOKED BY:
C:\KEIL_V5\C51\BIN\BL51.EXE .\Objects\main.obj, .\Objects\Accescan.obj, .\Objects\Clock.obj, .\Objects\delay.obj, .\Obje
>> cts\eeprom.obj, .\Objects\io_sensores.obj, .\Objects\pantallas.obj, .\Objects\prog.obj, .\Objects\pto_paralelo.obj, .
>> \Objects\tibbo.obj, .\Objects\uart.obj, .\Objects\verificador.obj TO .\Objects\verificador_v_01 PRINT (.\Listings\ver
>> ificador_v_01.m51) RAMSIZE (256)


MEMORY MODEL: LARGE WITH FLOATING POINT ARITHMETIC


INPUT MODULES INCLUDED:
  .\Objects\main.obj (MAIN)
  .\Objects\Accescan.obj (ACCESCAN)
  .\Objects\Clock.obj (CLOCK)
  .\Objects\delay.obj (DELAY)
  .\Objects\eeprom.obj (EEPROM)
  .\Objects\io_sensores.obj (IO_SENSORES)
  .\Objects\pantallas.obj (PANTALLAS)
  .\Objects\prog.obj (PROG)
  .\Objects\pto_paralelo.obj (PTO_PARALELO)
  .\Objects\tibbo.obj (TIBBO)
  .\Objects\uart.obj (UART)
  .\Objects\verificador.obj (VERIFICADOR)
  C:\KEIL_V5\C51\LIB\C51FPL.LIB (?C?FPADD)
  C:\KEIL_V5\C51\LIB\C51FPL.LIB (?C?FPMUL)
  C:\KEIL_V5\C51\LIB\C51FPL.LIB (?C?FCAST)
  C:\KEIL_V5\C51\LIB\C51FPL.LIB (?C?CASTF)
  C:\KEIL_V5\C51\LIB\C51FPL.LIB (PRINTF)
  C:\KEIL_V5\C51\LIB\C51FPL.LIB (POW)
  C:\KEIL_V5\C51\LIB\C51FPL.LIB (?C?FPGETOPN)
  C:\KEIL_V5\C51\LIB\C51FPL.LIB (?C?CHKFLOAT)
  C:\KEIL_V5\C51\LIB\C51FPL.LIB (?C?FPCMP)
  C:\KEIL_V5\C51\LIB\C51FPL.LIB (?C?FPNEG)
  C:\KEIL_V5\C51\LIB\C51FPL.LIB (?C?FPROUND)
  C:\KEIL_V5\C51\LIB\C51FPL.LIB (?C?FPCONVERT)
  C:\KEIL_V5\C51\LIB\C51FPL.LIB (EXP)
  C:\KEIL_V5\C51\LIB\C51FPL.LIB (LOG)
  C:\KEIL_V5\C51\LIB\C51FPL.LIB (?C?FPDIV)
  C:\KEIL_V5\C51\LIB\C51FPL.LIB (?C?FTNPWR)
  C:\KEIL_V5\C51\LIB\C51FPL.LIB (?C?FPSERIES)
  C:\KEIL_V5\C51\LIB\C51L.LIB (?C_STARTUP)
  C:\KEIL_V5\C51\LIB\C51L.LIB (?C?COPY)
  C:\KEIL_V5\C51\LIB\C51L.LIB (?C?CLDPTR)
  C:\KEIL_V5\C51\LIB\C51L.LIB (?C?CLDOPTR)
  C:\KEIL_V5\C51\LIB\C51L.LIB (?C?CSTPTR)
  C:\KEIL_V5\C51\LIB\C51L.LIB (?C?CSTOPTR)
  C:\KEIL_V5\C51\LIB\C51L.LIB (?C?UIDIV)
  C:\KEIL_V5\C51\LIB\C51L.LIB (?C?IILDX)
  C:\KEIL_V5\C51\LIB\C51L.LIB (?C?LNEG)
  C:\KEIL_V5\C51\LIB\C51L.LIB (?C?LLDCODE)
  C:\KEIL_V5\C51\LIB\C51L.LIB (?C?LLDXDATA0)
  C:\KEIL_V5\C51\LIB\C51L.LIB (?C?LLDCODE0)
  C:\KEIL_V5\C51\LIB\C51L.LIB (?C?LSTXDATA)
  C:\KEIL_V5\C51\LIB\C51L.LIB (?C?LSTKXDATA)
  C:\KEIL_V5\C51\LIB\C51L.LIB (?C?PLDIXDATA)
  C:\KEIL_V5\C51\LIB\C51L.LIB (?C?PSTXDATA)
  C:\KEIL_V5\C51\LIB\C51L.LIB (?C?CCASE)
  C:\KEIL_V5\C51\LIB\C51L.LIB (STRCAT)
BL51 BANKED LINKER/LOCATER V6.22.2.0                                                  11/29/2019  12:27:59  PAGE 2


  C:\KEIL_V5\C51\LIB\C51L.LIB (?C?STRCMP)
  C:\KEIL_V5\C51\LIB\C51L.LIB (?C?STRCPY)
  C:\KEIL_V5\C51\LIB\C51L.LIB (STRLEN)
  C:\KEIL_V5\C51\LIB\C51L.LIB (STRTOK)
  C:\KEIL_V5\C51\LIB\C51L.LIB (ATOI)
  C:\KEIL_V5\C51\LIB\C51L.LIB (?C_INIT)
  C:\KEIL_V5\C51\LIB\C51L.LIB (?C?IMUL)
  C:\KEIL_V5\C51\LIB\C51L.LIB (?C?ILDIX)
  C:\KEIL_V5\C51\LIB\C51L.LIB (ISDIGIT)
  C:\KEIL_V5\C51\LIB\C51L.LIB (ISSPACE)
  C:\KEIL_V5\C51\LIB\C51L.LIB (STRSPN)
  C:\KEIL_V5\C51\LIB\C51L.LIB (STRPBRK)


LINK MAP OF MODULE:  .\Objects\verificador_v_01 (MAIN)


            TYPE    BASE      LENGTH    RELOCATION   SEGMENT NAME
            -----------------------------------------------------

            * * * * * * *   D A T A   M E M O R Y   * * * * * * *
            REG     0000H     0008H     ABSOLUTE     "REG BANK 0"
            DATA    0008H     0005H     UNIT         _DATA_GROUP_
            DATA    000DH     0004H     UNIT         ?DT?UART
                    0011H     000FH                  *** GAP ***
            BIT     0020H.0   0001H.1   UNIT         _BIT_GROUP_
            BIT     0021H.1   0000H.1   UNIT         ?BI?MAIN
            BIT     0021H.2   0000H.1   UNIT         ?BI?EEPROM
            BIT     0021H.3   0000H.1   UNIT         ?BI?UART
                    0021H.4   0000H.4                *** GAP ***
            IDATA   0022H     0064H     UNIT         ?ID?MAIN
            IDATA   0086H     0001H     UNIT         ?STACK

            * * * * * * *  X D A T A   M E M O R Y  * * * * * * *
            XDATA   0000H     00C8H     UNIT         ?XD?PROG
            XDATA   00C8H     00BEH     UNIT         _XDATA_GROUP_
            XDATA   0186H     006FH     UNIT         ?XD?MAIN
            XDATA   01F5H     0035H     UNIT         ?XD?VERIFICADOR
            XDATA   022AH     001EH     UNIT         ?XD?PTO_PARALELO
            XDATA   0248H     0003H     UNIT         ?XD?EEPROM
            XDATA   024BH     0003H     UNIT         ?XD?STRTOK
            XDATA   024EH     0002H     UNIT         ?XD?UART
            XDATA   0250H     0001H     UNIT         ?XD?CLOCK
            XDATA   0251H     0001H     UNIT         ?XD?IO_SENSORES

            * * * * * * *   C O D E   M E M O R Y   * * * * * * *
            CODE    0000H     0003H     ABSOLUTE     
            CODE    0003H     0008H     UNIT         ?PR?P_CK?CLOCK
            CODE    000BH     0003H     ABSOLUTE     
            CODE    000EH     0015H     UNIT         ?PR?_STRLEN?STRLEN
            CODE    0023H     0003H     ABSOLUTE     
            CODE    0026H     0B44H     UNIT         ?C?LIB_CODE
            CODE    0B6AH     0975H     UNIT         ?PR?SECUENCIAEXPEDIDOR?VERIFICADOR
            CODE    14DFH     05F6H     UNIT         ?CO?PROG
            CODE    1AD5H     0592H     UNIT         ?CO?VERIFICADOR
            CODE    2067H     0537H     UNIT         ?PR?_ANALIZA_TIEMPO?CLOCK
            CODE    259EH     0483H     UNIT         ?PR?PRINTF?PRINTF
BL51 BANKED LINKER/LOCATER V6.22.2.0                                                  11/29/2019  12:27:59  PAGE 3


            CODE    2A21H     02D0H     UNIT         ?PR?_TWO_BYTEHEX_DECIMAL?CLOCK
            CODE    2CF1H     02C5H     UNIT         ?PR?_TRAMA_PTO_PARALELO_NEW?PTO_PARALELO
            CODE    2FB6H     0292H     UNIT         ?PR?_CMD_LPR_SALIDA?ACCESCAN
            CODE    3248H     0236H     UNIT         ?PR?_VALIDA_TRAMA_PTO?ACCESCAN
            CODE    347EH     01D8H     UNIT         ?PR?_BLOCK_READ_CLOCK_ASCII?CLOCK
            CODE    3656H     01A5H     UNIT         ?PR?COM_ISR?UART
            CODE    37FBH     019EH     UNIT         ?PR?MENU?PROG
            CODE    3999H     0190H     UNIT         ?PR?_PANTALLALCD?PANTALLAS
            CODE    3B29H     0179H     UNIT         ?PR?_CHECK_FECHAOUT?CLOCK
            CODE    3CA2H     0166H     UNIT         ?PR?_POW?POW
            CODE    3E08H     0149H     UNIT         ?PR?_WR_MF?VERIFICADOR
            CODE    3F51H     013EH     UNIT         ?PR?PROG_SIN_COBRO?PROG
            CODE    408FH     013EH     UNIT         ?PR?SECUENCIA_INICIO_EXPEDIDOR?VERIFICADOR
            CODE    41CDH     0129H     UNIT         ?PR?LOG?LOG
            CODE    42F6H     0117H     UNIT         ?C_INITSEG
            CODE    440DH     0110H     UNIT         ?PR?LOAD_AND_SEND_ID_COD?PTO_PARALELO
            CODE    451DH     010DH     UNIT         ?CO?PANTALLAS
            CODE    462AH     00FFH     UNIT         ?PR?_TRAMA_PTO_PARALELO_P?PTO_PARALELO
            CODE    4729H     00FCH     UNIT         ?PR?PROG_DEBUG?PROG
            CODE    4825H     00FCH     UNIT         ?PR?PROG_USE_LPR?PROG
            CODE    4921H     00FCH     UNIT         ?PR?PROG_COMPARACION_ACTIVA?PROG
            CODE    4A1DH     00EAH     UNIT         ?PR?_MOV_CARD?VERIFICADOR
            CODE    4B07H     00E4H     UNIT         ?PR?_STRTOK?STRTOK
            CODE    4BEBH     00DBH     UNIT         ?PR?_ATOI?ATOI
            CODE    4CC6H     00D6H     UNIT         ?PR?_CMD_LPR_SALIDA_WIEGAND?ACCESCAN
            CODE    4D9CH     00C4H     UNIT         ?PR?_BLOCK_READ_CLOCK?CLOCK
            CODE    4E60H     00C3H     UNIT         ?PR?_RD_MF?VERIFICADOR
            CODE    4F23H     00BDH     UNIT         ?PR?PROG_COD_PARK?PROG
            CODE    4FE0H     00BDH     UNIT         ?PR?PROG_TIEMPO_GRACIA?PROG
            CODE    509DH     00BBH     UNIT         ?PR?MAIN?MAIN
            CODE    5158H     00B6H     UNIT         ?PR?PROG_ID_CLIENTE?PROG
            CODE    520EH     00B4H     UNIT         ?PR?_SEND_PORT?PTO_PARALELO
            CODE    52C2H     00A9H     UNIT         ?PR?DWLOAD_EEPROM?VERIFICADOR
            CODE    536BH     00A6H     UNIT         ?PR?_BLOCK_READ_CLOCK_HEX?CLOCK
            CODE    5411H     00A6H     UNIT         ?PR?_DEBUG_FECHA_ACTUAL?TIBBO
            CODE    54B7H     00A0H     UNIT         ?CO?IO_SENSORES
            CODE    5557H     009DH     UNIT         ?PR?_INICIALIZA?VERIFICADOR
            CODE    55F4H     009AH     UNIT         ?PR?EXP?EXP
            CODE    568EH     0099H     UNIT         ?PR?_RECIBE_PORT?PTO_PARALELO
            CODE    5727H     0095H     UNIT         ?PR?_RECIBE_CMD_MONITOR?ACCESCAN
            CODE    57BCH     0091H     UNIT         ?PR?_CARD_INSERCION?VERIFICADOR
            CODE    584DH     0091H     UNIT         ?PR?LOADVERIFY_EEPROM?VERIFICADOR
            CODE    58DEH     0090H     UNIT         ?PR?_LEE_CLK?CLOCK
            CODE    596EH     0090H     UNIT         ?PR?_GETOPTION?PROG
            CODE    59FEH     008FH     UNIT         ?PR?_BLOCK_WRITE_CLOCK_ASCII?CLOCK
            CODE    5A8DH     008CH     UNIT         ?C_C51STARTUP
            CODE    5B19H     0088H     UNIT         ?PR?_SEND_PORTERR?PTO_PARALELO
            CODE    5BA1H     0088H     UNIT         ?PR?RX_DATA?TIBBO
            CODE    5C29H     0084H     UNIT         ?PR?_STRSPN?STRSPN
            CODE    5CADH     0083H     UNIT         ?PR?_PANTALLALCD_LINEA_2?PANTALLAS
            CODE    5D30H     0081H     UNIT         ?PR?_STRPBRK?STRPBRK
            CODE    5DB1H     0080H     UNIT         ?PR?MSJ_LCD_INFORMATIVO?IO_SENSORES
            CODE    5E31H     0080H     UNIT         ?PR?_INGRESADATO?PROG
            CODE    5EB1H     0080H     UNIT         ?PR?AUT_CARD_CHECK_STATUS?VERIFICADOR
            CODE    5F31H     007CH     UNIT         ?PR?_CHECK_STATUS?VERIFICADOR
            CODE    5FADH     0074H     UNIT         ?CO?TIBBO
            CODE    6021H     0073H     UNIT         ?PR?_DEBUGBUFFERMF?TIBBO
BL51 BANKED LINKER/LOCATER V6.22.2.0                                                  11/29/2019  12:27:59  PAGE 4


            CODE    6094H     006FH     UNIT         ?PR?VALIDASENSORESPASO?IO_SENSORES
            CODE    6103H     006EH     UNIT         ?PR?VARIABLE_INICIO?MAIN
            CODE    6171H     006BH     UNIT         ?PR?_STRCAT?STRCAT
            CODE    61DCH     0062H     UNIT         ?PR?_LISTACOMANDOS?PROG
            CODE    623EH     0053H     UNIT         ?PR?_BYTEHEX_DECIMAL?CLOCK
            CODE    6291H     0051H     UNIT         ?PR?SHOW?PROG
            CODE    62E2H     004DH     UNIT         ?PR?L_D_M?EEPROM
            CODE    632FH     004BH     UNIT         ?PR?_TX_AUX?TIBBO
            CODE    637AH     0047H     UNIT         ?PR?_DEBUG_CHR_TIBBO?TIBBO
            CODE    63C1H     0046H     UNIT         ?PR?_ESCRIBIRCADENASOFT_BUFFER?MAIN
            CODE    6407H     0046H     UNIT         ?PR?_LCD_TXT_NUM_CHAR?PANTALLAS
            CODE    644DH     0046H     UNIT         ?PR?_DEBUG_HEXDEC?TIBBO
            CODE    6493H     0041H     UNIT         ?PR?_MONITOR_CHR?ACCESCAN
            CODE    64D4H     0041H     UNIT         ?PR?_TWO_ONE?CLOCK
            CODE    6515H     0040H     UNIT         ?PR?_GETCMD?PROG
            CODE    6555H     003FH     UNIT         ?PR?_EB_CLK?CLOCK
            CODE    6594H     003FH     UNIT         ?PR?_WR_EEPROM?EEPROM
            CODE    65D3H     003EH     UNIT         ?PR?_PUTCHAR?MAIN
            CODE    6611H     003EH     UNIT         ?PR?_DEBUG_TXT_TIBBO?TIBBO
            CODE    664FH     003CH     UNIT         ?PR?_LCD_TXT?PANTALLAS
            CODE    668BH     003BH     UNIT         ?PR?_COM_PUTCHAR?UART
            CODE    66C6H     003AH     UNIT         ?PR?_VALIDARCLAVE?PROG
            CODE    6700H     0039H     UNIT         ?PR?_RD_EEPROM?EEPROM
            CODE    6739H     0035H     UNIT         ?PR?RELOJ_PANTALLA_LCD?PANTALLAS
            CODE    676EH     0033H     UNIT         ?PR?TRAMA_VALIDACION_P_N?VERIFICADOR
            CODE    67A1H     002CH     UNIT         ?PR?LOAD_AND_SEND_INFO_RELOJ?PTO_PARALELO
            CODE    67CDH     002AH     UNIT         ?PR?COM_INITIALIZE?UART
            CODE    67F7H     0028H     UNIT         ?PR?_WR_CLK?CLOCK
            CODE    681FH     0028H     UNIT         ?PR?COM_BAUDRATE?UART
            CODE    6847H     0027H     UNIT         ?PR?_TX_CHRLCD?PANTALLAS
            CODE    686EH     0026H     UNIT         ?PR?COM_GETCHAR?UART
            CODE    6894H     0022H     UNIT         ?PR?_E_D_M?EEPROM
            CODE    68B6H     0021H     UNIT         ?PR?_HEX_BCD?CLOCK
            CODE    68D7H     0020H     UNIT         ?CO?MAIN
            CODE    68F7H     0020H     UNIT         ?PR?ACKD?EEPROM
            CODE    6917H     0020H     UNIT         ?PR?ACK_LECT?EEPROM
            CODE    6937H     001FH     UNIT         ?PR?VALIDASENSOR?IO_SENSORES
            CODE    6956H     001FH     UNIT         ?PR?TIME_BIT?TIBBO
            CODE    6975H     001EH     UNIT         ?PR?_BCD_HEX?CLOCK
            CODE    6993H     001BH     UNIT         ?PR?TIMER0_INT?MAIN
            CODE    69AEH     001BH     UNIT         ?PR?_DELAY_1MS?DELAY
            CODE    69C9H     0017H     UNIT         ?PR?DISPLAYCURSOR?PROG
            CODE    69E0H     0017H     UNIT         ?PR?TIME_MBIT?TIBBO
            CODE    69F7H     0014H     UNIT         ?PR?_ISSPACE?ISSPACE
            CODE    6A0BH     0012H     UNIT         ?PR?_DELAY_20US?DELAY
            CODE    6A1DH     0012H     UNIT         ?PR?START?EEPROM
            CODE    6A2FH     0012H     UNIT         ?PR?DIR_BOARD?IO_SENSORES
            CODE    6A41H     0012H     UNIT         ?PR?PULSO_BUS?PTO_PARALELO
            CODE    6A53H     0012H     UNIT         ?PR?COM_RBUFLEN?UART
            CODE    6A65H     0012H     UNIT         ?PR?COM_TBUFLEN?UART
            CODE    6A77H     0010H     UNIT         ?PR?INI_TIMER?MAIN
            CODE    6A87H     0010H     UNIT         ?PR?INICIA_BOARD?MAIN
            CODE    6A97H     000FH     UNIT         ?PR?_ISDIGIT?ISDIGIT
            CODE    6AA6H     000CH     UNIT         ?PR?_GETKEY?MAIN
            CODE    6AB2H     000AH     UNIT         ?PR?COND_INI_PTO?PTO_PARALELO
            CODE    6ABCH     0009H     UNIT         ?PR?STOP?EEPROM
            CODE    6AC5H     0009H     UNIT         ?PR?DEBUG_DIVIDIR_TEXTO?TIBBO
BL51 BANKED LINKER/LOCATER V6.22.2.0                                                  11/29/2019  12:27:59  PAGE 5


            CODE    6ACEH     0007H     UNIT         ?PR?COND_INI_CLOCK?CLOCK
            CODE    6AD5H     0007H     UNIT         ?PR?SEL_FUNCION?IO_SENSORES
            CODE    6ADCH     0007H     UNIT         ?PR?SEL_AUTO?IO_SENSORES
            CODE    6AE3H     0007H     UNIT         ?PR?SEL_SENSOR2?IO_SENSORES
            CODE    6AEAH     0007H     UNIT         ?PR?SEL_SENSOR1?IO_SENSORES
            CODE    6AF1H     0007H     UNIT         ?PR?SEL_DIR1?IO_SENSORES
            CODE    6AF8H     0007H     UNIT         ?PR?SEL_DIR2?IO_SENSORES
            CODE    6AFFH     0006H     UNIT         ?PR?P_ME?EEPROM
            CODE    6B05H     0005H     UNIT         ?PR?ON_TIMER0_INTERRUP?MAIN
            CODE    6B0AH     0005H     UNIT         ?CO?ACCESCAN
            CODE    6B0FH     0005H     UNIT         ?PR?COND_INI_TIBBO?TIBBO
            CODE    6B14H     0003H     UNIT         ?PR?OFF_TIMER0_INTERRUP?MAIN
            CODE    6B17H     0003H     UNIT         ?CO?PTO_PARALELO
            CODE    6B1AH     0001H     UNIT         ?PR?DELAY?DELAY



OVERLAY MAP OF MODULE:   .\Objects\verificador_v_01 (MAIN)


SEGMENT                                             BIT_GROUP          DATA_GROUP          XDATA_GROUP
  +--> CALLED SEGMENT                            START    LENGTH     START    LENGTH     START    LENGTH
--------------------------------------------------------------------------------------------------------
?C_C51STARTUP                                    -----    -----      -----    -----      -----    -----
  +--> ?PR?MAIN?MAIN
  +--> ?C_INITSEG

?PR?MAIN?MAIN                                    -----    -----      -----    -----      00C8H    0021H
  +--> ?CO?MAIN
  +--> ?PR?INI_TIMER?MAIN
  +--> ?PR?ON_TIMER0_INTERRUP?MAIN
  +--> ?PR?COM_INITIALIZE?UART
  +--> ?PR?COM_BAUDRATE?UART
  +--> ?PR?INICIA_BOARD?MAIN
  +--> ?PR?TIME_BIT?TIBBO
  +--> ?PR?_DELAY_20US?DELAY
  +--> ?PR?TIME_MBIT?TIBBO
  +--> ?PR?_TX_AUX?TIBBO
  +--> ?PR?SEL_FUNCION?IO_SENSORES
  +--> ?PR?MENU?PROG
  +--> ?PR?VARIABLE_INICIO?MAIN
  +--> ?PR?SECUENCIA_INICIO_EXPEDIDOR?VERIFI...
  +--> ?PR?SECUENCIAEXPEDIDOR?VERIFICADOR
  +--> ?PR?_RECIBE_CMD_MONITOR?ACCESCAN
  +--> ?PR?DEBUG_DIVIDIR_TEXTO?TIBBO
  +--> ?PR?_DEBUGBUFFERMF?TIBBO
  +--> ?PR?_RECIBE_PORT?PTO_PARALELO
  +--> ?PR?_VALIDA_TRAMA_PTO?ACCESCAN
  +--> ?PR?MSJ_LCD_INFORMATIVO?IO_SENSORES

?PR?COM_INITIALIZE?UART                          -----    -----      -----    -----      -----    -----
  +--> ?PR?COM_BAUDRATE?UART

?PR?INICIA_BOARD?MAIN                            -----    -----      -----    -----      -----    -----
  +--> ?PR?COND_INI_TIBBO?TIBBO
  +--> ?PR?COND_INI_CLOCK?CLOCK
  +--> ?PR?COND_INI_PTO?PTO_PARALELO
BL51 BANKED LINKER/LOCATER V6.22.2.0                                                  11/29/2019  12:27:59  PAGE 6



?PR?_TX_AUX?TIBBO                                -----    -----      -----    -----      -----    -----
  +--> ?PR?TIME_BIT?TIBBO

?PR?MENU?PROG                                    -----    -----      -----    -----      00E9H    0059H
  +--> ?CO?PROG
  +--> ?PR?PRINTF?PRINTF
  +--> ?PR?_INGRESADATO?PROG
  +--> ?PR?_GETCMD?PROG
  +--> ?PR?_VALIDARCLAVE?PROG
  +--> ?PR?DISPLAYCURSOR?PROG
  +--> ?PR?_STRLEN?STRLEN
  +--> ?PR?_GETOPTION?PROG
  +--> ?PR?_STRCAT?STRCAT
  +--> ?PR?_LISTACOMANDOS?PROG
  +--> ?PR?PROG_ID_CLIENTE?PROG
  +--> ?PR?PROG_COD_PARK?PROG
  +--> ?PR?PROG_TIEMPO_GRACIA?PROG
  +--> ?PR?PROG_SIN_COBRO?PROG
  +--> ?PR?PROG_DEBUG?PROG
  +--> ?PR?PROG_USE_LPR?PROG
  +--> ?PR?PROG_COMPARACION_ACTIVA?PROG
  +--> ?PR?SHOW?PROG

?PR?PRINTF?PRINTF                                0020H.0  0001H.1    0008H    0005H      0152H    0030H
  +--> ?PR?_PUTCHAR?MAIN

?PR?_PUTCHAR?MAIN                                -----    -----      -----    -----      0182H    0003H
  +--> ?PR?_COM_PUTCHAR?UART

?PR?_COM_PUTCHAR?UART                            -----    -----      -----    -----      0185H    0001H
  +--> ?PR?COM_TBUFLEN?UART

?PR?_INGRESADATO?PROG                            -----    -----      -----    -----      014EH    0004H
  +--> ?PR?_GETKEY?MAIN
  +--> ?CO?PROG
  +--> ?PR?PRINTF?PRINTF
  +--> ?PR?_PUTCHAR?MAIN

?PR?_GETKEY?MAIN                                 -----    -----      -----    -----      -----    -----
  +--> ?PR?COM_GETCHAR?UART

?PR?COM_GETCHAR?UART                             -----    -----      -----    -----      -----    -----
  +--> ?PR?COM_RBUFLEN?UART

?PR?_GETCMD?PROG                                 -----    -----      -----    -----      0142H    0007H
  +--> ?CO?PROG
  +--> ?PR?_STRTOK?STRTOK

?PR?_STRTOK?STRTOK                               -----    -----      -----    -----      014DH    0006H
  +--> ?PR?_STRSPN?STRSPN
  +--> ?PR?_STRPBRK?STRPBRK

?PR?_STRSPN?STRSPN                               -----    -----      -----    -----      0153H    0008H

?PR?_STRPBRK?STRPBRK                             -----    -----      -----    -----      0153H    0009H

BL51 BANKED LINKER/LOCATER V6.22.2.0                                                  11/29/2019  12:27:59  PAGE 7


?PR?_VALIDARCLAVE?PROG                           -----    -----      -----    -----      0142H    000AH

?PR?DISPLAYCURSOR?PROG                           -----    -----      -----    -----      -----    -----
  +--> ?CO?PROG
  +--> ?PR?PRINTF?PRINTF

?PR?_GETOPTION?PROG                              -----    -----      -----    -----      0142H    000BH
  +--> ?CO?PROG
  +--> ?PR?_STRTOK?STRTOK

?PR?_STRCAT?STRCAT                               -----    -----      -----    -----      0142H    0009H

?PR?_LISTACOMANDOS?PROG                          -----    -----      -----    -----      0142H    0017H

?PR?PROG_ID_CLIENTE?PROG                         -----    -----      -----    -----      0142H    000CH
  +--> ?PR?_RD_EEPROM?EEPROM
  +--> ?CO?PROG
  +--> ?PR?PRINTF?PRINTF
  +--> ?PR?_INGRESADATO?PROG
  +--> ?PR?_ATOI?ATOI
  +--> ?PR?_WR_EEPROM?EEPROM

?PR?_RD_EEPROM?EEPROM                            -----    -----      -----    -----      -----    -----
  +--> ?PR?START?EEPROM
  +--> ?PR?ACK_LECT?EEPROM
  +--> ?PR?_E_D_M?EEPROM
  +--> ?PR?ACKD?EEPROM
  +--> ?PR?L_D_M?EEPROM
  +--> ?PR?STOP?EEPROM

?PR?ACK_LECT?EEPROM                              -----    -----      -----    -----      -----    -----
  +--> ?PR?_E_D_M?EEPROM

?PR?_E_D_M?EEPROM                                -----    -----      -----    -----      -----    -----
  +--> ?PR?P_ME?EEPROM

?PR?ACKD?EEPROM                                  -----    -----      -----    -----      -----    -----
  +--> ?PR?_E_D_M?EEPROM

?PR?_ATOI?ATOI                                   0020H.0  0000H.1    -----    -----      014EH    0005H
  +--> ?PR?_ISSPACE?ISSPACE
  +--> ?PR?_ISDIGIT?ISDIGIT

?PR?_WR_EEPROM?EEPROM                            -----    -----      -----    -----      -----    -----
  +--> ?PR?START?EEPROM
  +--> ?PR?ACKD?EEPROM
  +--> ?PR?_E_D_M?EEPROM
  +--> ?PR?STOP?EEPROM
  +--> ?PR?_DELAY_1MS?DELAY
  +--> ?PR?_DELAY_20US?DELAY

?PR?_DELAY_1MS?DELAY                             -----    -----      -----    -----      -----    -----
  +--> ?PR?_DELAY_20US?DELAY

?PR?PROG_COD_PARK?PROG                           -----    -----      -----    -----      0142H    000CH
  +--> ?PR?_RD_EEPROM?EEPROM
  +--> ?CO?PROG
BL51 BANKED LINKER/LOCATER V6.22.2.0                                                  11/29/2019  12:27:59  PAGE 8


  +--> ?PR?PRINTF?PRINTF
  +--> ?PR?_INGRESADATO?PROG
  +--> ?PR?_ATOI?ATOI
  +--> ?PR?_WR_EEPROM?EEPROM

?PR?PROG_TIEMPO_GRACIA?PROG                      -----    -----      -----    -----      0142H    000CH
  +--> ?PR?_RD_EEPROM?EEPROM
  +--> ?CO?PROG
  +--> ?PR?PRINTF?PRINTF
  +--> ?PR?_INGRESADATO?PROG
  +--> ?PR?_ATOI?ATOI
  +--> ?PR?_WR_EEPROM?EEPROM

?PR?PROG_SIN_COBRO?PROG                          -----    -----      -----    -----      0142H    000CH
  +--> ?PR?_RD_EEPROM?EEPROM
  +--> ?CO?PROG
  +--> ?PR?PRINTF?PRINTF
  +--> ?PR?_INGRESADATO?PROG
  +--> ?PR?_ATOI?ATOI
  +--> ?PR?_WR_EEPROM?EEPROM

?PR?PROG_DEBUG?PROG                              -----    -----      -----    -----      0142H    000CH
  +--> ?PR?_RD_EEPROM?EEPROM
  +--> ?CO?PROG
  +--> ?PR?PRINTF?PRINTF
  +--> ?PR?_INGRESADATO?PROG
  +--> ?PR?_ATOI?ATOI
  +--> ?PR?_WR_EEPROM?EEPROM

?PR?PROG_USE_LPR?PROG                            -----    -----      -----    -----      0142H    000CH
  +--> ?PR?_RD_EEPROM?EEPROM
  +--> ?CO?PROG
  +--> ?PR?PRINTF?PRINTF
  +--> ?PR?_INGRESADATO?PROG
  +--> ?PR?_ATOI?ATOI
  +--> ?PR?_WR_EEPROM?EEPROM

?PR?PROG_COMPARACION_ACTIVA?PROG                 -----    -----      -----    -----      0142H    000CH
  +--> ?PR?_RD_EEPROM?EEPROM
  +--> ?CO?PROG
  +--> ?PR?PRINTF?PRINTF
  +--> ?PR?_INGRESADATO?PROG
  +--> ?PR?_ATOI?ATOI
  +--> ?PR?_WR_EEPROM?EEPROM

?PR?SHOW?PROG                                    -----    -----      -----    -----      -----    -----
  +--> ?CO?PROG
  +--> ?PR?PRINTF?PRINTF

?PR?VARIABLE_INICIO?MAIN                         -----    -----      -----    -----      -----    -----
  +--> ?PR?_RD_EEPROM?EEPROM

?PR?SECUENCIA_INICIO_EXPEDIDOR?VERIFI...         -----    -----      -----    -----      00E9H    0001H
  +--> ?PR?_INICIALIZA?VERIFICADOR
  +--> ?PR?TRAMA_VALIDACION_P_N?VERIFICADOR
  +--> ?CO?VERIFICADOR
  +--> ?PR?_DEBUG_TXT_TIBBO?TIBBO
BL51 BANKED LINKER/LOCATER V6.22.2.0                                                  11/29/2019  12:27:59  PAGE 9


  +--> ?PR?_DEBUGBUFFERMF?TIBBO
  +--> ?PR?DWLOAD_EEPROM?VERIFICADOR

?PR?_INICIALIZA?VERIFICADOR                      -----    -----      -----    -----      00EAH    000CH
  +--> ?CO?VERIFICADOR
  +--> ?PR?_DEBUG_TXT_TIBBO?TIBBO
  +--> ?PR?_DEBUGBUFFERMF?TIBBO
  +--> ?PR?_ESCRIBIRCADENASOFT_BUFFER?MAIN

?PR?_DEBUG_TXT_TIBBO?TIBBO                       -----    -----      -----    -----      011CH    0004H
  +--> ?PR?_TX_AUX?TIBBO

?PR?_DEBUGBUFFERMF?TIBBO                         -----    -----      -----    -----      0116H    0006H
  +--> ?CO?TIBBO
  +--> ?PR?_DEBUG_TXT_TIBBO?TIBBO
  +--> ?PR?_DEBUG_CHR_TIBBO?TIBBO
  +--> ?PR?_TX_AUX?TIBBO

?PR?_DEBUG_CHR_TIBBO?TIBBO                       -----    -----      -----    -----      -----    -----
  +--> ?PR?_TX_AUX?TIBBO

?PR?_ESCRIBIRCADENASOFT_BUFFER?MAIN              -----    -----      -----    -----      0116H    0006H
  +--> ?PR?_PUTCHAR?MAIN

?PR?TRAMA_VALIDACION_P_N?VERIFICADOR             -----    -----      -----    -----      -----    -----
  +--> ?CO?VERIFICADOR
  +--> ?PR?_DEBUG_TXT_TIBBO?TIBBO

?PR?DWLOAD_EEPROM?VERIFICADOR                    -----    -----      -----    -----      00EAH    0016H
  +--> ?CO?VERIFICADOR
  +--> ?PR?_DEBUG_TXT_TIBBO?TIBBO
  +--> ?PR?_DEBUGBUFFERMF?TIBBO
  +--> ?PR?_ESCRIBIRCADENASOFT_BUFFER?MAIN

?PR?SECUENCIAEXPEDIDOR?VERIFICADOR               -----    -----      -----    -----      00E9H    0007H
  +--> ?PR?_CARD_INSERCION?VERIFICADOR
  +--> ?PR?TRAMA_VALIDACION_P_N?VERIFICADOR
  +--> ?CO?VERIFICADOR
  +--> ?PR?_DEBUG_TXT_TIBBO?TIBBO
  +--> ?PR?_DEBUGBUFFERMF?TIBBO
  +--> ?PR?_CHECK_STATUS?VERIFICADOR
  +--> ?PR?VALIDASENSORESPASO?IO_SENSORES
  +--> ?PR?AUT_CARD_CHECK_STATUS?VERIFICADOR
  +--> ?PR?_SEND_PORTERR?PTO_PARALELO
  +--> ?PR?LOADVERIFY_EEPROM?VERIFICADOR
  +--> ?PR?_RD_MF?VERIFICADOR
  +--> ?PR?_DEBUG_HEXDEC?TIBBO
  +--> ?PR?_DEBUG_CHR_TIBBO?TIBBO
  +--> ?PR?_BLOCK_READ_CLOCK_HEX?CLOCK
  +--> ?PR?_ANALIZA_TIEMPO?CLOCK
  +--> ?PR?_CHECK_FECHAOUT?CLOCK
  +--> ?PR?_PANTALLALCD?PANTALLAS
  +--> ?PR?_TRAMA_PTO_PARALELO_NEW?PTO_PARALELO
  +--> ?PR?_CMD_LPR_SALIDA?ACCESCAN
  +--> ?PR?_WR_MF?VERIFICADOR
  +--> ?PR?_MOV_CARD?VERIFICADOR
  +--> ?PR?_TRAMA_PTO_PARALELO_P?PTO_PARALELO
BL51 BANKED LINKER/LOCATER V6.22.2.0                                                  11/29/2019  12:27:59  PAGE 10



?PR?_CARD_INSERCION?VERIFICADOR                  -----    -----      -----    -----      00F0H    000AH
  +--> ?CO?VERIFICADOR
  +--> ?PR?_DEBUG_TXT_TIBBO?TIBBO
  +--> ?PR?_DEBUGBUFFERMF?TIBBO
  +--> ?PR?_ESCRIBIRCADENASOFT_BUFFER?MAIN

?PR?_CHECK_STATUS?VERIFICADOR                    -----    -----      -----    -----      00F0H    000BH
  +--> ?CO?VERIFICADOR
  +--> ?PR?_DEBUG_TXT_TIBBO?TIBBO
  +--> ?PR?_DEBUGBUFFERMF?TIBBO
  +--> ?PR?_ESCRIBIRCADENASOFT_BUFFER?MAIN

?PR?VALIDASENSORESPASO?IO_SENSORES               -----    -----      -----    -----      -----    -----
  +--> ?PR?SEL_SENSOR2?IO_SENSORES
  +--> ?PR?VALIDASENSOR?IO_SENSORES
  +--> ?PR?SEL_SENSOR1?IO_SENSORES
  +--> ?PR?SEL_AUTO?IO_SENSORES
  +--> ?CO?IO_SENSORES
  +--> ?PR?_DEBUG_TXT_TIBBO?TIBBO

?PR?AUT_CARD_CHECK_STATUS?VERIFICADOR            -----    -----      -----    -----      00F0H    000BH
  +--> ?CO?VERIFICADOR
  +--> ?PR?_DEBUG_TXT_TIBBO?TIBBO
  +--> ?PR?_DEBUGBUFFERMF?TIBBO
  +--> ?PR?_ESCRIBIRCADENASOFT_BUFFER?MAIN

?PR?_SEND_PORTERR?PTO_PARALELO                   -----    -----      -----    -----      00F0H    0006H
  +--> ?PR?PULSO_BUS?PTO_PARALELO
  +--> ?PR?_DELAY_20US?DELAY

?PR?PULSO_BUS?PTO_PARALELO                       -----    -----      -----    -----      -----    -----
  +--> ?PR?_DELAY_20US?DELAY

?PR?LOADVERIFY_EEPROM?VERIFICADOR                -----    -----      -----    -----      00F0H    0010H
  +--> ?CO?VERIFICADOR
  +--> ?PR?_DEBUG_TXT_TIBBO?TIBBO
  +--> ?PR?_DEBUGBUFFERMF?TIBBO
  +--> ?PR?_ESCRIBIRCADENASOFT_BUFFER?MAIN

?PR?_RD_MF?VERIFICADOR                           -----    -----      -----    -----      00F0H    0012H
  +--> ?CO?VERIFICADOR
  +--> ?PR?_DEBUG_TXT_TIBBO?TIBBO
  +--> ?PR?_DEBUG_CHR_TIBBO?TIBBO
  +--> ?PR?_DEBUGBUFFERMF?TIBBO
  +--> ?PR?_ESCRIBIRCADENASOFT_BUFFER?MAIN

?PR?_DEBUG_HEXDEC?TIBBO                          -----    -----      -----    -----      00F0H    0002H
  +--> ?PR?_TX_AUX?TIBBO

?PR?_BLOCK_READ_CLOCK_HEX?CLOCK                  -----    -----      -----    -----      0116H    0003H
  +--> ?PR?_LEE_CLK?CLOCK
  +--> ?PR?_BCD_HEX?CLOCK

?PR?_LEE_CLK?CLOCK                               -----    -----      -----    -----      011DH    0003H
  +--> ?PR?_DELAY_20US?DELAY
  +--> ?PR?_EB_CLK?CLOCK
BL51 BANKED LINKER/LOCATER V6.22.2.0                                                  11/29/2019  12:27:59  PAGE 11


  +--> ?PR?P_CK?CLOCK

?PR?_EB_CLK?CLOCK                                -----    -----      -----    -----      0120H    0003H
  +--> ?PR?P_CK?CLOCK

?PR?P_CK?CLOCK                                   -----    -----      -----    -----      -----    -----
  +--> ?PR?DELAY?DELAY

?PR?_ANALIZA_TIEMPO?CLOCK                        0020H.0  0000H.2    -----    -----      00F0H    000FH

?PR?_CHECK_FECHAOUT?CLOCK                        -----    -----      -----    -----      00F0H    000AH
  +--> ?PR?_BLOCK_READ_CLOCK_HEX?CLOCK
  +--> ?PR?_DEBUG_FECHA_ACTUAL?TIBBO

?PR?_DEBUG_FECHA_ACTUAL?TIBBO                    -----    -----      -----    -----      00FAH    0003H
  +--> ?CO?TIBBO
  +--> ?PR?_DEBUG_TXT_TIBBO?TIBBO
  +--> ?PR?_HEX_BCD?CLOCK
  +--> ?PR?_DEBUG_CHR_TIBBO?TIBBO
  +--> ?PR?_TX_AUX?TIBBO

?PR?_PANTALLALCD?PANTALLAS                       -----    -----      -----    -----      00F8H    0008H
  +--> ?CO?PANTALLAS
  +--> ?PR?_LCD_TXT?PANTALLAS
  +--> ?PR?_STRLEN?STRLEN
  +--> ?PR?_TX_CHRLCD?PANTALLAS

?PR?_LCD_TXT?PANTALLAS                           -----    -----      -----    -----      0103H    0005H
  +--> ?PR?_TX_CHRLCD?PANTALLAS

?PR?_TX_CHRLCD?PANTALLAS                         -----    -----      -----    -----      010BH    0002H
  +--> ?PR?_PUTCHAR?MAIN

?PR?_TRAMA_PTO_PARALELO_NEW?PTO_PARALELO         -----    -----      -----    -----      00F0H    0026H
  +--> ?PR?_BLOCK_READ_CLOCK_HEX?CLOCK
  +--> ?PR?_SEND_PORT?PTO_PARALELO
  +--> ?PR?DEBUG_DIVIDIR_TEXTO?TIBBO
  +--> ?PR?_DEBUGBUFFERMF?TIBBO

?PR?_SEND_PORT?PTO_PARALELO                      -----    -----      -----    -----      0116H    000AH
  +--> ?PR?PULSO_BUS?PTO_PARALELO
  +--> ?PR?_DELAY_20US?DELAY

?PR?DEBUG_DIVIDIR_TEXTO?TIBBO                    -----    -----      -----    -----      -----    -----
  +--> ?CO?TIBBO
  +--> ?PR?_DEBUG_TXT_TIBBO?TIBBO

?PR?_CMD_LPR_SALIDA?ACCESCAN                     -----    -----      -----    -----      00F0H    0025H
  +--> ?PR?DIR_BOARD?IO_SENSORES
  +--> ?PR?_HEX_BCD?CLOCK
  +--> ?PR?_MONITOR_CHR?ACCESCAN

?PR?DIR_BOARD?IO_SENSORES                        -----    -----      -----    -----      -----    -----
  +--> ?PR?SEL_DIR1?IO_SENSORES
  +--> ?PR?SEL_DIR2?IO_SENSORES

?PR?_MONITOR_CHR?ACCESCAN                        -----    -----      -----    -----      011AH    0005H
BL51 BANKED LINKER/LOCATER V6.22.2.0                                                  11/29/2019  12:27:59  PAGE 12


  +--> ?PR?_TX_AUX?TIBBO

?PR?_WR_MF?VERIFICADOR                           -----    -----      -----    -----      00F0H    0026H
  +--> ?CO?VERIFICADOR
  +--> ?PR?_DEBUG_TXT_TIBBO?TIBBO
  +--> ?PR?_DEBUG_CHR_TIBBO?TIBBO
  +--> ?PR?DIR_BOARD?IO_SENSORES
  +--> ?PR?_DEBUGBUFFERMF?TIBBO
  +--> ?PR?_ESCRIBIRCADENASOFT_BUFFER?MAIN

?PR?_MOV_CARD?VERIFICADOR                        -----    -----      -----    -----      00F0H    000CH
  +--> ?CO?VERIFICADOR
  +--> ?PR?_DEBUG_TXT_TIBBO?TIBBO
  +--> ?PR?_DEBUGBUFFERMF?TIBBO
  +--> ?PR?_ESCRIBIRCADENASOFT_BUFFER?MAIN

?PR?_TRAMA_PTO_PARALELO_P?PTO_PARALELO           -----    -----      -----    -----      00F0H    0008H
  +--> ?PR?_SEND_PORT?PTO_PARALELO
  +--> ?PR?DEBUG_DIVIDIR_TEXTO?TIBBO
  +--> ?PR?_DEBUGBUFFERMF?TIBBO

?PR?_RECIBE_CMD_MONITOR?ACCESCAN                 -----    -----      -----    -----      00E9H    0006H
  +--> ?PR?RX_DATA?TIBBO

?PR?RX_DATA?TIBBO                                -----    -----      -----    -----      -----    -----
  +--> ?PR?TIME_MBIT?TIBBO
  +--> ?PR?TIME_BIT?TIBBO

?PR?_RECIBE_PORT?PTO_PARALELO                    -----    -----      -----    -----      00E9H    0007H
  +--> ?PR?OFF_TIMER0_INTERRUP?MAIN
  +--> ?PR?ON_TIMER0_INTERRUP?MAIN

?PR?_VALIDA_TRAMA_PTO?ACCESCAN                   -----    -----      -----    -----      00E9H    000FH
  +--> ?PR?_BLOCK_WRITE_CLOCK_ASCII?CLOCK
  +--> ?PR?RELOJ_PANTALLA_LCD?PANTALLAS
  +--> ?PR?_PANTALLALCD?PANTALLAS
  +--> ?CO?ACCESCAN
  +--> ?PR?_DEBUG_TXT_TIBBO?TIBBO
  +--> ?PR?_BYTEHEX_DECIMAL?CLOCK
  +--> ?PR?_TWO_BYTEHEX_DECIMAL?CLOCK
  +--> ?PR?_PANTALLALCD_LINEA_2?PANTALLAS
  +--> ?PR?VALIDASENSORESPASO?IO_SENSORES
  +--> ?PR?_CMD_LPR_SALIDA_WIEGAND?ACCESCAN

?PR?_BLOCK_WRITE_CLOCK_ASCII?CLOCK               -----    -----      -----    -----      00F8H    0003H
  +--> ?PR?_TWO_ONE?CLOCK
  +--> ?PR?_WR_CLK?CLOCK

?PR?_WR_CLK?CLOCK                                -----    -----      -----    -----      00FBH    0002H
  +--> ?PR?_DELAY_20US?DELAY
  +--> ?PR?_EB_CLK?CLOCK

?PR?RELOJ_PANTALLA_LCD?PANTALLAS                 -----    -----      -----    -----      00F8H    000DH
  +--> ?CO?PANTALLAS
  +--> ?PR?_BLOCK_READ_CLOCK?CLOCK
  +--> ?PR?_LCD_TXT_NUM_CHAR?PANTALLAS

BL51 BANKED LINKER/LOCATER V6.22.2.0                                                  11/29/2019  12:27:59  PAGE 13


?PR?_BLOCK_READ_CLOCK?CLOCK                      -----    -----      -----    -----      0105H    0003H
  +--> ?PR?_LEE_CLK?CLOCK

?PR?_LCD_TXT_NUM_CHAR?PANTALLAS                  -----    -----      -----    -----      0105H    0006H
  +--> ?PR?_TX_CHRLCD?PANTALLAS

?PR?_BYTEHEX_DECIMAL?CLOCK                       -----    -----      -----    -----      00F8H    0001H

?PR?_TWO_BYTEHEX_DECIMAL?CLOCK                   -----    -----      -----    -----      00F8H    000CH
  +--> ?PR?_POW?POW

?PR?_POW?POW                                     -----    -----      -----    -----      0104H    000AH
  +--> ?PR?LOG?LOG
  +--> ?PR?EXP?EXP

?PR?LOG?LOG                                      0020H.0  0000H.1    -----    -----      010EH    0004H

?PR?_PANTALLALCD_LINEA_2?PANTALLAS               -----    -----      -----    -----      00F8H    000BH
  +--> ?CO?PANTALLAS
  +--> ?PR?_LCD_TXT?PANTALLAS
  +--> ?PR?_STRLEN?STRLEN
  +--> ?PR?_TX_CHRLCD?PANTALLAS

?PR?_CMD_LPR_SALIDA_WIEGAND?ACCESCAN             -----    -----      -----    -----      00F8H    0022H
  +--> ?PR?DIR_BOARD?IO_SENSORES
  +--> ?PR?_BLOCK_READ_CLOCK_ASCII?CLOCK
  +--> ?PR?_MONITOR_CHR?ACCESCAN

?PR?_BLOCK_READ_CLOCK_ASCII?CLOCK                -----    -----      -----    -----      011AH    0003H
  +--> ?PR?_LEE_CLK?CLOCK

?PR?MSJ_LCD_INFORMATIVO?IO_SENSORES              -----    -----      -----    -----      00E9H    0001H
  +--> ?PR?SEL_FUNCION?IO_SENSORES
  +--> ?PR?LOAD_AND_SEND_INFO_RELOJ?PTO_PARA...
  +--> ?PR?LOAD_AND_SEND_ID_COD?PTO_PARALELO
  +--> ?PR?_RD_EEPROM?EEPROM
  +--> ?PR?_SEND_PORTERR?PTO_PARALELO

?PR?LOAD_AND_SEND_INFO_RELOJ?PTO_PARA...         -----    -----      -----    -----      00EAH    000BH
  +--> ?PR?_BLOCK_READ_CLOCK?CLOCK
  +--> ?PR?_LEE_CLK?CLOCK
  +--> ?PR?_SEND_PORT?PTO_PARALELO

?PR?LOAD_AND_SEND_ID_COD?PTO_PARALELO            -----    -----      -----    -----      00EAH    0011H
  +--> ?CO?PTO_PARALELO
  +--> ?PR?PRINTF?PRINTF
  +--> ?PR?_SEND_PORT?PTO_PARALELO



SYMBOL TABLE OF MODULE:  .\Objects\verificador_v_01 (MAIN)

  VALUE           TYPE          NAME
  ----------------------------------

  -------         MODULE        MAIN
  C:0000H         SYMBOL        _ICE_DUMMY_
BL51 BANKED LINKER/LOCATER V6.22.2.0                                                  11/29/2019  12:27:59  PAGE 14


  D:0080H         PUBLIC        P0
  D:0090H         PUBLIC        P1
  C:6993H         PUBLIC        timer0_int
  D:00B0H         PUBLIC        P3
  B:00A8H.7       PUBLIC        EA
  X:01AEH         PUBLIC        Tarjeta_on
  C:6B14H         PUBLIC        off_Timer0_Interrup
  X:01AFH         PUBLIC        ValTimeOutCom
  X:01B0H         PUBLIC        Buffer_Rta_Lintech
  X:01E2H         PUBLIC        Timer_wait
  X:01E3H         PUBLIC        g_cContByteRx
  B:0080H.0       PUBLIC        rx_ip
  B:0080H.3       PUBLIC        Atascado
  C:509DH         PUBLIC        main
  C:6103H         PUBLIC        variable_inicio
  B:0090H.7       PUBLIC        lock
  I:0022H         PUBLIC        rbuf
  C:6B05H         PUBLIC        on_Timer0_Interrup
  I:0054H         PUBLIC        tbuf
  B:0090H.1       PUBLIC        DataIn
  D:0089H         PUBLIC        TMOD
  X:01E4H         PUBLIC        USE_LPR
  X:01E5H         PUBLIC        Debug_Tibbo
  X:01E6H         PUBLIC        SIN_COBRO
  C:68D7H         SYMBOL        _?ix1000
  X:01E8H         PUBLIC        Tipo_Vehiculo
  C:68E7H         SYMBOL        _?ix1001
  B:00B0H.3       PUBLIC        busy
  C:6A77H         PUBLIC        ini_timer
  B:00A8H.1       PUBLIC        ET0
  B:0088H.5       PUBLIC        TF0
  X:01E9H         PUBLIC        COMPARACION_ACTIVA
  D:008CH         PUBLIC        TH0
  X:01EAH         PUBLIC        ACK
  X:01EBH         PUBLIC        g_cEstadoComSoft
  D:008AH         PUBLIC        TL0
  B:0088H.4       PUBLIC        TR0
  C:6A87H         PUBLIC        inicia_board
  X:01ECH         PUBLIC        T_GRACIA
  X:01EEH         PUBLIC        COD_PARK
  B:0080H.7       PUBLIC        sel_com
  X:01F0H         PUBLIC        STX_LINTECH
  C:6AA6H         PUBLIC        _getkey
  X:01F1H         PUBLIC        g_cEstadoComSeqMF
  X:01F2H         PUBLIC        ETX
  X:01F3H         PUBLIC        ID_CLIENTE
  C:63C1H         PUBLIC        _EscribirCadenaSoft_buffer
  B:0021H.1       PUBLIC        buffer_ready
  C:65D3H         PUBLIC        _putchar
  -------         PROC          TIMER0_INT
  C:6993H         LINE#         12
  C:6999H         LINE#         15
  C:699FH         LINE#         16
  C:69A5H         LINE#         17
  C:69A7H         LINE#         19
  -------         ENDPROC       TIMER0_INT
  -------         PROC          INI_TIMER
BL51 BANKED LINKER/LOCATER V6.22.2.0                                                  11/29/2019  12:27:59  PAGE 15


  C:6A77H         LINE#         22
  C:6A77H         LINE#         23
  C:6A77H         LINE#         25
  C:6A7FH         LINE#         27
  C:6A82H         LINE#         28
  C:6A84H         LINE#         29
  C:6A86H         LINE#         31
  -------         ENDPROC       INI_TIMER
  -------         PROC          ON_TIMER0_INTERRUP
  C:6B05H         LINE#         34
  C:6B05H         LINE#         35
  C:6B05H         LINE#         36
  C:6B07H         LINE#         37
  C:6B09H         LINE#         39
  -------         ENDPROC       ON_TIMER0_INTERRUP
  -------         PROC          OFF_TIMER0_INTERRUP
  C:6B14H         LINE#         42
  C:6B14H         LINE#         43
  C:6B14H         LINE#         44
  C:6B16H         LINE#         46
  -------         ENDPROC       OFF_TIMER0_INTERRUP
  -------         PROC          _GETKEY
  -------         DO            
  D:0006H         SYMBOL        k
  -------         ENDDO         
  C:6AA6H         LINE#         54
  C:6AA6H         LINE#         55
  C:6AA6H         LINE#         59
  C:6AA6H         LINE#         60
  C:6AA9H         LINE#         61
  C:6AA9H         LINE#         62
  C:6AB1H         LINE#         64
  C:6AB1H         LINE#         65
  -------         ENDPROC       _GETKEY
  -------         PROC          _PUTCHAR
  X:0182H         SYMBOL        c
  -------         DO            
  X:0183H         SYMBOL        i
  -------         ENDDO         
  C:65D3H         LINE#         69
  C:65D8H         LINE#         70
  C:65D8H         LINE#         73
  C:65E7H         LINE#         74
  C:65E7H         LINE#         75
  C:65FDH         LINE#         76
  C:65FDH         LINE#         78
  C:660BH         LINE#         79
  C:660BH         LINE#         81
  C:6610H         LINE#         82
  -------         ENDPROC       _PUTCHAR
  -------         PROC          _ESCRIBIRCADENASOFT_BUFFER
  X:0116H         SYMBOL        buffer
  X:0119H         SYMBOL        tamano_cadena
  -------         DO            
  X:011AH         SYMBOL        i
  X:011BH         SYMBOL        d
  -------         ENDDO         
BL51 BANKED LINKER/LOCATER V6.22.2.0                                                  11/29/2019  12:27:59  PAGE 16


  C:63C1H         LINE#         86
  C:63CFH         LINE#         87
  C:63CFH         LINE#         89
  C:63DDH         LINE#         90
  C:63DDH         LINE#         91
  C:63F4H         LINE#         92
  C:63FEH         LINE#         93
  C:6406H         LINE#         94
  -------         ENDPROC       _ESCRIBIRCADENASOFT_BUFFER
  -------         PROC          INICIA_BOARD
  C:6A87H         LINE#         131
  C:6A87H         LINE#         132
  C:6A87H         LINE#         133
  C:6A8AH         LINE#         134
  C:6A8DH         LINE#         135
  C:6A90H         LINE#         136
  C:6A92H         LINE#         137
  C:6A94H         LINE#         138
  C:6A96H         LINE#         140
  -------         ENDPROC       INICIA_BOARD
  -------         PROC          VARIABLE_INICIO
  C:6103H         LINE#         145
  C:6103H         LINE#         146
  C:6103H         LINE#         148
  C:6113H         LINE#         149
  C:6124H         LINE#         150
  C:6135H         LINE#         151
  C:6146H         LINE#         152
  C:6154H         LINE#         153
  C:6162H         LINE#         154
  C:6170H         LINE#         155
  -------         ENDPROC       VARIABLE_INICIO
  -------         PROC          MAIN
  -------         DO            
  X:0186H         SYMBOL        buffer
  X:00C8H         SYMBOL        S1_B2
  X:00D8H         SYMBOL        S1_B0
  X:00E8H         SYMBOL        Length_trama
  -------         ENDDO         
  C:509DH         LINE#         163
  C:509DH         LINE#         164
  C:509DH         LINE#         168
  C:50B0H         LINE#         169
  C:50C3H         LINE#         172
  C:50C6H         LINE#         173
  C:50C9H         LINE#         174
  C:50CCH         LINE#         175
  C:50CFH         LINE#         176
  C:50D2H         LINE#         177
  C:50D4H         LINE#         179
  C:50D7H         LINE#         180
  C:50DEH         LINE#         181
  C:50E1H         LINE#         182
  C:50E6H         LINE#         184
  C:50E9H         LINE#         186
  C:50ECH         LINE#         187
  C:50ECH         LINE#         188
BL51 BANKED LINKER/LOCATER V6.22.2.0                                                  11/29/2019  12:27:59  PAGE 17


  C:50EFH         LINE#         189
  C:50EFH         LINE#         190
  C:50F2H         LINE#         191
  C:50F8H         LINE#         192
  C:50FDH         LINE#         194
  C:50FDH         LINE#         195
  C:50FDH         LINE#         197
  C:5105H         LINE#         198
  C:5105H         LINE#         199
  C:5108H         LINE#         200
  C:510AH         LINE#         202
  C:510AH         LINE#         203
  C:510DH         LINE#         204
  C:510DH         LINE#         206
  C:511BH         LINE#         207
  C:511EH         LINE#         209
  C:5132H         LINE#         210
  C:5135H         LINE#         211
  C:5135H         LINE#         215
  C:5138H         LINE#         220
  C:513BH         LINE#         221
  C:513BH         LINE#         223
  C:514AH         LINE#         232
  C:5153H         LINE#         234
  C:5153H         LINE#         235
  C:5156H         LINE#         237
  C:5156H         LINE#         238
  -------         ENDPROC       MAIN
  -------         ENDMOD        MAIN

  -------         MODULE        ACCESCAN
  C:0000H         SYMBOL        _ICE_DUMMY_
  D:0080H         PUBLIC        P0
  D:0090H         PUBLIC        P1
  B:0080H.2       PUBLIC        led_err_imp
  C:6493H         PUBLIC        _Monitor_chr
  C:2FB6H         PUBLIC        _Cmd_LPR_Salida
  B:0080H.3       PUBLIC        Atascado
  B:0080H.0       PUBLIC        rx_ip
  B:0090H.7       PUBLIC        lock
  C:3248H         PUBLIC        _Valida_Trama_Pto
  C:5727H         PUBLIC        _recibe_cmd_Monitor
  C:4CC6H         PUBLIC        _Cmd_LPR_Salida_wiegand
  -------         PROC          _VALIDA_TRAMA_PTO
  X:00E9H         SYMBOL        buffer
  X:00ECH         SYMBOL        length_trama
  -------         DO            
  X:00EDH         SYMBOL        buff
  -------         ENDDO         
  C:3248H         LINE#         54
  C:3256H         LINE#         55
  C:3256H         LINE#         58
  C:328CH         LINE#         59
  C:328CH         LINE#         61
  C:329BH         LINE#         63
  C:329EH         LINE#         65
  C:329EH         LINE#         67
BL51 BANKED LINKER/LOCATER V6.22.2.0                                                  11/29/2019  12:27:59  PAGE 18


  C:32B0H         LINE#         68
  C:32B0H         LINE#         69
  C:32C0H         LINE#         70
  C:32C0H         LINE#         71
  C:32C5H         LINE#         72
  C:32C7H         LINE#         73
  C:32CCH         LINE#         74
  C:32CEH         LINE#         75
  C:32D0H         LINE#         76
  C:32D0H         LINE#         77
  C:32D1H         LINE#         79
  C:32E3H         LINE#         80
  C:32E3H         LINE#         82
  C:32F3H         LINE#         83
  C:32F3H         LINE#         84
  C:32F5H         LINE#         85
  C:32F7H         LINE#         86
  C:32F9H         LINE#         87
  C:32FBH         LINE#         88
  C:330FH         LINE#         89
  C:330FH         LINE#         90
  C:3314H         LINE#         91
  C:331DH         LINE#         92
  C:3322H         LINE#         93
  C:3322H         LINE#         94
  C:3322H         LINE#         96
  C:3323H         LINE#         97
  C:335AH         LINE#         98
  C:335AH         LINE#         99
  C:335CH         LINE#         100
  C:335EH         LINE#         101
  C:3378H         LINE#         102
  C:3378H         LINE#         103
  C:337DH         LINE#         104
  C:337DH         LINE#         106
  C:33C0H         LINE#         107
  C:33C0H         LINE#         108
  C:33C8H         LINE#         109
  C:33C8H         LINE#         111
  C:33DDH         LINE#         112
  C:33E3H         LINE#         113
  C:340DH         LINE#         115
  C:3418H         LINE#         119
  C:341EH         LINE#         121
  C:3427H         LINE#         122
  C:3427H         LINE#         125
  C:3427H         LINE#         127
  C:3442H         LINE#         128
  C:3448H         LINE#         129
  C:3472H         LINE#         130
  C:347DH         LINE#         134
  C:347DH         LINE#         135
  C:347DH         LINE#         137
  -------         ENDPROC       _VALIDA_TRAMA_PTO
  -------         PROC          _RECIBE_CMD_MONITOR
  X:00E9H         SYMBOL        buffer_cmd
  -------         DO            
BL51 BANKED LINKER/LOCATER V6.22.2.0                                                  11/29/2019  12:27:59  PAGE 19


  X:00ECH         SYMBOL        j
  X:00EDH         SYMBOL        NumDatos
  D:0005H         SYMBOL        time_out
  X:00EEH         SYMBOL        MaxChrRx
  D:0006H         SYMBOL        contador
  -------         ENDDO         
  C:5727H         LINE#         143
  C:5732H         LINE#         144
  C:5732H         LINE#         148
  C:5737H         LINE#         149
  C:573BH         LINE#         151
  C:5743H         LINE#         152
  C:5743H         LINE#         153
  C:5754H         LINE#         154
  C:5754H         LINE#         155
  C:5757H         LINE#         156
  C:5758H         LINE#         157
  C:575EH         LINE#         158
  C:575EH         LINE#         159
  C:5763H         LINE#         160
  C:576CH         LINE#         161
  C:576CH         LINE#         162
  C:576EH         LINE#         163
  C:5776H         LINE#         164
  C:5776H         LINE#         165
  C:5778H         LINE#         166
  C:577DH         LINE#         167
  C:5783H         LINE#         168
  C:5795H         LINE#         169
  C:579FH         LINE#         170
  C:57A7H         LINE#         172
  C:57B6H         LINE#         175
  C:57B6H         LINE#         176
  C:57BBH         LINE#         177
  -------         ENDPROC       _RECIBE_CMD_MONITOR
  -------         PROC          _MONITOR_CHR
  X:011AH         SYMBOL        str
  X:011DH         SYMBOL        num_char
  -------         DO            
  X:011EH         SYMBOL        j
  -------         ENDDO         
  C:6493H         LINE#         207
  C:64A1H         LINE#         208
  C:64A1H         LINE#         210
  C:64AFH         LINE#         211
  C:64AFH         LINE#         212
  C:64C1H         LINE#         213
  C:64CBH         LINE#         214
  C:64D3H         LINE#         215
  -------         ENDPROC       _MONITOR_CHR
  -------         PROC          _CMD_LPR_SALIDA_WIEGAND
  X:00F8H         SYMBOL        buffer
  -------         DO            
  X:00FBH         SYMBOL        Buffer_Lpr
  X:0119H         SYMBOL        j
  -------         ENDDO         
  C:4CC6H         LINE#         220
BL51 BANKED LINKER/LOCATER V6.22.2.0                                                  11/29/2019  12:27:59  PAGE 20


  C:4CD1H         LINE#         221
  C:4CD1H         LINE#         223
  C:4CD7H         LINE#         224
  C:4CDCH         LINE#         225
  C:4CE4H         LINE#         226
  C:4CE8H         LINE#         227
  C:4CF1H         LINE#         228
  C:4CF1H         LINE#         229
  C:4D02H         LINE#         230
  C:4D04H         LINE#         232
  C:4D04H         LINE#         233
  C:4D15H         LINE#         234
  C:4D15H         LINE#         238
  C:4D2CH         LINE#         239
  C:4D2CH         LINE#         240
  C:4D3BH         LINE#         241
  C:4D45H         LINE#         243
  C:4D4DH         LINE#         244
  C:4D61H         LINE#         246
  C:4D71H         LINE#         247
  C:4D82H         LINE#         248
  C:4D8FH         LINE#         252
  -------         ENDPROC       _CMD_LPR_SALIDA_WIEGAND
  -------         PROC          _CMD_LPR_SALIDA
  X:00F0H         SYMBOL        buffer_S1_B0
  X:00F3H         SYMBOL        buffer_S1_B2
  -------         DO            
  X:00F6H         SYMBOL        Buffer_Lpr
  D:0004H         SYMBOL        temp
  X:0114H         SYMBOL        j
  -------         ENDDO         
  C:2FB6H         LINE#         257
  C:2FC1H         LINE#         258
  C:2FC1H         LINE#         263
  C:2FC7H         LINE#         264
  C:2FCCH         LINE#         265
  C:2FD4H         LINE#         266
  C:2FD8H         LINE#         268
  C:2FEEH         LINE#         269
  C:2FEEH         LINE#         270
  C:2FFFH         LINE#         271
  C:3001H         LINE#         273
  C:3001H         LINE#         274
  C:3012H         LINE#         275
  C:3012H         LINE#         279
  C:3012H         LINE#         280
  C:3034H         LINE#         281
  C:303EH         LINE#         282
  C:304EH         LINE#         288
  C:3062H         LINE#         290
  C:3078H         LINE#         291
  C:309DH         LINE#         292
  C:30B6H         LINE#         294
  C:30CFH         LINE#         295
  C:30F4H         LINE#         296
  C:310DH         LINE#         298
  C:3126H         LINE#         299
BL51 BANKED LINKER/LOCATER V6.22.2.0                                                  11/29/2019  12:27:59  PAGE 21


  C:314BH         LINE#         300
  C:3164H         LINE#         302
  C:317DH         LINE#         303
  C:31A2H         LINE#         304
  C:31BBH         LINE#         306
  C:31D4H         LINE#         307
  C:31F9H         LINE#         308
  C:3212H         LINE#         312
  C:3226H         LINE#         315
  C:323AH         LINE#         317
  -------         ENDPROC       _CMD_LPR_SALIDA
  -------         ENDMOD        ACCESCAN

  -------         MODULE        CLOCK
  C:0000H         SYMBOL        _ICE_DUMMY_
  C:6508H         PUBLIC        _two_one
  D:0090H         PUBLIC        P1
  C:67F7H         PUBLIC        _wr_clk
  C:3B29H         PUBLIC        _check_fechaOut
  B:00D0H.7       PUBLIC        CY
  C:0003H         PUBLIC        p_ck
  X:0250H         PUBLIC        data_clk
  C:6ACEH         PUBLIC        cond_ini_clock
  C:4D9CH         PUBLIC        _Block_read_Clock
  B:0090H.4       PUBLIC        sck
  C:536BH         PUBLIC        _Block_read_Clock_Hex
  C:347EH         PUBLIC        _Block_read_clock_ascii
  C:68B6H         PUBLIC        _hex_bcd
  C:6975H         PUBLIC        _bcd_hex
  C:623EH         PUBLIC        _ByteHex_Decimal
  C:58E8H         PUBLIC        _lee_clk
  C:2067H         PUBLIC        _analiza_tiempo
  B:0090H.5       PUBLIC        io
  C:59FEH         PUBLIC        _Block_write_clock_ascii
  B:0090H.6       PUBLIC        rst
  C:6555H         PUBLIC        _eb_clk
  C:2A21H         PUBLIC        _Two_ByteHex_Decimal
  -------         PROC          P_CK
  C:0003H         LINE#         37
  C:0003H         LINE#         38
  C:0003H         LINE#         39
  C:0005H         LINE#         40
  C:0008H         LINE#         41
  C:000AH         LINE#         42
  -------         ENDPROC       P_CK
  -------         PROC          _EB_CLK
  X:0120H         SYMBOL        dir_clk
  -------         DO            
  X:0121H         SYMBOL        nbits
  -------         ENDDO         
  C:6555H         LINE#         44
  C:655AH         LINE#         46
  C:655FH         LINE#         47
  C:655FH         LINE#         48
  C:6568H         LINE#         49
  C:656BH         LINE#         50
  C:656BH         LINE#         51
BL51 BANKED LINKER/LOCATER V6.22.2.0                                                  11/29/2019  12:27:59  PAGE 22


  C:656DH         LINE#         52
  C:656FH         LINE#         54
  C:656FH         LINE#         55
  C:6571H         LINE#         56
  C:6571H         LINE#         57
  C:6574H         LINE#         58
  C:6593H         LINE#         59
  -------         ENDPROC       _EB_CLK
  C:58DEH         SYMBOL        L?0150
  -------         PROC          L?0149
  -------         ENDPROC       L?0149
  C:58DEH         SYMBOL        L?0150
  -------         PROC          _LEE_CLK
  X:011DH         SYMBOL        dir_clk
  -------         DO            
  X:011EH         SYMBOL        nbits
  -------         ENDDO         
  C:58E8H         LINE#         61
  C:58EDH         LINE#         63
  C:58EFH         LINE#         64
  C:58F6H         LINE#         65
  C:58FEH         LINE#         66
  C:5917H         LINE#         67
  C:5917H         LINE#         68
  C:591AH         LINE#         69
  C:591AH         LINE#         70
  C:5921H         LINE#         71
  C:592BH         LINE#         72
  C:5930H         LINE#         73
  C:5930H         LINE#         74
  C:5930H         LINE#         75
  C:5933H         LINE#         76
  C:5933H         LINE#         77
  C:593AH         LINE#         78
  C:594BH         LINE#         79
  C:594BH         LINE#         80
  C:5953H         LINE#         81
  C:5953H         LINE#         82
  C:5953H         LINE#         83
  C:5956H         LINE#         84
  C:5966H         LINE#         85
  C:5968H         LINE#         86
  C:596DH         LINE#         87
  -------         ENDPROC       _LEE_CLK
  -------         PROC          _WR_CLK
  X:00FBH         SYMBOL        dir_clk
  X:00FCH         SYMBOL        byte
  C:67F7H         LINE#         89
  C:67FFH         LINE#         90
  C:6801H         LINE#         91
  C:6808H         LINE#         92
  C:6810H         LINE#         93
  C:6819H         LINE#         94
  C:681CH         LINE#         95
  C:681EH         LINE#         97
  -------         ENDPROC       _WR_CLK
  C:64D4H         SYMBOL        L?0147
BL51 BANKED LINKER/LOCATER V6.22.2.0                                                  11/29/2019  12:27:59  PAGE 23


  C:64F2H         SYMBOL        L?0148
  -------         PROC          L?0146
  -------         ENDPROC       L?0146
  C:64D4H         SYMBOL        L?0147
  C:64F2H         SYMBOL        L?0148
  -------         PROC          _TWO_ONE
  D:0007H         SYMBOL        byte_h
  D:0005H         SYMBOL        byte_l
  -------         DO            
  D:0007H         SYMBOL        byte_out
  -------         ENDDO         
  C:6508H         LINE#         99
  C:6508H         LINE#         100
  C:6508H         LINE#         102
  C:650BH         LINE#         103
  C:650FH         LINE#         104
  C:6512H         LINE#         105
  C:6514H         LINE#         106
  C:6514H         LINE#         107
  -------         ENDPROC       _TWO_ONE
  -------         PROC          _BLOCK_WRITE_CLOCK_ASCII
  X:00F8H         SYMBOL        datos_clock
  C:59FEH         LINE#         112
  C:5A09H         LINE#         114
  C:5A09H         LINE#         118
  C:5A13H         LINE#         119
  C:5A13H         LINE#         120
  C:5A13H         LINE#         121
  C:5A13H         LINE#         123
  C:5A1DH         LINE#         124
  C:5A27H         LINE#         125
  C:5A31H         LINE#         126
  C:5A31H         LINE#         127
  C:5A31H         LINE#         128
  C:5A31H         LINE#         130
  C:5A3BH         LINE#         131
  C:5A3BH         LINE#         132
  C:5A3BH         LINE#         133
  C:5A3BH         LINE#         135
  C:5A45H         LINE#         136
  C:5A45H         LINE#         137
  C:5A45H         LINE#         138
  C:5A45H         LINE#         140
  C:5A4FH         LINE#         141
  C:5A4FH         LINE#         142
  C:5A4FH         LINE#         143
  C:5A4FH         LINE#         145
  C:5A59H         LINE#         146
  C:5A63H         LINE#         147
  C:5A6DH         LINE#         148
  C:5A77H         LINE#         150
  -------         ENDPROC       _BLOCK_WRITE_CLOCK_ASCII
  -------         PROC          _BCD_HEX
  D:0007H         SYMBOL        l_data
  -------         DO            
  D:0006H         SYMBOL        temp
  D:0005H         SYMBOL        j
BL51 BANKED LINKER/LOCATER V6.22.2.0                                                  11/29/2019  12:27:59  PAGE 24


  -------         ENDDO         
  C:6975H         LINE#         156
  C:6975H         LINE#         157
  C:6975H         LINE#         159
  C:6977H         LINE#         160
  C:697BH         LINE#         161
  C:697EH         LINE#         162
  C:6980H         LINE#         163
  C:6980H         LINE#         164
  C:6984H         LINE#         165
  C:698BH         LINE#         166
  C:698BH         LINE#         167
  C:698FH         LINE#         168
  C:6992H         LINE#         169
  C:6992H         LINE#         170
  C:6992H         LINE#         171
  -------         ENDPROC       _BCD_HEX
  -------         PROC          _HEX_BCD
  D:0007H         SYMBOL        byte
  -------         DO            
  D:0006H         SYMBOL        nibble_h
  D:0005H         SYMBOL        nibble_l
  D:0004H         SYMBOL        k
  D:0007H         SYMBOL        byte_out
  -------         ENDDO         
  C:68B6H         LINE#         175
  C:68B6H         LINE#         176
  C:68B6H         LINE#         181
  C:68B8H         LINE#         182
  C:68B9H         LINE#         184
  C:68BFH         LINE#         185
  C:68BFH         LINE#         186
  C:68C0H         LINE#         187
  C:68C5H         LINE#         188
  C:68C5H         LINE#         189
  C:68C6H         LINE#         190
  C:68C7H         LINE#         191
  C:68C7H         LINE#         192
  C:68CAH         LINE#         193
  C:68CEH         LINE#         194
  C:68D1H         LINE#         195
  C:68D4H         LINE#         196
  C:68D6H         LINE#         197
  C:68D6H         LINE#         199
  -------         ENDPROC       _HEX_BCD
  -------         PROC          _BYTEHEX_DECIMAL
  D:0001H         SYMBOL        buffer
  D:0005H         SYMBOL        valorhex
  -------         DO            
  X:00F8H         SYMBOL        numero
  D:0007H         SYMBOL        centena
  D:0006H         SYMBOL        decena
  -------         ENDDO         
  C:623EH         LINE#         205
  C:623EH         LINE#         206
  C:623EH         LINE#         209
  C:6240H         LINE#         210
BL51 BANKED LINKER/LOCATER V6.22.2.0                                                  11/29/2019  12:27:59  PAGE 25


  C:6241H         LINE#         211
  C:6246H         LINE#         213
  C:6253H         LINE#         214
  C:6253H         LINE#         215
  C:6257H         LINE#         216
  C:6258H         LINE#         217
  C:625AH         LINE#         218
  C:6260H         LINE#         219
  C:6267H         LINE#         220
  C:6274H         LINE#         221
  C:6274H         LINE#         222
  C:6278H         LINE#         223
  C:6279H         LINE#         224
  C:627BH         LINE#         225
  C:6281H         LINE#         226
  C:6288H         LINE#         227
  -------         ENDPROC       _BYTEHEX_DECIMAL
  -------         PROC          _TWO_BYTEHEX_DECIMAL
  X:00F8H         SYMBOL        buffer
  X:00FBH         SYMBOL        id_h
  X:00FCH         SYMBOL        id_l
  -------         DO            
  X:00FDH         SYMBOL        valor
  D:0006H         SYMBOL        numero
  X:00FFH         SYMBOL        temp
  X:0100H         SYMBOL        dmil
  X:0101H         SYMBOL        mil
  X:0102H         SYMBOL        centena
  X:0103H         SYMBOL        decena
  -------         ENDDO         
  C:2A21H         LINE#         235
  C:2A2FH         LINE#         236
  C:2A2FH         LINE#         240
  C:2A36H         LINE#         241
  C:2A3AH         LINE#         242
  C:2A3CH         LINE#         243
  C:2A3EH         LINE#         244
  C:2A40H         LINE#         247
  C:2A45H         LINE#         248
  C:2A48H         LINE#         249
  C:2A4EH         LINE#         251
  C:2AA9H         LINE#         252
  C:2AB1H         LINE#         253
  C:2AB4H         LINE#         254
  C:2B0FH         LINE#         256
  C:2B17H         LINE#         257
  C:2B1AH         LINE#         258
  C:2B20H         LINE#         259
  C:2B7BH         LINE#         260
  C:2B83H         LINE#         261
  C:2B86H         LINE#         262
  C:2BE1H         LINE#         263
  C:2BE1H         LINE#         265
  C:2BEAH         LINE#         266
  C:2BEAH         LINE#         267
  C:2BF2H         LINE#         268
  C:2BF8H         LINE#         269
BL51 BANKED LINKER/LOCATER V6.22.2.0                                                  11/29/2019  12:27:59  PAGE 26


  C:2BFAH         LINE#         270
  C:2C10H         LINE#         271
  C:2C1AH         LINE#         272
  C:2C23H         LINE#         273
  C:2C23H         LINE#         274
  C:2C2BH         LINE#         275
  C:2C31H         LINE#         276
  C:2C33H         LINE#         277
  C:2C49H         LINE#         278
  C:2C53H         LINE#         279
  C:2C5CH         LINE#         280
  C:2C5CH         LINE#         281
  C:2C64H         LINE#         282
  C:2C6AH         LINE#         283
  C:2C6CH         LINE#         284
  C:2C82H         LINE#         285
  C:2C8CH         LINE#         286
  C:2C95H         LINE#         287
  C:2C95H         LINE#         288
  C:2C9DH         LINE#         289
  C:2CA3H         LINE#         290
  C:2CA5H         LINE#         291
  C:2CBBH         LINE#         292
  C:2CC5H         LINE#         293
  C:2CD8H         LINE#         294
  C:2CE2H         LINE#         295
  -------         ENDPROC       _TWO_BYTEHEX_DECIMAL
  -------         PROC          _BLOCK_READ_CLOCK_ASCII
  X:011AH         SYMBOL        datos_clock
  -------         DO            
  D:0007H         SYMBOL        dato
  -------         ENDDO         
  C:347EH         LINE#         301
  C:3481H         LINE#         302
  C:3481H         LINE#         308
  C:3484H         LINE#         309
  C:349CH         LINE#         310
  C:34A6H         LINE#         311
  C:34BBH         LINE#         312
  C:34C5H         LINE#         315
  C:34CAH         LINE#         316
  C:34E2H         LINE#         317
  C:34ECH         LINE#         318
  C:3501H         LINE#         319
  C:350BH         LINE#         322
  C:3510H         LINE#         323
  C:3528H         LINE#         324
  C:3532H         LINE#         325
  C:3547H         LINE#         326
  C:3551H         LINE#         330
  C:3556H         LINE#         331
  C:356EH         LINE#         332
  C:3578H         LINE#         333
  C:358DH         LINE#         334
  C:3597H         LINE#         337
  C:359CH         LINE#         338
  C:35B4H         LINE#         339
BL51 BANKED LINKER/LOCATER V6.22.2.0                                                  11/29/2019  12:27:59  PAGE 27


  C:35BEH         LINE#         340
  C:35D3H         LINE#         341
  C:35DDH         LINE#         344
  C:35E2H         LINE#         345
  C:35FAH         LINE#         346
  C:3604H         LINE#         347
  C:3619H         LINE#         348
  C:3623H         LINE#         351
  C:3628H         LINE#         352
  C:363DH         LINE#         353
  C:3647H         LINE#         354
  -------         ENDPROC       _BLOCK_READ_CLOCK_ASCII
  -------         PROC          _BLOCK_READ_CLOCK_HEX
  X:0116H         SYMBOL        datos_clock
  C:536BH         LINE#         357
  C:536EH         LINE#         358
  C:536EH         LINE#         361
  C:5383H         LINE#         362
  C:538DH         LINE#         364
  C:53A4H         LINE#         365
  C:53AEH         LINE#         367
  C:53C5H         LINE#         368
  C:53CFH         LINE#         370
  C:53E6H         LINE#         371
  C:53F0H         LINE#         373
  C:5407H         LINE#         374
  -------         ENDPROC       _BLOCK_READ_CLOCK_HEX
  -------         PROC          _BLOCK_READ_CLOCK
  X:0105H         SYMBOL        datos_clock
  C:4D9CH         LINE#         401
  C:4D9FH         LINE#         402
  C:4D9FH         LINE#         404
  C:4DB1H         LINE#         405
  C:4DBBH         LINE#         407
  C:4DCFH         LINE#         408
  C:4DD9H         LINE#         410
  C:4DEDH         LINE#         411
  C:4DF7H         LINE#         413
  C:4E0BH         LINE#         414
  C:4E15H         LINE#         416
  C:4E29H         LINE#         417
  C:4E33H         LINE#         419
  C:4E47H         LINE#         420
  C:4E51H         LINE#         421
  -------         ENDPROC       _BLOCK_READ_CLOCK
  -------         PROC          COND_INI_CLOCK
  C:6ACEH         LINE#         424
  C:6ACEH         LINE#         425
  C:6ACEH         LINE#         426
  C:6AD0H         LINE#         427
  C:6AD2H         LINE#         428
  C:6AD4H         LINE#         429
  -------         ENDPROC       COND_INI_CLOCK
  -------         PROC          _CHECK_FECHAOUT
  X:00F0H         SYMBOL        buffer
  -------         DO            
  X:00F3H         SYMBOL        temp
BL51 BANKED LINKER/LOCATER V6.22.2.0                                                  11/29/2019  12:27:59  PAGE 28


  X:00F4H         SYMBOL        datos_clk
  -------         ENDDO         
  C:3B29H         LINE#         439
  C:3B34H         LINE#         440
  C:3B34H         LINE#         441
  C:3B38H         LINE#         447
  C:3B81H         LINE#         448
  C:3B81H         LINE#         450
  C:3B86H         LINE#         452
  C:3B89H         LINE#         454
  C:3B89H         LINE#         456
  C:3B92H         LINE#         458
  C:3B9AH         LINE#         459
  C:3B9AH         LINE#         460
  C:3BA3H         LINE#         462
  C:3BA3H         LINE#         465
  C:3BC6H         LINE#         466
  C:3BC6H         LINE#         467
  C:3BC6H         LINE#         468
  C:3BC9H         LINE#         469
  C:3BD3H         LINE#         470
  C:3BD3H         LINE#         471
  C:3BF9H         LINE#         472
  C:3BF9H         LINE#         473
  C:3BF9H         LINE#         474
  C:3BFCH         LINE#         475
  C:3C06H         LINE#         476
  C:3C06H         LINE#         477
  C:3C2CH         LINE#         478
  C:3C2CH         LINE#         479
  C:3C2CH         LINE#         480
  C:3C2EH         LINE#         481
  C:3C35H         LINE#         482
  C:3C35H         LINE#         483
  C:3C5BH         LINE#         484
  C:3C5BH         LINE#         485
  C:3C5BH         LINE#         486
  C:3C5DH         LINE#         487
  C:3C64H         LINE#         488
  C:3C64H         LINE#         489
  C:3C89H         LINE#         490
  C:3C89H         LINE#         491
  C:3C8EH         LINE#         492
  C:3C90H         LINE#         500
  C:3C90H         LINE#         501
  C:3C90H         LINE#         502
  C:3C90H         LINE#         503
  C:3C92H         LINE#         505
  C:3C92H         LINE#         506
  C:3C92H         LINE#         507
  C:3C92H         LINE#         508
  C:3C94H         LINE#         510
  C:3C94H         LINE#         511
  C:3C94H         LINE#         512
  C:3C94H         LINE#         513
  C:3C96H         LINE#         515
  C:3C96H         LINE#         516
BL51 BANKED LINKER/LOCATER V6.22.2.0                                                  11/29/2019  12:27:59  PAGE 29


  C:3C9CH         LINE#         518
  C:3C9CH         LINE#         520
  C:3C9CH         LINE#         521
  C:3CA1H         LINE#         522
  -------         ENDPROC       _CHECK_FECHAOUT
  -------         PROC          _ANALIZA_TIEMPO
  X:00F0H         SYMBOL        buffer
  X:00F3H         SYMBOL        Val_DctoMinutos
  -------         DO            
  X:00F5H         SYMBOL        ano_inT
  B:0020H.0       SYMBOL        bisiesto
  X:00F7H         SYMBOL        ano_out
  X:00F8H         SYMBOL        mes_out
  X:00F9H         SYMBOL        dia_out
  X:00FAH         SYMBOL        hora_out
  X:00FBH         SYMBOL        min_out
  X:00FCH         SYMBOL        Horas_Dcto
  X:00FDH         SYMBOL        Minutos_Dcto
  X:00FEH         SYMBOL        Xtemp
  B:0020H.1       SYMBOL        Tiempo_Dcto
  -------         ENDDO         
  C:2067H         LINE#         525
  C:207AH         LINE#         526
  C:207AH         LINE#         530
  C:207CH         LINE#         535
  C:207EH         LINE#         537
  C:20D9H         LINE#         538
  C:20D9H         LINE#         543
  C:20EBH         LINE#         544
  C:20EBH         LINE#         545
  C:20FBH         LINE#         546
  C:2105H         LINE#         548
  C:2107H         LINE#         550
  C:2107H         LINE#         551
  C:210DH         LINE#         552
  C:2112H         LINE#         553
  C:2112H         LINE#         557
  C:211CH         LINE#         558
  C:211CH         LINE#         559
  C:2134H         LINE#         560
  C:2140H         LINE#         561
  C:2140H         LINE#         563
  C:214AH         LINE#         564
  C:2158H         LINE#         566
  C:2165H         LINE#         567
  C:2171H         LINE#         568
  C:2171H         LINE#         569
  C:217BH         LINE#         570
  C:2189H         LINE#         572
  C:2196H         LINE#         573
  C:21CBH         LINE#         574
  C:21CBH         LINE#         575
  C:21D8H         LINE#         576
  C:21D8H         LINE#         577
  C:21DCH         LINE#         578
  C:21F2H         LINE#         579
  C:21FBH         LINE#         580
BL51 BANKED LINKER/LOCATER V6.22.2.0                                                  11/29/2019  12:27:59  PAGE 30


  C:21FBH         LINE#         581
  C:2203H         LINE#         582
  C:2207H         LINE#         583
  C:220AH         LINE#         590
  C:220AH         LINE#         591
  C:221FH         LINE#         592
  C:221FH         LINE#         593
  C:221FH         LINE#         594
  C:2222H         LINE#         595
  C:2250H         LINE#         596
  C:2250H         LINE#         597
  C:225DH         LINE#         598
  C:225DH         LINE#         599
  C:2261H         LINE#         600
  C:2268H         LINE#         601
  C:2268H         LINE#         602
  C:226AH         LINE#         604
  C:226AH         LINE#         605
  C:2274H         LINE#         606
  C:2274H         LINE#         607
  C:2274H         LINE#         609
  C:2277H         LINE#         610
  C:2296H         LINE#         611
  C:2296H         LINE#         613
  C:22ADH         LINE#         614
  C:22AFH         LINE#         654
  C:22D8H         LINE#         655
  C:22D8H         LINE#         656
  C:22DAH         LINE#         657
  C:22DAH         LINE#         659
  C:22DDH         LINE#         660
  C:22DDH         LINE#         661
  C:22F6H         LINE#         662
  C:22F6H         LINE#         663
  C:22FDH         LINE#         664
  C:2304H         LINE#         665
  C:230BH         LINE#         667
  C:230DH         LINE#         669
  C:230DH         LINE#         670
  C:2314H         LINE#         671
  C:2319H         LINE#         672
  C:2323H         LINE#         673
  C:2323H         LINE#         674
  C:2326H         LINE#         676
  C:2326H         LINE#         677
  C:2334H         LINE#         678
  C:2334H         LINE#         679
  C:2338H         LINE#         680
  C:234AH         LINE#         681
  C:234AH         LINE#         682
  C:234CH         LINE#         684
  C:234CH         LINE#         685
  C:2351H         LINE#         686
  C:2366H         LINE#         687
  C:2366H         LINE#         688
  C:2366H         LINE#         689
  C:2366H         LINE#         691
BL51 BANKED LINKER/LOCATER V6.22.2.0                                                  11/29/2019  12:27:59  PAGE 31


  C:2369H         LINE#         693
  C:2369H         LINE#         694
  C:236EH         LINE#         695
  C:2383H         LINE#         696
  C:2383H         LINE#         697
  C:2383H         LINE#         698
  C:2386H         LINE#         700
  C:2386H         LINE#         701
  C:239BH         LINE#         702
  C:23A5H         LINE#         703
  C:23A5H         LINE#         704
  C:23A5H         LINE#         705
  C:23A7H         LINE#         707
  C:23A7H         LINE#         708
  C:23BCH         LINE#         709
  C:23C6H         LINE#         710
  C:23D0H         LINE#         711
  C:23D0H         LINE#         712
  C:23D0H         LINE#         713
  C:23D2H         LINE#         715
  C:23D2H         LINE#         716
  C:23E7H         LINE#         717
  C:23F1H         LINE#         718
  C:23FBH         LINE#         719
  C:2405H         LINE#         720
  C:240CH         LINE#         721
  C:240CH         LINE#         725
  C:2416H         LINE#         726
  C:2416H         LINE#         727
  C:241CH         LINE#         728
  C:242AH         LINE#         729
  C:242AH         LINE#         730
  C:2433H         LINE#         731
  C:2441H         LINE#         733
  C:2447H         LINE#         734
  C:246EH         LINE#         735
  C:246EH         LINE#         736
  C:247EH         LINE#         737
  C:247EH         LINE#         738
  C:2482H         LINE#         739
  C:2488H         LINE#         740
  C:2496H         LINE#         741
  C:2496H         LINE#         742
  C:2498H         LINE#         743
  C:249CH         LINE#         744
  C:249FH         LINE#         746
  C:249FH         LINE#         747
  C:24A0H         LINE#         748
  C:24A0H         LINE#         749
  C:24A0H         LINE#         750
  C:24A3H         LINE#         751
  C:24BBH         LINE#         752
  C:24BBH         LINE#         753
  C:24C8H         LINE#         754
  C:24C8H         LINE#         755
  C:24CCH         LINE#         756
  C:24D1H         LINE#         757
BL51 BANKED LINKER/LOCATER V6.22.2.0                                                  11/29/2019  12:27:59  PAGE 32


  C:24D1H         LINE#         758
  C:24D4H         LINE#         760
  C:24D4H         LINE#         761
  C:24D8H         LINE#         762
  C:24D8H         LINE#         763
  C:24D8H         LINE#         764
  C:24DAH         LINE#         765
  C:24E3H         LINE#         766
  C:24E3H         LINE#         768
  C:24F8H         LINE#         769
  C:24FAH         LINE#         802
  C:2519H         LINE#         803
  C:2519H         LINE#         804
  C:251BH         LINE#         805
  C:251BH         LINE#         808
  C:251EH         LINE#         809
  C:251EH         LINE#         810
  C:252CH         LINE#         811
  C:252CH         LINE#         812
  C:2530H         LINE#         813
  C:2535H         LINE#         814
  C:2535H         LINE#         815
  C:2537H         LINE#         817
  C:2537H         LINE#         818
  C:253CH         LINE#         819
  C:2540H         LINE#         820
  C:2540H         LINE#         821
  C:2540H         LINE#         822
  C:2542H         LINE#         824
  C:2542H         LINE#         825
  C:254FH         LINE#         826
  C:254FH         LINE#         827
  C:2553H         LINE#         828
  C:2559H         LINE#         829
  C:255EH         LINE#         830
  C:255EH         LINE#         831
  C:255EH         LINE#         833
  C:255EH         LINE#         835
  C:255EH         LINE#         836
  C:255EH         LINE#         839
  C:2575H         LINE#         840
  C:257FH         LINE#         841
  C:2589H         LINE#         842
  C:2593H         LINE#         843
  C:259DH         LINE#         845
  C:259DH         LINE#         848
  -------         ENDPROC       _ANALIZA_TIEMPO
  -------         ENDMOD        CLOCK

  -------         MODULE        DELAY
  C:0000H         SYMBOL        _ICE_DUMMY_
  C:6A0BH         PUBLIC        _Delay_20us
  C:69AEH         PUBLIC        _Delay_1ms
  C:6B1AH         PUBLIC        Delay
  -------         PROC          _DELAY_20US
  D:0006H         SYMBOL        cnt
  -------         DO            
BL51 BANKED LINKER/LOCATER V6.22.2.0                                                  11/29/2019  12:27:59  PAGE 33


  D:0004H         SYMBOL        i
  -------         ENDDO         
  C:6A0BH         LINE#         20
  C:6A0BH         LINE#         21
  C:6A0BH         LINE#         24
  C:6A15H         LINE#         26
  C:6A1CH         LINE#         27
  -------         ENDPROC       _DELAY_20US
  -------         PROC          _DELAY_1MS
  D:0002H         SYMBOL        cnt
  -------         DO            
  D:0082H         SYMBOL        i
  -------         ENDDO         
  C:69AEH         LINE#         38
  C:69B2H         LINE#         39
  C:69B2H         LINE#         41
  C:69C8H         LINE#         42
  -------         ENDPROC       _DELAY_1MS
  -------         PROC          DELAY
  C:6B1AH         LINE#         60
  C:6B1AH         LINE#         62
  -------         ENDPROC       DELAY
  -------         ENDMOD        DELAY

  -------         MODULE        EEPROM
  C:0000H         SYMBOL        _ICE_DUMMY_
  D:0090H         PUBLIC        P1
  X:0248H         PUBLIC        l_chr
  C:68FAH         PUBLIC        ackd
  B:0021H.2       PUBLIC        memory_flag
  B:00D0H.7       PUBLIC        CY
  C:6AFFH         PUBLIC        p_me
  C:6A25H         PUBLIC        start
  B:0090H.2       PUBLIC        sda
  C:691AH         PUBLIC        ack_lect
  B:0090H.3       PUBLIC        scl
  C:6700H         PUBLIC        _rd_eeprom
  C:6ABCH         PUBLIC        stop
  X:0249H         PUBLIC        l_data_eeprom
  C:6594H         PUBLIC        _wr_eeprom
[...]
  C:0E61H         LINE#         1123
  C:0E61H         LINE#         1124
  C:0E69H         LINE#         1125
  C:0E69H         LINE#         1126
  C:0E6FH         LINE#         1127
  C:0E70H         LINE#         1128
  C:0E78H         LINE#         1129
BL51 BANKED LINKER/LOCATER V6.22.2.0                                                  11/29/2019  12:27:59  PAGE 77


  C:0E78H         LINE#         1130
  C:0E7FH         LINE#         1131
  C:0E93H         LINE#         1132
  C:0E93H         LINE#         1133
  C:0E95H         LINE#         1135
  C:0E95H         LINE#         1136
  C:0E9CH         LINE#         1137
  C:0E9CH         LINE#         1138
  C:0E9CH         LINE#         1139
  C:0E9FH         LINE#         1141
  C:0E9FH         LINE#         1142
  C:0EA8H         LINE#         1143
  C:0EBCH         LINE#         1145
  C:0ECCH         LINE#         1146
  C:0ECCH         LINE#         1148
  C:0EDEH         LINE#         1149
  C:0EDEH         LINE#         1150
  C:0EF7H         LINE#         1151
  C:0EFFH         LINE#         1152
  C:0F33H         LINE#         1153
  C:0F33H         LINE#         1155
  C:0F3CH         LINE#         1156
  C:0F44H         LINE#         1157
  C:0F4DH         LINE#         1159
  C:0F56H         LINE#         1160
  C:0F5EH         LINE#         1161
  C:0F67H         LINE#         1165
  C:0F6FH         LINE#         1166
  C:0F6FH         LINE#         1167
  C:0F78H         LINE#         1168
  C:0F80H         LINE#         1169
  C:0F89H         LINE#         1171
  C:0F90H         LINE#         1172
  C:0F90H         LINE#         1174
  C:0F92H         LINE#         1176
  C:0F92H         LINE#         1177
  C:0F97H         LINE#         1178
  C:0F99H         LINE#         1179
  C:0F99H         LINE#         1180
  C:0F99H         LINE#         1181
  C:0F9CH         LINE#         1183
  C:0F9CH         LINE#         1184
  C:0FA1H         LINE#         1185
  C:0FA3H         LINE#         1186
  C:0FA3H         LINE#         1187
  C:0FA3H         LINE#         1188
  C:0FA6H         LINE#         1190
  C:0FA6H         LINE#         1191
  C:0FABH         LINE#         1192
  C:0FADH         LINE#         1193
  C:0FADH         LINE#         1194
  C:0FADH         LINE#         1196
  C:0FADH         LINE#         1197
  C:0FB0H         LINE#         1202
  C:0FB0H         LINE#         1204
  C:0FBAH         LINE#         1205
  C:0FBAH         LINE#         1206
BL51 BANKED LINKER/LOCATER V6.22.2.0                                                  11/29/2019  12:27:59  PAGE 78


  C:0FC2H         LINE#         1207
  C:0FC2H         LINE#         1208
  C:0FC8H         LINE#         1209
  C:0FC9H         LINE#         1210
  C:0FD1H         LINE#         1211
  C:0FD1H         LINE#         1212
  C:0FD8H         LINE#         1213
  C:0FECH         LINE#         1214
  C:0FECH         LINE#         1215
  C:0FEEH         LINE#         1217
  C:0FEEH         LINE#         1218
  C:0FF5H         LINE#         1219
  C:0FF5H         LINE#         1220
  C:0FF5H         LINE#         1221
  C:0FF8H         LINE#         1223
  C:0FF8H         LINE#         1224
  C:1001H         LINE#         1225
  C:1015H         LINE#         1226
  C:1027H         LINE#         1227
  C:1027H         LINE#         1228
  C:1040H         LINE#         1229
  C:1048H         LINE#         1231
  C:1054H         LINE#         1232
  C:1054H         LINE#         1233
  C:105DH         LINE#         1234
  C:1062H         LINE#         1235
  C:1064H         LINE#         1236
  C:1064H         LINE#         1237
  C:1067H         LINE#         1238
  C:1067H         LINE#         1240
  C:1072H         LINE#         1241
  C:1072H         LINE#         1242
  C:1078H         LINE#         1243
  C:1078H         LINE#         1244
  C:1078H         LINE#         1245
  C:1078H         LINE#         1246
  C:1078H         LINE#         1247
  C:107AH         LINE#         1248
  C:107AH         LINE#         1249
  C:1086H         LINE#         1250
  C:1086H         LINE#         1251
  C:108FH         LINE#         1254
  C:10B3H         LINE#         1255
  C:10B3H         LINE#         1256
  C:10B5H         LINE#         1257
  C:10B5H         LINE#         1258
  C:10B5H         LINE#         1259
  C:10B8H         LINE#         1260
  C:10B8H         LINE#         1262
  C:10B8H         LINE#         1263
  C:10C1H         LINE#         1264
  C:10C6H         LINE#         1265
  C:10C8H         LINE#         1266
  C:10C8H         LINE#         1267
  C:10CAH         LINE#         1268
  C:10CAH         LINE#         1271
  C:10CAH         LINE#         1272
BL51 BANKED LINKER/LOCATER V6.22.2.0                                                  11/29/2019  12:27:59  PAGE 79


  C:10CAH         LINE#         1275
  C:10D4H         LINE#         1276
  C:10D4H         LINE#         1277
  C:10DDH         LINE#         1278
  C:10E6H         LINE#         1279
  C:10EFH         LINE#         1280
  C:1100H         LINE#         1282
  C:1100H         LINE#         1284
  C:110EH         LINE#         1285
  C:1112H         LINE#         1286
  C:1112H         LINE#         1287
  C:111BH         LINE#         1288
  C:1120H         LINE#         1289
  C:1125H         LINE#         1290
  C:112CH         LINE#         1291
  C:112CH         LINE#         1293
  C:112FH         LINE#         1294
  C:1139H         LINE#         1295
  C:1139H         LINE#         1296
  C:1140H         LINE#         1297
  C:1145H         LINE#         1298
  C:114AH         LINE#         1299
  C:114AH         LINE#         1300
  C:114DH         LINE#         1302
  C:114DH         LINE#         1303
  C:1154H         LINE#         1304
  C:115BH         LINE#         1305
  C:115BH         LINE#         1306
  C:115BH         LINE#         1308
  C:115BH         LINE#         1313
  C:115DH         LINE#         1320
  C:115DH         LINE#         1322
  C:1167H         LINE#         1323
  C:1167H         LINE#         1324
  C:116FH         LINE#         1325
  C:116FH         LINE#         1326
  C:1175H         LINE#         1327
  C:1176H         LINE#         1328
  C:117EH         LINE#         1329
  C:117EH         LINE#         1330
  C:1185H         LINE#         1331
  C:1199H         LINE#         1332
  C:1199H         LINE#         1333
  C:119BH         LINE#         1335
  C:119BH         LINE#         1336
  C:11A2H         LINE#         1337
  C:11A2H         LINE#         1338
  C:11A2H         LINE#         1339
  C:11A5H         LINE#         1341
  C:11A5H         LINE#         1342
  C:11AEH         LINE#         1343
  C:11C2H         LINE#         1345
  C:11D5H         LINE#         1346
  C:11D5H         LINE#         1348
  C:11EEH         LINE#         1349
  C:11FBH         LINE#         1350
  C:11FBH         LINE#         1351
BL51 BANKED LINKER/LOCATER V6.22.2.0                                                  11/29/2019  12:27:59  PAGE 80


  C:11FBH         LINE#         1352
  C:11FBH         LINE#         1353
  C:1203H         LINE#         1354
  C:120CH         LINE#         1355
  C:1215H         LINE#         1356
  C:121EH         LINE#         1358
  C:1220H         LINE#         1359
  C:1225H         LINE#         1360
  C:1229H         LINE#         1361
  C:1243H         LINE#         1362
  C:1249H         LINE#         1363
  C:1249H         LINE#         1364
  C:1260H         LINE#         1365
  C:1260H         LINE#         1367
  C:126DH         LINE#         1368
  C:126DH         LINE#         1369
  C:126DH         LINE#         1370
  C:126FH         LINE#         1372
  C:126FH         LINE#         1373
  C:1279H         LINE#         1374
  C:1279H         LINE#         1375
  C:1281H         LINE#         1376
  C:1281H         LINE#         1377
  C:1287H         LINE#         1378
  C:1288H         LINE#         1379
  C:1290H         LINE#         1380
  C:1290H         LINE#         1381
  C:1297H         LINE#         1382
  C:12ABH         LINE#         1383
  C:12ABH         LINE#         1384
  C:12ADH         LINE#         1386
  C:12ADH         LINE#         1387
  C:12B4H         LINE#         1388
  C:12B4H         LINE#         1389
  C:12B4H         LINE#         1390
  C:12B7H         LINE#         1392
  C:12B7H         LINE#         1393
  C:12C0H         LINE#         1394
  C:12D4H         LINE#         1395
  C:12E1H         LINE#         1396
  C:12E1H         LINE#         1397
  C:12E1H         LINE#         1398
  C:12E3H         LINE#         1400
  C:12E3H         LINE#         1402
  C:12EDH         LINE#         1403
  C:12EDH         LINE#         1404
  C:12F5H         LINE#         1405
  C:12F5H         LINE#         1406
  C:12FBH         LINE#         1407
  C:12FCH         LINE#         1408
  C:1304H         LINE#         1409
  C:1304H         LINE#         1410
  C:130BH         LINE#         1411
  C:131FH         LINE#         1412
  C:131FH         LINE#         1413
  C:1321H         LINE#         1415
  C:1321H         LINE#         1416
BL51 BANKED LINKER/LOCATER V6.22.2.0                                                  11/29/2019  12:27:59  PAGE 81


  C:1328H         LINE#         1417
  C:1328H         LINE#         1418
  C:1328H         LINE#         1419
  C:132BH         LINE#         1421
  C:132BH         LINE#         1422
  C:1334H         LINE#         1423
  C:1348H         LINE#         1427
  C:1351H         LINE#         1428
  C:1356H         LINE#         1429
  C:1358H         LINE#         1430
  C:1358H         LINE#         1431
  C:1358H         LINE#         1432
  C:135AH         LINE#         1441
  C:135AH         LINE#         1443
  C:1364H         LINE#         1444
  C:1364H         LINE#         1445
  C:136CH         LINE#         1446
  C:136CH         LINE#         1448
  C:1372H         LINE#         1450
  C:1373H         LINE#         1451
  C:137BH         LINE#         1452
  C:137BH         LINE#         1453
  C:1382H         LINE#         1454
  C:1396H         LINE#         1455
  C:1396H         LINE#         1456
  C:1398H         LINE#         1458
  C:1398H         LINE#         1459
  C:139FH         LINE#         1460
  C:139FH         LINE#         1462
  C:139FH         LINE#         1463
  C:13A2H         LINE#         1465
  C:13A2H         LINE#         1466
  C:13ABH         LINE#         1467
  C:13BFH         LINE#         1468
  C:13C5H         LINE#         1469
  C:13C5H         LINE#         1472
  C:13C6H         LINE#         1480
  C:13C6H         LINE#         1482
  C:13D0H         LINE#         1483
  C:13D0H         LINE#         1484
  C:13D8H         LINE#         1485
  C:13D8H         LINE#         1486
  C:13DEH         LINE#         1487
  C:13DFH         LINE#         1488
  C:13E7H         LINE#         1489
  C:13E7H         LINE#         1490
  C:13EEH         LINE#         1491
  C:1402H         LINE#         1492
  C:1402H         LINE#         1493
  C:1404H         LINE#         1495
  C:1404H         LINE#         1496
  C:140BH         LINE#         1497
  C:140BH         LINE#         1498
  C:140BH         LINE#         1499
  C:140EH         LINE#         1501
  C:140EH         LINE#         1502
  C:1417H         LINE#         1503
BL51 BANKED LINKER/LOCATER V6.22.2.0                                                  11/29/2019  12:27:59  PAGE 82


  C:142BH         LINE#         1505
  C:143EH         LINE#         1506
  C:143EH         LINE#         1508
  C:1457H         LINE#         1509
  C:1464H         LINE#         1510
  C:1464H         LINE#         1511
  C:1464H         LINE#         1512
  C:1464H         LINE#         1513
  C:146CH         LINE#         1514
  C:1487H         LINE#         1515
  C:148DH         LINE#         1516
  C:148DH         LINE#         1517
  C:148EH         LINE#         1523
  C:148EH         LINE#         1524
  C:1493H         LINE#         1525
  C:1493H         LINE#         1526
  C:1495H         LINE#         1529
  C:1495H         LINE#         1530
  C:149FH         LINE#         1531
  C:149FH         LINE#         1532
  C:14A4H         LINE#         1533
  C:14A4H         LINE#         1534
  C:14AAH         LINE#         1535
  C:14ABH         LINE#         1536
  C:14ABH         LINE#         1537
  C:14ADH         LINE#         1539
  C:14ADH         LINE#         1540
  C:14B3H         LINE#         1541
  C:14B3H         LINE#         1543
  C:14B4H         LINE#         1545
  C:14B4H         LINE#         1546
  C:14B9H         LINE#         1547
  C:14BFH         LINE#         1549
  C:14BFH         LINE#         1550
  C:14C9H         LINE#         1551
  C:14C9H         LINE#         1552
  C:14CEH         LINE#         1553
  C:14CEH         LINE#         1554
  C:14D4H         LINE#         1555
  C:14D5H         LINE#         1556
  C:14D5H         LINE#         1557
  C:14D7H         LINE#         1559
  C:14D7H         LINE#         1560
  C:14D7H         LINE#         1561
  C:14D7H         LINE#         1563
  C:14D9H         LINE#         1569
  C:14D9H         LINE#         1570
  C:14DEH         LINE#         1571
  C:14DEH         LINE#         1573
  C:14DEH         LINE#         1574
  -------         ENDPROC       SECUENCIAEXPEDIDOR
  -------         ENDMOD        VERIFICADOR

  -------         MODULE        ?C?FPADD
  C:002DH         PUBLIC        ?C?FPADD
  C:0029H         PUBLIC        ?C?FPSUB
  -------         ENDMOD        ?C?FPADD
BL51 BANKED LINKER/LOCATER V6.22.2.0                                                  11/29/2019  12:27:59  PAGE 83



  -------         MODULE        ?C?FPMUL
  C:011EH         PUBLIC        ?C?FPMUL
  -------         ENDMOD        ?C?FPMUL

  -------         MODULE        ?C?FCAST
  C:022EH         PUBLIC        ?C?FCASTC
  C:0229H         PUBLIC        ?C?FCASTI
  C:0224H         PUBLIC        ?C?FCASTL
  -------         ENDMOD        ?C?FCAST

  -------         MODULE        ?C?CASTF
  C:0262H         PUBLIC        ?C?CASTF
  -------         ENDMOD        ?C?CASTF

  -------         MODULE        PRINTF
  X:0152H         PUBLIC        ?_PRINTF?BYTE
  X:0152H         PUBLIC        ?_SPRINTF?BYTE
  C:2609H         PUBLIC        _PRINTF
  C:2603H         PUBLIC        _SPRINTF
  -------         ENDMOD        PRINTF

  -------         MODULE        POW
  X:0104H         PUBLIC        ?_pow?BYTE
  C:3CA2H         PUBLIC        _pow
  -------         ENDMOD        POW

  -------         MODULE        ?C?CHKFLOAT
  C:02E3H         PUBLIC        ?C?CHKFLOAT
  -------         ENDMOD        ?C?CHKFLOAT

  -------         MODULE        ?C?FPCMP
  C:02FFH         PUBLIC        ?C?FPCMP
  C:02FDH         PUBLIC        ?C?FPCMP3
  -------         ENDMOD        ?C?FPCMP

  -------         MODULE        ?C?FPNEG
  C:0376H         PUBLIC        ?C?FPNEG
  -------         ENDMOD        ?C?FPNEG

  -------         MODULE        ?C?FPROUND
  C:0387H         PUBLIC        ?C?FPROUND
  -------         ENDMOD        ?C?FPROUND

  -------         MODULE        ?C?FPCONVERT
  C:03C4H         PUBLIC        ?C?FPCONVERT
  -------         ENDMOD        ?C?FPCONVERT

  -------         MODULE        EXP
  C:562CH         PUBLIC        _EXP
  -------         ENDMOD        EXP

  -------         MODULE        LOG
  C:4201H         PUBLIC        _LOG
  C:41FDH         PUBLIC        _LOG10
  -------         ENDMOD        LOG

BL51 BANKED LINKER/LOCATER V6.22.2.0                                                  11/29/2019  12:27:59  PAGE 84


  -------         MODULE        ?C?FPDIV
  C:04CCH         PUBLIC        ?C?FPDIV
  -------         ENDMOD        ?C?FPDIV

  -------         MODULE        ?C?FTNPWR
  C:0599H         PUBLIC        ?C?FTNPWR
  -------         ENDMOD        ?C?FTNPWR

  -------         MODULE        ?C?COPY
  C:06F6H         PUBLIC        ?C?COPY
  -------         ENDMOD        ?C?COPY

  -------         MODULE        ?C?CLDPTR
  C:071CH         PUBLIC        ?C?CLDPTR
  -------         ENDMOD        ?C?CLDPTR

  -------         MODULE        ?C?CLDOPTR
  C:0735H         PUBLIC        ?C?CLDOPTR
  -------         ENDMOD        ?C?CLDOPTR

  -------         MODULE        ?C?CSTPTR
  C:0762H         PUBLIC        ?C?CSTPTR
  -------         ENDMOD        ?C?CSTPTR

  -------         MODULE        ?C?CSTOPTR
  C:0774H         PUBLIC        ?C?CSTOPTR
  -------         ENDMOD        ?C?CSTOPTR

  -------         MODULE        ?C?UIDIV
  C:0796H         PUBLIC        ?C?UIDIV
  -------         ENDMOD        ?C?UIDIV

  -------         MODULE        ?C?IILDX
  C:07EBH         PUBLIC        ?C?IILDX
  -------         ENDMOD        ?C?IILDX

  -------         MODULE        ?C?LNEG
  C:0801H         PUBLIC        ?C?LNEG
  -------         ENDMOD        ?C?LNEG

  -------         MODULE        ?C?LLDCODE
  C:080FH         PUBLIC        ?C?LLDCODE
  -------         ENDMOD        ?C?LLDCODE

  -------         MODULE        ?C?LLDXDATA0
  C:081FH         PUBLIC        ?C?LLDXDATA0
  -------         ENDMOD        ?C?LLDXDATA0

  -------         MODULE        ?C?LLDCODE0
  C:082BH         PUBLIC        ?C?LLDCODE0
  -------         ENDMOD        ?C?LLDCODE0

  -------         MODULE        ?C?LSTXDATA
  C:083BH         PUBLIC        ?C?LSTXDATA
  -------         ENDMOD        ?C?LSTXDATA

  -------         MODULE        ?C?LSTKXDATA
BL51 BANKED LINKER/LOCATER V6.22.2.0                                                  11/29/2019  12:27:59  PAGE 85


  C:0847H         PUBLIC        ?C?LSTKXDATA
  -------         ENDMOD        ?C?LSTKXDATA

  -------         MODULE        ?C?PLDIXDATA
  C:0878H         PUBLIC        ?C?PLDIXDATA
  -------         ENDMOD        ?C?PLDIXDATA

  -------         MODULE        ?C?PSTXDATA
  C:088FH         PUBLIC        ?C?PSTXDATA
  -------         ENDMOD        ?C?PSTXDATA

  -------         MODULE        ?C?CCASE
  C:0898H         PUBLIC        ?C?CCASE
  -------         ENDMOD        ?C?CCASE

  -------         MODULE        STRCAT
  X:0142H         PUBLIC        ?_strcat?BYTE
  C:6171H         PUBLIC        _strcat
  -------         ENDMOD        STRCAT

  -------         MODULE        ?C?STRCMP
  C:0A3CH         PUBLIC        ?C?STRCMP
  -------         ENDMOD        ?C?STRCMP

  -------         MODULE        ?C?STRCPY
  C:0B25H         PUBLIC        ?C?STRCPY
  -------         ENDMOD        ?C?STRCPY

  -------         MODULE        STRLEN
  C:000EH         PUBLIC        _STRLEN
  -------         ENDMOD        STRLEN

  -------         MODULE        STRTOK
  X:014DH         PUBLIC        ?_strtok?BYTE
  C:4B07H         PUBLIC        _strtok
  -------         ENDMOD        STRTOK

  -------         MODULE        ATOI
  C:4BEBH         PUBLIC        _atoi
  -------         ENDMOD        ATOI

  -------         MODULE        ?C?IMUL
  C:0B42H         PUBLIC        ?C?IMUL
  -------         ENDMOD        ?C?IMUL

  -------         MODULE        ?C?ILDIX
  C:0B54H         PUBLIC        ?C?ILDIX
  -------         ENDMOD        ?C?ILDIX

  -------         MODULE        ISDIGIT
  C:6A97H         PUBLIC        _isdigit
  -------         ENDMOD        ISDIGIT

  -------         MODULE        ISSPACE
  C:69F7H         PUBLIC        _isspace
  -------         ENDMOD        ISSPACE

BL51 BANKED LINKER/LOCATER V6.22.2.0                                                  11/29/2019  12:27:59  PAGE 86


  -------         MODULE        STRSPN
  X:0153H         PUBLIC        ?_strspn?BYTE
  C:5C29H         PUBLIC        _strspn
  -------         ENDMOD        STRSPN

  -------         MODULE        STRPBRK
  X:0153H         PUBLIC        ?_strpbrk?BYTE
  C:5D30H         PUBLIC        _strpbrk
  -------         ENDMOD        STRPBRK

Program Size: data=119.4 xdata=594 code=27419
LINK/LOCATE RUN COMPLETE.  0 WARNING(S),  0 ERROR(S)
