BL51 BANKED LINKER/LOCATER V6.22.2.0                                                    07/27/2021  14:31:11  PAGE 1


BL51 BANKED LINKER/LOCATER V6.22.2.0, INVOKED BY:
C:\KEIL_V5\C51\BIN\BL51.EXE .\Objects\main.obj, .\Objects\Accescan.obj, .\Objects\Clock.obj, .\Objects\delay.obj, .\Obje
>> cts\eeprom.obj, .\Objects\io_sensores.obj, .\Objects\pantallas.obj, .\Objects\prog.obj, .\Objects\pto_paralelo.obj, .
>> \Objects\tibbo.obj, .\Objects\uart.obj, .\Objects\verificador.obj, .\Objects\lintech.obj TO .\Objects\verificador_v_0
>> 1_raspberry PRINT (.\Listings\verificador_v_01_raspberry.m51) RAMSIZE (256)


MEMORY MODEL: LARGE WITH FLOATING POINT ARITHMETIC


INPUT MODULES INCLUDED:
  .\Objects\main.obj (MAIN)
  .\Objects\Accescan.obj (ACCESCAN)
  .\Objects\Clock.obj (CLOCK)
  .\Objects\delay.obj (DELAY)
  .\Objects\eeprom.obj (EEPROM)
  .\Objects\io_sensores.obj (IO_SENSORES)
  .\Objects\pantallas.obj (PANTALLAS)
  .\Objects\prog.obj (PROG)
  .\Objects\pto_paralelo.obj (PTO_PARALELO)
  .\Objects\tibbo.obj (TIBBO)
  .\Objects\uart.obj (UART)
  .\Objects\verificador.obj (VERIFICADOR)
  .\Objects\lintech.obj (LINTECH)
  C:\KEIL_V5\C51\LIB\C51FPL.LIB (?C?FPADD)
  C:\KEIL_V5\C51\LIB\C51FPL.LIB (?C?FPMUL)
  C:\KEIL_V5\C51\LIB\C51FPL.LIB (?C?FCAST)
  C:\KEIL_V5\C51\LIB\C51FPL.LIB (?C?CASTF)
  C:\KEIL_V5\C51\LIB\C51FPL.LIB (PRINTF)
  C:\KEIL_V5\C51\LIB\C51FPL.LIB (POW)
  C:\KEIL_V5\C51\LIB\C51FPL.LIB (?C?FPGETOPN)
  C:\KEIL_V5\C51\LIB\C51FPL.LIB (?C?CHKFLOAT)
  C:\KEIL_V5\C51\LIB\C51FPL.LIB (?C?FPCMP)
  C:\KEIL_V5\C51\LIB\C51FPL.LIB (?C?FPNEG)
  C:\KEIL_V5\C51\LIB\C51FPL.LIB (?C?FPROUND)
  C:\KEIL_V5\C51\LIB\C51FPL.LIB (?C?FPCONVERT)
  C:\KEIL_V5\C51\LIB\C51FPL.LIB (EXP)
  C:\KEIL_V5\C51\LIB\C51FPL.LIB (LOG)
  C:\KEIL_V5\C51\LIB\C51FPL.LIB (?C?FPDIV)
  C:\KEIL_V5\C51\LIB\C51FPL.LIB (?C?FTNPWR)
  C:\KEIL_V5\C51\LIB\C51FPL.LIB (?C?FPSERIES)
  C:\KEIL_V5\C51\LIB\C51L.LIB (?C_STARTUP)
  C:\KEIL_V5\C51\LIB\C51L.LIB (?C?COPY)
  C:\KEIL_V5\C51\LIB\C51L.LIB (?C?CLDPTR)
  C:\KEIL_V5\C51\LIB\C51L.LIB (?C?CLDOPTR)
  C:\KEIL_V5\C51\LIB\C51L.LIB (?C?CSTPTR)
  C:\KEIL_V5\C51\LIB\C51L.LIB (?C?CSTOPTR)
  C:\KEIL_V5\C51\LIB\C51L.LIB (?C?UIDIV)
  C:\KEIL_V5\C51\LIB\C51L.LIB (?C?IILDX)
  C:\KEIL_V5\C51\LIB\C51L.LIB (?C?LNEG)
  C:\KEIL_V5\C51\LIB\C51L.LIB (?C?LLDCODE)
  C:\KEIL_V5\C51\LIB\C51L.LIB (?C?LLDXDATA0)
  C:\KEIL_V5\C51\LIB\C51L.LIB (?C?LLDCODE0)
  C:\KEIL_V5\C51\LIB\C51L.LIB (?C?LSTXDATA)
  C:\KEIL_V5\C51\LIB\C51L.LIB (?C?LSTKXDATA)
  C:\KEIL_V5\C51\LIB\C51L.LIB (?C?PLDIXDATA)
  C:\KEIL_V5\C51\LIB\C51L.LIB (?C?PSTXDATA)
  C:\KEIL_V5\C51\LIB\C51L.LIB (?C?CCASE)
BL51 BANKED LINKER/LOCATER V6.22.2.0                                                  07/27/2021  14:31:11  PAGE 2


  C:\KEIL_V5\C51\LIB\C51L.LIB (STRCAT)
  C:\KEIL_V5\C51\LIB\C51L.LIB (?C?STRCMP)
  C:\KEIL_V5\C51\LIB\C51L.LIB (?C?STRCPY)
  C:\KEIL_V5\C51\LIB\C51L.LIB (STRLEN)
  C:\KEIL_V5\C51\LIB\C51L.LIB (STRTOK)
  C:\KEIL_V5\C51\LIB\C51L.LIB (ATOI)
  C:\KEIL_V5\C51\LIB\C51L.LIB (?C_INIT)
  C:\KEIL_V5\C51\LIB\C51L.LIB (?C?IMUL)
  C:\KEIL_V5\C51\LIB\C51L.LIB (?C?ILDIX)
  C:\KEIL_V5\C51\LIB\C51L.LIB (ISDIGIT)
  C:\KEIL_V5\C51\LIB\C51L.LIB (ISSPACE)
  C:\KEIL_V5\C51\LIB\C51L.LIB (STRSPN)
  C:\KEIL_V5\C51\LIB\C51L.LIB (STRPBRK)


LINK MAP OF MODULE:  .\Objects\verificador_v_01_raspberry (MAIN)


            TYPE    BASE      LENGTH    RELOCATION   SEGMENT NAME
            -----------------------------------------------------

            * * * * * * *   D A T A   M E M O R Y   * * * * * * *
            REG     0000H     0008H     ABSOLUTE     "REG BANK 0"
            DATA    0008H     0005H     UNIT         _DATA_GROUP_
            DATA    000DH     0004H     UNIT         ?DT?UART
                    0011H     000FH                  *** GAP ***
            BIT     0020H.0   0001H.1   UNIT         _BIT_GROUP_
            BIT     0021H.1   0000H.2   UNIT         ?BI?MAIN
            BIT     0021H.3   0000H.2   UNIT         ?BI?UART
            BIT     0021H.5   0000H.1   UNIT         ?BI?EEPROM
                    0021H.6   0000H.2                *** GAP ***
            IDATA   0022H     0064H     UNIT         ?ID?MAIN
            IDATA   0086H     0001H     UNIT         ?STACK

            * * * * * * *  X D A T A   M E M O R Y  * * * * * * *
            XDATA   0000H     00A1H     UNIT         _XDATA_GROUP_
            XDATA   00A1H     0070H     UNIT         ?XD?MAIN
            XDATA   0111H     0042H     UNIT         ?XD?PROG
            XDATA   0153H     0037H     UNIT         ?XD?VERIFICADOR
            XDATA   018AH     001EH     UNIT         ?XD?PTO_PARALELO
            XDATA   01A8H     0003H     UNIT         ?XD?EEPROM
            XDATA   01ABH     0003H     UNIT         ?XD?UART
            XDATA   01AEH     0003H     UNIT         ?XD?STRTOK
            XDATA   01B1H     0002H     UNIT         ?XD?ACCESCAN
            XDATA   01B3H     0001H     UNIT         ?XD?CLOCK
            XDATA   01B4H     0001H     UNIT         ?XD?IO_SENSORES
            XDATA   01B5H     0001H     UNIT         ?XD?PANTALLAS

            * * * * * * *   C O D E   M E M O R Y   * * * * * * *
            CODE    0000H     0003H     ABSOLUTE     
            CODE    0003H     0008H     UNIT         ?PR?P_CK?CLOCK
            CODE    000BH     0003H     ABSOLUTE     
            CODE    000EH     0015H     UNIT         ?PR?_STRLEN?STRLEN
            CODE    0023H     0003H     ABSOLUTE     
            CODE    0026H     0BC5H     UNIT         ?PR?SECUENCIAEXPEDIDOR?VERIFICADOR
            CODE    0BEBH     0B44H     UNIT         ?C?LIB_CODE
            CODE    172FH     07C4H     UNIT         ?CO?PROG
BL51 BANKED LINKER/LOCATER V6.22.2.0                                                  07/27/2021  14:31:11  PAGE 3


            CODE    1EF3H     0537H     UNIT         ?PR?_ANALIZA_TIEMPO?CLOCK
            CODE    242AH     04ACH     UNIT         ?PR?_PANTALLALCD?PANTALLAS
            CODE    28D6H     048BH     UNIT         ?CO?VERIFICADOR
            CODE    2D61H     0483H     UNIT         ?PR?PRINTF?PRINTF
            CODE    31E4H     043CH     UNIT         ?CO?PANTALLAS
            CODE    3620H     0419H     UNIT         ?PR?_VALIDA_TRAMA_PTO?ACCESCAN
            CODE    3A39H     02D0H     UNIT         ?PR?_TWO_BYTEHEX_DECIMAL?CLOCK
            CODE    3D09H     02CDH     UNIT         ?PR?_TRAMA_PTO_PARALELO_NEW?PTO_PARALELO
            CODE    3FD6H     0292H     UNIT         ?PR?_CMD_LPR_SALIDA?ACCESCAN
            CODE    4268H     01D9H     UNIT         ?PR?_BLOCK_READ_CLOCK_ASCII?CLOCK
            CODE    4441H     01CFH     UNIT         ?PR?_BLOCK_READ_CLOCK_ASCII_RASBERRY?CLOCK
            CODE    4610H     01C1H     UNIT         ?PR?_HASH_ID?PROG
            CODE    47D1H     01B9H     UNIT         ?PR?MENU?PROG
            CODE    498AH     01B3H     UNIT         ?PR?COM_ISR?UART
            CODE    4B3DH     0179H     UNIT         ?PR?_CHECK_FECHAOUT?CLOCK
            CODE    4CB6H     0166H     UNIT         ?PR?_POW?POW
            CODE    4E1CH     0165H     UNIT         ?CO?LINTECH
            CODE    4F81H     0162H     UNIT         ?PR?_PANTALLALCD_LINEA_2?PANTALLAS
            CODE    50E3H     0149H     UNIT         ?PR?_WR_MF?LINTECH
            CODE    522CH     0140H     UNIT         ?PR?SECUENCIA_INICIO_EXPEDIDOR?VERIFICADOR
            CODE    536CH     013EH     UNIT         ?PR?PROG_SIN_COBRO?PROG
            CODE    54AAH     0129H     UNIT         ?PR?LOG?LOG
            CODE    55D3H     0115H     UNIT         ?PR?_VALIDAR_CLK?CLOCK
            CODE    56E8H     0110H     UNIT         ?PR?LOAD_AND_SEND_ID_COD?PTO_PARALELO
            CODE    57F8H     00FFH     UNIT         ?PR?_TRAMA_PTO_PARALELO_P?PTO_PARALELO
            CODE    58F7H     00FCH     UNIT         ?PR?PROG_DEBUG?PROG
            CODE    59F3H     00FCH     UNIT         ?PR?PROG_USE_LPR?PROG
            CODE    5AEFH     00FCH     UNIT         ?PR?PROG_COMPARACION_ACTIVA?PROG
            CODE    5BEBH     00FCH     UNIT         ?PR?TIPO_PANTALLA?PROG
            CODE    5CE7H     00FCH     UNIT         ?PR?DCTO_CAJA?PROG
            CODE    5DE3H     00EAH     UNIT         ?PR?_MOV_CARD?LINTECH
            CODE    5ECDH     00E4H     UNIT         ?PR?_STRTOK?STRTOK
            CODE    5FB1H     00DBH     UNIT         ?PR?_ATOI?ATOI
            CODE    608CH     00D6H     UNIT         ?PR?_CMD_LPR_SALIDA_WIEGAND?ACCESCAN
            CODE    6162H     00C5H     UNIT         ?PR?_BLOCK_READ_CLOCK?CLOCK
            CODE    6227H     00C3H     UNIT         ?PR?_RD_MF?LINTECH
            CODE    62EAH     00BDH     UNIT         ?PR?PROG_COD_PARK?PROG
            CODE    63A7H     00BDH     UNIT         ?PR?PROG_TIEMPO_GRACIA?PROG
            CODE    6464H     00B6H     UNIT         ?PR?PROG_ID_CLIENTE?PROG
            CODE    651AH     00B4H     UNIT         ?PR?_SEND_PORT?PTO_PARALELO
            CODE    65CEH     00AFH     UNIT         ?PR?ERROR_RX_PTO?VERIFICADOR
            CODE    667DH     00A9H     UNIT         ?PR?DWLOAD_EEPROM?LINTECH
            CODE    6726H     00A7H     UNIT         ?PR?_BLOCK_READ_CLOCK_HEX?CLOCK
            CODE    67CDH     00A7H     UNIT         ?CO?TIBBO
            CODE    6874H     00A6H     UNIT         ?PR?_DEBUG_FECHA_ACTUAL?TIBBO
            CODE    691AH     00A0H     UNIT         ?CO?IO_SENSORES
            CODE    69BAH     009DH     UNIT         ?PR?_INICIALIZA?LINTECH
            CODE    6A57H     009CH     UNIT         ?PR?_RECIBE_PORT?PTO_PARALELO
            CODE    6AF3H     009BH     UNIT         ?C_INITSEG
            CODE    6B8EH     009AH     UNIT         ?PR?EXP?EXP
            CODE    6C28H     0095H     UNIT         ?PR?_RECIBE_CMD_MONITOR?ACCESCAN
            CODE    6CBDH     0091H     UNIT         ?PR?_CARD_INSERCION?LINTECH
            CODE    6D4EH     0091H     UNIT         ?PR?LOADVERIFY_EEPROM?LINTECH
            CODE    6DDFH     0090H     UNIT         ?PR?_GETOPTION?PROG
            CODE    6E6FH     008FH     UNIT         ?PR?_LEE_CLK?CLOCK
            CODE    6EFEH     008FH     UNIT         ?PR?_BLOCK_WRITE_CLOCK_ASCII?CLOCK
            CODE    6F8DH     008CH     UNIT         ?C_C51STARTUP
BL51 BANKED LINKER/LOCATER V6.22.2.0                                                  07/27/2021  14:31:11  PAGE 4


            CODE    7019H     0088H     UNIT         ?PR?_SEND_PORTERR?PTO_PARALELO
            CODE    70A1H     0088H     UNIT         ?PR?RX_DATA?TIBBO
            CODE    7129H     0085H     UNIT         ?PR?MAIN?MAIN
            CODE    71AEH     0084H     UNIT         ?PR?_STRSPN?STRSPN
            CODE    7232H     0081H     UNIT         ?PR?_STRPBRK?STRPBRK
            CODE    72B3H     0080H     UNIT         ?PR?MSJ_LCD_INFORMATIVO?IO_SENSORES
            CODE    7333H     0080H     UNIT         ?PR?_INGRESADATO?PROG
            CODE    73B3H     0080H     UNIT         ?PR?AUT_CARD_CHECK_STATUS?LINTECH
            CODE    7433H     007DH     UNIT         ?PR?RELOJ_PANTALLA_LCD?PANTALLAS
            CODE    74B0H     007CH     UNIT         ?PR?_CHECK_STATUS?LINTECH
            CODE    752CH     0076H     UNIT         ?PR?_DEBUGBUFFERMF?TIBBO
            CODE    75A2H     0073H     UNIT         ?PR?VALIDASENSORESPASO?IO_SENSORES
            CODE    7615H     006BH     UNIT         ?PR?_STRCAT?STRCAT
            CODE    7680H     0063H     UNIT         ?PR?SHOW?PROG
            CODE    76E3H     0062H     UNIT         ?PR?_LISTACOMANDOS?PROG
            CODE    7745H     005BH     UNIT         ?PR?_RASPBERRY_DATA?PANTALLAS
            CODE    77A0H     0056H     UNIT         ?PR?VARIABLE_INICIO?EEPROM
            CODE    77F6H     0053H     UNIT         ?PR?_BYTEHEX_DECIMAL?CLOCK
            CODE    7849H     004DH     UNIT         ?PR?L_D_M?EEPROM
            CODE    7896H     004BH     UNIT         ?PR?_TX_AUX?TIBBO
            CODE    78E1H     0048H     UNIT         ?PR?_DEBUG_PTO_PARALELO?TIBBO
            CODE    7929H     0047H     UNIT         ?PR?_DEBUG_CHR_TIBBO?TIBBO
            CODE    7970H     0046H     UNIT         ?PR?_ESCRIBIRCADENASOFT_BUFFER?MAIN
            CODE    79B6H     0046H     UNIT         ?PR?_LCD_TXT_NUM_CHAR?PANTALLAS
            CODE    79FCH     0046H     UNIT         ?PR?_DEBUG_HEXDEC?TIBBO
            CODE    7A42H     0045H     UNIT         ?PR?_VALIDARCLAVE?PROG
            CODE    7A87H     0044H     UNIT         ?PR?_LCD_TXT?PANTALLAS
            CODE    7ACBH     0044H     UNIT         ?PR?_DEBUG_TXT_TIBBO?TIBBO
            CODE    7B0FH     0041H     UNIT         ?PR?_MONITOR_CHR?ACCESCAN
            CODE    7B50H     0041H     UNIT         ?PR?_TWO_ONE?CLOCK
            CODE    7B91H     0040H     UNIT         ?PR?_GETCMD?PROG
            CODE    7BD1H     003FH     UNIT         ?PR?_EB_CLK?CLOCK
            CODE    7C10H     003FH     UNIT         ?PR?_WR_EEPROM?EEPROM
            CODE    7C4FH     003EH     UNIT         ?PR?_PUTCHAR?MAIN
            CODE    7C8DH     003DH     UNIT         ?PR?_RD_EEPROM?EEPROM
            CODE    7CCAH     003BH     UNIT         ?CO?ACCESCAN
            CODE    7D05H     003BH     UNIT         ?PR?_COM_PUTCHAR?UART
            CODE    7D40H     003AH     UNIT         ?PR?_DELAY_10MS?DELAY
            CODE    7D7AH     0037H     UNIT         ?PR?TIMER0_INT?MAIN
            CODE    7DB1H     0036H     UNIT         ?PR?FORMATO_EEPROM?EEPROM
            CODE    7DE7H     002CH     UNIT         ?PR?LOAD_AND_SEND_INFO_RELOJ?PTO_PARALELO
            CODE    7E13H     002AH     UNIT         ?PR?COM_INITIALIZE?UART
            CODE    7E3DH     0028H     UNIT         ?PR?_WR_CLK?CLOCK
            CODE    7E65H     0028H     UNIT         ?PR?COM_BAUDRATE?UART
            CODE    7E8DH     0027H     UNIT         ?PR?_TX_CHRLCD?PANTALLAS
            CODE    7EB4H     0026H     UNIT         ?PR?COM_GETCHAR?UART
            CODE    7EDAH     0024H     UNIT         ?PR?TRAMA_VALIDACION_P_N?VERIFICADOR
            CODE    7EFEH     0022H     UNIT         ?PR?_E_D_M?EEPROM
            CODE    7F20H     0021H     UNIT         ?PR?_HEX_BCD?CLOCK
            CODE    7F41H     0020H     UNIT         ?PR?ACKD?EEPROM
            CODE    7F61H     0020H     UNIT         ?PR?ACK_LECT?EEPROM
            CODE    7F81H     001FH     UNIT         ?PR?VALIDASENSOR?IO_SENSORES
            CODE    7FA0H     001FH     UNIT         ?PR?VALIDASENSORES_OUT?IO_SENSORES
            CODE    7FBFH     001FH     UNIT         ?PR?TIME_BIT?TIBBO
            CODE    7FDEH     001EH     UNIT         ?PR?_BCD_HEX?CLOCK
            CODE    7FFCH     001DH     UNIT         ?CO?PTO_PARALELO
            CODE    8019H     001BH     UNIT         ?PR?_DELAY_1MS?DELAY
BL51 BANKED LINKER/LOCATER V6.22.2.0                                                  07/27/2021  14:31:11  PAGE 5


            CODE    8034H     0017H     UNIT         ?PR?DISPLAYCURSOR?PROG
            CODE    804BH     0017H     UNIT         ?PR?TIME_MBIT?TIBBO
            CODE    8062H     0014H     UNIT         ?PR?_ISSPACE?ISSPACE
            CODE    8076H     0012H     UNIT         ?PR?_DELAY_20US?DELAY
            CODE    8088H     0012H     UNIT         ?PR?START?EEPROM
            CODE    809AH     0012H     UNIT         ?PR?DIR_BOARD?IO_SENSORES
            CODE    80ACH     0012H     UNIT         ?PR?PULSO_BUS?PTO_PARALELO
            CODE    80BEH     0012H     UNIT         ?PR?COM_RBUFLEN?UART
            CODE    80D0H     0012H     UNIT         ?PR?COM_TBUFLEN?UART
            CODE    80E2H     0010H     UNIT         ?PR?INI_TIMER?MAIN
            CODE    80F2H     0010H     UNIT         ?PR?INICIA_BOARD?MAIN
            CODE    8102H     000FH     UNIT         ?PR?_ISDIGIT?ISDIGIT
            CODE    8111H     000CH     UNIT         ?PR?_GETKEY?MAIN
            CODE    811DH     000AH     UNIT         ?PR?COND_INI_PTO?PTO_PARALELO
            CODE    8127H     0009H     UNIT         ?PR?STOP?EEPROM
            CODE    8130H     0009H     UNIT         ?PR?DEBUG_DIVIDIR_TEXTO?TIBBO
            CODE    8139H     0007H     UNIT         ?PR?COND_INI_CLOCK?CLOCK
            CODE    8140H     0007H     UNIT         ?PR?SEL_FUNCION?IO_SENSORES
            CODE    8147H     0007H     UNIT         ?PR?SEL_AUTO?IO_SENSORES
            CODE    814EH     0007H     UNIT         ?PR?SEL_SENSOR2?IO_SENSORES
            CODE    8155H     0007H     UNIT         ?PR?SEL_SENSOR1?IO_SENSORES
            CODE    815CH     0007H     UNIT         ?PR?SEL_DIR1?IO_SENSORES
            CODE    8163H     0007H     UNIT         ?PR?SEL_DIR2?IO_SENSORES
            CODE    816AH     0006H     UNIT         ?PR?P_ME?EEPROM
            CODE    8170H     0005H     UNIT         ?PR?ON_TIMER0_INTERRUP?MAIN
            CODE    8175H     0005H     UNIT         ?PR?COND_INI_TIBBO?TIBBO
            CODE    817AH     0003H     UNIT         ?PR?OFF_TIMER0_INTERRUP?MAIN
            CODE    817DH     0001H     UNIT         ?PR?DELAY?DELAY



OVERLAY MAP OF MODULE:   .\Objects\verificador_v_01_raspberry (MAIN)


SEGMENT                                             BIT_GROUP          DATA_GROUP          XDATA_GROUP
  +--> CALLED SEGMENT                            START    LENGTH     START    LENGTH     START    LENGTH
--------------------------------------------------------------------------------------------------------
?C_C51STARTUP                                    -----    -----      -----    -----      -----    -----
  +--> ?PR?MAIN?MAIN
  +--> ?C_INITSEG

?PR?MAIN?MAIN                                    -----    -----      -----    -----      0000H    0001H
  +--> ?PR?INI_TIMER?MAIN
  +--> ?PR?ON_TIMER0_INTERRUP?MAIN
  +--> ?PR?COM_INITIALIZE?UART
  +--> ?PR?COM_BAUDRATE?UART
  +--> ?PR?INICIA_BOARD?MAIN
  +--> ?PR?TIME_BIT?TIBBO
  +--> ?PR?_DELAY_20US?DELAY
  +--> ?PR?TIME_MBIT?TIBBO
  +--> ?PR?_TX_AUX?TIBBO
  +--> ?PR?SEL_FUNCION?IO_SENSORES
  +--> ?PR?MENU?PROG
  +--> ?PR?VARIABLE_INICIO?EEPROM
  +--> ?PR?SECUENCIA_INICIO_EXPEDIDOR?VERIFI...
  +--> ?PR?_RECIBE_CMD_MONITOR?ACCESCAN
  +--> ?PR?SECUENCIAEXPEDIDOR?VERIFICADOR
BL51 BANKED LINKER/LOCATER V6.22.2.0                                                  07/27/2021  14:31:11  PAGE 6


  +--> ?PR?_RECIBE_PORT?PTO_PARALELO
  +--> ?PR?_VALIDA_TRAMA_PTO?ACCESCAN
  +--> ?PR?_DEBUG_PTO_PARALELO?TIBBO
  +--> ?PR?MSJ_LCD_INFORMATIVO?IO_SENSORES

?PR?COM_INITIALIZE?UART                          -----    -----      -----    -----      -----    -----
  +--> ?PR?COM_BAUDRATE?UART

?PR?INICIA_BOARD?MAIN                            -----    -----      -----    -----      -----    -----
  +--> ?PR?COND_INI_TIBBO?TIBBO
  +--> ?PR?COND_INI_CLOCK?CLOCK
  +--> ?PR?COND_INI_PTO?PTO_PARALELO

?PR?_TX_AUX?TIBBO                                -----    -----      -----    -----      -----    -----
  +--> ?PR?TIME_BIT?TIBBO

?PR?MENU?PROG                                    -----    -----      -----    -----      0001H    005CH
  +--> ?CO?PROG
  +--> ?PR?PRINTF?PRINTF
  +--> ?PR?_INGRESADATO?PROG
  +--> ?PR?_GETCMD?PROG
  +--> ?PR?_HASH_ID?PROG
  +--> ?PR?_VALIDARCLAVE?PROG
  +--> ?PR?DISPLAYCURSOR?PROG
  +--> ?PR?_STRLEN?STRLEN
  +--> ?PR?_GETOPTION?PROG
  +--> ?PR?_STRCAT?STRCAT
  +--> ?PR?_LISTACOMANDOS?PROG
  +--> ?PR?PROG_ID_CLIENTE?PROG
  +--> ?PR?PROG_COD_PARK?PROG
  +--> ?PR?PROG_TIEMPO_GRACIA?PROG
  +--> ?PR?PROG_SIN_COBRO?PROG
  +--> ?PR?PROG_DEBUG?PROG
  +--> ?PR?PROG_USE_LPR?PROG
  +--> ?PR?PROG_COMPARACION_ACTIVA?PROG
  +--> ?PR?TIPO_PANTALLA?PROG
  +--> ?PR?DCTO_CAJA?PROG
  +--> ?PR?SHOW?PROG

?PR?PRINTF?PRINTF                                0020H.0  0001H.1    0008H    0005H      006DH    0030H
  +--> ?PR?_PUTCHAR?MAIN

?PR?_PUTCHAR?MAIN                                -----    -----      -----    -----      009DH    0003H
  +--> ?PR?_COM_PUTCHAR?UART

?PR?_COM_PUTCHAR?UART                            -----    -----      -----    -----      00A0H    0001H
  +--> ?PR?COM_TBUFLEN?UART

?PR?_INGRESADATO?PROG                            -----    -----      -----    -----      0069H    0004H
  +--> ?PR?_GETKEY?MAIN
  +--> ?CO?PROG
  +--> ?PR?PRINTF?PRINTF
  +--> ?PR?_PUTCHAR?MAIN

?PR?_GETKEY?MAIN                                 -----    -----      -----    -----      -----    -----
  +--> ?PR?COM_GETCHAR?UART

BL51 BANKED LINKER/LOCATER V6.22.2.0                                                  07/27/2021  14:31:11  PAGE 7


?PR?COM_GETCHAR?UART                             -----    -----      -----    -----      -----    -----
  +--> ?PR?COM_RBUFLEN?UART

?PR?_GETCMD?PROG                                 -----    -----      -----    -----      005DH    0007H
  +--> ?CO?PROG
  +--> ?PR?_STRTOK?STRTOK

?PR?_STRTOK?STRTOK                               -----    -----      -----    -----      0068H    0006H
  +--> ?PR?_STRSPN?STRSPN
  +--> ?PR?_STRPBRK?STRPBRK

?PR?_STRSPN?STRSPN                               -----    -----      -----    -----      006EH    0008H

?PR?_STRPBRK?STRPBRK                             -----    -----      -----    -----      006EH    0009H

?PR?_HASH_ID?PROG                                -----    -----      -----    -----      005DH    0036H
  +--> ?CO?PROG
  +--> ?PR?_STRLEN?STRLEN

?PR?_VALIDARCLAVE?PROG                           -----    -----      -----    -----      005DH    000AH

?PR?DISPLAYCURSOR?PROG                           -----    -----      -----    -----      -----    -----
  +--> ?CO?PROG
  +--> ?PR?PRINTF?PRINTF

?PR?_GETOPTION?PROG                              -----    -----      -----    -----      005DH    000BH
  +--> ?CO?PROG
  +--> ?PR?_STRTOK?STRTOK

?PR?_STRCAT?STRCAT                               -----    -----      -----    -----      005DH    0009H

?PR?_LISTACOMANDOS?PROG                          -----    -----      -----    -----      005DH    0007H

?PR?PROG_ID_CLIENTE?PROG                         -----    -----      -----    -----      005DH    000CH
  +--> ?PR?_RD_EEPROM?EEPROM
  +--> ?CO?PROG
  +--> ?PR?PRINTF?PRINTF
  +--> ?PR?_INGRESADATO?PROG
  +--> ?PR?_ATOI?ATOI
  +--> ?PR?_WR_EEPROM?EEPROM

?PR?_RD_EEPROM?EEPROM                            -----    -----      -----    -----      -----    -----
  +--> ?PR?START?EEPROM
  +--> ?PR?ACK_LECT?EEPROM
  +--> ?PR?_E_D_M?EEPROM
  +--> ?PR?ACKD?EEPROM
  +--> ?PR?L_D_M?EEPROM
  +--> ?PR?STOP?EEPROM

?PR?ACK_LECT?EEPROM                              -----    -----      -----    -----      -----    -----
  +--> ?PR?_E_D_M?EEPROM

?PR?_E_D_M?EEPROM                                -----    -----      -----    -----      -----    -----
  +--> ?PR?P_ME?EEPROM

?PR?ACKD?EEPROM                                  -----    -----      -----    -----      -----    -----
  +--> ?PR?_E_D_M?EEPROM
BL51 BANKED LINKER/LOCATER V6.22.2.0                                                  07/27/2021  14:31:11  PAGE 8



?PR?_ATOI?ATOI                                   0020H.0  0000H.1    -----    -----      0069H    0005H
  +--> ?PR?_ISSPACE?ISSPACE
  +--> ?PR?_ISDIGIT?ISDIGIT

?PR?_WR_EEPROM?EEPROM                            -----    -----      -----    -----      -----    -----
  +--> ?PR?START?EEPROM
  +--> ?PR?ACKD?EEPROM
  +--> ?PR?_E_D_M?EEPROM
  +--> ?PR?STOP?EEPROM
  +--> ?PR?_DELAY_1MS?DELAY
  +--> ?PR?_DELAY_20US?DELAY

?PR?_DELAY_1MS?DELAY                             -----    -----      -----    -----      -----    -----
  +--> ?PR?_DELAY_20US?DELAY

?PR?PROG_COD_PARK?PROG                           -----    -----      -----    -----      005DH    000CH
  +--> ?PR?_RD_EEPROM?EEPROM
  +--> ?CO?PROG
  +--> ?PR?PRINTF?PRINTF
  +--> ?PR?_INGRESADATO?PROG
  +--> ?PR?_ATOI?ATOI
  +--> ?PR?_WR_EEPROM?EEPROM

?PR?PROG_TIEMPO_GRACIA?PROG                      -----    -----      -----    -----      005DH    000CH
  +--> ?PR?_RD_EEPROM?EEPROM
  +--> ?CO?PROG
  +--> ?PR?PRINTF?PRINTF
  +--> ?PR?_INGRESADATO?PROG
  +--> ?PR?_ATOI?ATOI
  +--> ?PR?_WR_EEPROM?EEPROM

?PR?PROG_SIN_COBRO?PROG                          -----    -----      -----    -----      005DH    000CH
  +--> ?PR?_RD_EEPROM?EEPROM
  +--> ?CO?PROG
  +--> ?PR?PRINTF?PRINTF
  +--> ?PR?_INGRESADATO?PROG
  +--> ?PR?_ATOI?ATOI
  +--> ?PR?_WR_EEPROM?EEPROM

?PR?PROG_DEBUG?PROG                              -----    -----      -----    -----      005DH    000CH
  +--> ?PR?_RD_EEPROM?EEPROM
  +--> ?CO?PROG
  +--> ?PR?PRINTF?PRINTF
  +--> ?PR?_INGRESADATO?PROG
  +--> ?PR?_ATOI?ATOI
  +--> ?PR?_WR_EEPROM?EEPROM

?PR?PROG_USE_LPR?PROG                            -----    -----      -----    -----      005DH    000CH
  +--> ?PR?_RD_EEPROM?EEPROM
  +--> ?CO?PROG
  +--> ?PR?PRINTF?PRINTF
  +--> ?PR?_INGRESADATO?PROG
  +--> ?PR?_ATOI?ATOI
  +--> ?PR?_WR_EEPROM?EEPROM

?PR?PROG_COMPARACION_ACTIVA?PROG                 -----    -----      -----    -----      005DH    000CH
BL51 BANKED LINKER/LOCATER V6.22.2.0                                                  07/27/2021  14:31:11  PAGE 9


  +--> ?PR?_RD_EEPROM?EEPROM
  +--> ?CO?PROG
  +--> ?PR?PRINTF?PRINTF
  +--> ?PR?_INGRESADATO?PROG
  +--> ?PR?_ATOI?ATOI
  +--> ?PR?_WR_EEPROM?EEPROM

?PR?TIPO_PANTALLA?PROG                           -----    -----      -----    -----      005DH    000CH
  +--> ?PR?_RD_EEPROM?EEPROM
  +--> ?CO?PROG
  +--> ?PR?PRINTF?PRINTF
  +--> ?PR?_INGRESADATO?PROG
  +--> ?PR?_ATOI?ATOI
  +--> ?PR?_WR_EEPROM?EEPROM

?PR?DCTO_CAJA?PROG                               -----    -----      -----    -----      005DH    000CH
  +--> ?PR?_RD_EEPROM?EEPROM
  +--> ?CO?PROG
  +--> ?PR?PRINTF?PRINTF
  +--> ?PR?_INGRESADATO?PROG
  +--> ?PR?_ATOI?ATOI
  +--> ?PR?_WR_EEPROM?EEPROM

?PR?SHOW?PROG                                    -----    -----      -----    -----      -----    -----
  +--> ?CO?PROG
  +--> ?PR?PRINTF?PRINTF

?PR?VARIABLE_INICIO?EEPROM                       -----    -----      -----    -----      -----    -----
  +--> ?PR?_RD_EEPROM?EEPROM

?PR?SECUENCIA_INICIO_EXPEDIDOR?VERIFI...         -----    -----      -----    -----      0001H    0001H
  +--> ?PR?_INICIALIZA?LINTECH
  +--> ?PR?TRAMA_VALIDACION_P_N?VERIFICADOR
  +--> ?CO?VERIFICADOR
  +--> ?PR?_DEBUG_TXT_TIBBO?TIBBO
  +--> ?PR?_DEBUGBUFFERMF?TIBBO
  +--> ?PR?DWLOAD_EEPROM?LINTECH

?PR?_INICIALIZA?LINTECH                          -----    -----      -----    -----      0002H    000CH
  +--> ?CO?LINTECH
  +--> ?PR?_DEBUG_TXT_TIBBO?TIBBO
  +--> ?PR?_DEBUGBUFFERMF?TIBBO
  +--> ?PR?_ESCRIBIRCADENASOFT_BUFFER?MAIN

?PR?_DEBUG_TXT_TIBBO?TIBBO                       -----    -----      -----    -----      003AH    0004H
  +--> ?CO?TIBBO
  +--> ?PR?_TX_AUX?TIBBO

?PR?_DEBUGBUFFERMF?TIBBO                         -----    -----      -----    -----      0034H    0006H
  +--> ?PR?DEBUG_DIVIDIR_TEXTO?TIBBO
  +--> ?CO?TIBBO
  +--> ?PR?_DEBUG_TXT_TIBBO?TIBBO
  +--> ?PR?_DEBUG_CHR_TIBBO?TIBBO
  +--> ?PR?_TX_AUX?TIBBO

?PR?DEBUG_DIVIDIR_TEXTO?TIBBO                    -----    -----      -----    -----      -----    -----
  +--> ?CO?TIBBO
BL51 BANKED LINKER/LOCATER V6.22.2.0                                                  07/27/2021  14:31:11  PAGE 10


  +--> ?PR?_DEBUG_TXT_TIBBO?TIBBO

?PR?_DEBUG_CHR_TIBBO?TIBBO                       -----    -----      -----    -----      -----    -----
  +--> ?PR?_TX_AUX?TIBBO

?PR?_ESCRIBIRCADENASOFT_BUFFER?MAIN              -----    -----      -----    -----      0034H    0006H
  +--> ?PR?_PUTCHAR?MAIN

?PR?DWLOAD_EEPROM?LINTECH                        -----    -----      -----    -----      0002H    0016H
  +--> ?CO?LINTECH
  +--> ?PR?_DEBUG_TXT_TIBBO?TIBBO
  +--> ?PR?_DEBUGBUFFERMF?TIBBO
  +--> ?PR?_ESCRIBIRCADENASOFT_BUFFER?MAIN

?PR?_RECIBE_CMD_MONITOR?ACCESCAN                 -----    -----      -----    -----      0001H    0006H
  +--> ?PR?RX_DATA?TIBBO

?PR?RX_DATA?TIBBO                                -----    -----      -----    -----      -----    -----
  +--> ?PR?TIME_MBIT?TIBBO
  +--> ?PR?TIME_BIT?TIBBO

?PR?SECUENCIAEXPEDIDOR?VERIFICADOR               -----    -----      -----    -----      0001H    000DH
  +--> ?PR?_CARD_INSERCION?LINTECH
  +--> ?PR?TRAMA_VALIDACION_P_N?VERIFICADOR
  +--> ?CO?VERIFICADOR
  +--> ?PR?ERROR_RX_PTO?VERIFICADOR
  +--> ?PR?_CHECK_STATUS?LINTECH
  +--> ?PR?_DEBUG_TXT_TIBBO?TIBBO
  +--> ?PR?_DEBUGBUFFERMF?TIBBO
  +--> ?PR?VALIDASENSORESPASO?IO_SENSORES
  +--> ?PR?_SEND_PORTERR?PTO_PARALELO
  +--> ?PR?_PANTALLALCD?PANTALLAS
  +--> ?PR?AUT_CARD_CHECK_STATUS?LINTECH
  +--> ?PR?LOADVERIFY_EEPROM?LINTECH
  +--> ?PR?_RD_MF?LINTECH
  +--> ?PR?_DEBUG_HEXDEC?TIBBO
  +--> ?PR?_DEBUG_CHR_TIBBO?TIBBO
  +--> ?PR?_BLOCK_READ_CLOCK_HEX?CLOCK
  +--> ?PR?_RD_EEPROM?EEPROM
  +--> ?PR?DEBUG_DIVIDIR_TEXTO?TIBBO
  +--> ?PR?PRINTF?PRINTF
  +--> ?PR?_ANALIZA_TIEMPO?CLOCK
  +--> ?PR?_CHECK_FECHAOUT?CLOCK
  +--> ?PR?_TRAMA_PTO_PARALELO_NEW?PTO_PARALELO
  +--> ?PR?_CMD_LPR_SALIDA?ACCESCAN
  +--> ?PR?_WR_MF?LINTECH
  +--> ?PR?_MOV_CARD?LINTECH
  +--> ?PR?VALIDASENSORES_OUT?IO_SENSORES
  +--> ?PR?_TRAMA_PTO_PARALELO_P?PTO_PARALELO

?PR?_CARD_INSERCION?LINTECH                      -----    -----      -----    -----      000EH    000AH
  +--> ?CO?LINTECH
  +--> ?PR?_DEBUG_TXT_TIBBO?TIBBO
  +--> ?PR?_DEBUGBUFFERMF?TIBBO
  +--> ?PR?_ESCRIBIRCADENASOFT_BUFFER?MAIN

?PR?ERROR_RX_PTO?VERIFICADOR                     -----    -----      -----    -----      000EH    0001H
BL51 BANKED LINKER/LOCATER V6.22.2.0                                                  07/27/2021  14:31:11  PAGE 11


  +--> ?CO?VERIFICADOR
  +--> ?PR?_DEBUG_TXT_TIBBO?TIBBO
  +--> ?PR?_DEBUG_CHR_TIBBO?TIBBO
  +--> ?PR?_DELAY_10MS?DELAY

?PR?_DELAY_10MS?DELAY                            -----    -----      -----    -----      000FH    0004H
  +--> ?PR?_DELAY_1MS?DELAY

?PR?_CHECK_STATUS?LINTECH                        -----    -----      -----    -----      000EH    000BH
  +--> ?CO?LINTECH
  +--> ?PR?_DEBUG_TXT_TIBBO?TIBBO
  +--> ?PR?_DEBUGBUFFERMF?TIBBO
  +--> ?PR?_ESCRIBIRCADENASOFT_BUFFER?MAIN

?PR?VALIDASENSORESPASO?IO_SENSORES               -----    -----      -----    -----      -----    -----
  +--> ?PR?SEL_SENSOR2?IO_SENSORES
  +--> ?PR?VALIDASENSOR?IO_SENSORES
  +--> ?PR?SEL_SENSOR1?IO_SENSORES
  +--> ?PR?SEL_AUTO?IO_SENSORES
  +--> ?CO?IO_SENSORES
  +--> ?PR?_DEBUG_TXT_TIBBO?TIBBO

?PR?_SEND_PORTERR?PTO_PARALELO                   -----    -----      -----    -----      000EH    0006H
  +--> ?PR?PULSO_BUS?PTO_PARALELO
  +--> ?PR?_DELAY_20US?DELAY

?PR?PULSO_BUS?PTO_PARALELO                       -----    -----      -----    -----      -----    -----
  +--> ?PR?_DELAY_20US?DELAY

?PR?_PANTALLALCD?PANTALLAS                       -----    -----      -----    -----      0011H    000AH
  +--> ?CO?PANTALLAS
  +--> ?PR?_LCD_TXT?PANTALLAS
  +--> ?PR?_STRLEN?STRLEN
  +--> ?PR?_TX_CHRLCD?PANTALLAS
  +--> ?PR?_RASPBERRY_DATA?PANTALLAS

?PR?_LCD_TXT?PANTALLAS                           -----    -----      -----    -----      003BH    0005H
  +--> ?PR?_TX_CHRLCD?PANTALLAS

?PR?_TX_CHRLCD?PANTALLAS                         -----    -----      -----    -----      0040H    0002H
  +--> ?PR?_PUTCHAR?MAIN

?PR?_RASPBERRY_DATA?PANTALLAS                    -----    -----      -----    -----      003BH    0005H
  +--> ?PR?_STRLEN?STRLEN
  +--> ?PR?_PUTCHAR?MAIN

?PR?AUT_CARD_CHECK_STATUS?LINTECH                -----    -----      -----    -----      000EH    000BH
  +--> ?CO?LINTECH
  +--> ?PR?_DEBUG_TXT_TIBBO?TIBBO
  +--> ?PR?_DEBUGBUFFERMF?TIBBO
  +--> ?PR?_ESCRIBIRCADENASOFT_BUFFER?MAIN

?PR?LOADVERIFY_EEPROM?LINTECH                    -----    -----      -----    -----      000EH    0010H
  +--> ?CO?LINTECH
  +--> ?PR?_DEBUG_TXT_TIBBO?TIBBO
  +--> ?PR?_DEBUGBUFFERMF?TIBBO
  +--> ?PR?_ESCRIBIRCADENASOFT_BUFFER?MAIN
BL51 BANKED LINKER/LOCATER V6.22.2.0                                                  07/27/2021  14:31:11  PAGE 12



?PR?_RD_MF?LINTECH                               -----    -----      -----    -----      000EH    0012H
  +--> ?CO?LINTECH
  +--> ?PR?_DEBUG_TXT_TIBBO?TIBBO
  +--> ?PR?_DEBUG_CHR_TIBBO?TIBBO
  +--> ?PR?_DEBUGBUFFERMF?TIBBO
  +--> ?PR?_ESCRIBIRCADENASOFT_BUFFER?MAIN

?PR?_DEBUG_HEXDEC?TIBBO                          -----    -----      -----    -----      000EH    0002H
  +--> ?PR?_TX_AUX?TIBBO

?PR?_BLOCK_READ_CLOCK_HEX?CLOCK                  -----    -----      -----    -----      0034H    0003H
  +--> ?PR?_LEE_CLK?CLOCK
  +--> ?PR?_BCD_HEX?CLOCK

?PR?_LEE_CLK?CLOCK                               -----    -----      -----    -----      0037H    0003H
  +--> ?PR?_DELAY_20US?DELAY
  +--> ?PR?_EB_CLK?CLOCK
  +--> ?PR?P_CK?CLOCK

?PR?_EB_CLK?CLOCK                                -----    -----      -----    -----      003AH    0003H
  +--> ?PR?P_CK?CLOCK

?PR?P_CK?CLOCK                                   -----    -----      -----    -----      -----    -----
  +--> ?PR?DELAY?DELAY

?PR?_ANALIZA_TIEMPO?CLOCK                        0020H.0  0000H.2    -----    -----      000EH    000FH

?PR?_CHECK_FECHAOUT?CLOCK                        -----    -----      -----    -----      000EH    000AH
  +--> ?PR?_BLOCK_READ_CLOCK_HEX?CLOCK
  +--> ?PR?_DEBUG_FECHA_ACTUAL?TIBBO

?PR?_DEBUG_FECHA_ACTUAL?TIBBO                    -----    -----      -----    -----      0018H    0003H
  +--> ?CO?TIBBO
  +--> ?PR?_DEBUG_TXT_TIBBO?TIBBO
  +--> ?PR?_HEX_BCD?CLOCK
  +--> ?PR?_DEBUG_CHR_TIBBO?TIBBO
  +--> ?PR?_TX_AUX?TIBBO

?PR?_TRAMA_PTO_PARALELO_NEW?PTO_PARALELO         -----    -----      -----    -----      000EH    0026H
  +--> ?PR?_BLOCK_READ_CLOCK_HEX?CLOCK
  +--> ?PR?_SEND_PORT?PTO_PARALELO
  +--> ?PR?DEBUG_DIVIDIR_TEXTO?TIBBO
  +--> ?CO?PTO_PARALELO
  +--> ?PR?_DEBUG_TXT_TIBBO?TIBBO
  +--> ?PR?_DEBUGBUFFERMF?TIBBO

?PR?_SEND_PORT?PTO_PARALELO                      -----    -----      -----    -----      0034H    000AH
  +--> ?PR?PULSO_BUS?PTO_PARALELO
  +--> ?PR?_DELAY_20US?DELAY

?PR?_CMD_LPR_SALIDA?ACCESCAN                     -----    -----      -----    -----      000EH    0025H
  +--> ?PR?DIR_BOARD?IO_SENSORES
  +--> ?PR?_HEX_BCD?CLOCK
  +--> ?PR?_MONITOR_CHR?ACCESCAN

?PR?DIR_BOARD?IO_SENSORES                        -----    -----      -----    -----      -----    -----
BL51 BANKED LINKER/LOCATER V6.22.2.0                                                  07/27/2021  14:31:11  PAGE 13


  +--> ?PR?SEL_DIR1?IO_SENSORES
  +--> ?PR?SEL_DIR2?IO_SENSORES

?PR?_MONITOR_CHR?ACCESCAN                        -----    -----      -----    -----      0033H    0005H
  +--> ?PR?_TX_AUX?TIBBO

?PR?_WR_MF?LINTECH                               -----    -----      -----    -----      000EH    0026H
  +--> ?CO?LINTECH
  +--> ?PR?_DEBUG_TXT_TIBBO?TIBBO
  +--> ?PR?_DEBUG_CHR_TIBBO?TIBBO
  +--> ?PR?DIR_BOARD?IO_SENSORES
  +--> ?PR?_DEBUGBUFFERMF?TIBBO
  +--> ?PR?_ESCRIBIRCADENASOFT_BUFFER?MAIN

?PR?_MOV_CARD?LINTECH                            -----    -----      -----    -----      000EH    000CH
  +--> ?CO?LINTECH
  +--> ?PR?_DEBUG_TXT_TIBBO?TIBBO
  +--> ?PR?_DEBUGBUFFERMF?TIBBO
  +--> ?PR?_ESCRIBIRCADENASOFT_BUFFER?MAIN

?PR?VALIDASENSORES_OUT?IO_SENSORES               -----    -----      -----    -----      -----    -----
  +--> ?PR?SEL_SENSOR2?IO_SENSORES
  +--> ?PR?VALIDASENSOR?IO_SENSORES

?PR?_TRAMA_PTO_PARALELO_P?PTO_PARALELO           -----    -----      -----    -----      000EH    0008H
  +--> ?PR?_SEND_PORT?PTO_PARALELO
  +--> ?PR?DEBUG_DIVIDIR_TEXTO?TIBBO
  +--> ?PR?_DEBUGBUFFERMF?TIBBO

?PR?_RECIBE_PORT?PTO_PARALELO                    -----    -----      -----    -----      0001H    0008H
  +--> ?PR?OFF_TIMER0_INTERRUP?MAIN
  +--> ?PR?ON_TIMER0_INTERRUP?MAIN

?PR?_VALIDA_TRAMA_PTO?ACCESCAN                   -----    -----      -----    -----      0001H    0010H
  +--> ?PR?_RD_EEPROM?EEPROM
  +--> ?CO?ACCESCAN
  +--> ?PR?_DEBUG_TXT_TIBBO?TIBBO
  +--> ?PR?_DEBUG_CHR_TIBBO?TIBBO
  +--> ?PR?_VALIDAR_CLK?CLOCK
  +--> ?PR?_BLOCK_WRITE_CLOCK_ASCII?CLOCK
  +--> ?PR?RELOJ_PANTALLA_LCD?PANTALLAS
  +--> ?PR?_SEND_PORT?PTO_PARALELO
  +--> ?PR?_PANTALLALCD?PANTALLAS
  +--> ?PR?FORMATO_EEPROM?EEPROM
  +--> ?PR?_BYTEHEX_DECIMAL?CLOCK
  +--> ?PR?_TWO_BYTEHEX_DECIMAL?CLOCK
  +--> ?PR?VALIDASENSORESPASO?IO_SENSORES
  +--> ?PR?_CMD_LPR_SALIDA_WIEGAND?ACCESCAN
  +--> ?PR?_PANTALLALCD_LINEA_2?PANTALLAS

?PR?_BLOCK_WRITE_CLOCK_ASCII?CLOCK               -----    -----      -----    -----      0011H    0003H
  +--> ?PR?_TWO_ONE?CLOCK
  +--> ?PR?_WR_CLK?CLOCK

?PR?_WR_CLK?CLOCK                                -----    -----      -----    -----      0014H    0002H
  +--> ?PR?_DELAY_20US?DELAY
  +--> ?PR?_EB_CLK?CLOCK
BL51 BANKED LINKER/LOCATER V6.22.2.0                                                  07/27/2021  14:31:11  PAGE 14



?PR?RELOJ_PANTALLA_LCD?PANTALLAS                 -----    -----      -----    -----      0011H    000DH
  +--> ?CO?PANTALLAS
  +--> ?PR?_BLOCK_READ_CLOCK?CLOCK
  +--> ?PR?_LCD_TXT_NUM_CHAR?PANTALLAS
  +--> ?PR?_BLOCK_READ_CLOCK_ASCII_RASBERRY?...
  +--> ?PR?_STRCAT?STRCAT
  +--> ?PR?_RASPBERRY_DATA?PANTALLAS

?PR?_BLOCK_READ_CLOCK?CLOCK                      -----    -----      -----    -----      001EH    0003H
  +--> ?PR?_LEE_CLK?CLOCK

?PR?_LCD_TXT_NUM_CHAR?PANTALLAS                  -----    -----      -----    -----      001EH    0006H
  +--> ?PR?_TX_CHRLCD?PANTALLAS

?PR?_BLOCK_READ_CLOCK_ASCII_RASBERRY?...         -----    -----      -----    -----      001EH    0003H
  +--> ?PR?_LEE_CLK?CLOCK

?PR?FORMATO_EEPROM?EEPROM                        -----    -----      -----    -----      0011H    0003H
  +--> ?PR?_WR_EEPROM?EEPROM

?PR?_BYTEHEX_DECIMAL?CLOCK                       -----    -----      -----    -----      0011H    0001H

?PR?_TWO_BYTEHEX_DECIMAL?CLOCK                   -----    -----      -----    -----      0011H    000CH
  +--> ?PR?_POW?POW

?PR?_POW?POW                                     -----    -----      -----    -----      001DH    000AH
  +--> ?PR?LOG?LOG
  +--> ?PR?EXP?EXP

?PR?LOG?LOG                                      0020H.0  0000H.1    -----    -----      0027H    0004H

?PR?_CMD_LPR_SALIDA_WIEGAND?ACCESCAN             -----    -----      -----    -----      0011H    0022H
  +--> ?PR?DIR_BOARD?IO_SENSORES
  +--> ?PR?_BLOCK_READ_CLOCK_ASCII?CLOCK
  +--> ?PR?_MONITOR_CHR?ACCESCAN

?PR?_BLOCK_READ_CLOCK_ASCII?CLOCK                -----    -----      -----    -----      0033H    0003H
  +--> ?PR?_LEE_CLK?CLOCK

?PR?_PANTALLALCD_LINEA_2?PANTALLAS               -----    -----      -----    -----      0011H    002AH
  +--> ?CO?PANTALLAS
  +--> ?PR?_LCD_TXT?PANTALLAS
  +--> ?PR?_STRLEN?STRLEN
  +--> ?PR?_TX_CHRLCD?PANTALLAS
  +--> ?PR?_STRCAT?STRCAT
  +--> ?PR?_RASPBERRY_DATA?PANTALLAS

?PR?_DEBUG_PTO_PARALELO?TIBBO                    -----    -----      -----    -----      0001H    0004H
  +--> ?CO?TIBBO
  +--> ?PR?_DEBUG_TXT_TIBBO?TIBBO
  +--> ?PR?_DEBUGBUFFERMF?TIBBO
  +--> ?PR?_DEBUG_CHR_TIBBO?TIBBO
  +--> ?PR?DEBUG_DIVIDIR_TEXTO?TIBBO

?PR?MSJ_LCD_INFORMATIVO?IO_SENSORES              -----    -----      -----    -----      0001H    0001H
  +--> ?PR?SEL_FUNCION?IO_SENSORES
BL51 BANKED LINKER/LOCATER V6.22.2.0                                                  07/27/2021  14:31:11  PAGE 15


  +--> ?PR?LOAD_AND_SEND_INFO_RELOJ?PTO_PARA...
  +--> ?PR?LOAD_AND_SEND_ID_COD?PTO_PARALELO
  +--> ?PR?_RD_EEPROM?EEPROM
  +--> ?PR?_SEND_PORTERR?PTO_PARALELO

?PR?LOAD_AND_SEND_INFO_RELOJ?PTO_PARA...         -----    -----      -----    -----      0002H    000BH
  +--> ?PR?_BLOCK_READ_CLOCK?CLOCK
  +--> ?PR?_LEE_CLK?CLOCK
  +--> ?PR?_SEND_PORT?PTO_PARALELO

?PR?LOAD_AND_SEND_ID_COD?PTO_PARALELO            -----    -----      -----    -----      0002H    0011H
  +--> ?CO?PTO_PARALELO
  +--> ?PR?PRINTF?PRINTF
  +--> ?PR?_SEND_PORT?PTO_PARALELO



SYMBOL TABLE OF MODULE:  .\Objects\verificador_v_01_raspberry (MAIN)

  VALUE           TYPE          NAME
  ----------------------------------

  -------         MODULE        MAIN
  C:0000H         SYMBOL        _ICE_DUMMY_
  D:0080H         PUBLIC        P0
  D:0090H         PUBLIC        P1
  C:7D7AH         PUBLIC        timer0_int
  D:00B0H         PUBLIC        P3
  B:00A8H.7       PUBLIC        EA
  C:817AH         PUBLIC        off_Timer0_Interrup
  X:00C9H         PUBLIC        ValTimeOutCom
  X:00CAH         PUBLIC        Buffer_Rta_Lintech
  X:00FCH         PUBLIC        Timer_wait
  X:00FDH         PUBLIC        g_cContByteRx
  B:0080H.0       PUBLIC        rx_ip
  B:0080H.3       PUBLIC        Atascado
  C:7129H         PUBLIC        main
  X:00FEH         PUBLIC        Timer_tivo
  B:0090H.7       PUBLIC        lock
  I:0022H         PUBLIC        rbuf
  C:8170H         PUBLIC        on_Timer0_Interrup
  I:0054H         PUBLIC        tbuf
  B:0090H.1       PUBLIC        DataIn
  D:0089H         PUBLIC        TMOD
  X:0100H         PUBLIC        Debug_Tibbo
  B:0021H.1       PUBLIC        prto_ready
  X:0101H         PUBLIC        Raspberry
  X:0102H         PUBLIC        SIN_COBRO
  X:0104H         PUBLIC        Tipo_Vehiculo
  B:00B0H.3       PUBLIC        busy
  C:80E2H         PUBLIC        ini_timer
  B:00A8H.1       PUBLIC        ET0
  B:0088H.5       PUBLIC        TF0
  X:0105H         PUBLIC        COMPARACION_ACTIVA
  D:008CH         PUBLIC        TH0
  X:0106H         PUBLIC        ACK
  X:0107H         PUBLIC        g_cEstadoComSoft
BL51 BANKED LINKER/LOCATER V6.22.2.0                                                  07/27/2021  14:31:11  PAGE 16


  D:008AH         PUBLIC        TL0
  B:0088H.4       PUBLIC        TR0
  C:80F2H         PUBLIC        inicia_board
  X:0108H         PUBLIC        T_GRACIA
  X:010AH         PUBLIC        COD_PARK
  B:0080H.7       PUBLIC        sel_com
  X:010CH         PUBLIC        STX_LINTECH
  C:8111H         PUBLIC        _getkey
  X:010DH         PUBLIC        g_cEstadoComSeqMF
  X:010EH         PUBLIC        ETX
  X:010FH         PUBLIC        ID_CLIENTE
  C:7970H         PUBLIC        _EscribirCadenaSoft_buffer
  B:0021H.2       PUBLIC        buffer_ready
  C:7C4FH         PUBLIC        _putchar
  -------         PROC          TIMER0_INT
  C:7D7AH         LINE#         13
  C:7D80H         LINE#         15
  C:7D88H         LINE#         16
  C:7D88H         LINE#         17
  C:7D8AH         LINE#         18
  C:7D8CH         LINE#         19
  C:7D8EH         LINE#         21
  C:7D8EH         LINE#         22
  C:7D94H         LINE#         23
  C:7D9AH         LINE#         24
  C:7DA8H         LINE#         25
  C:7DAAH         LINE#         26
  C:7DAAH         LINE#         27
  -------         ENDPROC       TIMER0_INT
  -------         PROC          INI_TIMER
  C:80E2H         LINE#         30
  C:80E2H         LINE#         31
  C:80E2H         LINE#         33
  C:80EAH         LINE#         35
  C:80EDH         LINE#         36
  C:80EFH         LINE#         37
  C:80F1H         LINE#         39
  -------         ENDPROC       INI_TIMER
  -------         PROC          ON_TIMER0_INTERRUP
  C:8170H         LINE#         42
  C:8170H         LINE#         43
  C:8170H         LINE#         44
  C:8172H         LINE#         45
  C:8174H         LINE#         47
  -------         ENDPROC       ON_TIMER0_INTERRUP
  -------         PROC          OFF_TIMER0_INTERRUP
  C:817AH         LINE#         50
  C:817AH         LINE#         51
  C:817AH         LINE#         52
  C:817CH         LINE#         54
  -------         ENDPROC       OFF_TIMER0_INTERRUP
  -------         PROC          _GETKEY
  -------         DO            
  D:0006H         SYMBOL        k
  -------         ENDDO         
  C:8111H         LINE#         62
  C:8111H         LINE#         63
BL51 BANKED LINKER/LOCATER V6.22.2.0                                                  07/27/2021  14:31:11  PAGE 17


  C:8111H         LINE#         67
  C:8111H         LINE#         68
  C:8114H         LINE#         69
  C:8114H         LINE#         70
  C:811CH         LINE#         72
  C:811CH         LINE#         73
  -------         ENDPROC       _GETKEY
  -------         PROC          _PUTCHAR
  X:009DH         SYMBOL        c
  -------         DO            
  X:009EH         SYMBOL        i
  -------         ENDDO         
  C:7C4FH         LINE#         77
  C:7C54H         LINE#         78
  C:7C54H         LINE#         81
  C:7C63H         LINE#         82
  C:7C63H         LINE#         83
  C:7C79H         LINE#         84
  C:7C79H         LINE#         86
  C:7C87H         LINE#         87
  C:7C87H         LINE#         89
  C:7C8CH         LINE#         90
  -------         ENDPROC       _PUTCHAR
  -------         PROC          _ESCRIBIRCADENASOFT_BUFFER
  X:0034H         SYMBOL        buffer
  X:0037H         SYMBOL        tamano_cadena
  -------         DO            
  X:0038H         SYMBOL        i
  X:0039H         SYMBOL        d
  -------         ENDDO         
  C:7970H         LINE#         94
  C:797EH         LINE#         95
  C:797EH         LINE#         97
  C:798CH         LINE#         98
  C:798CH         LINE#         99
  C:79A3H         LINE#         100
  C:79ADH         LINE#         101
  C:79B5H         LINE#         102
  -------         ENDPROC       _ESCRIBIRCADENASOFT_BUFFER
  -------         PROC          INICIA_BOARD
  C:80F2H         LINE#         139
  C:80F2H         LINE#         140
  C:80F2H         LINE#         141
  C:80F5H         LINE#         142
  C:80F8H         LINE#         143
  C:80FBH         LINE#         144
  C:80FDH         LINE#         145
  C:80FFH         LINE#         146
  C:8101H         LINE#         148
  -------         ENDPROC       INICIA_BOARD
  -------         PROC          MAIN
  -------         DO            
  X:00A1H         SYMBOL        buffer
  X:0000H         SYMBOL        Length_trama
  -------         ENDDO         
  C:7129H         LINE#         158
  C:7129H         LINE#         159
BL51 BANKED LINKER/LOCATER V6.22.2.0                                                  07/27/2021  14:31:11  PAGE 18


  C:7129H         LINE#         167
  C:712CH         LINE#         168
  C:712FH         LINE#         169
  C:7132H         LINE#         170
  C:7135H         LINE#         171
  C:7138H         LINE#         172
  C:713AH         LINE#         174
  C:713DH         LINE#         175
  C:7144H         LINE#         176
  C:7147H         LINE#         177
  C:714CH         LINE#         179
  C:714FH         LINE#         181
  C:7152H         LINE#         182
  C:7152H         LINE#         183
  C:7155H         LINE#         184
  C:7155H         LINE#         185
  C:7158H         LINE#         186
  C:715EH         LINE#         187
  C:7164H         LINE#         189
  C:7164H         LINE#         190
  C:7164H         LINE#         192
  C:7167H         LINE#         194
  C:7167H         LINE#         195
  C:716AH         LINE#         196
  C:716AH         LINE#         198
  C:7178H         LINE#         201
  C:7178H         LINE#         203
  C:717BH         LINE#         205
  C:717EH         LINE#         206
  C:717EH         LINE#         209
  C:718DH         LINE#         212
  C:7196H         LINE#         215
  C:71A4H         LINE#         218
  C:71A4H         LINE#         220
  C:71A6H         LINE#         222
  C:71A6H         LINE#         223
  C:71A9H         LINE#         224
  C:71A9H         LINE#         225
  C:71ACH         LINE#         229
  -------         ENDPROC       MAIN
  -------         ENDMOD        MAIN

  -------         MODULE        ACCESCAN
  C:0000H         SYMBOL        _ICE_DUMMY_
  D:0080H         PUBLIC        P0
  D:0090H         PUBLIC        P1
  B:0080H.2       PUBLIC        led_err_imp
  C:7B0FH         PUBLIC        _Monitor_chr
  C:3FD6H         PUBLIC        _Cmd_LPR_Salida
  B:0080H.3       PUBLIC        Atascado
  B:0080H.0       PUBLIC        rx_ip
  B:0090H.7       PUBLIC        lock
  X:01B2H         PUBLIC        USE_LPR
  C:3620H         PUBLIC        _Valida_Trama_Pto
  C:6C28H         PUBLIC        _recibe_cmd_Monitor
  C:608CH         PUBLIC        _Cmd_LPR_Salida_wiegand
  -------         PROC          _VALIDA_TRAMA_PTO
BL51 BANKED LINKER/LOCATER V6.22.2.0                                                  07/27/2021  14:31:11  PAGE 19


  X:0001H         SYMBOL        buffer
  X:0004H         SYMBOL        length_trama
  -------         DO            
  X:01B1H         SYMBOL        cont
  X:0005H         SYMBOL        bcc
  D:0004H         SYMBOL        j
  X:0006H         SYMBOL        buff
  -------         ENDDO         
  C:3620H         LINE#         85
  C:362EH         LINE#         86
  C:362EH         LINE#         89
  C:3631H         LINE#         92
  C:363EH         LINE#         94
  C:3681H         LINE#         95
  C:3681H         LINE#         96
  C:368AH         LINE#         97
  C:369FH         LINE#         98
  C:36A8H         LINE#         99
  C:36B5H         LINE#         100
  C:36B5H         LINE#         101
  C:36D1H         LINE#         102
  C:36D4H         LINE#         103
  C:36DDH         LINE#         104
  C:36E5H         LINE#         105
  C:36EEH         LINE#         106
  C:3707H         LINE#         107
  C:3707H         LINE#         108
  C:3717H         LINE#         109
  C:3717H         LINE#         110
  C:372AH         LINE#         112
  C:372DH         LINE#         113
  C:372DH         LINE#         114
  C:372DH         LINE#         116
  C:372DH         LINE#         117
  C:3733H         LINE#         118
  C:3737H         LINE#         119
  C:373BH         LINE#         120
  C:373EH         LINE#         121
  C:3749H         LINE#         123
  C:3752H         LINE#         124
  C:375AH         LINE#         125
  C:3762H         LINE#         126
  C:376AH         LINE#         127
  C:3773H         LINE#         128
  C:3773H         LINE#         130
  C:3773H         LINE#         132
  C:3785H         LINE#         133
  C:3785H         LINE#         134
  C:378BH         LINE#         135
  C:3798H         LINE#         136
  C:3798H         LINE#         137
  C:379DH         LINE#         138
  C:379FH         LINE#         139
  C:37A4H         LINE#         140
  C:37A6H         LINE#         141
  C:37A8H         LINE#         142
  C:37ACH         LINE#         143
BL51 BANKED LINKER/LOCATER V6.22.2.0                                                  07/27/2021  14:31:11  PAGE 20


  C:37ACH         LINE#         144
  C:37ADH         LINE#         146
  C:37C5H         LINE#         147
  C:37C5H         LINE#         149
  C:37D2H         LINE#         150
  C:37D2H         LINE#         151
  C:37D4H         LINE#         152
  C:37D6H         LINE#         153
  C:37D8H         LINE#         154
  C:37DAH         LINE#         155
  C:37DAH         LINE#         157
  C:3800H         LINE#         158
  C:3800H         LINE#         159
  C:3804H         LINE#         160
  C:3809H         LINE#         161
  C:3812H         LINE#         162
  C:3817H         LINE#         163
  C:3817H         LINE#         166
  C:3818H         LINE#         169
  C:382AH         LINE#         170
  C:382AH         LINE#         171
  C:382CH         LINE#         172
  C:382FH         LINE#         174
  C:3841H         LINE#         175
  C:3841H         LINE#         176
  C:3843H         LINE#         177
  C:3846H         LINE#         179
  C:3876H         LINE#         180
  C:3876H         LINE#         181
  C:3879H         LINE#         182
  C:3879H         LINE#         184
  C:3893H         LINE#         185
  C:3893H         LINE#         186
  C:3895H         LINE#         187
  C:3898H         LINE#         190
  C:38B2H         LINE#         191
  C:38B2H         LINE#         192
  C:38B4H         LINE#         193
  C:38B6H         LINE#         196
  C:38D0H         LINE#         197
  C:38D0H         LINE#         198
  C:38D2H         LINE#         199
  C:38D4H         LINE#         203
  C:38EEH         LINE#         204
  C:38EEH         LINE#         205
  C:38F0H         LINE#         206
  C:38F2H         LINE#         209
  C:390CH         LINE#         210
  C:390CH         LINE#         211
  C:390EH         LINE#         212
  C:3910H         LINE#         214
  C:392AH         LINE#         215
  C:392AH         LINE#         216
  C:392FH         LINE#         217
  C:392FH         LINE#         219
  C:395FH         LINE#         220
  C:395FH         LINE#         221
BL51 BANKED LINKER/LOCATER V6.22.2.0                                                  07/27/2021  14:31:11  PAGE 21


  C:396DH         LINE#         222
  C:3970H         LINE#         225
  C:39B3H         LINE#         226
  C:39B3H         LINE#         228
  C:39C8H         LINE#         229
  C:39CEH         LINE#         230
  C:39F8H         LINE#         233
  C:3A00H         LINE#         234
  C:3A00H         LINE#         237
  C:3A07H         LINE#         238
  C:3A07H         LINE#         239
  C:3A0CH         LINE#         240
  C:3A0CH         LINE#         241
  C:3A0EH         LINE#         243
  C:3A0EH         LINE#         244
  C:3A17H         LINE#         245
  C:3A1FH         LINE#         246
  C:3A1FH         LINE#         251
  C:3A21H         LINE#         254
  C:3A21H         LINE#         257
  C:3A28H         LINE#         258
  C:3A28H         LINE#         259
  C:3A2DH         LINE#         260
  C:3A2DH         LINE#         261
  C:3A38H         LINE#         265
  C:3A38H         LINE#         266
  C:3A38H         LINE#         268
  -------         ENDPROC       _VALIDA_TRAMA_PTO
  -------         PROC          _RECIBE_CMD_MONITOR
  X:0001H         SYMBOL        buffer_cmd
  -------         DO            
  X:0004H         SYMBOL        j
  X:0005H         SYMBOL        NumDatos
  D:0005H         SYMBOL        time_out
  X:0006H         SYMBOL        MaxChrRx
  D:0006H         SYMBOL        contador
  -------         ENDDO         
  C:6C28H         LINE#         274
  C:6C33H         LINE#         275
  C:6C33H         LINE#         279
  C:6C38H         LINE#         280
  C:6C3CH         LINE#         282
  C:6C44H         LINE#         283
  C:6C44H         LINE#         284
  C:6C55H         LINE#         285
  C:6C55H         LINE#         286
  C:6C58H         LINE#         287
  C:6C59H         LINE#         288
  C:6C5FH         LINE#         289
  C:6C5FH         LINE#         290
  C:6C64H         LINE#         291
  C:6C6DH         LINE#         292
  C:6C6DH         LINE#         293
  C:6C6FH         LINE#         294
  C:6C77H         LINE#         295
  C:6C77H         LINE#         296
  C:6C79H         LINE#         297
BL51 BANKED LINKER/LOCATER V6.22.2.0                                                  07/27/2021  14:31:11  PAGE 22


  C:6C7EH         LINE#         298
  C:6C84H         LINE#         299
  C:6C96H         LINE#         300
  C:6CA0H         LINE#         301
  C:6CA8H         LINE#         303
  C:6CB7H         LINE#         306
  C:6CB7H         LINE#         307
  C:6CBCH         LINE#         308
  -------         ENDPROC       _RECIBE_CMD_MONITOR
  -------         PROC          _MONITOR_CHR
  X:0033H         SYMBOL        str
  X:0036H         SYMBOL        num_char
  -------         DO            
  X:0037H         SYMBOL        j
  -------         ENDDO         
  C:7B0FH         LINE#         338
  C:7B1DH         LINE#         339
  C:7B1DH         LINE#         341
  C:7B2BH         LINE#         342
  C:7B2BH         LINE#         343
  C:7B3DH         LINE#         344
  C:7B47H         LINE#         345
  C:7B4FH         LINE#         346
  -------         ENDPROC       _MONITOR_CHR
  -------         PROC          _CMD_LPR_SALIDA_WIEGAND
  X:0011H         SYMBOL        buffer
  -------         DO            
  X:0014H         SYMBOL        Buffer_Lpr
  X:0032H         SYMBOL        j
  -------         ENDDO         
  C:608CH         LINE#         351
  C:6097H         LINE#         352
  C:6097H         LINE#         354
  C:609DH         LINE#         355
  C:60A2H         LINE#         356
  C:60AAH         LINE#         357
  C:60AEH         LINE#         358
  C:60B7H         LINE#         359
  C:60B7H         LINE#         360
  C:60C8H         LINE#         361
  C:60CAH         LINE#         363
  C:60CAH         LINE#         364
  C:60DBH         LINE#         365
  C:60DBH         LINE#         369
  C:60F2H         LINE#         370
  C:60F2H         LINE#         371
  C:6101H         LINE#         372
  C:610BH         LINE#         374
  C:6113H         LINE#         375
  C:6127H         LINE#         377
  C:6137H         LINE#         378
  C:6148H         LINE#         379
  C:6155H         LINE#         383
  -------         ENDPROC       _CMD_LPR_SALIDA_WIEGAND
  -------         PROC          _CMD_LPR_SALIDA
  X:000EH         SYMBOL        buffer_S1_B0
  X:0011H         SYMBOL        buffer_S1_B2
BL51 BANKED LINKER/LOCATER V6.22.2.0                                                  07/27/2021  14:31:11  PAGE 23


  -------         DO            
  X:0014H         SYMBOL        Buffer_Lpr
  D:0004H         SYMBOL        temp
  X:0032H         SYMBOL        j
  -------         ENDDO         
  C:3FD6H         LINE#         388
  C:3FE1H         LINE#         389
  C:3FE1H         LINE#         394
  C:3FE7H         LINE#         395
  C:3FECH         LINE#         396
  C:3FF4H         LINE#         397
  C:3FF8H         LINE#         399
  C:400EH         LINE#         400
  C:400EH         LINE#         401
  C:401FH         LINE#         402
  C:4021H         LINE#         404
  C:4021H         LINE#         405
  C:4032H         LINE#         406
  C:4032H         LINE#         410
  C:4032H         LINE#         411
  C:4054H         LINE#         412
  C:405EH         LINE#         413
  C:406EH         LINE#         419
  C:4082H         LINE#         421
  C:4098H         LINE#         422
  C:40BDH         LINE#         423
  C:40D6H         LINE#         425
  C:40EFH         LINE#         426
  C:4114H         LINE#         427
  C:412DH         LINE#         429
  C:4146H         LINE#         430
  C:416BH         LINE#         431
  C:4184H         LINE#         433
  C:419DH         LINE#         434
  C:41C2H         LINE#         435
  C:41DBH         LINE#         437
  C:41F4H         LINE#         438
  C:4219H         LINE#         439
  C:4232H         LINE#         443
  C:4246H         LINE#         446
  C:425AH         LINE#         448
  -------         ENDPROC       _CMD_LPR_SALIDA
  -------         ENDMOD        ACCESCAN

  -------         MODULE        CLOCK
  C:0000H         SYMBOL        _ICE_DUMMY_
  C:7B84H         PUBLIC        _two_one
  D:0090H         PUBLIC        P1
  C:55D3H         PUBLIC        _validar_clk
  C:7E3DH         PUBLIC        _wr_clk
  C:4B3DH         PUBLIC        _check_fechaOut
  C:4441H         PUBLIC        _Block_read_clock_ascii_rasberry
  B:00D0H.7       PUBLIC        CY
  C:0003H         PUBLIC        p_ck
  X:01B3H         PUBLIC        data_clk
  C:8139H         PUBLIC        cond_ini_clock
  C:6162H         PUBLIC        _Block_read_Clock
BL51 BANKED LINKER/LOCATER V6.22.2.0                                                  07/27/2021  14:31:11  PAGE 24


  B:0090H.4       PUBLIC        sck
  C:6726H         PUBLIC        _Block_read_Clock_Hex
  C:4268H         PUBLIC        _Block_read_clock_ascii
  C:7F20H         PUBLIC        _hex_bcd
  C:7FDEH         PUBLIC        _bcd_hex
  C:77F6H         PUBLIC        _ByteHex_Decimal
  C:6E78H         PUBLIC        _lee_clk
  C:1EF3H         PUBLIC        _analiza_tiempo
  B:0090H.5       PUBLIC        io
  C:6EFEH         PUBLIC        _Block_write_clock_ascii
  B:0090H.6       PUBLIC        rst
  C:7BD1H         PUBLIC        _eb_clk
  C:3A39H         PUBLIC        _Two_ByteHex_Decimal
  -------         PROC          P_CK
  C:0003H         LINE#         37
  C:0003H         LINE#         38
  C:0003H         LINE#         39
  C:0005H         LINE#         40
  C:0008H         LINE#         41
  C:000AH         LINE#         42
  -------         ENDPROC       P_CK
  -------         PROC          _EB_CLK
  X:003AH         SYMBOL        dir_clk
  -------         DO            
  X:003BH         SYMBOL        nbits
  -------         ENDDO         
  C:7BD1H         LINE#         44
  C:7BD6H         LINE#         46
  C:7BDBH         LINE#         47
  C:7BDBH         LINE#         48
  C:7BE4H         LINE#         49
  C:7BE7H         LINE#         50
  C:7BE7H         LINE#         51
  C:7BE9H         LINE#         52
  C:7BEBH         LINE#         54
  C:7BEBH         LINE#         55
  C:7BEDH         LINE#         56
  C:7BEDH         LINE#         57
  C:7BF0H         LINE#         58
  C:7C0FH         LINE#         59
  -------         ENDPROC       _EB_CLK
  C:6E6FH         SYMBOL        L?0174
  -------         PROC          L?0173
  -------         ENDPROC       L?0173
  C:6E6FH         SYMBOL        L?0174
  -------         PROC          _LEE_CLK
  X:0037H         SYMBOL        dir_clk
  -------         DO            
  X:0038H         SYMBOL        nbits
  -------         ENDDO         
  C:6E78H         LINE#         61
  C:6E7DH         LINE#         63
  C:6E7FH         LINE#         64
  C:6E86H         LINE#         65
  C:6E8EH         LINE#         66
  C:6EA7H         LINE#         67
  C:6EA7H         LINE#         68
BL51 BANKED LINKER/LOCATER V6.22.2.0                                                  07/27/2021  14:31:11  PAGE 25


  C:6EAAH         LINE#         69
  C:6EAAH         LINE#         70
  C:6EB1H         LINE#         71
  C:6EBBH         LINE#         72
  C:6EC0H         LINE#         73
  C:6EC0H         LINE#         74
  C:6EC0H         LINE#         75
  C:6EC3H         LINE#         76
  C:6EC3H         LINE#         77
  C:6ECAH         LINE#         78
  C:6EDBH         LINE#         79
  C:6EDBH         LINE#         80
  C:6EE3H         LINE#         81
  C:6EE3H         LINE#         82
  C:6EE3H         LINE#         83
  C:6EE6H         LINE#         84
  C:6EF6H         LINE#         85
  C:6EF8H         LINE#         86
  C:6EFDH         LINE#         87
  -------         ENDPROC       _LEE_CLK
  -------         PROC          _WR_CLK
  X:0014H         SYMBOL        dir_clk
  X:0015H         SYMBOL        byte
  C:7E3DH         LINE#         89
  C:7E45H         LINE#         90
  C:7E47H         LINE#         91
  C:7E4EH         LINE#         92
  C:7E56H         LINE#         93
  C:7E5FH         LINE#         94
  C:7E62H         LINE#         95
  C:7E64H         LINE#         97
  -------         ENDPROC       _WR_CLK
  C:7B50H         SYMBOL        L?0171
  C:7B6EH         SYMBOL        L?0172
  -------         PROC          L?0170
  -------         ENDPROC       L?0170
  C:7B50H         SYMBOL        L?0171
  C:7B6EH         SYMBOL        L?0172
  -------         PROC          _TWO_ONE
  D:0007H         SYMBOL        byte_h
  D:0005H         SYMBOL        byte_l
  -------         DO            
  D:0007H         SYMBOL        byte_out
  -------         ENDDO         
  C:7B84H         LINE#         99
  C:7B84H         LINE#         100
  C:7B84H         LINE#         102
  C:7B87H         LINE#         103
  C:7B8BH         LINE#         104
  C:7B8EH         LINE#         105
  C:7B90H         LINE#         106
  C:7B90H         LINE#         107
  -------         ENDPROC       _TWO_ONE
  -------         PROC          _VALIDAR_CLK
  D:0001H         SYMBOL        datos_clock
  -------         DO            
  D:0007H         SYMBOL        validador
BL51 BANKED LINKER/LOCATER V6.22.2.0                                                  07/27/2021  14:31:11  PAGE 26


  -------         ENDDO         
  C:55D3H         LINE#         111
  C:55D3H         LINE#         112
  C:55D3H         LINE#         113
  C:55D5H         LINE#         116
  C:55EAH         LINE#         117
  C:55EAH         LINE#         119
  C:5602H         LINE#         120
  C:5602H         LINE#         122
  C:561AH         LINE#         123
  C:561AH         LINE#         124
  C:5632H         LINE#         125
  C:5632H         LINE#         126
  C:564AH         LINE#         127
  C:564AH         LINE#         128
  C:565FH         LINE#         129
  C:565FH         LINE#         130
  C:5671H         LINE#         131
  C:5671H         LINE#         132
  C:5683H         LINE#         133
  C:5683H         LINE#         134
  C:5695H         LINE#         135
  C:5695H         LINE#         136
  C:56A7H         LINE#         137
  C:56A7H         LINE#         138
  C:56B9H         LINE#         139
  C:56B9H         LINE#         140
  C:56C9H         LINE#         141
  C:56C9H         LINE#         142
  C:56C9H         LINE#         143
  C:56C9H         LINE#         144
  C:56CAH         LINE#         146
  C:56CAH         LINE#         147
  C:56CCH         LINE#         148
  C:56CCH         LINE#         149
  C:56CDH         LINE#         151
  C:56CDH         LINE#         152
  C:56CFH         LINE#         154
  C:56CFH         LINE#         155
  C:56D0H         LINE#         157
  C:56D0H         LINE#         158
  C:56D2H         LINE#         160
  C:56D2H         LINE#         162
  C:56D3H         LINE#         164
  C:56D3H         LINE#         165
  C:56D5H         LINE#         167
  C:56D5H         LINE#         168
  C:56D6H         LINE#         170
  C:56D6H         LINE#         171
  C:56D8H         LINE#         173
  C:56D8H         LINE#         174
  C:56D9H         LINE#         176
  C:56D9H         LINE#         177
  C:56DBH         LINE#         179
  C:56DBH         LINE#         180
  C:56DCH         LINE#         182
  C:56DCH         LINE#         183
BL51 BANKED LINKER/LOCATER V6.22.2.0                                                  07/27/2021  14:31:11  PAGE 27


  C:56DEH         LINE#         185
  C:56DEH         LINE#         186
  C:56DEH         LINE#         188
  C:56DFH         LINE#         190
  C:56DFH         LINE#         191
  C:56E1H         LINE#         193
  C:56E1H         LINE#         195
  C:56E2H         LINE#         198
  C:56E2H         LINE#         199
  C:56E4H         LINE#         201
  C:56E4H         LINE#         203
  C:56E5H         LINE#         206
  C:56E5H         LINE#         207
  C:56E7H         LINE#         209
  C:56E7H         LINE#         211
  C:56E7H         LINE#         213
  -------         ENDPROC       _VALIDAR_CLK
  -------         PROC          _BLOCK_WRITE_CLOCK_ASCII
  X:0011H         SYMBOL        datos_clock
  C:6EFEH         LINE#         219
  C:6F09H         LINE#         221
  C:6F09H         LINE#         225
  C:6F13H         LINE#         226
  C:6F13H         LINE#         227
  C:6F13H         LINE#         228
  C:6F13H         LINE#         230
  C:6F1DH         LINE#         231
  C:6F27H         LINE#         232
  C:6F31H         LINE#         233
  C:6F31H         LINE#         234
  C:6F31H         LINE#         235
  C:6F31H         LINE#         237
  C:6F3BH         LINE#         238
  C:6F3BH         LINE#         239
  C:6F3BH         LINE#         240
  C:6F3BH         LINE#         242
  C:6F45H         LINE#         243
  C:6F45H         LINE#         244
  C:6F45H         LINE#         245
  C:6F45H         LINE#         247
  C:6F4FH         LINE#         248
  C:6F4FH         LINE#         249
  C:6F4FH         LINE#         250
  C:6F4FH         LINE#         252
  C:6F59H         LINE#         253
  C:6F63H         LINE#         254
  C:6F6DH         LINE#         255
  C:6F77H         LINE#         257
  -------         ENDPROC       _BLOCK_WRITE_CLOCK_ASCII
  -------         PROC          _BCD_HEX
  D:0007H         SYMBOL        l_data
  -------         DO            
  D:0006H         SYMBOL        temp
  D:0005H         SYMBOL        j
  -------         ENDDO         
  C:7FDEH         LINE#         263
  C:7FDEH         LINE#         264
BL51 BANKED LINKER/LOCATER V6.22.2.0                                                  07/27/2021  14:31:11  PAGE 28


  C:7FDEH         LINE#         266
  C:7FE0H         LINE#         267
  C:7FE4H         LINE#         268
  C:7FE7H         LINE#         269
  C:7FE9H         LINE#         270
  C:7FE9H         LINE#         271
  C:7FEDH         LINE#         272
  C:7FF4H         LINE#         273
  C:7FF4H         LINE#         274
  C:7FF8H         LINE#         275
  C:7FFBH         LINE#         276
  C:7FFBH         LINE#         277
  C:7FFBH         LINE#         278
  -------         ENDPROC       _BCD_HEX
  -------         PROC          _HEX_BCD
  D:0007H         SYMBOL        byte
  -------         DO            
  D:0006H         SYMBOL        nibble_h
  D:0005H         SYMBOL        nibble_l
  D:0004H         SYMBOL        k
  D:0007H         SYMBOL        byte_out
  -------         ENDDO         
  C:7F20H         LINE#         282
  C:7F20H         LINE#         283
  C:7F20H         LINE#         288
  C:7F22H         LINE#         289
  C:7F23H         LINE#         291
  C:7F29H         LINE#         292
  C:7F29H         LINE#         293
  C:7F2AH         LINE#         294
  C:7F2FH         LINE#         295
  C:7F2FH         LINE#         296
  C:7F30H         LINE#         297
  C:7F31H         LINE#         298
  C:7F31H         LINE#         299
  C:7F34H         LINE#         300
  C:7F38H         LINE#         301
  C:7F3BH         LINE#         302
  C:7F3EH         LINE#         303
  C:7F40H         LINE#         304
  C:7F40H         LINE#         306
  -------         ENDPROC       _HEX_BCD
  -------         PROC          _BYTEHEX_DECIMAL
  D:0001H         SYMBOL        buffer
  D:0005H         SYMBOL        valorhex
  -------         DO            
  X:0011H         SYMBOL        numero
  D:0007H         SYMBOL        centena
  D:0006H         SYMBOL        decena
  -------         ENDDO         
  C:77F6H         LINE#         312
  C:77F6H         LINE#         313
  C:77F6H         LINE#         316
  C:77F8H         LINE#         317
  C:77F9H         LINE#         318
  C:77FEH         LINE#         320
  C:780BH         LINE#         321
BL51 BANKED LINKER/LOCATER V6.22.2.0                                                  07/27/2021  14:31:11  PAGE 29


  C:780BH         LINE#         322
  C:780FH         LINE#         323
  C:7810H         LINE#         324
  C:7812H         LINE#         325
  C:7818H         LINE#         326
  C:781FH         LINE#         327
  C:782CH         LINE#         328
  C:782CH         LINE#         329
  C:7830H         LINE#         330
  C:7831H         LINE#         331
  C:7833H         LINE#         332
  C:7839H         LINE#         333
  C:7840H         LINE#         334
  -------         ENDPROC       _BYTEHEX_DECIMAL
  -------         PROC          _TWO_BYTEHEX_DECIMAL
  X:0011H         SYMBOL        buffer
  X:0014H         SYMBOL        id_h
  X:0015H         SYMBOL        id_l
  -------         DO            
  X:0016H         SYMBOL        valor
  D:0006H         SYMBOL        numero
  X:0018H         SYMBOL        temp
  X:0019H         SYMBOL        dmil
  X:001AH         SYMBOL        mil
  X:001BH         SYMBOL        centena
  X:001CH         SYMBOL        decena
  -------         ENDDO         
  C:3A39H         LINE#         342
  C:3A47H         LINE#         343
  C:3A47H         LINE#         347
  C:3A4EH         LINE#         348
  C:3A52H         LINE#         349
  C:3A54H         LINE#         350
  C:3A56H         LINE#         351
  C:3A58H         LINE#         354
  C:3A5DH         LINE#         355
  C:3A60H         LINE#         356
  C:3A66H         LINE#         358
  C:3AC1H         LINE#         359
  C:3AC9H         LINE#         360
  C:3ACCH         LINE#         361
  C:3B27H         LINE#         363
  C:3B2FH         LINE#         364
  C:3B32H         LINE#         365
  C:3B38H         LINE#         366
  C:3B93H         LINE#         367
  C:3B9BH         LINE#         368
  C:3B9EH         LINE#         369
  C:3BF9H         LINE#         370
  C:3BF9H         LINE#         372
  C:3C02H         LINE#         373
  C:3C02H         LINE#         374
  C:3C0AH         LINE#         375
  C:3C10H         LINE#         376
  C:3C12H         LINE#         377
  C:3C28H         LINE#         378
  C:3C32H         LINE#         379
BL51 BANKED LINKER/LOCATER V6.22.2.0                                                  07/27/2021  14:31:11  PAGE 30


  C:3C3BH         LINE#         380
  C:3C3BH         LINE#         381
  C:3C43H         LINE#         382
  C:3C49H         LINE#         383
  C:3C4BH         LINE#         384
  C:3C61H         LINE#         385
  C:3C6BH         LINE#         386
  C:3C74H         LINE#         387
  C:3C74H         LINE#         388
  C:3C7CH         LINE#         389
  C:3C82H         LINE#         390
  C:3C84H         LINE#         391
  C:3C9AH         LINE#         392
  C:3CA4H         LINE#         393
  C:3CADH         LINE#         394
  C:3CADH         LINE#         395
  C:3CB5H         LINE#         396
  C:3CBBH         LINE#         397
  C:3CBDH         LINE#         398
  C:3CD3H         LINE#         399
  C:3CDDH         LINE#         400
  C:3CF0H         LINE#         401
  C:3CFAH         LINE#         402
  -------         ENDPROC       _TWO_BYTEHEX_DECIMAL
  -------         PROC          _BLOCK_READ_CLOCK_ASCII
  X:0033H         SYMBOL        datos_clock
  -------         DO            
  D:0007H         SYMBOL        dato
  -------         ENDDO         
  C:4268H         LINE#         408
  C:4273H         LINE#         409
  C:4273H         LINE#         415
  C:4278H         LINE#         416
  C:4290H         LINE#         417
  C:429AH         LINE#         418
  C:42AFH         LINE#         419
  C:42B9H         LINE#         422
  C:42BEH         LINE#         423
  C:42D6H         LINE#         424
  C:42E0H         LINE#         425
  C:42F5H         LINE#         426
  C:42F8H         LINE#         429
  C:42FBH         LINE#         430
  C:4313H         LINE#         431
  C:431DH         LINE#         432
  C:4332H         LINE#         433
  C:433CH         LINE#         437
  C:4341H         LINE#         438
  C:4359H         LINE#         439
  C:4363H         LINE#         440
  C:4378H         LINE#         441
  C:4382H         LINE#         444
  C:4387H         LINE#         445
  C:439FH         LINE#         446
  C:43A9H         LINE#         447
  C:43BEH         LINE#         448
  C:43C8H         LINE#         451
BL51 BANKED LINKER/LOCATER V6.22.2.0                                                  07/27/2021  14:31:11  PAGE 31


  C:43CDH         LINE#         452
  C:43E5H         LINE#         453
  C:43EFH         LINE#         454
  C:4404H         LINE#         455
  C:440EH         LINE#         458
  C:4413H         LINE#         459
  C:4428H         LINE#         460
  C:4432H         LINE#         461
  -------         ENDPROC       _BLOCK_READ_CLOCK_ASCII
  -------         PROC          _BLOCK_READ_CLOCK_ASCII_RASBERRY
  X:001EH         SYMBOL        datos_clock
  -------         DO            
  D:0007H         SYMBOL        dato
  -------         ENDDO         
  C:4441H         LINE#         464
  C:444CH         LINE#         465
  C:444CH         LINE#         470
  C:4451H         LINE#         471
  C:4469H         LINE#         472
  C:4473H         LINE#         473
  C:4488H         LINE#         474
  C:448BH         LINE#         477
  C:448EH         LINE#         478
  C:44A6H         LINE#         479
  C:44B0H         LINE#         480
  C:44C5H         LINE#         481
  C:44CFH         LINE#         485
  C:44D4H         LINE#         486
  C:44ECH         LINE#         487
  C:44F6H         LINE#         488
  C:450BH         LINE#         489
  C:4515H         LINE#         494
  C:451AH         LINE#         495
  C:4532H         LINE#         496
  C:453CH         LINE#         497
  C:4551H         LINE#         498
  C:455BH         LINE#         501
  C:4560H         LINE#         502
  C:4578H         LINE#         503
  C:4582H         LINE#         504
  C:4597H         LINE#         505
  C:45A1H         LINE#         506
  C:45B1H         LINE#         507
  C:45BBH         LINE#         510
  C:45C0H         LINE#         511
  C:45D8H         LINE#         512
  C:45E2H         LINE#         513
  C:45F7H         LINE#         515
  C:4601H         LINE#         516
  -------         ENDPROC       _BLOCK_READ_CLOCK_ASCII_RASBERRY
  -------         PROC          _BLOCK_READ_CLOCK_HEX
  X:0034H         SYMBOL        datos_clock
  C:6726H         LINE#         519
  C:6731H         LINE#         520
  C:6731H         LINE#         523
  C:6748H         LINE#         524
  C:6752H         LINE#         526
BL51 BANKED LINKER/LOCATER V6.22.2.0                                                  07/27/2021  14:31:11  PAGE 32


  C:6769H         LINE#         527
  C:676CH         LINE#         529
  C:6781H         LINE#         530
  C:678BH         LINE#         532
  C:67A2H         LINE#         533
  C:67ACH         LINE#         535
  C:67C3H         LINE#         536
  -------         ENDPROC       _BLOCK_READ_CLOCK_HEX
  -------         PROC          _BLOCK_READ_CLOCK
  X:001EH         SYMBOL        datos_clock
  C:6162H         LINE#         563
  C:616DH         LINE#         564
  C:616DH         LINE#         566
  C:6181H         LINE#         567
  C:618BH         LINE#         569
  C:619FH         LINE#         570
  C:61A2H         LINE#         572
  C:61B4H         LINE#         573
  C:61BEH         LINE#         575
  C:61D2H         LINE#         576
  C:61DCH         LINE#         578
  C:61F0H         LINE#         579
  C:61FAH         LINE#         581
  C:620EH         LINE#         582
  C:6218H         LINE#         583
  -------         ENDPROC       _BLOCK_READ_CLOCK
  -------         PROC          COND_INI_CLOCK
  C:8139H         LINE#         586
  C:8139H         LINE#         587
  C:8139H         LINE#         588
  C:813BH         LINE#         589
  C:813DH         LINE#         590
  C:813FH         LINE#         591
  -------         ENDPROC       COND_INI_CLOCK
  -------         PROC          _CHECK_FECHAOUT
  X:000EH         SYMBOL        buffer
  -------         DO            
  X:0011H         SYMBOL        temp
  X:0012H         SYMBOL        datos_clk
  -------         ENDDO         
  C:4B3DH         LINE#         601
  C:4B48H         LINE#         602
  C:4B48H         LINE#         603
  C:4B4CH         LINE#         609
  C:4B95H         LINE#         610
  C:4B95H         LINE#         612
  C:4B9AH         LINE#         614
  C:4B9DH         LINE#         616
  C:4B9DH         LINE#         618
  C:4BA6H         LINE#         620
  C:4BAEH         LINE#         621
  C:4BAEH         LINE#         622
  C:4BB7H         LINE#         624
  C:4BB7H         LINE#         627
  C:4BDAH         LINE#         628
  C:4BDAH         LINE#         629
  C:4BDAH         LINE#         630
BL51 BANKED LINKER/LOCATER V6.22.2.0                                                  07/27/2021  14:31:11  PAGE 33


  C:4BDDH         LINE#         631
  C:4BE7H         LINE#         632
  C:4BE7H         LINE#         633
  C:4C0DH         LINE#         634
  C:4C0DH         LINE#         635
  C:4C0DH         LINE#         636
  C:4C10H         LINE#         637
  C:4C1AH         LINE#         638
  C:4C1AH         LINE#         639
  C:4C40H         LINE#         640
  C:4C40H         LINE#         641
  C:4C40H         LINE#         642
  C:4C42H         LINE#         643
  C:4C49H         LINE#         644
  C:4C49H         LINE#         645
  C:4C6FH         LINE#         646
  C:4C6FH         LINE#         647
  C:4C6FH         LINE#         648
  C:4C71H         LINE#         649
  C:4C78H         LINE#         650
  C:4C78H         LINE#         651
  C:4C9DH         LINE#         652
  C:4C9DH         LINE#         653
  C:4CA2H         LINE#         654
  C:4CA4H         LINE#         662
  C:4CA4H         LINE#         663
  C:4CA4H         LINE#         664
[...]
  C:6A00H         LINE#         118
  C:6A04H         LINE#         119
  C:6A10H         LINE#         120
  C:6A10H         LINE#         121
  C:6A24H         LINE#         122
  C:6A27H         LINE#         123
  C:6A2FH         LINE#         124
  C:6A31H         LINE#         125
  C:6A36H         LINE#         126
  C:6A45H         LINE#         127
  C:6A50H         LINE#         128
  C:6A56H         LINE#         129
  C:6A56H         LINE#         130
  -------         ENDPROC       _INICIALIZA
  -------         PROC          _CHECK_STATUS
  X:000EH         SYMBOL        Detalle
  -------         DO            
  D:0006H         SYMBOL        j
  D:0007H         SYMBOL        bcc
  X:000FH         SYMBOL        g_scArrTxComSoft
  -------         ENDDO         
  C:74B0H         LINE#         139
  C:74B5H         LINE#         140
  C:74B5H         LINE#         143
  C:74BEH         LINE#         145
  C:74C0H         LINE#         147
  C:74C6H         LINE#         148
  C:74C9H         LINE#         149
  C:74CBH         LINE#         150
  C:74CFH         LINE#         151
  C:74D3H         LINE#         152
  C:74D7H         LINE#         153
  C:74DFH         LINE#         154
  C:74E3H         LINE#         155
  C:74EFH         LINE#         156
  C:74EFH         LINE#         157
  C:74FCH         LINE#         158
  C:74FFH         LINE#         159
  C:7504H         LINE#         160
  C:7506H         LINE#         161
  C:750BH         LINE#         162
  C:751AH         LINE#         163
  C:7525H         LINE#         164
  C:752BH         LINE#         165
  -------         ENDPROC       _CHECK_STATUS
  -------         PROC          _CARD_INSERCION
  D:0007H         SYMBOL        Tipo
  -------         DO            
  D:0006H         SYMBOL        j
  D:0007H         SYMBOL        bcc
  X:000EH         SYMBOL        g_scArrTxComSoft
BL51 BANKED LINKER/LOCATER V6.22.2.0                                                  07/27/2021  14:31:11  PAGE 93


  -------         ENDDO         
  C:6CBDH         LINE#         173
  C:6CBDH         LINE#         174
  C:6CBDH         LINE#         177
  C:6CCAH         LINE#         178
  C:6CCAH         LINE#         179
  C:6CD1H         LINE#         180
  C:6CD7H         LINE#         181
  C:6CD9H         LINE#         183
  C:6CD9H         LINE#         185
  C:6CE0H         LINE#         186
  C:6CE6H         LINE#         188
  C:6CE6H         LINE#         190
  C:6CE8H         LINE#         192
  C:6CEEH         LINE#         193
  C:6CF1H         LINE#         194
  C:6CF3H         LINE#         195
  C:6CF7H         LINE#         196
  C:6CFBH         LINE#         197
  C:6CFFH         LINE#         199
  C:6D05H         LINE#         200
  C:6D11H         LINE#         201
  C:6D11H         LINE#         202
  C:6D1EH         LINE#         203
  C:6D21H         LINE#         205
  C:6D26H         LINE#         207
  C:6D28H         LINE#         208
  C:6D2DH         LINE#         209
  C:6D3CH         LINE#         210
  C:6D47H         LINE#         211
  C:6D4DH         LINE#         212
  -------         ENDPROC       _CARD_INSERCION
  -------         PROC          _MOV_CARD
  X:000EH         SYMBOL        Posicion
  -------         DO            
  D:0003H         SYMBOL        j
  X:000FH         SYMBOL        bcc
  X:0010H         SYMBOL        g_scArrTxComSoft
  -------         ENDDO         
  C:5DE3H         LINE#         223
  C:5DE8H         LINE#         224
  C:5DE8H         LINE#         227
  C:5DEBH         LINE#         229
  C:5E0BH         LINE#         230
  C:5E0BH         LINE#         231
  C:5E12H         LINE#         232
  C:5E12H         LINE#         233
  C:5E18H         LINE#         234
  C:5E1AH         LINE#         235
  C:5E21H         LINE#         236
  C:5E21H         LINE#         237
  C:5E27H         LINE#         238
  C:5E29H         LINE#         239
  C:5E30H         LINE#         240
  C:5E30H         LINE#         241
  C:5E36H         LINE#         242
  C:5E38H         LINE#         243
BL51 BANKED LINKER/LOCATER V6.22.2.0                                                  07/27/2021  14:31:11  PAGE 94


  C:5E3FH         LINE#         244
  C:5E3FH         LINE#         245
  C:5E45H         LINE#         246
  C:5E47H         LINE#         247
  C:5E4EH         LINE#         248
  C:5E4EH         LINE#         249
  C:5E57H         LINE#         250
  C:5E57H         LINE#         252
  C:5E5DH         LINE#         253
  C:5E60H         LINE#         254
  C:5E62H         LINE#         255
  C:5E66H         LINE#         256
  C:5E6AH         LINE#         257
  C:5E6EH         LINE#         258
  C:5E76H         LINE#         259
  C:5E7AH         LINE#         260
  C:5E86H         LINE#         261
  C:5E86H         LINE#         262
  C:5E9AH         LINE#         263
  C:5E9DH         LINE#         264
  C:5EA5H         LINE#         265
  C:5EA7H         LINE#         266
  C:5EACH         LINE#         267
  C:5EBBH         LINE#         268
  C:5EC6H         LINE#         269
  C:5ECCH         LINE#         270
  C:5ECCH         LINE#         272
  -------         ENDPROC       _MOV_CARD
  -------         PROC          AUT_CARD_CHECK_STATUS
  -------         DO            
  D:0003H         SYMBOL        j
  X:000EH         SYMBOL        bcc
  X:000FH         SYMBOL        g_scArrTxComSoft
  -------         ENDDO         
  C:73B3H         LINE#         278
  C:73B3H         LINE#         279
  C:73B3H         LINE#         282
  C:73B8H         LINE#         284
  C:73C1H         LINE#         286
  C:73C7H         LINE#         287
  C:73CAH         LINE#         288
  C:73CCH         LINE#         289
  C:73D0H         LINE#         290
  C:73D4H         LINE#         291
  C:73D8H         LINE#         292
  C:73DCH         LINE#         293
  C:73E0H         LINE#         294
  C:73ECH         LINE#         295
  C:73ECH         LINE#         296
  C:7400H         LINE#         297
  C:7403H         LINE#         298
  C:740BH         LINE#         299
  C:740DH         LINE#         300
  C:7412H         LINE#         301
  C:7421H         LINE#         302
  C:742CH         LINE#         303
  C:7432H         LINE#         304
BL51 BANKED LINKER/LOCATER V6.22.2.0                                                  07/27/2021  14:31:11  PAGE 95


  -------         ENDPROC       AUT_CARD_CHECK_STATUS
  -------         PROC          DWLOAD_EEPROM
  -------         DO            
  D:0003H         SYMBOL        j
  X:0002H         SYMBOL        bcc
  X:0003H         SYMBOL        g_scArrTxComSoft
  -------         ENDDO         
  C:667DH         LINE#         310
  C:667DH         LINE#         311
  C:667DH         LINE#         314
  C:6682H         LINE#         315
  C:668BH         LINE#         317
  C:6691H         LINE#         318
  C:6694H         LINE#         319
  C:6696H         LINE#         320
  C:669AH         LINE#         321
  C:669EH         LINE#         322
  C:66A2H         LINE#         323
  C:66A6H         LINE#         324
  C:66A9H         LINE#         325
  C:66ADH         LINE#         326
  C:66B0H         LINE#         327
  C:66B3H         LINE#         328
  C:66B7H         LINE#         329
  C:66BBH         LINE#         330
  C:66BFH         LINE#         331
  C:66C3H         LINE#         332
  C:66C7H         LINE#         333
  C:66CBH         LINE#         334
  C:66CFH         LINE#         335
  C:66D3H         LINE#         337
  C:66DFH         LINE#         338
  C:66DFH         LINE#         339
  C:66F3H         LINE#         340
  C:66F6H         LINE#         341
  C:66FEH         LINE#         342
  C:6700H         LINE#         343
  C:6705H         LINE#         344
  C:6714H         LINE#         345
  C:671FH         LINE#         346
  C:6725H         LINE#         347
  -------         ENDPROC       DWLOAD_EEPROM
  -------         PROC          LOADVERIFY_EEPROM
  -------         DO            
  D:0003H         SYMBOL        j
  X:000EH         SYMBOL        bcc
  X:000FH         SYMBOL        g_scArrTxComSoft
  -------         ENDDO         
  C:6D4EH         LINE#         353
  C:6D4EH         LINE#         354
  C:6D4EH         LINE#         357
  C:6D53H         LINE#         358
  C:6D5CH         LINE#         361
  C:6D62H         LINE#         362
  C:6D65H         LINE#         363
  C:6D67H         LINE#         364
  C:6D6BH         LINE#         365
BL51 BANKED LINKER/LOCATER V6.22.2.0                                                  07/27/2021  14:31:11  PAGE 96


  C:6D6FH         LINE#         366
  C:6D73H         LINE#         367
  C:6D77H         LINE#         368
  C:6D7AH         LINE#         369
  C:6D7EH         LINE#         370
  C:6D81H         LINE#         371
  C:6D84H         LINE#         372
  C:6D88H         LINE#         373
  C:6D8CH         LINE#         377
  C:6D98H         LINE#         378
  C:6D98H         LINE#         379
  C:6DACH         LINE#         380
  C:6DAFH         LINE#         381
  C:6DB7H         LINE#         382
  C:6DB9H         LINE#         383
  C:6DBEH         LINE#         384
  C:6DCDH         LINE#         385
  C:6DD8H         LINE#         386
  C:6DDEH         LINE#         388
  -------         ENDPROC       LOADVERIFY_EEPROM
  -------         PROC          _RD_MF
  X:000EH         SYMBOL        Sector
  X:000FH         SYMBOL        Bloque
  -------         DO            
  D:0003H         SYMBOL        j
  X:0010H         SYMBOL        bcc
  X:0011H         SYMBOL        g_scArrTxComSoft
  -------         ENDDO         
  C:6227H         LINE#         394
  C:622FH         LINE#         395
  C:622FH         LINE#         399
  C:6232H         LINE#         401
  C:623BH         LINE#         402
  C:6243H         LINE#         404
  C:624CH         LINE#         405
  C:6254H         LINE#         406
  C:625DH         LINE#         409
  C:6263H         LINE#         410
  C:6266H         LINE#         411
  C:6268H         LINE#         412
  C:626CH         LINE#         413
  C:6270H         LINE#         414
  C:6274H         LINE#         415
  C:6278H         LINE#         416
  C:627BH         LINE#         417
  C:627FH         LINE#         418
  C:6287H         LINE#         419
  C:628FH         LINE#         420
  C:6293H         LINE#         421
  C:6297H         LINE#         423
  C:62A3H         LINE#         424
  C:62A3H         LINE#         425
  C:62B7H         LINE#         426
  C:62BAH         LINE#         427
  C:62C2H         LINE#         430
  C:62C4H         LINE#         431
  C:62C9H         LINE#         432
BL51 BANKED LINKER/LOCATER V6.22.2.0                                                  07/27/2021  14:31:11  PAGE 97


  C:62D8H         LINE#         433
  C:62E3H         LINE#         434
  C:62E9H         LINE#         436
  -------         ENDPROC       _RD_MF
  -------         PROC          _WR_MF
  X:000EH         SYMBOL        Sector
  X:000FH         SYMBOL        Bloque
  X:0010H         SYMBOL        buffer
  -------         DO            
  X:0013H         SYMBOL        j
  X:0014H         SYMBOL        bcc
  X:0015H         SYMBOL        g_scArrTxComSoft
  -------         ENDDO         
  C:50E3H         LINE#         443
  C:50F4H         LINE#         445
  C:50F4H         LINE#         448
  C:50F9H         LINE#         450
  C:5102H         LINE#         451
  C:510AH         LINE#         453
  C:5113H         LINE#         454
  C:511BH         LINE#         455
  C:5124H         LINE#         457
  C:512AH         LINE#         458
  C:512DH         LINE#         459
  C:512FH         LINE#         460
  C:5133H         LINE#         462
  C:5137H         LINE#         463
  C:513BH         LINE#         464
  C:513FH         LINE#         465
  C:5142H         LINE#         466
  C:5146H         LINE#         467
  C:514FH         LINE#         468
  C:5157H         LINE#         469
  C:515BH         LINE#         471
  C:5160H         LINE#         472
  C:5160H         LINE#         477
  C:5163H         LINE#         478
  C:5165H         LINE#         479
  C:5167H         LINE#         480
  C:5169H         LINE#         481
  C:516BH         LINE#         486
  C:516DH         LINE#         487
  C:516FH         LINE#         488
  C:5171H         LINE#         494
  C:5183H         LINE#         499
  C:518DH         LINE#         504
  C:5191H         LINE#         510
  C:5194H         LINE#         511
  C:5196H         LINE#         512
  C:5198H         LINE#         513
  C:519AH         LINE#         514
  C:519CH         LINE#         516
  C:519EH         LINE#         518
  C:519EH         LINE#         519
  C:51B2H         LINE#         520
  C:51B2H         LINE#         521
  C:51BEH         LINE#         522
BL51 BANKED LINKER/LOCATER V6.22.2.0                                                  07/27/2021  14:31:11  PAGE 98


  C:51C6H         LINE#         523
  C:51C6H         LINE#         528
  C:51CCH         LINE#         530
  C:51DFH         LINE#         531
  C:51DFH         LINE#         532
  C:51F4H         LINE#         533
  C:51FCH         LINE#         534
  C:5204H         LINE#         537
  C:5206H         LINE#         538
  C:520BH         LINE#         539
  C:521AH         LINE#         540
  C:5225H         LINE#         541
  C:522BH         LINE#         543
  -------         ENDPROC       _WR_MF
  -------         ENDMOD        LINTECH

  -------         MODULE        ?C?FPADD
  C:0BF2H         PUBLIC        ?C?FPADD
  C:0BEEH         PUBLIC        ?C?FPSUB
  -------         ENDMOD        ?C?FPADD

  -------         MODULE        ?C?FPMUL
  C:0CE3H         PUBLIC        ?C?FPMUL
  -------         ENDMOD        ?C?FPMUL

  -------         MODULE        ?C?FCAST
  C:0DF3H         PUBLIC        ?C?FCASTC
  C:0DEEH         PUBLIC        ?C?FCASTI
  C:0DE9H         PUBLIC        ?C?FCASTL
  -------         ENDMOD        ?C?FCAST

  -------         MODULE        ?C?CASTF
  C:0E27H         PUBLIC        ?C?CASTF
  -------         ENDMOD        ?C?CASTF

  -------         MODULE        PRINTF
  X:006DH         PUBLIC        ?_PRINTF?BYTE
  X:006DH         PUBLIC        ?_SPRINTF?BYTE
  C:2DCCH         PUBLIC        _PRINTF
  C:2DC6H         PUBLIC        _SPRINTF
  -------         ENDMOD        PRINTF

  -------         MODULE        POW
  X:001DH         PUBLIC        ?_pow?BYTE
  C:4CB6H         PUBLIC        _pow
  -------         ENDMOD        POW

  -------         MODULE        ?C?CHKFLOAT
  C:0EA8H         PUBLIC        ?C?CHKFLOAT
  -------         ENDMOD        ?C?CHKFLOAT

  -------         MODULE        ?C?FPCMP
  C:0EC4H         PUBLIC        ?C?FPCMP
  C:0EC2H         PUBLIC        ?C?FPCMP3
  -------         ENDMOD        ?C?FPCMP

  -------         MODULE        ?C?FPNEG
BL51 BANKED LINKER/LOCATER V6.22.2.0                                                  07/27/2021  14:31:11  PAGE 99


  C:0F3BH         PUBLIC        ?C?FPNEG
  -------         ENDMOD        ?C?FPNEG

  -------         MODULE        ?C?FPROUND
  C:0F4CH         PUBLIC        ?C?FPROUND
  -------         ENDMOD        ?C?FPROUND

  -------         MODULE        ?C?FPCONVERT
  C:0F89H         PUBLIC        ?C?FPCONVERT
  -------         ENDMOD        ?C?FPCONVERT

  -------         MODULE        EXP
  C:6BC6H         PUBLIC        _EXP
  -------         ENDMOD        EXP

  -------         MODULE        LOG
  C:54DEH         PUBLIC        _LOG
  C:54DAH         PUBLIC        _LOG10
  -------         ENDMOD        LOG

  -------         MODULE        ?C?FPDIV
  C:1091H         PUBLIC        ?C?FPDIV
  -------         ENDMOD        ?C?FPDIV

  -------         MODULE        ?C?FTNPWR
  C:115EH         PUBLIC        ?C?FTNPWR
  -------         ENDMOD        ?C?FTNPWR

  -------         MODULE        ?C?COPY
  C:12BBH         PUBLIC        ?C?COPY
  -------         ENDMOD        ?C?COPY

  -------         MODULE        ?C?CLDPTR
  C:12E1H         PUBLIC        ?C?CLDPTR
  -------         ENDMOD        ?C?CLDPTR

  -------         MODULE        ?C?CLDOPTR
  C:12FAH         PUBLIC        ?C?CLDOPTR
  -------         ENDMOD        ?C?CLDOPTR

  -------         MODULE        ?C?CSTPTR
  C:1327H         PUBLIC        ?C?CSTPTR
  -------         ENDMOD        ?C?CSTPTR

  -------         MODULE        ?C?CSTOPTR
  C:1339H         PUBLIC        ?C?CSTOPTR
  -------         ENDMOD        ?C?CSTOPTR

  -------         MODULE        ?C?UIDIV
  C:135BH         PUBLIC        ?C?UIDIV
  -------         ENDMOD        ?C?UIDIV

  -------         MODULE        ?C?IILDX
  C:13B0H         PUBLIC        ?C?IILDX
  -------         ENDMOD        ?C?IILDX

  -------         MODULE        ?C?LNEG
BL51 BANKED LINKER/LOCATER V6.22.2.0                                                  07/27/2021  14:31:11  PAGE 100


  C:13C6H         PUBLIC        ?C?LNEG
  -------         ENDMOD        ?C?LNEG

  -------         MODULE        ?C?LLDCODE
  C:13D4H         PUBLIC        ?C?LLDCODE
  -------         ENDMOD        ?C?LLDCODE

  -------         MODULE        ?C?LLDXDATA0
  C:13E4H         PUBLIC        ?C?LLDXDATA0
  -------         ENDMOD        ?C?LLDXDATA0

  -------         MODULE        ?C?LLDCODE0
  C:13F0H         PUBLIC        ?C?LLDCODE0
  -------         ENDMOD        ?C?LLDCODE0

  -------         MODULE        ?C?LSTXDATA
  C:1400H         PUBLIC        ?C?LSTXDATA
  -------         ENDMOD        ?C?LSTXDATA

  -------         MODULE        ?C?LSTKXDATA
  C:140CH         PUBLIC        ?C?LSTKXDATA
  -------         ENDMOD        ?C?LSTKXDATA

  -------         MODULE        ?C?PLDIXDATA
  C:143DH         PUBLIC        ?C?PLDIXDATA
  -------         ENDMOD        ?C?PLDIXDATA

  -------         MODULE        ?C?PSTXDATA
  C:1454H         PUBLIC        ?C?PSTXDATA
  -------         ENDMOD        ?C?PSTXDATA

  -------         MODULE        ?C?CCASE
  C:145DH         PUBLIC        ?C?CCASE
  -------         ENDMOD        ?C?CCASE

  -------         MODULE        STRCAT
  X:005DH         PUBLIC        ?_strcat?BYTE
  C:7615H         PUBLIC        _strcat
  -------         ENDMOD        STRCAT

  -------         MODULE        ?C?STRCMP
  C:1601H         PUBLIC        ?C?STRCMP
  -------         ENDMOD        ?C?STRCMP

  -------         MODULE        ?C?STRCPY
  C:16EAH         PUBLIC        ?C?STRCPY
  -------         ENDMOD        ?C?STRCPY

  -------         MODULE        STRLEN
  C:000EH         PUBLIC        _STRLEN
  -------         ENDMOD        STRLEN

  -------         MODULE        STRTOK
  X:0068H         PUBLIC        ?_strtok?BYTE
  C:5ECDH         PUBLIC        _strtok
  -------         ENDMOD        STRTOK

BL51 BANKED LINKER/LOCATER V6.22.2.0                                                  07/27/2021  14:31:11  PAGE 101


  -------         MODULE        ATOI
  C:5FB1H         PUBLIC        _atoi
  -------         ENDMOD        ATOI

  -------         MODULE        ?C?IMUL
  C:1707H         PUBLIC        ?C?IMUL
  -------         ENDMOD        ?C?IMUL

  -------         MODULE        ?C?ILDIX
  C:1719H         PUBLIC        ?C?ILDIX
  -------         ENDMOD        ?C?ILDIX

  -------         MODULE        ISDIGIT
  C:8102H         PUBLIC        _isdigit
  -------         ENDMOD        ISDIGIT

  -------         MODULE        ISSPACE
  C:8062H         PUBLIC        _isspace
  -------         ENDMOD        ISSPACE

  -------         MODULE        STRSPN
  X:006EH         PUBLIC        ?_strspn?BYTE
  C:71AEH         PUBLIC        _strspn
  -------         ENDMOD        STRSPN

  -------         MODULE        STRPBRK
  X:006EH         PUBLIC        ?_strpbrk?BYTE
  C:7232H         PUBLIC        _strpbrk
  -------         ENDMOD        STRPBRK

Program Size: data=119.6 xdata=438 code=33150
LINK/LOCATE RUN COMPLETE.  0 WARNING(S),  0 ERROR(S)
