BL51 BANKED LINKER/LOCATER V6.22.2.0                                                    11/19/2021  12:02:58  PAGE 1


BL51 BANKED LINKER/LOCATER V6.22.2.0, INVOKED BY:
C:\KEIL_V5\C51\BIN\BL51.EXE .\Objects\main.obj, .\Objects\Accescan.obj, .\Objects\Clock.obj, .\Objects\delay.obj, .\Obje
>> cts\eeprom.obj, .\Objects\io_sensores.obj, .\Objects\pantallas.obj, .\Objects\prog.obj, .\Objects\pto_paralelo.obj, .
>> \Objects\tibbo.obj, .\Objects\uart.obj, .\Objects\verificador.obj, .\Objects\lintech.obj TO .\Objects\verificador_v_1
>> 04_raspberry PRINT (.\Listings\verificador_v_104_raspberry.m51) RAMSIZE (256)


MEMORY MODEL: LARGE WITH FLOATING POINT ARITHMETIC


INPUT MODULES INCLUDED:
  .\Objects\main.obj (MAIN)
  .\Objects\Accescan.obj (ACCESCAN)
  .\Objects\Clock.obj (CLOCK)
  .\Objects\delay.obj (DELAY)
  .\Objects\eeprom.obj (EEPROM)
  .\Objects\io_sensores.obj (IO_SENSORES)
  .\Objects\pantallas.obj (PANTALLAS)
  .\Objects\prog.obj (PROG)
  .\Objects\pto_paralelo.obj (PTO_PARALELO)
  .\Objects\tibbo.obj (TIBBO)
  .\Objects\uart.obj (UART)
  .\Objects\verificador.obj (VERIFICADOR)
  .\Objects\lintech.obj (LINTECH)
  C:\KEIL_V5\C51\LIB\C51FPL.LIB (?C?FPADD)
  C:\KEIL_V5\C51\LIB\C51FPL.LIB (?C?FPMUL)
  C:\KEIL_V5\C51\LIB\C51FPL.LIB (?C?FCAST)
  C:\KEIL_V5\C51\LIB\C51FPL.LIB (?C?CASTF)
  C:\KEIL_V5\C51\LIB\C51FPL.LIB (PRINTF)
  C:\KEIL_V5\C51\LIB\C51FPL.LIB (POW)
  C:\KEIL_V5\C51\LIB\C51FPL.LIB (?C?FPGETOPN)
  C:\KEIL_V5\C51\LIB\C51FPL.LIB (?C?CHKFLOAT)
  C:\KEIL_V5\C51\LIB\C51FPL.LIB (?C?FPCMP)
  C:\KEIL_V5\C51\LIB\C51FPL.LIB (?C?FPNEG)
  C:\KEIL_V5\C51\LIB\C51FPL.LIB (?C?FPROUND)
  C:\KEIL_V5\C51\LIB\C51FPL.LIB (?C?FPCONVERT)
  C:\KEIL_V5\C51\LIB\C51FPL.LIB (EXP)
  C:\KEIL_V5\C51\LIB\C51FPL.LIB (LOG)
  C:\KEIL_V5\C51\LIB\C51FPL.LIB (?C?FPDIV)
  C:\KEIL_V5\C51\LIB\C51FPL.LIB (?C?FTNPWR)
  C:\KEIL_V5\C51\LIB\C51FPL.LIB (?C?FPSERIES)
  C:\KEIL_V5\C51\LIB\C51L.LIB (?C_STARTUP)
  C:\KEIL_V5\C51\LIB\C51L.LIB (?C?COPY)
  C:\KEIL_V5\C51\LIB\C51L.LIB (?C?CLDPTR)
  C:\KEIL_V5\C51\LIB\C51L.LIB (?C?CLDOPTR)
  C:\KEIL_V5\C51\LIB\C51L.LIB (?C?CSTPTR)
  C:\KEIL_V5\C51\LIB\C51L.LIB (?C?CSTOPTR)
  C:\KEIL_V5\C51\LIB\C51L.LIB (?C?IMUL)
  C:\KEIL_V5\C51\LIB\C51L.LIB (?C?UIDIV)
  C:\KEIL_V5\C51\LIB\C51L.LIB (?C?IILDX)
  C:\KEIL_V5\C51\LIB\C51L.LIB (?C?LNEG)
  C:\KEIL_V5\C51\LIB\C51L.LIB (?C?ULCMP)
  C:\KEIL_V5\C51\LIB\C51L.LIB (?C?LLDCODE)
  C:\KEIL_V5\C51\LIB\C51L.LIB (?C?LLDXDATA0)
  C:\KEIL_V5\C51\LIB\C51L.LIB (?C?LLDCODE0)
  C:\KEIL_V5\C51\LIB\C51L.LIB (?C?LSTXDATA)
  C:\KEIL_V5\C51\LIB\C51L.LIB (?C?LSTKXDATA)
  C:\KEIL_V5\C51\LIB\C51L.LIB (?C?PLDIXDATA)
BL51 BANKED LINKER/LOCATER V6.22.2.0                                                  11/19/2021  12:02:58  PAGE 2


  C:\KEIL_V5\C51\LIB\C51L.LIB (?C?PSTXDATA)
  C:\KEIL_V5\C51\LIB\C51L.LIB (?C?CCASE)
  C:\KEIL_V5\C51\LIB\C51L.LIB (STRCAT)
  C:\KEIL_V5\C51\LIB\C51L.LIB (?C?STRCMP)
  C:\KEIL_V5\C51\LIB\C51L.LIB (?C?STRCPY)
  C:\KEIL_V5\C51\LIB\C51L.LIB (STRLEN)
  C:\KEIL_V5\C51\LIB\C51L.LIB (STRTOK)
  C:\KEIL_V5\C51\LIB\C51L.LIB (ATOI)
  C:\KEIL_V5\C51\LIB\C51L.LIB (MALLOC)
  C:\KEIL_V5\C51\LIB\C51L.LIB (INIT_MEM)
  C:\KEIL_V5\C51\LIB\C51L.LIB (FREE)
  C:\KEIL_V5\C51\LIB\C51L.LIB (?C_INIT)
  C:\KEIL_V5\C51\LIB\C51L.LIB (?C?ILDIX)
  C:\KEIL_V5\C51\LIB\C51L.LIB (ISDIGIT)
  C:\KEIL_V5\C51\LIB\C51L.LIB (ISSPACE)
  C:\KEIL_V5\C51\LIB\C51L.LIB (STRSPN)
  C:\KEIL_V5\C51\LIB\C51L.LIB (STRPBRK)


LINK MAP OF MODULE:  .\Objects\verificador_v_104_raspberry (MAIN)


            TYPE    BASE      LENGTH    RELOCATION   SEGMENT NAME
            -----------------------------------------------------

            * * * * * * *   D A T A   M E M O R Y   * * * * * * *
            REG     0000H     0008H     ABSOLUTE     "REG BANK 0"
            DATA    0008H     0005H     UNIT         _DATA_GROUP_
            DATA    000DH     0004H     UNIT         ?DT?UART
            IDATA   0011H     0009H     UNIT         ?ID?ACCESCAN
                    001AH     0006H                  *** GAP ***
            BIT     0020H.0   0001H.1   UNIT         _BIT_GROUP_
            BIT     0021H.1   0000H.3   UNIT         ?BI?MAIN
            BIT     0021H.4   0000H.2   UNIT         ?BI?UART
            BIT     0021H.6   0000H.1   UNIT         ?BI?EEPROM
                    0021H.7   0000H.1                *** GAP ***
            IDATA   0022H     0064H     UNIT         ?ID?MAIN
            IDATA   0086H     0001H     UNIT         ?STACK

            * * * * * * *  X D A T A   M E M O R Y  * * * * * * *
            XDATA   0000H     00E4H     UNIT         _XDATA_GROUP_
            XDATA   00E4H     0070H     UNIT         ?XD?MAIN
            XDATA   0154H     0066H     UNIT         ?XD?VERIFICADOR
            XDATA   01BAH     0051H     UNIT         ?XD?PANTALLAS
            XDATA   020BH     0051H     UNIT         ?XD?PROG
            XDATA   025CH     001EH     UNIT         ?XD?PTO_PARALELO
            XDATA   027AH     0008H     UNIT         ?XD?INIT_MEM
            XDATA   0282H     0003H     UNIT         ?XD?EEPROM
            XDATA   0285H     0003H     UNIT         ?XD?UART
            XDATA   0288H     0003H     UNIT         ?XD?STRTOK
            XDATA   028BH     0002H     UNIT         ?XD?ACCESCAN
            XDATA   028DH     0001H     UNIT         ?XD?CLOCK
            XDATA   028EH     0001H     UNIT         ?XD?IO_SENSORES

            * * * * * * *   C O D E   M E M O R Y   * * * * * * *
            CODE    0000H     0003H     ABSOLUTE     
            CODE    0003H     0008H     UNIT         ?PR?P_CK?CLOCK
BL51 BANKED LINKER/LOCATER V6.22.2.0                                                  11/19/2021  12:02:58  PAGE 3


            CODE    000BH     0003H     ABSOLUTE     
            CODE    000EH     0015H     UNIT         ?PR?_STRLEN?STRLEN
            CODE    0023H     0003H     ABSOLUTE     
            CODE    0026H     116CH     UNIT         ?CO?PROG
            CODE    1192H     0C36H     UNIT         ?PR?SECUENCIAEXPEDIDOR?VERIFICADOR
            CODE    1DC8H     0B55H     UNIT         ?C?LIB_CODE
            CODE    291DH     0775H     UNIT         ?CO?VERIFICADOR
            CODE    3092H     0537H     UNIT         ?PR?_ANALIZA_TIEMPO?CLOCK
            CODE    35C9H     0494H     UNIT         ?CO?PANTALLAS
            CODE    3A5DH     0483H     UNIT         ?PR?PRINTF?PRINTF
            CODE    3EE0H     041DH     UNIT         ?PR?_VALIDA_TRAMA_PTO?ACCESCAN
            CODE    42FDH     03D5H     UNIT         ?PR?_PANTALLALCD?PANTALLAS
            CODE    46D2H     038EH     UNIT         ?PR?VER_PROG?PROG
            CODE    4A60H     02D0H     UNIT         ?PR?_TWO_BYTEHEX_DECIMAL?CLOCK
            CODE    4D30H     02CDH     UNIT         ?PR?_TRAMA_PTO_PARALELO_NEW?PTO_PARALELO
            CODE    4FFDH     02B7H     UNIT         ?PR?_PROG_HORARIO_DIAS?PROG
            CODE    52B4H     021AH     UNIT         ?PR?MENU?PROG
            CODE    54CEH     020FH     UNIT         ?PR?_HASH_ID?PROG
            CODE    56DDH     0201H     UNIT         ?PR?_RESPONDE_LECTURA_TARJETA_SECTOR1_BLOQUE2?VERIFICADOR
            CODE    58DEH     01FAH     UNIT         ?PR?_PROG_HORARIO_DESDE_HASTA?PROG
            CODE    5AD8H     01F5H     UNIT         ?PR?PROG_FECHA_VENCIMIENTO?PROG
            CODE    5CCDH     01CFH     UNIT         ?PR?_BLOCK_READ_CLOCK_ASCII_RASBERRY?CLOCK
            CODE    5E9CH     01B3H     UNIT         ?PR?COM_ISR?UART
            CODE    604FH     01A6H     UNIT         ?PR?_CMD_LPR_SALIDA?ACCESCAN
            CODE    61F5H     017BH     UNIT         ?PR?_RESPONDE_LECTURA_TARJETA_SECTOR1_BLOQUE1?VERIFICADOR
            CODE    6370H     017BH     UNIT         ?PR?_WR_MF?LINTECH
            CODE    64EBH     0179H     UNIT         ?PR?_CHECK_FECHAOUT?CLOCK
            CODE    6664H     016FH     UNIT         ?PR?_BLOCK_READ_CLOCK_ASCII?CLOCK
            CODE    67D3H     0166H     UNIT         ?PR?_POW?POW
            CODE    6939H     0161H     UNIT         ?CO?LINTECH
            CODE    6A9AH     0145H     UNIT         ?PR?PROG_HORARIOS?PROG
            CODE    6BDFH     0142H     UNIT         ?PR?_PANTALLALCD_LINEA_2?PANTALLAS
            CODE    6D21H     0140H     UNIT         ?PR?SECUENCIA_INICIO_EXPEDIDOR?VERIFICADOR
            CODE    6E61H     013FH     UNIT         ?PR?_FREE?FREE
            CODE    6FA0H     013EH     UNIT         ?PR?PROG_SIN_COBRO?PROG
            CODE    70DEH     0137H     UNIT         ?PR?VER_HORARIO?PROG
            CODE    7215H     0129H     UNIT         ?PR?LOG?LOG
            CODE    733EH     0128H     UNIT         ?PR?_VER_HORARIO_DIAS?PROG
            CODE    7466H     011AH     UNIT         ?PR?_PROG_HORARIOS_ON_OFF?PROG
            CODE    7580H     0119H     UNIT         ?PR?_VER_HORARIO_DESDE_HASTA?PROG
            CODE    7699H     0115H     UNIT         ?PR?_VALIDAR_CLK?CLOCK
            CODE    77AEH     0110H     UNIT         ?PR?LOAD_AND_SEND_ID_COD?PTO_PARALELO
            CODE    78BEH     010FH     UNIT         ?PR?_RESPONDE_LECTURA_TARJETA_SECTOR1_BLOQUE0?VERIFICADOR
            CODE    79CDH     0103H     UNIT         ?PR?_BLOQUE_HORARIO?VERIFICADOR
            CODE    7AD0H     00FFH     UNIT         ?PR?_TRAMA_PTO_PARALELO_P?PTO_PARALELO
            CODE    7BCFH     00FEH     UNIT         ?PR?_ARMAR_TRAMA_PTO_PARALELO_EXPEDIDOR_MENSUAL?VERIFICADOR
            CODE    7CCDH     00FCH     UNIT         ?PR?PROG_DEBUG?PROG
            CODE    7DC9H     00FCH     UNIT         ?PR?PROG_USE_LPR?PROG
            CODE    7EC5H     00FCH     UNIT         ?PR?PROG_COMPARACION_ACTIVA?PROG
            CODE    7FC1H     00FCH     UNIT         ?PR?TIPO_PANTALLA?PROG
            CODE    80BDH     00FCH     UNIT         ?PR?DCTO_CAJA?PROG
            CODE    81B9H     00FCH     UNIT         ?PR?PROG_APB_MENSUAL?PROG
            CODE    82B5H     00F5H     UNIT         ?PR?_HORARIOS?VERIFICADOR
            CODE    83AAH     00EAH     UNIT         ?PR?_MOV_CARD?LINTECH
            CODE    8494H     00E4H     UNIT         ?PR?_STRTOK?STRTOK
            CODE    8578H     00DEH     UNIT         ?PR?PROG_ADDRESS_HIGH_BOARD?PROG
            CODE    8656H     00DBH     UNIT         ?PR?_ATOI?ATOI
BL51 BANKED LINKER/LOCATER V6.22.2.0                                                  11/19/2021  12:02:58  PAGE 4


            CODE    8731H     00D7H     UNIT         ?PR?_ANALIZA_UID_CARD?VERIFICADOR
            CODE    8808H     00D6H     UNIT         ?PR?_CMD_LPR_SALIDA_WIEGAND?ACCESCAN
            CODE    88DEH     00D1H     UNIT         ?PR?_MALLOC?MALLOC
            CODE    89AFH     00C6H     UNIT         ?C_INITSEG
            CODE    8A75H     00C5H     UNIT         ?PR?_BLOCK_READ_CLOCK?CLOCK
            CODE    8B3AH     00C3H     UNIT         ?PR?_RD_MF?LINTECH
            CODE    8BFDH     00BDH     UNIT         ?PR?PROG_COD_PARK?PROG
            CODE    8CBAH     00BDH     UNIT         ?PR?PROG_TIEMPO_GRACIA?PROG
            CODE    8D77H     00BBH     UNIT         ?PR?_CHECK_FECHAOUT_2?CLOCK
            CODE    8E32H     00B6H     UNIT         ?PR?PROG_ID_CLIENTE?PROG
            CODE    8EE8H     00B4H     UNIT         ?PR?_SEND_PORT?PTO_PARALELO
            CODE    8F9CH     00AFH     UNIT         ?PR?ERROR_RX_PTO?VERIFICADOR
            CODE    904BH     00ACH     UNIT         ?PR?_HORA_MAXIMA?VERIFICADOR
            CODE    90F7H     00A9H     UNIT         ?PR?DWLOAD_EEPROM?LINTECH
            CODE    91A0H     00A7H     UNIT         ?PR?_BLOCK_READ_CLOCK_HEX?CLOCK
            CODE    9247H     00A6H     UNIT         ?PR?_DEBUG_FECHA_ACTUAL?TIBBO
            CODE    92EDH     00A0H     UNIT         ?CO?IO_SENSORES
            CODE    938DH     00A0H     UNIT         ?CO?TIBBO
            CODE    942DH     009DH     UNIT         ?PR?_INICIALIZA?LINTECH
            CODE    94CAH     009CH     UNIT         ?PR?_RECIBE_PORT?PTO_PARALELO
            CODE    9566H     009AH     UNIT         ?PR?EXP?EXP
            CODE    9600H     0095H     UNIT         ?PR?_RECIBE_CMD_MONITOR?ACCESCAN
            CODE    9695H     0091H     UNIT         ?PR?_HEX_ASCII?CLOCK
            CODE    9726H     0091H     UNIT         ?PR?_CARD_INSERCION?LINTECH
            CODE    97B7H     0091H     UNIT         ?PR?LOADVERIFY_EEPROM?LINTECH
            CODE    9848H     0090H     UNIT         ?PR?_GETOPTION?PROG
            CODE    98D8H     008FH     UNIT         ?PR?_LEE_CLK?CLOCK
            CODE    9967H     008FH     UNIT         ?PR?_BLOCK_WRITE_CLOCK_ASCII?CLOCK
            CODE    99F6H     008CH     UNIT         ?C_C51STARTUP
            CODE    9A82H     008AH     UNIT         ?PR?_EN_HORARIO?VERIFICADOR
            CODE    9B0CH     0088H     UNIT         ?PR?_SEND_PORTERR?PTO_PARALELO
            CODE    9B94H     0088H     UNIT         ?PR?RX_DATA?TIBBO
            CODE    9C1CH     0088H     UNIT         ?PR?UNIQUE_IDENTIFIER_UID?LINTECH
            CODE    9CA4H     0087H     UNIT         ?PR?SHOW?PROG
            CODE    9D2BH     0085H     UNIT         ?PR?MAIN?MAIN
            CODE    9DB0H     0084H     UNIT         ?PR?_STRSPN?STRSPN
            CODE    9E34H     0081H     UNIT         ?PR?_STRPBRK?STRPBRK
            CODE    9EB5H     0080H     UNIT         ?PR?MSJ_LCD_INFORMATIVO?IO_SENSORES
            CODE    9F35H     0080H     UNIT         ?PR?_INGRESADATO?PROG
            CODE    9FB5H     0080H     UNIT         ?PR?AUT_CARD_CHECK_STATUS?LINTECH
            CODE    A035H     0080H     UNIT         ?PR?POWER_OFF?LINTECH
            CODE    A0B5H     007CH     UNIT         ?PR?_CHECK_STATUS?LINTECH
            CODE    A131H     0073H     UNIT         ?PR?VALIDASENSORESPASO?IO_SENSORES
            CODE    A1A4H     0073H     UNIT         ?PR?_DEBUGBUFFERMF?TIBBO
            CODE    A217H     006FH     UNIT         ?PR?_ESCRIBIRMEMORIA?EEPROM
            CODE    A286H     006DH     UNIT         ?PR?VALIDAR_PAGO?VERIFICADOR
            CODE    A2F3H     006BH     UNIT         ?PR?_VALIDA_MISMO_DIA?VERIFICADOR
            CODE    A35EH     006BH     UNIT         ?PR?_STRCAT?STRCAT
            CODE    A3C9H     006AH     UNIT         ?PR?RELOJ_PANTALLA_LCD?PANTALLAS
            CODE    A433H     0066H     UNIT         ?PR?_LEERMEMORIA?EEPROM
            CODE    A499H     0062H     UNIT         ?PR?_LISTACOMANDOS?PROG
            CODE    A4FBH     005EH     UNIT         ?PR?_BYTEHEX_DECIMAL?CLOCK
            CODE    A559H     0059H     UNIT         ?PR?_RASPBERRY_DATA?PANTALLAS
            CODE    A5B2H     0056H     UNIT         ?PR?_WR_EEPROM?EEPROM
            CODE    A608H     0056H     UNIT         ?PR?VARIABLE_INICIO?EEPROM
            CODE    A65EH     004DH     UNIT         ?PR?L_D_M?EEPROM
            CODE    A6ABH     004BH     UNIT         ?PR?_TX_AUX?TIBBO
BL51 BANKED LINKER/LOCATER V6.22.2.0                                                  11/19/2021  12:02:58  PAGE 5


            CODE    A6F6H     0048H     UNIT         ?PR?FIRST_CLAVE?PROG
            CODE    A73EH     0048H     UNIT         ?PR?_DEBUG_PTO_PARALELO?TIBBO
            CODE    A786H     0047H     UNIT         ?PR?_DEBUG_CHR_TIBBO?TIBBO
            CODE    A7CDH     0046H     UNIT         ?PR?_ESCRIBIRCADENASOFT_BUFFER?MAIN
            CODE    A813H     0046H     UNIT         ?PR?_LCD_TXT_NUM_CHAR?PANTALLAS
            CODE    A859H     0046H     UNIT         ?PR?_DEBUG_HEXDEC?TIBBO
            CODE    A89FH     0044H     UNIT         ?PR?_LCD_TXT?PANTALLAS
            CODE    A8E3H     0044H     UNIT         ?PR?_DEBUG_TXT_TIBBO?TIBBO
            CODE    A927H     0043H     UNIT         ?PR?DIR_BOARD?IO_SENSORES
            CODE    A96AH     0042H     UNIT         ?PR?_VALIDARCLAVE?PROG
            CODE    A9ACH     0041H     UNIT         ?PR?_MONITOR_CHR?ACCESCAN
            CODE    A9EDH     0041H     UNIT         ?PR?_TWO_ONE?CLOCK
            CODE    AA2EH     0040H     UNIT         ?PR?_GETCMD?PROG
            CODE    AA6EH     003FH     UNIT         ?PR?_EB_CLK?CLOCK
            CODE    AAADH     003EH     UNIT         ?PR?_PUTCHAR?MAIN
            CODE    AAEBH     003DH     UNIT         ?PR?_HEX_BCD?CLOCK
            CODE    AB28H     003DH     UNIT         ?PR?_RD_EEPROM?EEPROM
            CODE    AB65H     003CH     UNIT         ?PR?_INIT_MEMPOOL?INIT_MEM
            CODE    ABA1H     003BH     UNIT         ?CO?ACCESCAN
            CODE    ABDCH     003BH     UNIT         ?PR?_COM_PUTCHAR?UART
            CODE    AC17H     003AH     UNIT         ?PR?_DELAY_10MS?DELAY
            CODE    AC51H     0037H     UNIT         ?PR?TIMER0_INT?MAIN
            CODE    AC88H     0036H     UNIT         ?PR?FORMATO_EEPROM?EEPROM
            CODE    ACBEH     0034H     UNIT         ?PR?ADDR_HORARIOS?PROG
            CODE    ACF2H     002CH     UNIT         ?PR?LOAD_AND_SEND_INFO_RELOJ?PTO_PARALELO
            CODE    AD1EH     002AH     UNIT         ?PR?COM_INITIALIZE?UART
            CODE    AD48H     0028H     UNIT         ?PR?_WR_CLK?CLOCK
            CODE    AD70H     0028H     UNIT         ?PR?COM_BAUDRATE?UART
            CODE    AD98H     0027H     UNIT         ?PR?_TX_CHRLCD?PANTALLAS
            CODE    ADBFH     0026H     UNIT         ?PR?COM_GETCHAR?UART
            CODE    ADE5H     0024H     UNIT         ?PR?TRAMA_VALIDACION_P_N?VERIFICADOR
            CODE    AE09H     0022H     UNIT         ?PR?_E_D_M?EEPROM
            CODE    AE2BH     0020H     UNIT         ?PR?ACKD?EEPROM
            CODE    AE4BH     0020H     UNIT         ?PR?ACK_LECT?EEPROM
            CODE    AE6BH     001FH     UNIT         ?PR?VALIDASENSOR?IO_SENSORES
            CODE    AE8AH     001FH     UNIT         ?PR?VALIDASENSORES_OUT?IO_SENSORES
            CODE    AEA9H     001FH     UNIT         ?PR?TIME_BIT?TIBBO
            CODE    AEC8H     001EH     UNIT         ?PR?_BCD_HEX?CLOCK
            CODE    AEE6H     001DH     UNIT         ?CO?PTO_PARALELO
            CODE    AF03H     001BH     UNIT         ?PR?_DELAY_1MS?DELAY
            CODE    AF1EH     0017H     UNIT         ?PR?DISPLAYCURSOR?PROG
            CODE    AF35H     0017H     UNIT         ?PR?TIME_MBIT?TIBBO
            CODE    AF4CH     0016H     UNIT         ?PR?DIR_BOARD_MONITOR?IO_SENSORES
            CODE    AF62H     0014H     UNIT         ?PR?_ISSPACE?ISSPACE
            CODE    AF76H     0012H     UNIT         ?PR?_DELAY_20US?DELAY
            CODE    AF88H     0012H     UNIT         ?PR?START?EEPROM
            CODE    AF9AH     0012H     UNIT         ?PR?PULSO_BUS?PTO_PARALELO
            CODE    AFACH     0012H     UNIT         ?PR?COM_RBUFLEN?UART
            CODE    AFBEH     0012H     UNIT         ?PR?COM_TBUFLEN?UART
            CODE    AFD0H     0010H     UNIT         ?PR?INI_TIMER?MAIN
            CODE    AFE0H     0010H     UNIT         ?PR?INICIA_BOARD?MAIN
            CODE    AFF0H     000FH     UNIT         ?PR?_ISDIGIT?ISDIGIT
            CODE    AFFFH     000CH     UNIT         ?PR?_GETKEY?MAIN
            CODE    B00BH     000AH     UNIT         ?PR?COND_INI_PTO?PTO_PARALELO
            CODE    B015H     0009H     UNIT         ?PR?STOP?EEPROM
            CODE    B01EH     0009H     UNIT         ?PR?DEBUG_DIVIDIR_TEXTO?TIBBO
            CODE    B027H     0007H     UNIT         ?PR?COND_INI_CLOCK?CLOCK
BL51 BANKED LINKER/LOCATER V6.22.2.0                                                  11/19/2021  12:02:58  PAGE 6


            CODE    B02EH     0007H     UNIT         ?PR?SEL_FUNCION?IO_SENSORES
            CODE    B035H     0007H     UNIT         ?PR?SEL_AUTO?IO_SENSORES
            CODE    B03CH     0007H     UNIT         ?PR?SEL_SENSOR2?IO_SENSORES
            CODE    B043H     0007H     UNIT         ?PR?SEL_SENSOR1?IO_SENSORES
            CODE    B04AH     0007H     UNIT         ?PR?SEL_DIR1?IO_SENSORES
            CODE    B051H     0007H     UNIT         ?PR?SEL_DIR2?IO_SENSORES
            CODE    B058H     0006H     UNIT         ?PR?P_ME?EEPROM
            CODE    B05EH     0005H     UNIT         ?PR?ON_TIMER0_INTERRUP?MAIN
            CODE    B063H     0005H     UNIT         ?PR?COND_INI_TIBBO?TIBBO
            CODE    B068H     0003H     UNIT         ?PR?OFF_TIMER0_INTERRUP?MAIN
            CODE    B06BH     0001H     UNIT         ?PR?DELAY?DELAY



OVERLAY MAP OF MODULE:   .\Objects\verificador_v_104_raspberry (MAIN)


SEGMENT                                             BIT_GROUP          DATA_GROUP          XDATA_GROUP
  +--> CALLED SEGMENT                            START    LENGTH     START    LENGTH     START    LENGTH
--------------------------------------------------------------------------------------------------------
?C_C51STARTUP                                    -----    -----      -----    -----      -----    -----
  +--> ?PR?MAIN?MAIN
  +--> ?C_INITSEG

?PR?MAIN?MAIN                                    -----    -----      -----    -----      0000H    0001H
  +--> ?PR?INI_TIMER?MAIN
  +--> ?PR?ON_TIMER0_INTERRUP?MAIN
  +--> ?PR?COM_INITIALIZE?UART
  +--> ?PR?COM_BAUDRATE?UART
  +--> ?PR?INICIA_BOARD?MAIN
  +--> ?PR?TIME_BIT?TIBBO
  +--> ?PR?_DELAY_20US?DELAY
  +--> ?PR?TIME_MBIT?TIBBO
  +--> ?PR?_TX_AUX?TIBBO
  +--> ?PR?SEL_FUNCION?IO_SENSORES
  +--> ?PR?MENU?PROG
  +--> ?PR?VARIABLE_INICIO?EEPROM
  +--> ?PR?SECUENCIA_INICIO_EXPEDIDOR?VERIFI...
  +--> ?PR?_RECIBE_CMD_MONITOR?ACCESCAN
  +--> ?PR?SECUENCIAEXPEDIDOR?VERIFICADOR
  +--> ?PR?_RECIBE_PORT?PTO_PARALELO
  +--> ?PR?_VALIDA_TRAMA_PTO?ACCESCAN
  +--> ?PR?_DEBUG_PTO_PARALELO?TIBBO
  +--> ?PR?MSJ_LCD_INFORMATIVO?IO_SENSORES

?PR?COM_INITIALIZE?UART                          -----    -----      -----    -----      -----    -----
  +--> ?PR?COM_BAUDRATE?UART

?PR?INICIA_BOARD?MAIN                            -----    -----      -----    -----      -----    -----
  +--> ?PR?COND_INI_TIBBO?TIBBO
  +--> ?PR?COND_INI_CLOCK?CLOCK
  +--> ?PR?COND_INI_PTO?PTO_PARALELO

?PR?_TX_AUX?TIBBO                                -----    -----      -----    -----      -----    -----
  +--> ?PR?TIME_BIT?TIBBO

?PR?MENU?PROG                                    -----    -----      -----    -----      0001H    0059H
BL51 BANKED LINKER/LOCATER V6.22.2.0                                                  11/19/2021  12:02:58  PAGE 7


  +--> ?CO?PROG
  +--> ?PR?PRINTF?PRINTF
  +--> ?PR?_RD_EEPROM?EEPROM
  +--> ?PR?FIRST_CLAVE?PROG
  +--> ?PR?_WR_EEPROM?EEPROM
  +--> ?PR?_LEERMEMORIA?EEPROM
  +--> ?PR?_HASH_ID?PROG
  +--> ?PR?_INGRESADATO?PROG
  +--> ?PR?_GETCMD?PROG
  +--> ?PR?_ESCRIBIRMEMORIA?EEPROM
  +--> ?PR?_VALIDARCLAVE?PROG
  +--> ?PR?DISPLAYCURSOR?PROG
  +--> ?PR?_STRLEN?STRLEN
  +--> ?PR?_GETOPTION?PROG
  +--> ?PR?_STRCAT?STRCAT
  +--> ?PR?_LISTACOMANDOS?PROG
  +--> ?PR?PROG_ID_CLIENTE?PROG
  +--> ?PR?PROG_COD_PARK?PROG
  +--> ?PR?PROG_TIEMPO_GRACIA?PROG
  +--> ?PR?PROG_SIN_COBRO?PROG
  +--> ?PR?PROG_DEBUG?PROG
  +--> ?PR?PROG_USE_LPR?PROG
  +--> ?PR?PROG_COMPARACION_ACTIVA?PROG
  +--> ?PR?TIPO_PANTALLA?PROG
  +--> ?PR?DCTO_CAJA?PROG
  +--> ?PR?PROG_APB_MENSUAL?PROG
  +--> ?PR?PROG_ADDRESS_HIGH_BOARD?PROG
  +--> ?PR?PROG_HORARIOS?PROG
  +--> ?PR?VER_PROG?PROG
  +--> ?PR?SHOW?PROG
  +--> ?PR?PROG_FECHA_VENCIMIENTO?PROG

?PR?PRINTF?PRINTF                                0020H.0  0001H.1    0008H    0005H      00B0H    0030H
  +--> ?PR?_PUTCHAR?MAIN

?PR?_PUTCHAR?MAIN                                -----    -----      -----    -----      00E0H    0003H
  +--> ?PR?_COM_PUTCHAR?UART

?PR?_COM_PUTCHAR?UART                            -----    -----      -----    -----      00E3H    0001H
  +--> ?PR?COM_TBUFLEN?UART

?PR?_RD_EEPROM?EEPROM                            -----    -----      -----    -----      -----    -----
  +--> ?PR?START?EEPROM
  +--> ?PR?ACK_LECT?EEPROM
  +--> ?PR?_E_D_M?EEPROM
  +--> ?PR?ACKD?EEPROM
  +--> ?PR?L_D_M?EEPROM
  +--> ?PR?STOP?EEPROM

?PR?ACK_LECT?EEPROM                              -----    -----      -----    -----      -----    -----
  +--> ?PR?_E_D_M?EEPROM

?PR?_E_D_M?EEPROM                                -----    -----      -----    -----      -----    -----
  +--> ?PR?P_ME?EEPROM

?PR?ACKD?EEPROM                                  -----    -----      -----    -----      -----    -----
  +--> ?PR?_E_D_M?EEPROM
BL51 BANKED LINKER/LOCATER V6.22.2.0                                                  11/19/2021  12:02:58  PAGE 8



?PR?FIRST_CLAVE?PROG                             -----    -----      -----    -----      005AH    000BH
  +--> ?PR?_BLOCK_READ_CLOCK_ASCII?CLOCK
  +--> ?PR?_HASH_ID?PROG
  +--> ?PR?_ESCRIBIRMEMORIA?EEPROM

?PR?_BLOCK_READ_CLOCK_ASCII?CLOCK                -----    -----      -----    -----      0065H    0003H
  +--> ?PR?_LEE_CLK?CLOCK

?PR?_LEE_CLK?CLOCK                               -----    -----      -----    -----      00C5H    0003H
  +--> ?PR?_DELAY_20US?DELAY
  +--> ?PR?_EB_CLK?CLOCK
  +--> ?PR?P_CK?CLOCK

?PR?_EB_CLK?CLOCK                                -----    -----      -----    -----      00C8H    0003H
  +--> ?PR?P_CK?CLOCK

?PR?P_CK?CLOCK                                   -----    -----      -----    -----      -----    -----
  +--> ?PR?DELAY?DELAY

?PR?_HASH_ID?PROG                                -----    -----      -----    -----      0071H    003FH
  +--> ?CO?PROG
  +--> ?PR?_LEERMEMORIA?EEPROM
  +--> ?PR?_CHECK_FECHAOUT_2?CLOCK
  +--> ?PR?PRINTF?PRINTF
  +--> ?PR?_STRLEN?STRLEN

?PR?_LEERMEMORIA?EEPROM                          -----    -----      -----    -----      00B0H    0005H
  +--> ?PR?_RD_EEPROM?EEPROM

?PR?_CHECK_FECHAOUT_2?CLOCK                      -----    -----      -----    -----      00B0H    0012H
  +--> ?PR?_BLOCK_READ_CLOCK_HEX?CLOCK

?PR?_BLOCK_READ_CLOCK_HEX?CLOCK                  -----    -----      -----    -----      00C2H    0003H
  +--> ?PR?_LEE_CLK?CLOCK
  +--> ?PR?_BCD_HEX?CLOCK

?PR?_ESCRIBIRMEMORIA?EEPROM                      -----    -----      -----    -----      0071H    0005H
  +--> ?PR?_WR_EEPROM?EEPROM

?PR?_WR_EEPROM?EEPROM                            -----    -----      -----    -----      -----    -----
  +--> ?PR?START?EEPROM
  +--> ?PR?ACKD?EEPROM
  +--> ?PR?_E_D_M?EEPROM
  +--> ?PR?STOP?EEPROM
  +--> ?PR?_DELAY_1MS?DELAY
  +--> ?PR?_DELAY_20US?DELAY

?PR?_DELAY_1MS?DELAY                             -----    -----      -----    -----      -----    -----
  +--> ?PR?_DELAY_20US?DELAY

?PR?_INGRESADATO?PROG                            -----    -----      -----    -----      0085H    0004H
  +--> ?PR?_GETKEY?MAIN
  +--> ?CO?PROG
  +--> ?PR?PRINTF?PRINTF
  +--> ?PR?_PUTCHAR?MAIN

BL51 BANKED LINKER/LOCATER V6.22.2.0                                                  11/19/2021  12:02:58  PAGE 9


?PR?_GETKEY?MAIN                                 -----    -----      -----    -----      -----    -----
  +--> ?PR?COM_GETCHAR?UART

?PR?COM_GETCHAR?UART                             -----    -----      -----    -----      -----    -----
  +--> ?PR?COM_RBUFLEN?UART

?PR?_GETCMD?PROG                                 -----    -----      -----    -----      0071H    0007H
  +--> ?CO?PROG
  +--> ?PR?_STRTOK?STRTOK

?PR?_STRTOK?STRTOK                               -----    -----      -----    -----      0078H    0006H
  +--> ?PR?_STRSPN?STRSPN
  +--> ?PR?_STRPBRK?STRPBRK

?PR?_STRSPN?STRSPN                               -----    -----      -----    -----      007EH    0008H

?PR?_STRPBRK?STRPBRK                             -----    -----      -----    -----      007EH    0009H

?PR?_VALIDARCLAVE?PROG                           -----    -----      -----    -----      0071H    000AH

?PR?DISPLAYCURSOR?PROG                           -----    -----      -----    -----      -----    -----
  +--> ?CO?PROG
  +--> ?PR?PRINTF?PRINTF

?PR?_GETOPTION?PROG                              -----    -----      -----    -----      005AH    000BH
  +--> ?CO?PROG
  +--> ?PR?_STRTOK?STRTOK

?PR?_STRCAT?STRCAT                               -----    -----      -----    -----      005AH    0009H

?PR?_LISTACOMANDOS?PROG                          -----    -----      -----    -----      005AH    0007H

?PR?PROG_ID_CLIENTE?PROG                         -----    -----      -----    -----      005AH    000CH
  +--> ?PR?_RD_EEPROM?EEPROM
  +--> ?CO?PROG
  +--> ?PR?PRINTF?PRINTF
  +--> ?PR?_INGRESADATO?PROG
  +--> ?PR?_ATOI?ATOI
  +--> ?PR?_WR_EEPROM?EEPROM

?PR?_ATOI?ATOI                                   0020H.0  0000H.1    -----    -----      0085H    0005H
  +--> ?PR?_ISSPACE?ISSPACE
  +--> ?PR?_ISDIGIT?ISDIGIT

?PR?PROG_COD_PARK?PROG                           -----    -----      -----    -----      005AH    000CH
  +--> ?PR?_RD_EEPROM?EEPROM
  +--> ?CO?PROG
  +--> ?PR?PRINTF?PRINTF
  +--> ?PR?_INGRESADATO?PROG
  +--> ?PR?_ATOI?ATOI
  +--> ?PR?_WR_EEPROM?EEPROM

?PR?PROG_TIEMPO_GRACIA?PROG                      -----    -----      -----    -----      005AH    000CH
  +--> ?PR?_RD_EEPROM?EEPROM
  +--> ?CO?PROG
  +--> ?PR?PRINTF?PRINTF
  +--> ?PR?_INGRESADATO?PROG
BL51 BANKED LINKER/LOCATER V6.22.2.0                                                  11/19/2021  12:02:58  PAGE 10


  +--> ?PR?_ATOI?ATOI
  +--> ?PR?_WR_EEPROM?EEPROM

?PR?PROG_SIN_COBRO?PROG                          -----    -----      -----    -----      005AH    000CH
  +--> ?PR?_RD_EEPROM?EEPROM
  +--> ?CO?PROG
  +--> ?PR?PRINTF?PRINTF
  +--> ?PR?_INGRESADATO?PROG
  +--> ?PR?_ATOI?ATOI
  +--> ?PR?_WR_EEPROM?EEPROM

?PR?PROG_DEBUG?PROG                              -----    -----      -----    -----      005AH    000CH
  +--> ?PR?_RD_EEPROM?EEPROM
  +--> ?CO?PROG
  +--> ?PR?PRINTF?PRINTF
  +--> ?PR?_INGRESADATO?PROG
  +--> ?PR?_ATOI?ATOI
  +--> ?PR?_WR_EEPROM?EEPROM

?PR?PROG_USE_LPR?PROG                            -----    -----      -----    -----      005AH    000CH
  +--> ?PR?_RD_EEPROM?EEPROM
  +--> ?CO?PROG
  +--> ?PR?PRINTF?PRINTF
  +--> ?PR?_INGRESADATO?PROG
  +--> ?PR?_ATOI?ATOI
  +--> ?PR?_WR_EEPROM?EEPROM

?PR?PROG_COMPARACION_ACTIVA?PROG                 -----    -----      -----    -----      005AH    000CH
  +--> ?PR?_RD_EEPROM?EEPROM
  +--> ?CO?PROG
  +--> ?PR?PRINTF?PRINTF
  +--> ?PR?_INGRESADATO?PROG
  +--> ?PR?_ATOI?ATOI
  +--> ?PR?_WR_EEPROM?EEPROM

?PR?TIPO_PANTALLA?PROG                           -----    -----      -----    -----      005AH    000CH
  +--> ?PR?_RD_EEPROM?EEPROM
  +--> ?CO?PROG
  +--> ?PR?PRINTF?PRINTF
  +--> ?PR?_INGRESADATO?PROG
  +--> ?PR?_ATOI?ATOI
  +--> ?PR?_WR_EEPROM?EEPROM

?PR?DCTO_CAJA?PROG                               -----    -----      -----    -----      005AH    000CH
  +--> ?PR?_RD_EEPROM?EEPROM
  +--> ?CO?PROG
  +--> ?PR?PRINTF?PRINTF
  +--> ?PR?_INGRESADATO?PROG
  +--> ?PR?_ATOI?ATOI
  +--> ?PR?_WR_EEPROM?EEPROM

?PR?PROG_APB_MENSUAL?PROG                        -----    -----      -----    -----      005AH    000CH
  +--> ?PR?_RD_EEPROM?EEPROM
  +--> ?CO?PROG
  +--> ?PR?PRINTF?PRINTF
  +--> ?PR?_INGRESADATO?PROG
  +--> ?PR?_ATOI?ATOI
BL51 BANKED LINKER/LOCATER V6.22.2.0                                                  11/19/2021  12:02:58  PAGE 11


  +--> ?PR?_WR_EEPROM?EEPROM

?PR?PROG_ADDRESS_HIGH_BOARD?PROG                 -----    -----      -----    -----      005AH    000CH
  +--> ?PR?_RD_EEPROM?EEPROM
  +--> ?CO?PROG
  +--> ?PR?PRINTF?PRINTF
  +--> ?PR?_INGRESADATO?PROG
  +--> ?PR?_ATOI?ATOI
  +--> ?PR?_WR_EEPROM?EEPROM

?PR?PROG_HORARIOS?PROG                           -----    -----      -----    -----      005AH    001BH
  +--> ?PR?ADDR_HORARIOS?PROG
  +--> ?CO?PROG
  +--> ?PR?PRINTF?PRINTF
  +--> ?PR?_INGRESADATO?PROG
  +--> ?PR?_ATOI?ATOI
  +--> ?PR?_PROG_HORARIOS_ON_OFF?PROG
  +--> ?PR?_WR_EEPROM?EEPROM
  +--> ?PR?_PROG_HORARIO_DIAS?PROG
  +--> ?PR?_PROG_HORARIO_DESDE_HASTA?PROG
  +--> ?PR?_RD_EEPROM?EEPROM

?PR?ADDR_HORARIOS?PROG                           -----    -----      -----    -----      0088H    000BH

?PR?_PROG_HORARIOS_ON_OFF?PROG                   -----    -----      -----    -----      0075H    0010H
  +--> ?PR?_RD_EEPROM?EEPROM
  +--> ?CO?PROG
  +--> ?PR?PRINTF?PRINTF
  +--> ?PR?_INGRESADATO?PROG
  +--> ?PR?_ATOI?ATOI
  +--> ?PR?_WR_EEPROM?EEPROM

?PR?_PROG_HORARIO_DIAS?PROG                      -----    -----      -----    -----      0075H    000FH
  +--> ?CO?PROG
  +--> ?PR?PRINTF?PRINTF
  +--> ?PR?_INGRESADATO?PROG
  +--> ?PR?_WR_EEPROM?EEPROM
  +--> ?PR?_RD_EEPROM?EEPROM

?PR?_PROG_HORARIO_DESDE_HASTA?PROG               -----    -----      -----    -----      0075H    000CH
  +--> ?CO?PROG
  +--> ?PR?PRINTF?PRINTF
  +--> ?PR?_INGRESADATO?PROG
  +--> ?PR?_WR_EEPROM?EEPROM
  +--> ?PR?_RD_EEPROM?EEPROM

?PR?VER_PROG?PROG                                -----    -----      -----    -----      005AH    0013H
  +--> ?PR?_RD_EEPROM?EEPROM
  +--> ?CO?PROG
  +--> ?PR?PRINTF?PRINTF
  +--> ?PR?VER_HORARIO?PROG
  +--> ?PR?_LEERMEMORIA?EEPROM
  +--> ?PR?_HEX_ASCII?CLOCK

?PR?VER_HORARIO?PROG                             -----    -----      -----    -----      006DH    001BH
  +--> ?PR?ADDR_HORARIOS?PROG
  +--> ?CO?PROG
BL51 BANKED LINKER/LOCATER V6.22.2.0                                                  11/19/2021  12:02:58  PAGE 12


  +--> ?PR?PRINTF?PRINTF
  +--> ?PR?_RD_EEPROM?EEPROM
  +--> ?PR?_VER_HORARIO_DIAS?PROG
  +--> ?PR?_VER_HORARIO_DESDE_HASTA?PROG

?PR?_VER_HORARIO_DIAS?PROG                       -----    -----      -----    -----      0088H    0003H
  +--> ?PR?_RD_EEPROM?EEPROM
  +--> ?CO?PROG
  +--> ?PR?PRINTF?PRINTF

?PR?_VER_HORARIO_DESDE_HASTA?PROG                -----    -----      -----    -----      0088H    0002H
  +--> ?CO?PROG
  +--> ?PR?PRINTF?PRINTF
  +--> ?PR?_RD_EEPROM?EEPROM

?PR?_HEX_ASCII?CLOCK                             -----    -----      -----    -----      0071H    0006H
  +--> ?PR?_HEX_BCD?CLOCK

?PR?SHOW?PROG                                    -----    -----      -----    -----      -----    -----
  +--> ?CO?PROG
  +--> ?PR?PRINTF?PRINTF

?PR?PROG_FECHA_VENCIMIENTO?PROG                  -----    -----      -----    -----      005AH    0017H
  +--> ?PR?_LEERMEMORIA?EEPROM
  +--> ?PR?_HEX_ASCII?CLOCK
  +--> ?CO?PROG
  +--> ?PR?PRINTF?PRINTF
  +--> ?PR?_HASH_ID?PROG
  +--> ?PR?_INGRESADATO?PROG
  +--> ?PR?_GETCMD?PROG
  +--> ?PR?_ESCRIBIRMEMORIA?EEPROM
  +--> ?PR?_VALIDARCLAVE?PROG
  +--> ?PR?_ATOI?ATOI
  +--> ?PR?_WR_EEPROM?EEPROM

?PR?VARIABLE_INICIO?EEPROM                       -----    -----      -----    -----      -----    -----
  +--> ?PR?_RD_EEPROM?EEPROM

?PR?SECUENCIA_INICIO_EXPEDIDOR?VERIFI...         -----    -----      -----    -----      0001H    0001H
  +--> ?PR?_INICIALIZA?LINTECH
  +--> ?PR?TRAMA_VALIDACION_P_N?VERIFICADOR
  +--> ?CO?VERIFICADOR
  +--> ?PR?_DEBUG_TXT_TIBBO?TIBBO
  +--> ?PR?_DEBUGBUFFERMF?TIBBO
  +--> ?PR?DWLOAD_EEPROM?LINTECH

?PR?_INICIALIZA?LINTECH                          -----    -----      -----    -----      0002H    000CH
  +--> ?CO?LINTECH
  +--> ?PR?_DEBUG_TXT_TIBBO?TIBBO
  +--> ?PR?_DEBUGBUFFERMF?TIBBO
  +--> ?PR?_ESCRIBIRCADENASOFT_BUFFER?MAIN

?PR?_DEBUG_TXT_TIBBO?TIBBO                       -----    -----      -----    -----      0041H    0004H
  +--> ?CO?TIBBO
  +--> ?PR?_TX_AUX?TIBBO

?PR?_DEBUGBUFFERMF?TIBBO                         -----    -----      -----    -----      003BH    0006H
BL51 BANKED LINKER/LOCATER V6.22.2.0                                                  11/19/2021  12:02:58  PAGE 13


  +--> ?CO?TIBBO
  +--> ?PR?_DEBUG_TXT_TIBBO?TIBBO
  +--> ?PR?_DEBUG_CHR_TIBBO?TIBBO
  +--> ?PR?_TX_AUX?TIBBO

?PR?_DEBUG_CHR_TIBBO?TIBBO                       -----    -----      -----    -----      -----    -----
  +--> ?PR?_TX_AUX?TIBBO

?PR?_ESCRIBIRCADENASOFT_BUFFER?MAIN              -----    -----      -----    -----      0037H    0006H
  +--> ?PR?_PUTCHAR?MAIN

?PR?DWLOAD_EEPROM?LINTECH                        -----    -----      -----    -----      0002H    0016H
  +--> ?CO?LINTECH
  +--> ?PR?_DEBUG_TXT_TIBBO?TIBBO
  +--> ?PR?_DEBUGBUFFERMF?TIBBO
  +--> ?PR?_ESCRIBIRCADENASOFT_BUFFER?MAIN

?PR?_RECIBE_CMD_MONITOR?ACCESCAN                 -----    -----      -----    -----      0001H    0006H
  +--> ?PR?RX_DATA?TIBBO

?PR?RX_DATA?TIBBO                                -----    -----      -----    -----      -----    -----
  +--> ?PR?TIME_MBIT?TIBBO
  +--> ?PR?TIME_BIT?TIBBO

?PR?SECUENCIAEXPEDIDOR?VERIFICADOR               -----    -----      -----    -----      0001H    0010H
  +--> ?PR?_CARD_INSERCION?LINTECH
  +--> ?PR?TRAMA_VALIDACION_P_N?VERIFICADOR
  +--> ?CO?VERIFICADOR
  +--> ?PR?ERROR_RX_PTO?VERIFICADOR
  +--> ?PR?_CHECK_STATUS?LINTECH
  +--> ?PR?_DEBUG_TXT_TIBBO?TIBBO
  +--> ?PR?_DEBUGBUFFERMF?TIBBO
  +--> ?PR?VALIDASENSORESPASO?IO_SENSORES
  +--> ?PR?_SEND_PORTERR?PTO_PARALELO
  +--> ?PR?_PANTALLALCD?PANTALLAS
  +--> ?PR?_RD_MF?LINTECH
  +--> ?PR?_RESPONDE_LECTURA_TARJETA_SECTOR1...
  +--> ?PR?_RESPONDE_LECTURA_TARJETA_SECTOR1...
  +--> ?PR?_BLOCK_READ_CLOCK_HEX?CLOCK
  +--> ?PR?_RD_EEPROM?EEPROM
  +--> ?PR?DEBUG_DIVIDIR_TEXTO?TIBBO
  +--> ?PR?_DEBUG_CHR_TIBBO?TIBBO
  +--> ?PR?PRINTF?PRINTF
  +--> ?PR?_ANALIZA_TIEMPO?CLOCK
  +--> ?PR?VALIDAR_PAGO?VERIFICADOR
  +--> ?PR?_HORARIOS?VERIFICADOR
  +--> ?PR?_CHECK_FECHAOUT_2?CLOCK
  +--> ?PR?_VALIDA_MISMO_DIA?VERIFICADOR
  +--> ?PR?_RESPONDE_LECTURA_TARJETA_SECTOR1...
  +--> ?PR?_WR_MF?LINTECH
  +--> ?PR?_MOV_CARD?LINTECH
  +--> ?PR?VALIDASENSORES_OUT?IO_SENSORES
  +--> ?PR?_TRAMA_PTO_PARALELO_P?PTO_PARALELO
  +--> ?PR?UNIQUE_IDENTIFIER_UID?LINTECH
  +--> ?PR?_ANALIZA_UID_CARD?VERIFICADOR
  +--> ?PR?LOADVERIFY_EEPROM?LINTECH
  +--> ?PR?POWER_OFF?LINTECH
BL51 BANKED LINKER/LOCATER V6.22.2.0                                                  11/19/2021  12:02:58  PAGE 14


  +--> ?PR?AUT_CARD_CHECK_STATUS?LINTECH

?PR?_CARD_INSERCION?LINTECH                      -----    -----      -----    -----      0011H    000AH
  +--> ?CO?LINTECH
  +--> ?PR?_DEBUG_TXT_TIBBO?TIBBO
  +--> ?PR?_DEBUGBUFFERMF?TIBBO
  +--> ?PR?_ESCRIBIRCADENASOFT_BUFFER?MAIN

?PR?ERROR_RX_PTO?VERIFICADOR                     -----    -----      -----    -----      0011H    0001H
  +--> ?CO?VERIFICADOR
  +--> ?PR?_DEBUG_TXT_TIBBO?TIBBO
  +--> ?PR?_DEBUG_CHR_TIBBO?TIBBO
  +--> ?PR?_DELAY_10MS?DELAY

?PR?_DELAY_10MS?DELAY                            -----    -----      -----    -----      0012H    0004H
  +--> ?PR?_DELAY_1MS?DELAY

?PR?_CHECK_STATUS?LINTECH                        -----    -----      -----    -----      0011H    000BH
  +--> ?CO?LINTECH
  +--> ?PR?_DEBUG_TXT_TIBBO?TIBBO
  +--> ?PR?_DEBUGBUFFERMF?TIBBO
  +--> ?PR?_ESCRIBIRCADENASOFT_BUFFER?MAIN

?PR?VALIDASENSORESPASO?IO_SENSORES               -----    -----      -----    -----      -----    -----
  +--> ?PR?SEL_SENSOR2?IO_SENSORES
  +--> ?PR?VALIDASENSOR?IO_SENSORES
  +--> ?PR?SEL_SENSOR1?IO_SENSORES
  +--> ?PR?SEL_AUTO?IO_SENSORES
  +--> ?CO?IO_SENSORES
  +--> ?PR?_DEBUG_TXT_TIBBO?TIBBO

?PR?_SEND_PORTERR?PTO_PARALELO                   -----    -----      -----    -----      002EH    0006H
  +--> ?PR?PULSO_BUS?PTO_PARALELO
  +--> ?PR?_DELAY_20US?DELAY

?PR?PULSO_BUS?PTO_PARALELO                       -----    -----      -----    -----      -----    -----
  +--> ?PR?_DELAY_20US?DELAY

?PR?_PANTALLALCD?PANTALLAS                       -----    -----      -----    -----      002EH    000AH
  +--> ?CO?PANTALLAS
  +--> ?PR?_INIT_MEMPOOL?INIT_MEM
  +--> ?PR?_MALLOC?MALLOC
  +--> ?PR?_LCD_TXT?PANTALLAS
  +--> ?PR?_STRLEN?STRLEN
  +--> ?PR?_TX_CHRLCD?PANTALLAS
  +--> ?PR?_RASPBERRY_DATA?PANTALLAS
  +--> ?PR?_FREE?FREE

?PR?_MALLOC?MALLOC                               -----    -----      -----    -----      0038H    0006H

?PR?_LCD_TXT?PANTALLAS                           -----    -----      -----    -----      0044H    0005H
  +--> ?PR?_TX_CHRLCD?PANTALLAS

?PR?_TX_CHRLCD?PANTALLAS                         -----    -----      -----    -----      0049H    0002H
  +--> ?PR?_PUTCHAR?MAIN

?PR?_RASPBERRY_DATA?PANTALLAS                    -----    -----      -----    -----      0044H    0004H
BL51 BANKED LINKER/LOCATER V6.22.2.0                                                  11/19/2021  12:02:58  PAGE 15


  +--> ?PR?_STRLEN?STRLEN
  +--> ?PR?_PUTCHAR?MAIN

?PR?_FREE?FREE                                   -----    -----      -----    -----      0038H    0006H

?PR?_RD_MF?LINTECH                               -----    -----      -----    -----      0011H    0012H
  +--> ?CO?LINTECH
  +--> ?PR?_DEBUG_TXT_TIBBO?TIBBO
  +--> ?PR?_DEBUG_CHR_TIBBO?TIBBO
  +--> ?PR?_DEBUGBUFFERMF?TIBBO
  +--> ?PR?_ESCRIBIRCADENASOFT_BUFFER?MAIN

?PR?_RESPONDE_LECTURA_TARJETA_SECTOR1...         -----    -----      -----    -----      0011H    0004H
  +--> ?CO?VERIFICADOR
  +--> ?PR?_DEBUG_TXT_TIBBO?TIBBO
  +--> ?PR?_DEBUGBUFFERMF?TIBBO
  +--> ?PR?_DEBUG_HEXDEC?TIBBO
  +--> ?PR?_DEBUG_CHR_TIBBO?TIBBO
  +--> ?PR?_SEND_PORTERR?PTO_PARALELO
  +--> ?PR?_PANTALLALCD?PANTALLAS

?PR?_DEBUG_HEXDEC?TIBBO                          -----    -----      -----    -----      0015H    0002H
  +--> ?PR?_TX_AUX?TIBBO

?PR?_RESPONDE_LECTURA_TARJETA_SECTOR1...         -----    -----      -----    -----      0011H    0004H
  +--> ?CO?VERIFICADOR
  +--> ?PR?_DEBUG_TXT_TIBBO?TIBBO
  +--> ?PR?_DEBUGBUFFERMF?TIBBO
  +--> ?PR?_DEBUG_CHR_TIBBO?TIBBO
  +--> ?PR?_SEND_PORTERR?PTO_PARALELO
  +--> ?PR?_RD_EEPROM?EEPROM
  +--> ?PR?_PANTALLALCD?PANTALLAS

?PR?DEBUG_DIVIDIR_TEXTO?TIBBO                    -----    -----      -----    -----      -----    -----
  +--> ?CO?TIBBO
  +--> ?PR?_DEBUG_TXT_TIBBO?TIBBO

?PR?_ANALIZA_TIEMPO?CLOCK                        0020H.0  0000H.2    -----    -----      0011H    000FH

?PR?VALIDAR_PAGO?VERIFICADOR                     -----    -----      -----    -----      0011H    0002H
  +--> ?PR?_CHECK_FECHAOUT?CLOCK
  +--> ?CO?VERIFICADOR
  +--> ?PR?_DEBUG_TXT_TIBBO?TIBBO
  +--> ?PR?_SEND_PORTERR?PTO_PARALELO
  +--> ?PR?_PANTALLALCD?PANTALLAS

?PR?_CHECK_FECHAOUT?CLOCK                        -----    -----      -----    -----      0013H    000AH
  +--> ?PR?_BLOCK_READ_CLOCK_HEX?CLOCK
  +--> ?PR?_DEBUG_FECHA_ACTUAL?TIBBO

?PR?_DEBUG_FECHA_ACTUAL?TIBBO                    -----    -----      -----    -----      001DH    0003H
  +--> ?CO?TIBBO
  +--> ?PR?_DEBUG_TXT_TIBBO?TIBBO
  +--> ?PR?_HEX_BCD?CLOCK
  +--> ?PR?_DEBUG_CHR_TIBBO?TIBBO
  +--> ?PR?_TX_AUX?TIBBO

BL51 BANKED LINKER/LOCATER V6.22.2.0                                                  11/19/2021  12:02:58  PAGE 16


?PR?_HORARIOS?VERIFICADOR                        -----    -----      -----    -----      0011H    0011H
  +--> ?PR?ADDR_HORARIOS?PROG
  +--> ?PR?_RD_EEPROM?EEPROM
  +--> ?PR?_LEE_CLK?CLOCK
  +--> ?CO?VERIFICADOR
  +--> ?PR?_DEBUG_TXT_TIBBO?TIBBO
  +--> ?PR?_DEBUG_CHR_TIBBO?TIBBO
  +--> ?PR?_BLOQUE_HORARIO?VERIFICADOR
  +--> ?PR?_PANTALLALCD?PANTALLAS

?PR?_BLOQUE_HORARIO?VERIFICADOR                  -----    -----      -----    -----      0022H    0007H
  +--> ?CO?VERIFICADOR
  +--> ?PR?_DEBUG_TXT_TIBBO?TIBBO
  +--> ?PR?_LEE_CLK?CLOCK
  +--> ?PR?_DEBUG_CHR_TIBBO?TIBBO
  +--> ?PR?_HORA_MAXIMA?VERIFICADOR
  +--> ?PR?_EN_HORARIO?VERIFICADOR
  +--> ?PR?_RD_EEPROM?EEPROM
  +--> ?PR?_SEND_PORTERR?PTO_PARALELO
  +--> ?PR?_PANTALLALCD?PANTALLAS

?PR?_HORA_MAXIMA?VERIFICADOR                     -----    -----      -----    -----      002EH    0008H
  +--> ?PR?_RD_EEPROM?EEPROM
  +--> ?PR?_DEBUG_CHR_TIBBO?TIBBO
  +--> ?CO?VERIFICADOR
  +--> ?PR?_DEBUG_TXT_TIBBO?TIBBO

?PR?_EN_HORARIO?VERIFICADOR                      -----    -----      -----    -----      0029H    0005H
  +--> ?CO?VERIFICADOR
  +--> ?PR?_DEBUG_TXT_TIBBO?TIBBO
  +--> ?PR?_HORA_MAXIMA?VERIFICADOR
  +--> ?PR?_SEND_PORTERR?PTO_PARALELO
  +--> ?PR?_PANTALLALCD?PANTALLAS

?PR?_VALIDA_MISMO_DIA?VERIFICADOR                -----    -----      -----    -----      0011H    0006H
  +--> ?PR?_LEE_CLK?CLOCK
  +--> ?PR?_BCD_HEX?CLOCK

?PR?_RESPONDE_LECTURA_TARJETA_SECTOR1...         -----    -----      -----    -----      0011H    0004H
  +--> ?CO?VERIFICADOR
  +--> ?PR?_DEBUG_TXT_TIBBO?TIBBO
  +--> ?PR?_TRAMA_PTO_PARALELO_NEW?PTO_PARALELO
  +--> ?PR?_ARMAR_TRAMA_PTO_PARALELO_EXPEDID...
  +--> ?PR?_CMD_LPR_SALIDA?ACCESCAN

?PR?_TRAMA_PTO_PARALELO_NEW?PTO_PARALELO         -----    -----      -----    -----      0015H    0026H
  +--> ?PR?_BLOCK_READ_CLOCK_HEX?CLOCK
  +--> ?PR?_SEND_PORT?PTO_PARALELO
  +--> ?PR?DEBUG_DIVIDIR_TEXTO?TIBBO
  +--> ?CO?PTO_PARALELO
  +--> ?PR?_DEBUG_TXT_TIBBO?TIBBO
  +--> ?PR?_DEBUGBUFFERMF?TIBBO

?PR?_SEND_PORT?PTO_PARALELO                      -----    -----      -----    -----      003BH    000AH
  +--> ?PR?PULSO_BUS?PTO_PARALELO
  +--> ?PR?_DELAY_20US?DELAY

BL51 BANKED LINKER/LOCATER V6.22.2.0                                                  11/19/2021  12:02:58  PAGE 17


?PR?_ARMAR_TRAMA_PTO_PARALELO_EXPEDID...         -----    -----      -----    -----      0015H    0003H
  +--> ?PR?_RD_EEPROM?EEPROM
  +--> ?PR?_SEND_PORT?PTO_PARALELO
  +--> ?PR?DEBUG_DIVIDIR_TEXTO?TIBBO
  +--> ?CO?VERIFICADOR
  +--> ?PR?_DEBUG_TXT_TIBBO?TIBBO
  +--> ?PR?_DEBUGBUFFERMF?TIBBO

?PR?_CMD_LPR_SALIDA?ACCESCAN                     -----    -----      -----    -----      0015H    0025H
  +--> ?PR?DIR_BOARD_MONITOR?IO_SENSORES
  +--> ?PR?_BYTEHEX_DECIMAL?CLOCK
  +--> ?PR?_STRLEN?STRLEN
  +--> ?PR?_TWO_BYTEHEX_DECIMAL?CLOCK
  +--> ?PR?_BLOCK_READ_CLOCK_ASCII?CLOCK
  +--> ?PR?_MONITOR_CHR?ACCESCAN

?PR?DIR_BOARD_MONITOR?IO_SENSORES                -----    -----      -----    -----      -----    -----
  +--> ?PR?_RD_EEPROM?EEPROM

?PR?_BYTEHEX_DECIMAL?CLOCK                       -----    -----      -----    -----      003AH    0001H

?PR?_TWO_BYTEHEX_DECIMAL?CLOCK                   -----    -----      -----    -----      003AH    000CH
  +--> ?PR?_POW?POW

?PR?_POW?POW                                     -----    -----      -----    -----      0046H    000AH
  +--> ?PR?LOG?LOG
  +--> ?PR?EXP?EXP

?PR?LOG?LOG                                      0020H.0  0000H.1    -----    -----      0050H    0004H

?PR?_MONITOR_CHR?ACCESCAN                        -----    -----      -----    -----      003AH    0005H
  +--> ?PR?_TX_AUX?TIBBO

?PR?_WR_MF?LINTECH                               -----    -----      -----    -----      0011H    0026H
  +--> ?CO?LINTECH
  +--> ?PR?_DEBUG_TXT_TIBBO?TIBBO
  +--> ?PR?_DEBUG_CHR_TIBBO?TIBBO
  +--> ?PR?DIR_BOARD?IO_SENSORES
  +--> ?PR?_DEBUGBUFFERMF?TIBBO
  +--> ?PR?_ESCRIBIRCADENASOFT_BUFFER?MAIN

?PR?DIR_BOARD?IO_SENSORES                        -----    -----      -----    -----      0037H    0001H
  +--> ?PR?SEL_DIR1?IO_SENSORES
  +--> ?PR?SEL_DIR2?IO_SENSORES
  +--> ?PR?_RD_EEPROM?EEPROM

?PR?_MOV_CARD?LINTECH                            -----    -----      -----    -----      0011H    000CH
  +--> ?CO?LINTECH
  +--> ?PR?_DEBUG_TXT_TIBBO?TIBBO
  +--> ?PR?_DEBUGBUFFERMF?TIBBO
  +--> ?PR?_ESCRIBIRCADENASOFT_BUFFER?MAIN

?PR?VALIDASENSORES_OUT?IO_SENSORES               -----    -----      -----    -----      -----    -----
  +--> ?PR?SEL_SENSOR2?IO_SENSORES
  +--> ?PR?VALIDASENSOR?IO_SENSORES

?PR?_TRAMA_PTO_PARALELO_P?PTO_PARALELO           -----    -----      -----    -----      0011H    0008H
BL51 BANKED LINKER/LOCATER V6.22.2.0                                                  11/19/2021  12:02:58  PAGE 18


  +--> ?PR?_SEND_PORT?PTO_PARALELO
  +--> ?PR?DEBUG_DIVIDIR_TEXTO?TIBBO
  +--> ?PR?_DEBUGBUFFERMF?TIBBO

?PR?UNIQUE_IDENTIFIER_UID?LINTECH                -----    -----      -----    -----      0011H    000BH
  +--> ?CO?LINTECH
  +--> ?PR?_DEBUG_TXT_TIBBO?TIBBO
  +--> ?PR?_DEBUGBUFFERMF?TIBBO
  +--> ?PR?_ESCRIBIRCADENASOFT_BUFFER?MAIN

?PR?_ANALIZA_UID_CARD?VERIFICADOR                -----    -----      -----    -----      0011H    0004H
  +--> ?CO?VERIFICADOR
  +--> ?PR?_DEBUG_TXT_TIBBO?TIBBO
  +--> ?PR?_DEBUGBUFFERMF?TIBBO
  +--> ?PR?_DEBUG_CHR_TIBBO?TIBBO

?PR?LOADVERIFY_EEPROM?LINTECH                    -----    -----      -----    -----      0011H    0010H
  +--> ?CO?LINTECH
  +--> ?PR?_DEBUG_TXT_TIBBO?TIBBO
  +--> ?PR?_DEBUGBUFFERMF?TIBBO
  +--> ?PR?_ESCRIBIRCADENASOFT_BUFFER?MAIN

?PR?POWER_OFF?LINTECH                            -----    -----      -----    -----      0011H    000BH
  +--> ?CO?LINTECH
  +--> ?PR?_DEBUG_TXT_TIBBO?TIBBO
  +--> ?PR?_DEBUGBUFFERMF?TIBBO
  +--> ?PR?_ESCRIBIRCADENASOFT_BUFFER?MAIN

?PR?AUT_CARD_CHECK_STATUS?LINTECH                -----    -----      -----    -----      0011H    000BH
  +--> ?CO?LINTECH
  +--> ?PR?_DEBUG_TXT_TIBBO?TIBBO
  +--> ?PR?_DEBUGBUFFERMF?TIBBO
  +--> ?PR?_ESCRIBIRCADENASOFT_BUFFER?MAIN

?PR?_RECIBE_PORT?PTO_PARALELO                    -----    -----      -----    -----      0001H    0008H
  +--> ?PR?OFF_TIMER0_INTERRUP?MAIN
  +--> ?PR?ON_TIMER0_INTERRUP?MAIN

?PR?_VALIDA_TRAMA_PTO?ACCESCAN                   -----    -----      -----    -----      0001H    0010H
  +--> ?PR?_RD_EEPROM?EEPROM
  +--> ?CO?ACCESCAN
  +--> ?PR?_DEBUG_TXT_TIBBO?TIBBO
  +--> ?PR?_DEBUG_CHR_TIBBO?TIBBO
  +--> ?PR?_VALIDAR_CLK?CLOCK
  +--> ?PR?_BLOCK_WRITE_CLOCK_ASCII?CLOCK
  +--> ?PR?RELOJ_PANTALLA_LCD?PANTALLAS
  +--> ?PR?_SEND_PORT?PTO_PARALELO
  +--> ?PR?_PANTALLALCD?PANTALLAS
  +--> ?PR?FORMATO_EEPROM?EEPROM
  +--> ?PR?_BYTEHEX_DECIMAL?CLOCK
  +--> ?PR?_TWO_BYTEHEX_DECIMAL?CLOCK
  +--> ?PR?VALIDASENSORESPASO?IO_SENSORES
  +--> ?PR?_CMD_LPR_SALIDA_WIEGAND?ACCESCAN
  +--> ?PR?_PANTALLALCD_LINEA_2?PANTALLAS

?PR?_BLOCK_WRITE_CLOCK_ASCII?CLOCK               -----    -----      -----    -----      0011H    0003H
  +--> ?PR?_TWO_ONE?CLOCK
BL51 BANKED LINKER/LOCATER V6.22.2.0                                                  11/19/2021  12:02:58  PAGE 19


  +--> ?PR?_WR_CLK?CLOCK

?PR?_WR_CLK?CLOCK                                -----    -----      -----    -----      0014H    0002H
  +--> ?PR?_DELAY_20US?DELAY
  +--> ?PR?_EB_CLK?CLOCK

?PR?RELOJ_PANTALLA_LCD?PANTALLAS                 -----    -----      -----    -----      0011H    0014H
  +--> ?PR?_BLOCK_READ_CLOCK?CLOCK
  +--> ?PR?_LCD_TXT_NUM_CHAR?PANTALLAS
  +--> ?CO?PANTALLAS
  +--> ?PR?_BLOCK_READ_CLOCK_ASCII_RASBERRY?...
  +--> ?PR?_STRCAT?STRCAT
  +--> ?PR?_RASPBERRY_DATA?PANTALLAS

?PR?_BLOCK_READ_CLOCK?CLOCK                      -----    -----      -----    -----      0025H    0003H
  +--> ?PR?_LEE_CLK?CLOCK

?PR?_LCD_TXT_NUM_CHAR?PANTALLAS                  -----    -----      -----    -----      0025H    0006H
  +--> ?PR?_TX_CHRLCD?PANTALLAS

?PR?_BLOCK_READ_CLOCK_ASCII_RASBERRY?...         -----    -----      -----    -----      0025H    0003H
  +--> ?PR?_LEE_CLK?CLOCK

?PR?FORMATO_EEPROM?EEPROM                        -----    -----      -----    -----      0011H    0003H
  +--> ?PR?_WR_EEPROM?EEPROM

?PR?_CMD_LPR_SALIDA_WIEGAND?ACCESCAN             -----    -----      -----    -----      0011H    0022H
  +--> ?PR?DIR_BOARD_MONITOR?IO_SENSORES
  +--> ?PR?_BLOCK_READ_CLOCK_ASCII?CLOCK
  +--> ?PR?_MONITOR_CHR?ACCESCAN

?PR?_PANTALLALCD_LINEA_2?PANTALLAS               -----    -----      -----    -----      0011H    0033H
  +--> ?CO?PANTALLAS
  +--> ?PR?_LCD_TXT?PANTALLAS
  +--> ?PR?_STRLEN?STRLEN
  +--> ?PR?_TX_CHRLCD?PANTALLAS
  +--> ?PR?_STRCAT?STRCAT
  +--> ?PR?_RASPBERRY_DATA?PANTALLAS

?PR?_DEBUG_PTO_PARALELO?TIBBO                    -----    -----      -----    -----      0001H    0004H
  +--> ?CO?TIBBO
  +--> ?PR?_DEBUG_TXT_TIBBO?TIBBO
  +--> ?PR?_DEBUGBUFFERMF?TIBBO
  +--> ?PR?_DEBUG_CHR_TIBBO?TIBBO
  +--> ?PR?DEBUG_DIVIDIR_TEXTO?TIBBO

?PR?MSJ_LCD_INFORMATIVO?IO_SENSORES              -----    -----      -----    -----      0001H    0001H
  +--> ?PR?SEL_FUNCION?IO_SENSORES
  +--> ?PR?LOAD_AND_SEND_INFO_RELOJ?PTO_PARA...
  +--> ?PR?LOAD_AND_SEND_ID_COD?PTO_PARALELO
  +--> ?PR?_RD_EEPROM?EEPROM
  +--> ?PR?_SEND_PORTERR?PTO_PARALELO

?PR?LOAD_AND_SEND_INFO_RELOJ?PTO_PARA...         -----    -----      -----    -----      0002H    000BH
  +--> ?PR?_BLOCK_READ_CLOCK?CLOCK
  +--> ?PR?_LEE_CLK?CLOCK
  +--> ?PR?_SEND_PORT?PTO_PARALELO
BL51 BANKED LINKER/LOCATER V6.22.2.0                                                  11/19/2021  12:02:58  PAGE 20



?PR?LOAD_AND_SEND_ID_COD?PTO_PARALELO            -----    -----      -----    -----      0002H    0011H
  +--> ?CO?PTO_PARALELO
  +--> ?PR?PRINTF?PRINTF
  +--> ?PR?_SEND_PORT?PTO_PARALELO



SYMBOL TABLE OF MODULE:  .\Objects\verificador_v_104_raspberry (MAIN)

  VALUE           TYPE          NAME
  ----------------------------------

  -------         MODULE        MAIN
  C:0000H         SYMBOL        _ICE_DUMMY_
  D:0080H         PUBLIC        P0
  D:0090H         PUBLIC        P1
  C:AC51H         PUBLIC        timer0_int
  D:00B0H         PUBLIC        P3
  B:00A8H.7       PUBLIC        EA
  C:B068H         PUBLIC        off_Timer0_Interrup
  X:010CH         PUBLIC        ValTimeOutCom
  X:010DH         PUBLIC        Buffer_Rta_Lintech
  X:013FH         PUBLIC        Timer_wait
  X:0140H         PUBLIC        g_cContByteRx
  B:0080H.0       PUBLIC        rx_ip
  B:0080H.3       PUBLIC        Atascado
  C:9D2BH         PUBLIC        main
  X:0141H         PUBLIC        Timer_tivo
  B:0090H.7       PUBLIC        lock
  I:0022H         PUBLIC        rbuf
  C:B05EH         PUBLIC        on_Timer0_Interrup
  I:0054H         PUBLIC        tbuf
  B:0090H.1       PUBLIC        DataIn
  D:0089H         PUBLIC        TMOD
  X:0143H         PUBLIC        Debug_Tibbo
  B:0021H.1       PUBLIC        prto_ready
  X:0144H         PUBLIC        Raspberry
  X:0145H         PUBLIC        SIN_COBRO
  X:0147H         PUBLIC        Tipo_Vehiculo
  B:00B0H.3       PUBLIC        busy
  C:AFD0H         PUBLIC        ini_timer
  B:00A8H.1       PUBLIC        ET0
  B:0088H.5       PUBLIC        TF0
  X:0148H         PUBLIC        COMPARACION_ACTIVA
  D:008CH         PUBLIC        TH0
  X:0149H         PUBLIC        ACK
  X:014AH         PUBLIC        g_cEstadoComSoft
  D:008AH         PUBLIC        TL0
  B:0088H.4       PUBLIC        TR0
  C:AFE0H         PUBLIC        inicia_board
  X:014BH         PUBLIC        T_GRACIA
  X:014DH         PUBLIC        COD_PARK
  B:0080H.7       PUBLIC        sel_com
  X:014FH         PUBLIC        STX_LINTECH
  C:AFFFH         PUBLIC        _getkey
  X:0150H         PUBLIC        g_cEstadoComSeqMF
BL51 BANKED LINKER/LOCATER V6.22.2.0                                                  11/19/2021  12:02:58  PAGE 21


  X:0151H         PUBLIC        ETX
  X:0152H         PUBLIC        ID_CLIENTE
  C:A7CDH         PUBLIC        _EscribirCadenaSoft_buffer
  B:0021H.2       PUBLIC        buffer_ready
  C:AAADH         PUBLIC        _putchar
  B:0021H.3       PUBLIC        placa_ready
  -------         PROC          TIMER0_INT
  C:AC51H         LINE#         13
  C:AC57H         LINE#         15
  C:AC5FH         LINE#         16
  C:AC5FH         LINE#         17
  C:AC61H         LINE#         18
  C:AC63H         LINE#         19
  C:AC65H         LINE#         21
  C:AC65H         LINE#         22
  C:AC6BH         LINE#         23
  C:AC71H         LINE#         24
  C:AC7FH         LINE#         25
  C:AC81H         LINE#         26
  C:AC81H         LINE#         27
  -------         ENDPROC       TIMER0_INT
  -------         PROC          INI_TIMER
  C:AFD0H         LINE#         30
  C:AFD0H         LINE#         31
  C:AFD0H         LINE#         33
  C:AFD8H         LINE#         35
  C:AFDBH         LINE#         36
  C:AFDDH         LINE#         37
  C:AFDFH         LINE#         39
  -------         ENDPROC       INI_TIMER
  -------         PROC          ON_TIMER0_INTERRUP
  C:B05EH         LINE#         42
  C:B05EH         LINE#         43
  C:B05EH         LINE#         44
  C:B060H         LINE#         45
  C:B062H         LINE#         47
  -------         ENDPROC       ON_TIMER0_INTERRUP
  -------         PROC          OFF_TIMER0_INTERRUP
  C:B068H         LINE#         50
  C:B068H         LINE#         51
  C:B068H         LINE#         52
  C:B06AH         LINE#         54
  -------         ENDPROC       OFF_TIMER0_INTERRUP
  -------         PROC          _GETKEY
  -------         DO            
  D:0006H         SYMBOL        k
  -------         ENDDO         
  C:AFFFH         LINE#         62
  C:AFFFH         LINE#         63
  C:AFFFH         LINE#         67
  C:AFFFH         LINE#         68
  C:B002H         LINE#         69
  C:B002H         LINE#         70
  C:B00AH         LINE#         72
  C:B00AH         LINE#         73
  -------         ENDPROC       _GETKEY
  -------         PROC          _PUTCHAR
BL51 BANKED LINKER/LOCATER V6.22.2.0                                                  11/19/2021  12:02:58  PAGE 22


  X:00E0H         SYMBOL        c
  -------         DO            
  X:00E1H         SYMBOL        i
  -------         ENDDO         
  C:AAADH         LINE#         77
  C:AAB2H         LINE#         78
  C:AAB2H         LINE#         81
  C:AAC1H         LINE#         82
  C:AAC1H         LINE#         83
  C:AAD7H         LINE#         84
  C:AAD7H         LINE#         86
  C:AAE5H         LINE#         87
  C:AAE5H         LINE#         89
  C:AAEAH         LINE#         90
  -------         ENDPROC       _PUTCHAR
  -------         PROC          _ESCRIBIRCADENASOFT_BUFFER
  X:0037H         SYMBOL        buffer
  X:003AH         SYMBOL        tamano_cadena
  -------         DO            
  X:003BH         SYMBOL        i
  X:003CH         SYMBOL        d
  -------         ENDDO         
  C:A7CDH         LINE#         94
  C:A7DBH         LINE#         95
  C:A7DBH         LINE#         97
  C:A7E9H         LINE#         98
  C:A7E9H         LINE#         99
  C:A800H         LINE#         100
  C:A80AH         LINE#         101
  C:A812H         LINE#         102
  -------         ENDPROC       _ESCRIBIRCADENASOFT_BUFFER
  -------         PROC          INICIA_BOARD
  C:AFE0H         LINE#         139
  C:AFE0H         LINE#         140
  C:AFE0H         LINE#         141
  C:AFE3H         LINE#         142
  C:AFE6H         LINE#         143
  C:AFE9H         LINE#         144
  C:AFEBH         LINE#         145
  C:AFEDH         LINE#         146
  C:AFEFH         LINE#         148
  -------         ENDPROC       INICIA_BOARD
  -------         PROC          MAIN
  -------         DO            
  X:00E4H         SYMBOL        buffer
  X:0000H         SYMBOL        Length_trama
  -------         ENDDO         
  C:9D2BH         LINE#         158
  C:9D2BH         LINE#         159
  C:9D2BH         LINE#         167
  C:9D2EH         LINE#         168
  C:9D31H         LINE#         169
  C:9D34H         LINE#         170
  C:9D37H         LINE#         171
  C:9D3AH         LINE#         172
  C:9D3CH         LINE#         174
  C:9D3FH         LINE#         175
BL51 BANKED LINKER/LOCATER V6.22.2.0                                                  11/19/2021  12:02:58  PAGE 23


  C:9D46H         LINE#         176
  C:9D49H         LINE#         177
  C:9D4EH         LINE#         179
  C:9D51H         LINE#         181
  C:9D54H         LINE#         182
  C:9D54H         LINE#         183
  C:9D57H         LINE#         184
  C:9D57H         LINE#         185
  C:9D5AH         LINE#         186
  C:9D60H         LINE#         187
  C:9D66H         LINE#         189
  C:9D66H         LINE#         190
  C:9D66H         LINE#         192
  C:9D69H         LINE#         194
  C:9D69H         LINE#         195
  C:9D6CH         LINE#         196
  C:9D6CH         LINE#         198
  C:9D7AH         LINE#         201
  C:9D7AH         LINE#         203
  C:9D7DH         LINE#         205
  C:9D80H         LINE#         206
  C:9D80H         LINE#         209
  C:9D8FH         LINE#         212
  C:9D98H         LINE#         215
  C:9DA6H         LINE#         218
  C:9DA6H         LINE#         220
  C:9DA8H         LINE#         222
  C:9DA8H         LINE#         223
  C:9DABH         LINE#         224
  C:9DABH         LINE#         225
  C:9DAEH         LINE#         229
  -------         ENDPROC       MAIN
  -------         ENDMOD        MAIN

  -------         MODULE        ACCESCAN
  C:0000H         SYMBOL        _ICE_DUMMY_
  D:0080H         PUBLIC        P0
  D:0090H         PUBLIC        P1
  I:0011H         PUBLIC        placa
  B:0080H.2       PUBLIC        led_err_imp
  C:A9ACH         PUBLIC        _Monitor_chr
  C:604FH         PUBLIC        _Cmd_LPR_Salida
  B:0080H.3       PUBLIC        Atascado
  B:0080H.0       PUBLIC        rx_ip
  B:0090H.7       PUBLIC        lock
  X:028CH         PUBLIC        USE_LPR
  C:3EE0H         PUBLIC        _Valida_Trama_Pto
  C:9600H         PUBLIC        _recibe_cmd_Monitor
  C:8808H         PUBLIC        _Cmd_LPR_Salida_wiegand
  -------         PROC          _VALIDA_TRAMA_PTO
  X:0001H         SYMBOL        buffer
  X:0004H         SYMBOL        length_trama
  -------         DO            
  X:028BH         SYMBOL        cont
  X:0005H         SYMBOL        bcc
  D:0004H         SYMBOL        j
  X:0006H         SYMBOL        buff
BL51 BANKED LINKER/LOCATER V6.22.2.0                                                  11/19/2021  12:02:58  PAGE 24


  -------         ENDDO         
  C:3EE0H         LINE#         124
  C:3EEEH         LINE#         125
  C:3EEEH         LINE#         128
  C:3EF1H         LINE#         131
  C:3EFEH         LINE#         133
  C:3F41H         LINE#         134
  C:3F41H         LINE#         135
  C:3F4AH         LINE#         136
  C:3F5FH         LINE#         137
  C:3F68H         LINE#         138
  C:3F75H         LINE#         139
  C:3F75H         LINE#         140
  C:3F91H         LINE#         141
  C:3F94H         LINE#         142
  C:3F9DH         LINE#         143
  C:3FA5H         LINE#         144
  C:3FAEH         LINE#         145
  C:3FC7H         LINE#         146
  C:3FC7H         LINE#         149
  C:3FD7H         LINE#         150
  C:3FD7H         LINE#         151
  C:3FEAH         LINE#         153
  C:3FEDH         LINE#         155
  C:3FEDH         LINE#         156
  C:3FEDH         LINE#         158
  C:3FEDH         LINE#         160
  C:3FF3H         LINE#         161
  C:3FF7H         LINE#         162
  C:3FFBH         LINE#         163
  C:3FFEH         LINE#         164
  C:4009H         LINE#         166
  C:4012H         LINE#         167
  C:401AH         LINE#         168
  C:4022H         LINE#         169
  C:402AH         LINE#         170
  C:4033H         LINE#         171
  C:4033H         LINE#         173
  C:4033H         LINE#         175
  C:4045H         LINE#         176
  C:4045H         LINE#         177
  C:404BH         LINE#         178
  C:4058H         LINE#         179
  C:4058H         LINE#         180
  C:405DH         LINE#         181
  C:405FH         LINE#         182
  C:4064H         LINE#         183
  C:4066H         LINE#         184
  C:4068H         LINE#         185
  C:406CH         LINE#         186
  C:406CH         LINE#         187
  C:406DH         LINE#         189
  C:4085H         LINE#         190
  C:4085H         LINE#         192
  C:4092H         LINE#         193
  C:4092H         LINE#         194
  C:4094H         LINE#         195
BL51 BANKED LINKER/LOCATER V6.22.2.0                                                  11/19/2021  12:02:58  PAGE 25


  C:4096H         LINE#         196
  C:4098H         LINE#         197
  C:409AH         LINE#         198
  C:409AH         LINE#         200
  C:40C0H         LINE#         201
  C:40C0H         LINE#         202
  C:40C4H         LINE#         203
  C:40C9H         LINE#         204
  C:40D2H         LINE#         205
  C:40D7H         LINE#         206
  C:40D7H         LINE#         209
  C:40D8H         LINE#         212
  C:40EAH         LINE#         213
  C:40EAH         LINE#         214
  C:40ECH         LINE#         215
  C:40EFH         LINE#         217
  C:4101H         LINE#         218
  C:4101H         LINE#         219
  C:4103H         LINE#         220
  C:4106H         LINE#         222
  C:4120H         LINE#         223
  C:4120H         LINE#         224
  C:4122H         LINE#         225
  C:4125H         LINE#         228
  C:413FH         LINE#         229
  C:413FH         LINE#         230
  C:4141H         LINE#         231
  C:4143H         LINE#         234
  C:415DH         LINE#         235
  C:415DH         LINE#         236
  C:415FH         LINE#         237
  C:4161H         LINE#         241
  C:417BH         LINE#         242
  C:417BH         LINE#         243
  C:417DH         LINE#         244
  C:417FH         LINE#         247
  C:4199H         LINE#         248
  C:4199H         LINE#         249
  C:419BH         LINE#         250
  C:419DH         LINE#         252
  C:41B7H         LINE#         253
  C:41B7H         LINE#         254
  C:41BCH         LINE#         255
  C:41BCH         LINE#         257
  C:41ECH         LINE#         258
  C:41ECH         LINE#         259
  C:41EFH         LINE#         260
  C:41EFH         LINE#         262
  C:4220H         LINE#         263
  C:4220H         LINE#         265
  C:4228H         LINE#         267
  C:4231H         LINE#         268
  C:4234H         LINE#         271
  C:4277H         LINE#         272
  C:4277H         LINE#         274
  C:428CH         LINE#         275
  C:4292H         LINE#         276
BL51 BANKED LINKER/LOCATER V6.22.2.0                                                  11/19/2021  12:02:58  PAGE 26


  C:42BCH         LINE#         279
  C:42C4H         LINE#         280
  C:42C4H         LINE#         283
  C:42CBH         LINE#         284
  C:42CBH         LINE#         285
  C:42D0H         LINE#         286
  C:42D0H         LINE#         287
  C:42D2H         LINE#         289
  C:42D2H         LINE#         290
  C:42DBH         LINE#         291
  C:42E3H         LINE#         292
  C:42E3H         LINE#         297
  C:42E5H         LINE#         300
  C:42E5H         LINE#         303
  C:42ECH         LINE#         304
  C:42ECH         LINE#         305
  C:42F1H         LINE#         306
  C:42F1H         LINE#         307
  C:42FCH         LINE#         311
  C:42FCH         LINE#         312
  C:42FCH         LINE#         314
  -------         ENDPROC       _VALIDA_TRAMA_PTO
  -------         PROC          _RECIBE_CMD_MONITOR
  X:0001H         SYMBOL        buffer_cmd
  -------         DO            
  X:0004H         SYMBOL        j
  X:0005H         SYMBOL        NumDatos
  D:0005H         SYMBOL        time_out
  X:0006H         SYMBOL        MaxChrRx
  D:0006H         SYMBOL        contador
  -------         ENDDO         
  C:9600H         LINE#         320
  C:960BH         LINE#         321
  C:960BH         LINE#         325
  C:9610H         LINE#         326
  C:9614H         LINE#         328
  C:961CH         LINE#         329
  C:961CH         LINE#         330
  C:962DH         LINE#         331
  C:962DH         LINE#         332
  C:9630H         LINE#         333
  C:9631H         LINE#         334
  C:9637H         LINE#         335
  C:9637H         LINE#         336
  C:963CH         LINE#         337
  C:9645H         LINE#         338
  C:9645H         LINE#         339
  C:9647H         LINE#         340
  C:964FH         LINE#         341
  C:964FH         LINE#         342
  C:9651H         LINE#         343
  C:9656H         LINE#         344
  C:965CH         LINE#         345
  C:966EH         LINE#         346
  C:9678H         LINE#         347
  C:9680H         LINE#         349
  C:968FH         LINE#         352
BL51 BANKED LINKER/LOCATER V6.22.2.0                                                  11/19/2021  12:02:58  PAGE 27


  C:968FH         LINE#         353
  C:9694H         LINE#         354
  -------         ENDPROC       _RECIBE_CMD_MONITOR
  -------         PROC          _MONITOR_CHR
  X:003AH         SYMBOL        str
  X:003DH         SYMBOL        num_char
  -------         DO            
  X:003EH         SYMBOL        j
  -------         ENDDO         
  C:A9ACH         LINE#         409
  C:A9BAH         LINE#         410
  C:A9BAH         LINE#         412
  C:A9C8H         LINE#         413
  C:A9C8H         LINE#         414
  C:A9DAH         LINE#         415
  C:A9E4H         LINE#         416
  C:A9ECH         LINE#         417
  -------         ENDPROC       _MONITOR_CHR
  -------         PROC          _CMD_LPR_SALIDA_WIEGAND
  X:0011H         SYMBOL        buffer
  -------         DO            
  X:0014H         SYMBOL        Buffer_Lpr
  X:0032H         SYMBOL        j
  -------         ENDDO         
  C:8808H         LINE#         422
  C:8813H         LINE#         423
  C:8813H         LINE#         425
  C:8819H         LINE#         426
  C:881EH         LINE#         427
  C:8826H         LINE#         428
  C:882AH         LINE#         429
  C:8833H         LINE#         430
  C:8833H         LINE#         431
  C:8844H         LINE#         432
  C:8846H         LINE#         434
  C:8846H         LINE#         435
  C:8857H         LINE#         436
  C:8857H         LINE#         440
  C:886EH         LINE#         441
  C:886EH         LINE#         442
  C:887DH         LINE#         443
  C:8887H         LINE#         445
  C:888FH         LINE#         446
  C:88A3H         LINE#         448
  C:88B3H         LINE#         449
  C:88C4H         LINE#         450
  C:88D1H         LINE#         454
  -------         ENDPROC       _CMD_LPR_SALIDA_WIEGAND
  -------         PROC          _CMD_LPR_SALIDA
  X:0015H         SYMBOL        buffer_S1_B0
  X:0018H         SYMBOL        buffer_S1_B
  -------         DO            
  X:001BH         SYMBOL        Buffer_Lpr
  X:0039H         SYMBOL        j
  -------         ENDDO         
  C:604FH         LINE#         459
  C:605AH         LINE#         460
BL51 BANKED LINKER/LOCATER V6.22.2.0                                                  11/19/2021  12:02:58  PAGE 28


  C:605AH         LINE#         464
  C:6060H         LINE#         465
  C:6065H         LINE#         466
  C:606DH         LINE#         467
  C:6071H         LINE#         471
  C:607AH         LINE#         472
  C:607AH         LINE#         473
  C:608BH         LINE#         474
  C:608DH         LINE#         476
  C:608DH         LINE#         477
  C:609EH         LINE#         478
  C:609EH         LINE#         479
  C:60B6H         LINE#         480
  C:60B6H         LINE#         481
  C:60CBH         LINE#         482
  C:60D9H         LINE#         483
  C:60E7H         LINE#         484
  C:60F3H         LINE#         485
  C:6101H         LINE#         486
  C:613AH         LINE#         488
  C:613CH         LINE#         490
  C:613CH         LINE#         494
  C:613CH         LINE#         496
  C:615EH         LINE#         497
  C:6168H         LINE#         498
  C:6178H         LINE#         500
  C:618BH         LINE#         501
  C:618BH         LINE#         503
  C:6199H         LINE#         506
  C:61A7H         LINE#         510
  C:61B4H         LINE#         512
  C:61C2H         LINE#         514
  C:61D3H         LINE#         517
  C:61E7H         LINE#         519
  -------         ENDPROC       _CMD_LPR_SALIDA
  -------         ENDMOD        ACCESCAN

  -------         MODULE        CLOCK
  C:0000H         SYMBOL        _ICE_DUMMY_
  C:AA21H         PUBLIC        _two_one
  D:0090H         PUBLIC        P1
  C:7699H         PUBLIC        _validar_clk
  C:AD48H         PUBLIC        _wr_clk
  C:64EBH         PUBLIC        _check_fechaOut
  C:5CCDH         PUBLIC        _Block_read_clock_ascii_rasberry
  B:00D0H.7       PUBLIC        CY
  C:0003H         PUBLIC        p_ck
  C:8D77H         PUBLIC        _check_fechaOut_2
  C:9695H         PUBLIC        _hex_ascii
  X:028DH         PUBLIC        data_clk
  C:B027H         PUBLIC        cond_ini_clock
  C:8A75H         PUBLIC        _Block_read_Clock
  B:0090H.4       PUBLIC        sck
  C:91A0H         PUBLIC        _Block_read_Clock_Hex
  C:6664H         PUBLIC        _Block_read_clock_ascii
  C:AB07H         PUBLIC        _hex_bcd
  C:AEC8H         PUBLIC        _bcd_hex
BL51 BANKED LINKER/LOCATER V6.22.2.0                                                  11/19/2021  12:02:58  PAGE 29


  C:A4FBH         PUBLIC        _ByteHex_Decimal
  C:98E1H         PUBLIC        _lee_clk
  C:3092H         PUBLIC        _analiza_tiempo
  B:0090H.5       PUBLIC        io
  C:9967H         PUBLIC        _Block_write_clock_ascii
  B:0090H.6       PUBLIC        rst
  C:AA6EH         PUBLIC        _eb_clk
  C:4A60H         PUBLIC        _Two_ByteHex_Decimal
  -------         PROC          P_CK
  C:0003H         LINE#         40
  C:0003H         LINE#         41
  C:0003H         LINE#         42
  C:0005H         LINE#         43
  C:0008H         LINE#         44
  C:000AH         LINE#         45
  -------         ENDPROC       P_CK
  -------         PROC          _EB_CLK
  X:00C8H         SYMBOL        dir_clk
  -------         DO            
  X:00C9H         SYMBOL        nbits
  -------         ENDDO         
  C:AA6EH         LINE#         47
  C:AA73H         LINE#         49
  C:AA78H         LINE#         50
  C:AA78H         LINE#         51
  C:AA81H         LINE#         52
  C:AA84H         LINE#         53
  C:AA84H         LINE#         54
  C:AA86H         LINE#         55
  C:AA88H         LINE#         57
  C:AA88H         LINE#         58
  C:AA8AH         LINE#         59
  C:AA8AH         LINE#         60
  C:AA8DH         LINE#         61
  C:AAACH         LINE#         62
  -------         ENDPROC       _EB_CLK
  C:98D8H         SYMBOL        L?0180
  -------         PROC          L?0179
  -------         ENDPROC       L?0179
  C:98D8H         SYMBOL        L?0180
  -------         PROC          _LEE_CLK
  X:00C5H         SYMBOL        dir_clk
  -------         DO            
  X:00C6H         SYMBOL        nbits
  -------         ENDDO         
  C:98E1H         LINE#         64
  C:98E6H         LINE#         66
  C:98E8H         LINE#         67
  C:98EFH         LINE#         68
  C:98F7H         LINE#         69
  C:9910H         LINE#         70
  C:9910H         LINE#         71
  C:9913H         LINE#         72
  C:9913H         LINE#         73
  C:991AH         LINE#         74
  C:9924H         LINE#         75
  C:9929H         LINE#         76
BL51 BANKED LINKER/LOCATER V6.22.2.0                                                  11/19/2021  12:02:58  PAGE 30


  C:9929H         LINE#         77
  C:9929H         LINE#         78
  C:992CH         LINE#         79
  C:992CH         LINE#         80
  C:9933H         LINE#         81
  C:9944H         LINE#         82
  C:9944H         LINE#         83
  C:994CH         LINE#         84
  C:994CH         LINE#         85
  C:994CH         LINE#         86
  C:994FH         LINE#         87
  C:995FH         LINE#         88
  C:9961H         LINE#         89
  C:9966H         LINE#         90
  -------         ENDPROC       _LEE_CLK
  -------         PROC          _WR_CLK
  X:0014H         SYMBOL        dir_clk
  X:0015H         SYMBOL        byte
  C:AD48H         LINE#         92
  C:AD50H         LINE#         93
  C:AD52H         LINE#         94
  C:AD59H         LINE#         95
  C:AD61H         LINE#         96
  C:AD6AH         LINE#         97
  C:AD6DH         LINE#         98
  C:AD6FH         LINE#         100
  -------         ENDPROC       _WR_CLK
  C:A9EDH         SYMBOL        L?0175
  C:AA0BH         SYMBOL        L?0176
  -------         PROC          L?0174
  -------         ENDPROC       L?0174
  C:A9EDH         SYMBOL        L?0175
  C:AA0BH         SYMBOL        L?0176
  -------         PROC          _TWO_ONE
  D:0007H         SYMBOL        byte_h
  D:0005H         SYMBOL        byte_l
  -------         DO            
  D:0007H         SYMBOL        byte_out
  -------         ENDDO         
  C:AA21H         LINE#         102
  C:AA21H         LINE#         103
  C:AA21H         LINE#         105
  C:AA24H         LINE#         106
  C:AA28H         LINE#         107
  C:AA2BH         LINE#         108
  C:AA2DH         LINE#         109
  C:AA2DH         LINE#         110
  -------         ENDPROC       _TWO_ONE
  -------         PROC          _VALIDAR_CLK
  D:0001H         SYMBOL        datos_clock
  -------         DO            
  D:0007H         SYMBOL        validador
  -------         ENDDO         
  C:7699H         LINE#         114
  C:7699H         LINE#         115
  C:7699H         LINE#         116
  C:769BH         LINE#         119
BL51 BANKED LINKER/LOCATER V6.22.2.0                                                  11/19/2021  12:02:58  PAGE 31


  C:76B0H         LINE#         120
  C:76B0H         LINE#         122
  C:76C8H         LINE#         123
  C:76C8H         LINE#         125
  C:76E0H         LINE#         126
  C:76E0H         LINE#         127
  C:76F8H         LINE#         128
  C:76F8H         LINE#         129
  C:7710H         LINE#         130
  C:7710H         LINE#         131
  C:7725H         LINE#         132
  C:7725H         LINE#         133
  C:7737H         LINE#         134
  C:7737H         LINE#         135
  C:7749H         LINE#         136
  C:7749H         LINE#         137
  C:775BH         LINE#         138
  C:775BH         LINE#         139
  C:776DH         LINE#         140
  C:776DH         LINE#         141
  C:777FH         LINE#         142
  C:777FH         LINE#         143
  C:778FH         LINE#         144
  C:778FH         LINE#         145
  C:778FH         LINE#         146
  C:778FH         LINE#         147
  C:7790H         LINE#         149
  C:7790H         LINE#         150
  C:7792H         LINE#         151
  C:7792H         LINE#         152
  C:7793H         LINE#         154
  C:7793H         LINE#         155
  C:7795H         LINE#         157
  C:7795H         LINE#         158
  C:7796H         LINE#         160
  C:7796H         LINE#         161
  C:7798H         LINE#         163
  C:7798H         LINE#         165
  C:7799H         LINE#         167
  C:7799H         LINE#         168
  C:779BH         LINE#         170
  C:779BH         LINE#         171
  C:779CH         LINE#         173
  C:779CH         LINE#         174
  C:779EH         LINE#         176
  C:779EH         LINE#         177
  C:779FH         LINE#         179
  C:779FH         LINE#         180
  C:77A1H         LINE#         182
  C:77A1H         LINE#         183
  C:77A2H         LINE#         185
  C:77A2H         LINE#         186
  C:77A4H         LINE#         188
  C:77A4H         LINE#         189
  C:77A4H         LINE#         191
  C:77A5H         LINE#         193
  C:77A5H         LINE#         194
BL51 BANKED LINKER/LOCATER V6.22.2.0                                                  11/19/2021  12:02:58  PAGE 32


  C:77A7H         LINE#         196
  C:77A7H         LINE#         198
  C:77A8H         LINE#         201
  C:77A8H         LINE#         202
  C:77AAH         LINE#         204
  C:77AAH         LINE#         206
  C:77ABH         LINE#         209
  C:77ABH         LINE#         210
  C:77ADH         LINE#         212
  C:77ADH         LINE#         214
  C:77ADH         LINE#         216
  -------         ENDPROC       _VALIDAR_CLK
  -------         PROC          _BLOCK_WRITE_CLOCK_ASCII
  X:0011H         SYMBOL        datos_clock
  C:9967H         LINE#         222
  C:9972H         LINE#         224
  C:9972H         LINE#         228
  C:997CH         LINE#         229
  C:997CH         LINE#         230
  C:997CH         LINE#         231
  C:997CH         LINE#         233
  C:9986H         LINE#         234
  C:9990H         LINE#         235
  C:999AH         LINE#         236
  C:999AH         LINE#         237
  C:999AH         LINE#         238
  C:999AH         LINE#         240
  C:99A4H         LINE#         241
  C:99A4H         LINE#         242
  C:99A4H         LINE#         243
  C:99A4H         LINE#         245
  C:99AEH         LINE#         246
  C:99AEH         LINE#         247
  C:99AEH         LINE#         248
  C:99AEH         LINE#         250
  C:99B8H         LINE#         251
  C:99B8H         LINE#         252
  C:99B8H         LINE#         253
  C:99B8H         LINE#         255
  C:99C2H         LINE#         256
  C:99CCH         LINE#         257
  C:99D6H         LINE#         258
  C:99E0H         LINE#         260
  -------         ENDPROC       _BLOCK_WRITE_CLOCK_ASCII
  -------         PROC          _BCD_HEX
[...]
  C:83AFH         LINE#         256
  C:83AFH         LINE#         259
  C:83B2H         LINE#         261
  C:83D2H         LINE#         262
  C:83D2H         LINE#         263
  C:83D9H         LINE#         264
  C:83D9H         LINE#         265
  C:83DFH         LINE#         266
  C:83E1H         LINE#         267
  C:83E8H         LINE#         268
  C:83E8H         LINE#         269
  C:83EEH         LINE#         270
BL51 BANKED LINKER/LOCATER V6.22.2.0                                                  11/19/2021  12:02:58  PAGE 121


  C:83F0H         LINE#         271
  C:83F7H         LINE#         272
  C:83F7H         LINE#         273
  C:83FDH         LINE#         274
  C:83FFH         LINE#         275
  C:8406H         LINE#         276
  C:8406H         LINE#         277
  C:840CH         LINE#         278
  C:840EH         LINE#         279
  C:8415H         LINE#         280
  C:8415H         LINE#         281
  C:841EH         LINE#         282
  C:841EH         LINE#         284
  C:8424H         LINE#         285
  C:8427H         LINE#         286
  C:8429H         LINE#         287
  C:842DH         LINE#         288
  C:8431H         LINE#         289
  C:8435H         LINE#         290
  C:843DH         LINE#         291
  C:8441H         LINE#         292
  C:844DH         LINE#         293
  C:844DH         LINE#         294
  C:8461H         LINE#         295
  C:8464H         LINE#         296
  C:846CH         LINE#         297
  C:846EH         LINE#         298
  C:8473H         LINE#         299
  C:8482H         LINE#         300
  C:848DH         LINE#         301
  C:8493H         LINE#         302
  C:8493H         LINE#         304
  -------         ENDPROC       _MOV_CARD
  -------         PROC          AUT_CARD_CHECK_STATUS
  -------         DO            
  D:0003H         SYMBOL        j
  X:0011H         SYMBOL        bcc
  X:0012H         SYMBOL        g_scArrTxComSoft
  -------         ENDDO         
  C:9FB5H         LINE#         310
  C:9FB5H         LINE#         311
  C:9FB5H         LINE#         314
  C:9FBAH         LINE#         316
  C:9FC3H         LINE#         318
  C:9FC9H         LINE#         319
  C:9FCCH         LINE#         320
  C:9FCEH         LINE#         321
  C:9FD2H         LINE#         322
  C:9FD6H         LINE#         323
  C:9FDAH         LINE#         324
  C:9FDEH         LINE#         325
  C:9FE2H         LINE#         326
  C:9FEEH         LINE#         327
  C:9FEEH         LINE#         328
  C:A002H         LINE#         329
  C:A005H         LINE#         330
  C:A00DH         LINE#         331
BL51 BANKED LINKER/LOCATER V6.22.2.0                                                  11/19/2021  12:02:58  PAGE 122


  C:A00FH         LINE#         332
  C:A014H         LINE#         333
  C:A023H         LINE#         334
  C:A02EH         LINE#         335
  C:A034H         LINE#         336
  -------         ENDPROC       AUT_CARD_CHECK_STATUS
  -------         PROC          DWLOAD_EEPROM
  -------         DO            
  D:0003H         SYMBOL        j
  X:0002H         SYMBOL        bcc
  X:0003H         SYMBOL        g_scArrTxComSoft
  -------         ENDDO         
  C:90F7H         LINE#         342
  C:90F7H         LINE#         343
  C:90F7H         LINE#         346
  C:90FCH         LINE#         347
  C:9105H         LINE#         349
  C:910BH         LINE#         350
  C:910EH         LINE#         351
  C:9110H         LINE#         352
  C:9114H         LINE#         353
  C:9118H         LINE#         354
  C:911CH         LINE#         355
  C:9120H         LINE#         356
  C:9123H         LINE#         357
  C:9127H         LINE#         358
  C:912AH         LINE#         359
  C:912DH         LINE#         360
  C:9131H         LINE#         361
  C:9135H         LINE#         362
  C:9139H         LINE#         363
  C:913DH         LINE#         364
  C:9141H         LINE#         365
  C:9145H         LINE#         366
  C:9149H         LINE#         367
  C:914DH         LINE#         369
  C:9159H         LINE#         370
  C:9159H         LINE#         371
  C:916DH         LINE#         372
  C:9170H         LINE#         373
  C:9178H         LINE#         374
  C:917AH         LINE#         375
  C:917FH         LINE#         376
  C:918EH         LINE#         377
  C:9199H         LINE#         378
  C:919FH         LINE#         379
  -------         ENDPROC       DWLOAD_EEPROM
  -------         PROC          LOADVERIFY_EEPROM
  -------         DO            
  D:0003H         SYMBOL        j
  X:0011H         SYMBOL        bcc
  X:0012H         SYMBOL        g_scArrTxComSoft
  -------         ENDDO         
  C:97B7H         LINE#         385
  C:97B7H         LINE#         386
  C:97B7H         LINE#         389
  C:97BCH         LINE#         390
BL51 BANKED LINKER/LOCATER V6.22.2.0                                                  11/19/2021  12:02:58  PAGE 123


  C:97C5H         LINE#         393
  C:97CBH         LINE#         394
  C:97CEH         LINE#         395
  C:97D0H         LINE#         396
  C:97D4H         LINE#         397
  C:97D8H         LINE#         398
  C:97DCH         LINE#         399
  C:97E0H         LINE#         400
  C:97E3H         LINE#         401
  C:97E7H         LINE#         402
  C:97EAH         LINE#         403
  C:97EDH         LINE#         404
  C:97F1H         LINE#         405
  C:97F5H         LINE#         409
  C:9801H         LINE#         410
  C:9801H         LINE#         411
  C:9815H         LINE#         412
  C:9818H         LINE#         413
  C:9820H         LINE#         414
  C:9822H         LINE#         415
  C:9827H         LINE#         416
  C:9836H         LINE#         417
  C:9841H         LINE#         418
  C:9847H         LINE#         420
  -------         ENDPROC       LOADVERIFY_EEPROM
  -------         PROC          _RD_MF
  X:0011H         SYMBOL        Sector
  X:0012H         SYMBOL        Bloque
  -------         DO            
  D:0003H         SYMBOL        j
  X:0013H         SYMBOL        bcc
  X:0014H         SYMBOL        g_scArrTxComSoft
  -------         ENDDO         
  C:8B3AH         LINE#         426
  C:8B42H         LINE#         427
  C:8B42H         LINE#         431
  C:8B45H         LINE#         433
  C:8B4EH         LINE#         434
  C:8B56H         LINE#         436
  C:8B5FH         LINE#         437
  C:8B67H         LINE#         438
  C:8B70H         LINE#         441
  C:8B76H         LINE#         442
  C:8B79H         LINE#         443
  C:8B7BH         LINE#         444
  C:8B7FH         LINE#         445
  C:8B83H         LINE#         446
  C:8B87H         LINE#         447
  C:8B8BH         LINE#         448
  C:8B8EH         LINE#         449
  C:8B92H         LINE#         450
  C:8B9AH         LINE#         451
  C:8BA2H         LINE#         452
  C:8BA6H         LINE#         453
  C:8BAAH         LINE#         455
  C:8BB6H         LINE#         456
  C:8BB6H         LINE#         457
BL51 BANKED LINKER/LOCATER V6.22.2.0                                                  11/19/2021  12:02:58  PAGE 124


  C:8BCAH         LINE#         458
  C:8BCDH         LINE#         459
  C:8BD5H         LINE#         462
  C:8BD7H         LINE#         463
  C:8BDCH         LINE#         464
  C:8BEBH         LINE#         465
  C:8BF6H         LINE#         466
  C:8BFCH         LINE#         468
  -------         ENDPROC       _RD_MF
  -------         PROC          _WR_MF
  X:0011H         SYMBOL        Sector
  X:0012H         SYMBOL        Bloque
  X:0013H         SYMBOL        buffer
  -------         DO            
  X:0016H         SYMBOL        j
  X:0017H         SYMBOL        bcc
  X:0018H         SYMBOL        g_scArrTxComSoft
  -------         ENDDO         
  C:6370H         LINE#         475
  C:6381H         LINE#         477
  C:6381H         LINE#         480
  C:6386H         LINE#         482
  C:638FH         LINE#         483
  C:6397H         LINE#         485
  C:63A0H         LINE#         486
  C:63A8H         LINE#         487
  C:63B1H         LINE#         489
  C:63B7H         LINE#         490
  C:63BAH         LINE#         491
  C:63BCH         LINE#         492
  C:63C0H         LINE#         494
  C:63C4H         LINE#         495
  C:63C8H         LINE#         496
  C:63CCH         LINE#         497
  C:63CFH         LINE#         498
  C:63D3H         LINE#         499
  C:63DCH         LINE#         500
  C:63E4H         LINE#         501
  C:63E8H         LINE#         503
  C:63EDH         LINE#         504
  C:63EDH         LINE#         509
  C:63F0H         LINE#         510
  C:63F2H         LINE#         511
  C:63F4H         LINE#         512
  C:63F6H         LINE#         513
  C:63F8H         LINE#         518
  C:63FAH         LINE#         519
  C:63FCH         LINE#         520
  C:63FEH         LINE#         525
  C:6413H         LINE#         526
  C:6413H         LINE#         527
  C:6414H         LINE#         528
  C:6416H         LINE#         530
  C:6416H         LINE#         531
  C:642BH         LINE#         532
  C:642BH         LINE#         536
  C:6435H         LINE#         541
BL51 BANKED LINKER/LOCATER V6.22.2.0                                                  11/19/2021  12:02:58  PAGE 125


  C:6448H         LINE#         542
  C:6448H         LINE#         543
  C:6448H         LINE#         544
  C:6448H         LINE#         546
  C:6448H         LINE#         547
  C:644EH         LINE#         548
  C:644EH         LINE#         553
  C:6453H         LINE#         554
  C:6455H         LINE#         555
  C:6457H         LINE#         556
  C:6459H         LINE#         557
  C:645BH         LINE#         559
  C:645DH         LINE#         561
  C:645DH         LINE#         562
  C:6471H         LINE#         563
  C:6471H         LINE#         564
  C:647DH         LINE#         565
  C:6485H         LINE#         566
  C:6485H         LINE#         571
  C:648BH         LINE#         573
  C:649EH         LINE#         574
  C:649EH         LINE#         575
  C:64B3H         LINE#         576
  C:64BBH         LINE#         577
  C:64C3H         LINE#         580
  C:64C5H         LINE#         581
  C:64CAH         LINE#         582
  C:64D9H         LINE#         583
  C:64E4H         LINE#         584
  C:64EAH         LINE#         586
  -------         ENDPROC       _WR_MF
  -------         PROC          UNIQUE_IDENTIFIER_UID
  -------         DO            
  D:0003H         SYMBOL        j
  X:0011H         SYMBOL        bcc
  X:0012H         SYMBOL        g_scArrTxComSoft
  -------         ENDDO         
  C:9C1CH         LINE#         591
  C:9C1CH         LINE#         592
  C:9C1CH         LINE#         595
  C:9C21H         LINE#         597
  C:9C2AH         LINE#         599
  C:9C30H         LINE#         600
  C:9C33H         LINE#         601
  C:9C35H         LINE#         602
  C:9C39H         LINE#         603
  C:9C3DH         LINE#         604
  C:9C41H         LINE#         605
  C:9C45H         LINE#         606
  C:9C49H         LINE#         607
  C:9C4DH         LINE#         608
  C:9C51H         LINE#         609
  C:9C5DH         LINE#         610
  C:9C5DH         LINE#         611
  C:9C71H         LINE#         612
  C:9C74H         LINE#         613
  C:9C7CH         LINE#         614
BL51 BANKED LINKER/LOCATER V6.22.2.0                                                  11/19/2021  12:02:58  PAGE 126


  C:9C7EH         LINE#         615
  C:9C83H         LINE#         616
  C:9C92H         LINE#         617
  C:9C9DH         LINE#         618
  C:9CA3H         LINE#         619
  -------         ENDPROC       UNIQUE_IDENTIFIER_UID
  -------         PROC          POWER_OFF
  -------         DO            
  D:0003H         SYMBOL        j
  X:0011H         SYMBOL        bcc
  X:0012H         SYMBOL        g_scArrTxComSoft
  -------         ENDDO         
  C:A035H         LINE#         620
  C:A035H         LINE#         621
  C:A035H         LINE#         624
  C:A03AH         LINE#         626
  C:A043H         LINE#         628
  C:A049H         LINE#         629
  C:A04CH         LINE#         630
  C:A04EH         LINE#         631
  C:A052H         LINE#         632
  C:A056H         LINE#         633
  C:A05AH         LINE#         634
  C:A05EH         LINE#         635
  C:A062H         LINE#         636
  C:A06EH         LINE#         637
  C:A06EH         LINE#         638
  C:A082H         LINE#         639
  C:A085H         LINE#         640
  C:A08DH         LINE#         641
  C:A08FH         LINE#         642
  C:A094H         LINE#         643
  C:A0A3H         LINE#         644
  C:A0AEH         LINE#         645
  C:A0B4H         LINE#         648
  -------         ENDPROC       POWER_OFF
  -------         ENDMOD        LINTECH

  -------         MODULE        ?C?FPADD
  C:1DCFH         PUBLIC        ?C?FPADD
  C:1DCBH         PUBLIC        ?C?FPSUB
  -------         ENDMOD        ?C?FPADD

  -------         MODULE        ?C?FPMUL
  C:1EC0H         PUBLIC        ?C?FPMUL
  -------         ENDMOD        ?C?FPMUL

  -------         MODULE        ?C?FCAST
  C:1FD0H         PUBLIC        ?C?FCASTC
  C:1FCBH         PUBLIC        ?C?FCASTI
  C:1FC6H         PUBLIC        ?C?FCASTL
  -------         ENDMOD        ?C?FCAST

  -------         MODULE        ?C?CASTF
  C:2004H         PUBLIC        ?C?CASTF
  -------         ENDMOD        ?C?CASTF

BL51 BANKED LINKER/LOCATER V6.22.2.0                                                  11/19/2021  12:02:58  PAGE 127


  -------         MODULE        PRINTF
  X:00B0H         PUBLIC        ?_PRINTF?BYTE
  X:00B0H         PUBLIC        ?_SPRINTF?BYTE
  C:3AC8H         PUBLIC        _PRINTF
  C:3AC2H         PUBLIC        _SPRINTF
  -------         ENDMOD        PRINTF

  -------         MODULE        POW
  X:0046H         PUBLIC        ?_pow?BYTE
  C:67D3H         PUBLIC        _pow
  -------         ENDMOD        POW

  -------         MODULE        ?C?CHKFLOAT
  C:2085H         PUBLIC        ?C?CHKFLOAT
  -------         ENDMOD        ?C?CHKFLOAT

  -------         MODULE        ?C?FPCMP
  C:20A1H         PUBLIC        ?C?FPCMP
  C:209FH         PUBLIC        ?C?FPCMP3
  -------         ENDMOD        ?C?FPCMP

  -------         MODULE        ?C?FPNEG
  C:2118H         PUBLIC        ?C?FPNEG
  -------         ENDMOD        ?C?FPNEG

  -------         MODULE        ?C?FPROUND
  C:2129H         PUBLIC        ?C?FPROUND
  -------         ENDMOD        ?C?FPROUND

  -------         MODULE        ?C?FPCONVERT
  C:2166H         PUBLIC        ?C?FPCONVERT
  -------         ENDMOD        ?C?FPCONVERT

  -------         MODULE        EXP
  C:959EH         PUBLIC        _EXP
  -------         ENDMOD        EXP

  -------         MODULE        LOG
  C:7249H         PUBLIC        _LOG
  C:7245H         PUBLIC        _LOG10
  -------         ENDMOD        LOG

  -------         MODULE        ?C?FPDIV
  C:226EH         PUBLIC        ?C?FPDIV
  -------         ENDMOD        ?C?FPDIV

  -------         MODULE        ?C?FTNPWR
  C:233BH         PUBLIC        ?C?FTNPWR
  -------         ENDMOD        ?C?FTNPWR

  -------         MODULE        ?C?COPY
  C:2498H         PUBLIC        ?C?COPY
  -------         ENDMOD        ?C?COPY

  -------         MODULE        ?C?CLDPTR
  C:24BEH         PUBLIC        ?C?CLDPTR
  -------         ENDMOD        ?C?CLDPTR
BL51 BANKED LINKER/LOCATER V6.22.2.0                                                  11/19/2021  12:02:58  PAGE 128



  -------         MODULE        ?C?CLDOPTR
  C:24D7H         PUBLIC        ?C?CLDOPTR
  -------         ENDMOD        ?C?CLDOPTR

  -------         MODULE        ?C?CSTPTR
  C:2504H         PUBLIC        ?C?CSTPTR
  -------         ENDMOD        ?C?CSTPTR

  -------         MODULE        ?C?CSTOPTR
  C:2516H         PUBLIC        ?C?CSTOPTR
  -------         ENDMOD        ?C?CSTOPTR

  -------         MODULE        ?C?IMUL
  C:2538H         PUBLIC        ?C?IMUL
  -------         ENDMOD        ?C?IMUL

  -------         MODULE        ?C?UIDIV
  C:254AH         PUBLIC        ?C?UIDIV
  -------         ENDMOD        ?C?UIDIV

  -------         MODULE        ?C?IILDX
  C:259FH         PUBLIC        ?C?IILDX
  -------         ENDMOD        ?C?IILDX

  -------         MODULE        ?C?LNEG
  C:25B5H         PUBLIC        ?C?LNEG
  -------         ENDMOD        ?C?LNEG

  -------         MODULE        ?C?ULCMP
  C:25C3H         PUBLIC        ?C?ULCMP
  -------         ENDMOD        ?C?ULCMP

  -------         MODULE        ?C?LLDCODE
  C:25D4H         PUBLIC        ?C?LLDCODE
  -------         ENDMOD        ?C?LLDCODE

  -------         MODULE        ?C?LLDXDATA0
  C:25E4H         PUBLIC        ?C?LLDXDATA0
  -------         ENDMOD        ?C?LLDXDATA0

  -------         MODULE        ?C?LLDCODE0
  C:25F0H         PUBLIC        ?C?LLDCODE0
  -------         ENDMOD        ?C?LLDCODE0

  -------         MODULE        ?C?LSTXDATA
  C:2600H         PUBLIC        ?C?LSTXDATA
  -------         ENDMOD        ?C?LSTXDATA

  -------         MODULE        ?C?LSTKXDATA
  C:260CH         PUBLIC        ?C?LSTKXDATA
  -------         ENDMOD        ?C?LSTKXDATA

  -------         MODULE        ?C?PLDIXDATA
  C:263DH         PUBLIC        ?C?PLDIXDATA
  -------         ENDMOD        ?C?PLDIXDATA

BL51 BANKED LINKER/LOCATER V6.22.2.0                                                  11/19/2021  12:02:58  PAGE 129


  -------         MODULE        ?C?PSTXDATA
  C:2654H         PUBLIC        ?C?PSTXDATA
  -------         ENDMOD        ?C?PSTXDATA

  -------         MODULE        ?C?CCASE
  C:265DH         PUBLIC        ?C?CCASE
  -------         ENDMOD        ?C?CCASE

  -------         MODULE        STRCAT
  X:005AH         PUBLIC        ?_strcat?BYTE
  C:A35EH         PUBLIC        _strcat
  -------         ENDMOD        STRCAT

  -------         MODULE        ?C?STRCMP
  C:2801H         PUBLIC        ?C?STRCMP
  -------         ENDMOD        ?C?STRCMP

  -------         MODULE        ?C?STRCPY
  C:28EAH         PUBLIC        ?C?STRCPY
  -------         ENDMOD        ?C?STRCPY

  -------         MODULE        STRLEN
  C:000EH         PUBLIC        _STRLEN
  -------         ENDMOD        STRLEN

  -------         MODULE        STRTOK
  X:0078H         PUBLIC        ?_strtok?BYTE
  C:8494H         PUBLIC        _strtok
  -------         ENDMOD        STRTOK

  -------         MODULE        ATOI
  C:8656H         PUBLIC        _atoi
  -------         ENDMOD        ATOI

  -------         MODULE        MALLOC
  C:88DEH         PUBLIC        _malloc
  -------         ENDMOD        MALLOC

  -------         MODULE        INIT_MEM
  X:027AH         PUBLIC        __mem_avail__
  C:AB65H         PUBLIC        _init_mempool
  -------         ENDMOD        INIT_MEM

  -------         MODULE        FREE
  C:6E61H         PUBLIC        _free
  -------         ENDMOD        FREE

  -------         MODULE        ?C?ILDIX
  C:2907H         PUBLIC        ?C?ILDIX
  -------         ENDMOD        ?C?ILDIX

  -------         MODULE        ISDIGIT
  C:AFF0H         PUBLIC        _isdigit
  -------         ENDMOD        ISDIGIT

  -------         MODULE        ISSPACE
  C:AF62H         PUBLIC        _isspace
BL51 BANKED LINKER/LOCATER V6.22.2.0                                                  11/19/2021  12:02:58  PAGE 130


  -------         ENDMOD        ISSPACE

  -------         MODULE        STRSPN
  X:007EH         PUBLIC        ?_strspn?BYTE
  C:9DB0H         PUBLIC        _strspn
  -------         ENDMOD        STRSPN

  -------         MODULE        STRPBRK
  X:007EH         PUBLIC        ?_strpbrk?BYTE
  C:9E34H         PUBLIC        _strpbrk
  -------         ENDMOD        STRPBRK

Program Size: data=128.7 xdata=655 code=45164
LINK/LOCATE RUN COMPLETE.  0 WARNING(S),  0 ERROR(S)
