BL51 BANKED LINKER/LOCATER V6.22.2.0                                                    09/28/2020  11:10:44  PAGE 1


BL51 BANKED LINKER/LOCATER V6.22.2.0, INVOKED BY:
C:\KEIL_V5\C51\BIN\BL51.EXE .\Objects\main.obj, .\Objects\Accescan.obj, .\Objects\Clock.obj, .\Objects\delay.obj, .\Obje
>> cts\eeprom.obj, .\Objects\io_sensores.obj, .\Objects\pantallas.obj, .\Objects\prog.obj, .\Objects\pto_paralelo.obj, .
>> \Objects\tibbo.obj, .\Objects\uart.obj, .\Objects\verificador.obj, .\Objects\lintech.obj TO .\Objects\verificador_v_0
>> 1_raspberry PRINT (.\Listings\verificador_v_01_raspberry.m51) RAMSIZE (256)


MEMORY MODEL: LARGE WITH FLOATING POINT ARITHMETIC


INPUT MODULES INCLUDED:
  .\Objects\main.obj (MAIN)
  .\Objects\Accescan.obj (ACCESCAN)
  .\Objects\Clock.obj (CLOCK)
  .\Objects\delay.obj (DELAY)
  .\Objects\eeprom.obj (EEPROM)
  .\Objects\io_sensores.obj (IO_SENSORES)
  .\Objects\pantallas.obj (PANTALLAS)
  .\Objects\prog.obj (PROG)
  .\Objects\pto_paralelo.obj (PTO_PARALELO)
  .\Objects\tibbo.obj (TIBBO)
  .\Objects\uart.obj (UART)
  .\Objects\verificador.obj (VERIFICADOR)
  .\Objects\lintech.obj (LINTECH)
  C:\KEIL_V5\C51\LIB\C51FPL.LIB (?C?FPADD)
  C:\KEIL_V5\C51\LIB\C51FPL.LIB (?C?FPMUL)
  C:\KEIL_V5\C51\LIB\C51FPL.LIB (?C?FCAST)
  C:\KEIL_V5\C51\LIB\C51FPL.LIB (?C?CASTF)
  C:\KEIL_V5\C51\LIB\C51FPL.LIB (PRINTF)
  C:\KEIL_V5\C51\LIB\C51FPL.LIB (POW)
  C:\KEIL_V5\C51\LIB\C51FPL.LIB (?C?FPGETOPN)
  C:\KEIL_V5\C51\LIB\C51FPL.LIB (?C?CHKFLOAT)
  C:\KEIL_V5\C51\LIB\C51FPL.LIB (?C?FPCMP)
  C:\KEIL_V5\C51\LIB\C51FPL.LIB (?C?FPNEG)
  C:\KEIL_V5\C51\LIB\C51FPL.LIB (?C?FPROUND)
  C:\KEIL_V5\C51\LIB\C51FPL.LIB (?C?FPCONVERT)
  C:\KEIL_V5\C51\LIB\C51FPL.LIB (EXP)
  C:\KEIL_V5\C51\LIB\C51FPL.LIB (LOG)
  C:\KEIL_V5\C51\LIB\C51FPL.LIB (?C?FPDIV)
  C:\KEIL_V5\C51\LIB\C51FPL.LIB (?C?FTNPWR)
  C:\KEIL_V5\C51\LIB\C51FPL.LIB (?C?FPSERIES)
  C:\KEIL_V5\C51\LIB\C51L.LIB (?C_STARTUP)
  C:\KEIL_V5\C51\LIB\C51L.LIB (?C?COPY)
  C:\KEIL_V5\C51\LIB\C51L.LIB (?C?CLDPTR)
  C:\KEIL_V5\C51\LIB\C51L.LIB (?C?CLDOPTR)
  C:\KEIL_V5\C51\LIB\C51L.LIB (?C?CSTPTR)
  C:\KEIL_V5\C51\LIB\C51L.LIB (?C?CSTOPTR)
  C:\KEIL_V5\C51\LIB\C51L.LIB (?C?IMUL)
  C:\KEIL_V5\C51\LIB\C51L.LIB (?C?UIDIV)
  C:\KEIL_V5\C51\LIB\C51L.LIB (?C?IILDX)
  C:\KEIL_V5\C51\LIB\C51L.LIB (?C?LNEG)
  C:\KEIL_V5\C51\LIB\C51L.LIB (?C?ULCMP)
  C:\KEIL_V5\C51\LIB\C51L.LIB (?C?LLDCODE)
  C:\KEIL_V5\C51\LIB\C51L.LIB (?C?LLDXDATA0)
  C:\KEIL_V5\C51\LIB\C51L.LIB (?C?LLDCODE0)
  C:\KEIL_V5\C51\LIB\C51L.LIB (?C?LSTXDATA)
  C:\KEIL_V5\C51\LIB\C51L.LIB (?C?LSTKXDATA)
  C:\KEIL_V5\C51\LIB\C51L.LIB (?C?PLDIXDATA)
BL51 BANKED LINKER/LOCATER V6.22.2.0                                                  09/28/2020  11:10:44  PAGE 2


  C:\KEIL_V5\C51\LIB\C51L.LIB (?C?PSTXDATA)
  C:\KEIL_V5\C51\LIB\C51L.LIB (?C?CCASE)
  C:\KEIL_V5\C51\LIB\C51L.LIB (STRCAT)
  C:\KEIL_V5\C51\LIB\C51L.LIB (?C?STRCMP)
  C:\KEIL_V5\C51\LIB\C51L.LIB (?C?STRCPY)
  C:\KEIL_V5\C51\LIB\C51L.LIB (STRLEN)
  C:\KEIL_V5\C51\LIB\C51L.LIB (STRTOK)
  C:\KEIL_V5\C51\LIB\C51L.LIB (ATOI)
  C:\KEIL_V5\C51\LIB\C51L.LIB (?C_INIT)
  C:\KEIL_V5\C51\LIB\C51L.LIB (?C?ILDIX)
  C:\KEIL_V5\C51\LIB\C51L.LIB (ISDIGIT)
  C:\KEIL_V5\C51\LIB\C51L.LIB (ISSPACE)
  C:\KEIL_V5\C51\LIB\C51L.LIB (STRSPN)
  C:\KEIL_V5\C51\LIB\C51L.LIB (STRPBRK)


LINK MAP OF MODULE:  .\Objects\verificador_v_01_raspberry (MAIN)


            TYPE    BASE      LENGTH    RELOCATION   SEGMENT NAME
            -----------------------------------------------------

            * * * * * * *   D A T A   M E M O R Y   * * * * * * *
            REG     0000H     0008H     ABSOLUTE     "REG BANK 0"
            DATA    0008H     0005H     UNIT         _DATA_GROUP_
            DATA    000DH     0004H     UNIT         ?DT?UART
            IDATA   0011H     0009H     UNIT         ?ID?ACCESCAN
                    001AH     0006H                  *** GAP ***
            BIT     0020H.0   0001H.1   UNIT         _BIT_GROUP_
            BIT     0021H.1   0000H.3   UNIT         ?BI?MAIN
            BIT     0021H.4   0000H.2   UNIT         ?BI?UART
            BIT     0021H.6   0000H.1   UNIT         ?BI?EEPROM
                    0021H.7   0000H.1                *** GAP ***
            IDATA   0022H     0064H     UNIT         ?ID?MAIN
            IDATA   0086H     0001H     UNIT         ?STACK

            * * * * * * *  X D A T A   M E M O R Y  * * * * * * *
            XDATA   0000H     00E4H     UNIT         _XDATA_GROUP_
            XDATA   00E4H     0070H     UNIT         ?XD?MAIN
            XDATA   0154H     0066H     UNIT         ?XD?VERIFICADOR
            XDATA   01BAH     0051H     UNIT         ?XD?PROG
            XDATA   020BH     001EH     UNIT         ?XD?PTO_PARALELO
            XDATA   0229H     0003H     UNIT         ?XD?_VALIDA_TRAMA_MONITOR?ACCESCAN
            XDATA   022CH     0003H     UNIT         ?XD?EEPROM
            XDATA   022FH     0003H     UNIT         ?XD?UART
            XDATA   0232H     0003H     UNIT         ?XD?STRTOK
            XDATA   0235H     0002H     UNIT         ?XD?ACCESCAN
            XDATA   0237H     0001H     UNIT         ?XD?CLOCK
            XDATA   0238H     0001H     UNIT         ?XD?IO_SENSORES
            XDATA   0239H     0001H     UNIT         ?XD?PANTALLAS

            * * * * * * *   C O D E   M E M O R Y   * * * * * * *
            CODE    0000H     0003H     ABSOLUTE     
            CODE    0003H     0008H     UNIT         ?PR?P_CK?CLOCK
            CODE    000BH     0003H     ABSOLUTE     
            CODE    000EH     0015H     UNIT         ?PR?_STRLEN?STRLEN
            CODE    0023H     0003H     ABSOLUTE     
BL51 BANKED LINKER/LOCATER V6.22.2.0                                                  09/28/2020  11:10:44  PAGE 3


            CODE    0026H     116CH     UNIT         ?CO?PROG
            CODE    1192H     0BBCH     UNIT         ?PR?SECUENCIAEXPEDIDOR?VERIFICADOR
            CODE    1D4EH     0B55H     UNIT         ?C?LIB_CODE
            CODE    28A3H     0716H     UNIT         ?CO?VERIFICADOR
            CODE    2FB9H     0537H     UNIT         ?PR?_ANALIZA_TIEMPO?CLOCK
            CODE    34F0H     0490H     UNIT         ?CO?PANTALLAS
            CODE    3980H     0483H     UNIT         ?PR?PRINTF?PRINTF
            CODE    3E03H     038EH     UNIT         ?PR?VER_PROG?PROG
            CODE    4191H     038CH     UNIT         ?PR?_PANTALLALCD?PANTALLAS
            CODE    451DH     0311H     UNIT         ?PR?_VALIDA_TRAMA_PTO?ACCESCAN
            CODE    482EH     02D0H     UNIT         ?PR?_TWO_BYTEHEX_DECIMAL?CLOCK
            CODE    4AFEH     02CDH     UNIT         ?PR?_TRAMA_PTO_PARALELO_NEW?PTO_PARALELO
            CODE    4DCBH     02B7H     UNIT         ?PR?_PROG_HORARIO_DIAS?PROG
            CODE    5082H     021AH     UNIT         ?PR?MENU?PROG
            CODE    529CH     020FH     UNIT         ?PR?_HASH_ID?PROG
            CODE    54ABH     01FAH     UNIT         ?PR?_PROG_HORARIO_DESDE_HASTA?PROG
            CODE    56A5H     01F5H     UNIT         ?PR?PROG_FECHA_VENCIMIENTO?PROG
            CODE    589AH     01E9H     UNIT         ?PR?_RESPONDE_LECTURA_TARJETA_SECTOR1_BLOQUE2?VERIFICADOR
            CODE    5A83H     01B3H     UNIT         ?PR?COM_ISR?UART
            CODE    5C36H     01A6H     UNIT         ?PR?_CMD_LPR_SALIDA?ACCESCAN
            CODE    5DDCH     017BH     UNIT         ?PR?_RESPONDE_LECTURA_TARJETA_SECTOR1_BLOQUE1?VERIFICADOR
            CODE    5F57H     017BH     UNIT         ?PR?_WR_MF?LINTECH
            CODE    60D2H     0179H     UNIT         ?PR?_CHECK_FECHAOUT?CLOCK
            CODE    624BH     016EH     UNIT         ?PR?_BLOCK_READ_CLOCK_ASCII?CLOCK
            CODE    63B9H     0166H     UNIT         ?PR?_POW?POW
            CODE    651FH     0162H     UNIT         ?PR?_PANTALLALCD_LINEA_2?PANTALLAS
            CODE    6681H     0161H     UNIT         ?CO?LINTECH
            CODE    67E2H     0145H     UNIT         ?PR?PROG_HORARIOS?PROG
            CODE    6927H     0140H     UNIT         ?PR?SECUENCIA_INICIO_EXPEDIDOR?VERIFICADOR
            CODE    6A67H     013EH     UNIT         ?PR?PROG_SIN_COBRO?PROG
            CODE    6BA5H     0137H     UNIT         ?PR?VER_HORARIO?PROG
            CODE    6CDCH     0129H     UNIT         ?PR?LOG?LOG
            CODE    6E05H     0128H     UNIT         ?PR?_VER_HORARIO_DIAS?PROG
            CODE    6F2DH     011AH     UNIT         ?PR?_PROG_HORARIOS_ON_OFF?PROG
            CODE    7047H     0119H     UNIT         ?PR?_VER_HORARIO_DESDE_HASTA?PROG
            CODE    7160H     0115H     UNIT         ?PR?_VALIDAR_CLK?CLOCK
            CODE    7275H     0110H     UNIT         ?PR?LOAD_AND_SEND_ID_COD?PTO_PARALELO
            CODE    7385H     010FH     UNIT         ?PR?_RESPONDE_LECTURA_TARJETA_SECTOR1_BLOQUE0?VERIFICADOR
            CODE    7494H     0103H     UNIT         ?PR?_BLOQUE_HORARIO?VERIFICADOR
            CODE    7597H     00FFH     UNIT         ?PR?_TRAMA_PTO_PARALELO_P?PTO_PARALELO
            CODE    7696H     00FEH     UNIT         ?PR?_ARMAR_TRAMA_PTO_PARALELO_EXPEDIDOR_MENSUAL?VERIFICADOR
            CODE    7794H     00FCH     UNIT         ?PR?PROG_DEBUG?PROG
            CODE    7890H     00FCH     UNIT         ?PR?PROG_USE_LPR?PROG
            CODE    798CH     00FCH     UNIT         ?PR?PROG_COMPARACION_ACTIVA?PROG
            CODE    7A88H     00FCH     UNIT         ?PR?TIPO_PANTALLA?PROG
            CODE    7B84H     00FCH     UNIT         ?PR?DCTO_CAJA?PROG
            CODE    7C80H     00FCH     UNIT         ?PR?PROG_APB_MENSUAL?PROG
            CODE    7D7CH     00F6H     UNIT         ?PR?_HORARIOS?VERIFICADOR
            CODE    7E72H     00EAH     UNIT         ?PR?_MOV_CARD?LINTECH
            CODE    7F5CH     00E4H     UNIT         ?PR?_STRTOK?STRTOK
            CODE    8040H     00DEH     UNIT         ?PR?PROG_ADDRESS_HIGH_BOARD?PROG
            CODE    811EH     00DBH     UNIT         ?PR?_ATOI?ATOI
            CODE    81F9H     00D7H     UNIT         ?PR?_ANALIZA_UID_CARD?VERIFICADOR
            CODE    82D0H     00D6H     UNIT         ?PR?_CMD_LPR_SALIDA_WIEGAND?ACCESCAN
            CODE    83A6H     00C4H     UNIT         ?PR?_BLOCK_READ_CLOCK?CLOCK
            CODE    846AH     00C3H     UNIT         ?PR?_RD_MF?LINTECH
            CODE    852DH     00BDH     UNIT         ?PR?PROG_COD_PARK?PROG
BL51 BANKED LINKER/LOCATER V6.22.2.0                                                  09/28/2020  11:10:44  PAGE 4


            CODE    85EAH     00BDH     UNIT         ?PR?PROG_TIEMPO_GRACIA?PROG
            CODE    86A7H     00BBH     UNIT         ?C_INITSEG
            CODE    8762H     00BBH     UNIT         ?PR?_CHECK_FECHAOUT_2?CLOCK
            CODE    881DH     00B6H     UNIT         ?PR?PROG_ID_CLIENTE?PROG
            CODE    88D3H     00B4H     UNIT         ?PR?_SEND_PORT?PTO_PARALELO
            CODE    8987H     00AFH     UNIT         ?PR?ERROR_RX_PTO?VERIFICADOR
            CODE    8A36H     00ACH     UNIT         ?PR?_HORA_MAXIMA?VERIFICADOR
            CODE    8AE2H     00A9H     UNIT         ?PR?DWLOAD_EEPROM?LINTECH
            CODE    8B8BH     00A7H     UNIT         ?CO?TIBBO
            CODE    8C32H     00A6H     UNIT         ?PR?_BLOCK_READ_CLOCK_HEX?CLOCK
            CODE    8CD8H     00A6H     UNIT         ?PR?_DEBUG_FECHA_ACTUAL?TIBBO
            CODE    8D7EH     00A0H     UNIT         ?CO?IO_SENSORES
            CODE    8E1EH     009DH     UNIT         ?PR?_INICIALIZA?LINTECH
            CODE    8EBBH     009CH     UNIT         ?PR?_RECIBE_PORT?PTO_PARALELO
            CODE    8F57H     009AH     UNIT         ?PR?EXP?EXP
            CODE    8FF1H     0095H     UNIT         ?PR?_RECIBE_CMD_MONITOR?ACCESCAN
            CODE    9086H     0095H     UNIT         ?PR?_VALIDA_TRAMA_MONITOR?ACCESCAN
            CODE    911BH     0091H     UNIT         ?PR?_HEX_ASCII?CLOCK
            CODE    91ACH     0091H     UNIT         ?PR?_CARD_INSERCION?LINTECH
            CODE    923DH     0091H     UNIT         ?PR?LOADVERIFY_EEPROM?LINTECH
            CODE    92CEH     0090H     UNIT         ?PR?_LEE_CLK?CLOCK
            CODE    935EH     0090H     UNIT         ?PR?_GETOPTION?PROG
            CODE    93EEH     008FH     UNIT         ?PR?_BLOCK_WRITE_CLOCK_ASCII?CLOCK
            CODE    947DH     008CH     UNIT         ?C_C51STARTUP
            CODE    9509H     008AH     UNIT         ?PR?_EN_HORARIO?VERIFICADOR
            CODE    9593H     0088H     UNIT         ?PR?_SEND_PORTERR?PTO_PARALELO
            CODE    961BH     0088H     UNIT         ?PR?RX_DATA?TIBBO
            CODE    96A3H     0088H     UNIT         ?PR?UNIQUE_IDENTIFIER_UID?LINTECH
            CODE    972BH     0087H     UNIT         ?PR?SHOW?PROG
            CODE    97B2H     0085H     UNIT         ?PR?MAIN?MAIN
            CODE    9837H     0084H     UNIT         ?PR?_STRSPN?STRSPN
            CODE    98BBH     0081H     UNIT         ?PR?_STRPBRK?STRPBRK
            CODE    993CH     0080H     UNIT         ?PR?MSJ_LCD_INFORMATIVO?IO_SENSORES
            CODE    99BCH     0080H     UNIT         ?PR?_INGRESADATO?PROG
            CODE    9A3CH     0080H     UNIT         ?PR?AUT_CARD_CHECK_STATUS?LINTECH
            CODE    9ABCH     0080H     UNIT         ?PR?POWER_OFF?LINTECH
            CODE    9B3CH     007CH     UNIT         ?PR?_CHECK_STATUS?LINTECH
            CODE    9BB8H     0073H     UNIT         ?PR?VALIDASENSORESPASO?IO_SENSORES
            CODE    9C2BH     0073H     UNIT         ?PR?_DEBUGBUFFERMF?TIBBO
            CODE    9C9EH     006FH     UNIT         ?PR?_ESCRIBIRMEMORIA?EEPROM
            CODE    9D0DH     006BH     UNIT         ?PR?_STRCAT?STRCAT
            CODE    9D78H     0066H     UNIT         ?PR?_LEERMEMORIA?EEPROM
            CODE    9DDEH     0062H     UNIT         ?PR?_LISTACOMANDOS?PROG
            CODE    9E40H     005EH     UNIT         ?PR?_BYTEHEX_DECIMAL?CLOCK
            CODE    9E9EH     005BH     UNIT         ?PR?_RASPBERRY_DATA?PANTALLAS
            CODE    9EF9H     0057H     UNIT         ?PR?RELOJ_PANTALLA_LCD?PANTALLAS
            CODE    9F50H     0056H     UNIT         ?PR?_WR_EEPROM?EEPROM
            CODE    9FA6H     0056H     UNIT         ?PR?VARIABLE_INICIO?EEPROM
            CODE    9FFCH     004DH     UNIT         ?PR?L_D_M?EEPROM
            CODE    A049H     004BH     UNIT         ?PR?_TX_AUX?TIBBO
            CODE    A094H     0048H     UNIT         ?PR?FIRST_CLAVE?PROG
            CODE    A0DCH     0048H     UNIT         ?PR?_DEBUG_PTO_PARALELO?TIBBO
            CODE    A124H     0047H     UNIT         ?PR?_DEBUG_CHR_TIBBO?TIBBO
            CODE    A16BH     0046H     UNIT         ?PR?_ESCRIBIRCADENASOFT_BUFFER?MAIN
            CODE    A1B1H     0046H     UNIT         ?PR?_LCD_TXT_NUM_CHAR?PANTALLAS
            CODE    A1F7H     0046H     UNIT         ?PR?_DEBUG_HEXDEC?TIBBO
            CODE    A23DH     0044H     UNIT         ?PR?_LCD_TXT?PANTALLAS
BL51 BANKED LINKER/LOCATER V6.22.2.0                                                  09/28/2020  11:10:44  PAGE 5


            CODE    A281H     0044H     UNIT         ?PR?_DEBUG_TXT_TIBBO?TIBBO
            CODE    A2C5H     0043H     UNIT         ?PR?DIR_BOARD?IO_SENSORES
            CODE    A308H     0042H     UNIT         ?PR?_VALIDARCLAVE?PROG
            CODE    A34AH     0041H     UNIT         ?PR?_MONITOR_CHR?ACCESCAN
            CODE    A38BH     0041H     UNIT         ?PR?_TWO_ONE?CLOCK
            CODE    A3CCH     0040H     UNIT         ?PR?_GETCMD?PROG
            CODE    A40CH     003FH     UNIT         ?PR?_EB_CLK?CLOCK
            CODE    A44BH     003EH     UNIT         ?PR?_PUTCHAR?MAIN
            CODE    A489H     003DH     UNIT         ?PR?_HEX_BCD?CLOCK
            CODE    A4C6H     003DH     UNIT         ?PR?_RD_EEPROM?EEPROM
            CODE    A503H     003BH     UNIT         ?PR?_COM_PUTCHAR?UART
            CODE    A53EH     003AH     UNIT         ?PR?_DELAY_10MS?DELAY
            CODE    A578H     0037H     UNIT         ?PR?TIMER0_INT?MAIN
            CODE    A5AFH     0034H     UNIT         ?PR?ADDR_HORARIOS?PROG
            CODE    A5E3H     002CH     UNIT         ?PR?LOAD_AND_SEND_INFO_RELOJ?PTO_PARALELO
            CODE    A60FH     002AH     UNIT         ?PR?COM_INITIALIZE?UART
            CODE    A639H     0028H     UNIT         ?PR?_WR_CLK?CLOCK
            CODE    A661H     0028H     UNIT         ?PR?COM_BAUDRATE?UART
            CODE    A689H     0027H     UNIT         ?PR?_TX_CHRLCD?PANTALLAS
            CODE    A6B0H     0026H     UNIT         ?PR?COM_GETCHAR?UART
            CODE    A6D6H     0024H     UNIT         ?PR?TRAMA_VALIDACION_P_N?VERIFICADOR
            CODE    A6FAH     0022H     UNIT         ?PR?_E_D_M?EEPROM
            CODE    A71CH     0020H     UNIT         ?PR?ACKD?EEPROM
            CODE    A73CH     0020H     UNIT         ?PR?ACK_LECT?EEPROM
            CODE    A75CH     001FH     UNIT         ?PR?VALIDASENSOR?IO_SENSORES
            CODE    A77BH     001FH     UNIT         ?PR?VALIDASENSORES_OUT?IO_SENSORES
            CODE    A79AH     001FH     UNIT         ?PR?TIME_BIT?TIBBO
            CODE    A7B9H     001EH     UNIT         ?PR?_BCD_HEX?CLOCK
            CODE    A7D7H     001DH     UNIT         ?CO?PTO_PARALELO
            CODE    A7F4H     001BH     UNIT         ?PR?_DELAY_1MS?DELAY
            CODE    A80FH     0018H     UNIT         ?PR?CLEAR_PLACA?ACCESCAN
            CODE    A827H     0017H     UNIT         ?PR?DISPLAYCURSOR?PROG
            CODE    A83EH     0017H     UNIT         ?PR?TIME_MBIT?TIBBO
            CODE    A855H     0014H     UNIT         ?PR?_ISSPACE?ISSPACE
            CODE    A869H     0012H     UNIT         ?PR?_DELAY_20US?DELAY
            CODE    A87BH     0012H     UNIT         ?PR?START?EEPROM
            CODE    A88DH     0012H     UNIT         ?PR?DIR_BOARD_MONITOR?IO_SENSORES
            CODE    A89FH     0012H     UNIT         ?PR?PULSO_BUS?PTO_PARALELO
            CODE    A8B1H     0012H     UNIT         ?PR?COM_RBUFLEN?UART
            CODE    A8C3H     0012H     UNIT         ?PR?COM_TBUFLEN?UART
            CODE    A8D5H     0010H     UNIT         ?PR?INI_TIMER?MAIN
            CODE    A8E5H     0010H     UNIT         ?PR?INICIA_BOARD?MAIN
            CODE    A8F5H     000FH     UNIT         ?PR?_ISDIGIT?ISDIGIT
            CODE    A904H     000CH     UNIT         ?PR?_GETKEY?MAIN
            CODE    A910H     000AH     UNIT         ?PR?COND_INI_PTO?PTO_PARALELO
            CODE    A91AH     0009H     UNIT         ?PR?STOP?EEPROM
            CODE    A923H     0009H     UNIT         ?PR?DEBUG_DIVIDIR_TEXTO?TIBBO
            CODE    A92CH     0007H     UNIT         ?PR?COND_INI_CLOCK?CLOCK
            CODE    A933H     0007H     UNIT         ?PR?SEL_FUNCION?IO_SENSORES
            CODE    A93AH     0007H     UNIT         ?PR?SEL_AUTO?IO_SENSORES
            CODE    A941H     0007H     UNIT         ?PR?SEL_SENSOR2?IO_SENSORES
            CODE    A948H     0007H     UNIT         ?PR?SEL_SENSOR1?IO_SENSORES
            CODE    A94FH     0007H     UNIT         ?PR?SEL_DIR1?IO_SENSORES
            CODE    A956H     0007H     UNIT         ?PR?SEL_DIR2?IO_SENSORES
            CODE    A95DH     0006H     UNIT         ?PR?P_ME?EEPROM
            CODE    A963H     0005H     UNIT         ?PR?ON_TIMER0_INTERRUP?MAIN
            CODE    A968H     0005H     UNIT         ?CO?ACCESCAN
BL51 BANKED LINKER/LOCATER V6.22.2.0                                                  09/28/2020  11:10:44  PAGE 6


            CODE    A96DH     0005H     UNIT         ?PR?COND_INI_TIBBO?TIBBO
            CODE    A972H     0003H     UNIT         ?PR?OFF_TIMER0_INTERRUP?MAIN
            CODE    A975H     0001H     UNIT         ?PR?DELAY?DELAY



OVERLAY MAP OF MODULE:   .\Objects\verificador_v_01_raspberry (MAIN)


SEGMENT                                             BIT_GROUP          DATA_GROUP          XDATA_GROUP
  +--> CALLED SEGMENT                            START    LENGTH     START    LENGTH     START    LENGTH
--------------------------------------------------------------------------------------------------------
?C_C51STARTUP                                    -----    -----      -----    -----      -----    -----
  +--> ?PR?MAIN?MAIN
  +--> ?C_INITSEG

?PR?MAIN?MAIN                                    -----    -----      -----    -----      0000H    0001H
  +--> ?PR?INI_TIMER?MAIN
  +--> ?PR?ON_TIMER0_INTERRUP?MAIN
  +--> ?PR?COM_INITIALIZE?UART
  +--> ?PR?COM_BAUDRATE?UART
  +--> ?PR?INICIA_BOARD?MAIN
  +--> ?PR?TIME_BIT?TIBBO
  +--> ?PR?_DELAY_20US?DELAY
  +--> ?PR?TIME_MBIT?TIBBO
  +--> ?PR?_TX_AUX?TIBBO
  +--> ?PR?SEL_FUNCION?IO_SENSORES
  +--> ?PR?MENU?PROG
  +--> ?PR?VARIABLE_INICIO?EEPROM
  +--> ?PR?SECUENCIA_INICIO_EXPEDIDOR?VERIFI...
  +--> ?PR?_RECIBE_CMD_MONITOR?ACCESCAN
  +--> ?PR?SECUENCIAEXPEDIDOR?VERIFICADOR
  +--> ?PR?_RECIBE_PORT?PTO_PARALELO
  +--> ?PR?_VALIDA_TRAMA_PTO?ACCESCAN
  +--> ?PR?_DEBUG_PTO_PARALELO?TIBBO
  +--> ?PR?MSJ_LCD_INFORMATIVO?IO_SENSORES

?PR?COM_INITIALIZE?UART                          -----    -----      -----    -----      -----    -----
  +--> ?PR?COM_BAUDRATE?UART

?PR?INICIA_BOARD?MAIN                            -----    -----      -----    -----      -----    -----
  +--> ?PR?COND_INI_TIBBO?TIBBO
  +--> ?PR?COND_INI_CLOCK?CLOCK
  +--> ?PR?COND_INI_PTO?PTO_PARALELO

?PR?_TX_AUX?TIBBO                                -----    -----      -----    -----      -----    -----
  +--> ?PR?TIME_BIT?TIBBO

?PR?MENU?PROG                                    -----    -----      -----    -----      0001H    0059H
  +--> ?CO?PROG
  +--> ?PR?PRINTF?PRINTF
  +--> ?PR?_RD_EEPROM?EEPROM
  +--> ?PR?FIRST_CLAVE?PROG
  +--> ?PR?_WR_EEPROM?EEPROM
  +--> ?PR?_LEERMEMORIA?EEPROM
  +--> ?PR?_HASH_ID?PROG
  +--> ?PR?_INGRESADATO?PROG
BL51 BANKED LINKER/LOCATER V6.22.2.0                                                  09/28/2020  11:10:44  PAGE 7


  +--> ?PR?_GETCMD?PROG
  +--> ?PR?_ESCRIBIRMEMORIA?EEPROM
  +--> ?PR?_VALIDARCLAVE?PROG
  +--> ?PR?DISPLAYCURSOR?PROG
  +--> ?PR?_STRLEN?STRLEN
  +--> ?PR?_GETOPTION?PROG
  +--> ?PR?_STRCAT?STRCAT
  +--> ?PR?_LISTACOMANDOS?PROG
  +--> ?PR?PROG_ID_CLIENTE?PROG
  +--> ?PR?PROG_COD_PARK?PROG
  +--> ?PR?PROG_TIEMPO_GRACIA?PROG
  +--> ?PR?PROG_SIN_COBRO?PROG
  +--> ?PR?PROG_DEBUG?PROG
  +--> ?PR?PROG_USE_LPR?PROG
  +--> ?PR?PROG_COMPARACION_ACTIVA?PROG
  +--> ?PR?TIPO_PANTALLA?PROG
  +--> ?PR?DCTO_CAJA?PROG
  +--> ?PR?PROG_APB_MENSUAL?PROG
  +--> ?PR?PROG_ADDRESS_HIGH_BOARD?PROG
  +--> ?PR?PROG_HORARIOS?PROG
  +--> ?PR?VER_PROG?PROG
  +--> ?PR?SHOW?PROG
  +--> ?PR?PROG_FECHA_VENCIMIENTO?PROG

?PR?PRINTF?PRINTF                                0020H.0  0001H.1    0008H    0005H      00B0H    0030H
  +--> ?PR?_PUTCHAR?MAIN

?PR?_PUTCHAR?MAIN                                -----    -----      -----    -----      00E0H    0003H
  +--> ?PR?_COM_PUTCHAR?UART

?PR?_COM_PUTCHAR?UART                            -----    -----      -----    -----      00E3H    0001H
  +--> ?PR?COM_TBUFLEN?UART

?PR?_RD_EEPROM?EEPROM                            -----    -----      -----    -----      -----    -----
  +--> ?PR?START?EEPROM
  +--> ?PR?ACK_LECT?EEPROM
  +--> ?PR?_E_D_M?EEPROM
  +--> ?PR?ACKD?EEPROM
  +--> ?PR?L_D_M?EEPROM
  +--> ?PR?STOP?EEPROM

?PR?ACK_LECT?EEPROM                              -----    -----      -----    -----      -----    -----
  +--> ?PR?_E_D_M?EEPROM

?PR?_E_D_M?EEPROM                                -----    -----      -----    -----      -----    -----
  +--> ?PR?P_ME?EEPROM

?PR?ACKD?EEPROM                                  -----    -----      -----    -----      -----    -----
  +--> ?PR?_E_D_M?EEPROM

?PR?FIRST_CLAVE?PROG                             -----    -----      -----    -----      005AH    000BH
  +--> ?PR?_BLOCK_READ_CLOCK_ASCII?CLOCK
  +--> ?PR?_HASH_ID?PROG
  +--> ?PR?_ESCRIBIRMEMORIA?EEPROM

?PR?_BLOCK_READ_CLOCK_ASCII?CLOCK                -----    -----      -----    -----      0065H    0003H
  +--> ?PR?_LEE_CLK?CLOCK
BL51 BANKED LINKER/LOCATER V6.22.2.0                                                  09/28/2020  11:10:44  PAGE 8



?PR?_LEE_CLK?CLOCK                               -----    -----      -----    -----      00C5H    0003H
  +--> ?PR?_DELAY_20US?DELAY
  +--> ?PR?_EB_CLK?CLOCK
  +--> ?PR?P_CK?CLOCK

?PR?_EB_CLK?CLOCK                                -----    -----      -----    -----      00C8H    0003H
  +--> ?PR?P_CK?CLOCK

?PR?P_CK?CLOCK                                   -----    -----      -----    -----      -----    -----
  +--> ?PR?DELAY?DELAY

?PR?_HASH_ID?PROG                                -----    -----      -----    -----      0071H    003FH
  +--> ?CO?PROG
  +--> ?PR?_LEERMEMORIA?EEPROM
  +--> ?PR?_CHECK_FECHAOUT_2?CLOCK
  +--> ?PR?PRINTF?PRINTF
  +--> ?PR?_STRLEN?STRLEN

?PR?_LEERMEMORIA?EEPROM                          -----    -----      -----    -----      00B0H    0005H
  +--> ?PR?_RD_EEPROM?EEPROM

?PR?_CHECK_FECHAOUT_2?CLOCK                      -----    -----      -----    -----      00B0H    0012H
  +--> ?PR?_BLOCK_READ_CLOCK_HEX?CLOCK

?PR?_BLOCK_READ_CLOCK_HEX?CLOCK                  -----    -----      -----    -----      00C2H    0003H
  +--> ?PR?_LEE_CLK?CLOCK
  +--> ?PR?_BCD_HEX?CLOCK

?PR?_ESCRIBIRMEMORIA?EEPROM                      -----    -----      -----    -----      0071H    0005H
  +--> ?PR?_WR_EEPROM?EEPROM

?PR?_WR_EEPROM?EEPROM                            -----    -----      -----    -----      -----    -----
  +--> ?PR?START?EEPROM
  +--> ?PR?ACKD?EEPROM
  +--> ?PR?_E_D_M?EEPROM
  +--> ?PR?STOP?EEPROM
  +--> ?PR?_DELAY_1MS?DELAY
  +--> ?PR?_DELAY_20US?DELAY

?PR?_DELAY_1MS?DELAY                             -----    -----      -----    -----      -----    -----
  +--> ?PR?_DELAY_20US?DELAY

?PR?_INGRESADATO?PROG                            -----    -----      -----    -----      0085H    0004H
  +--> ?PR?_GETKEY?MAIN
  +--> ?CO?PROG
  +--> ?PR?PRINTF?PRINTF
  +--> ?PR?_PUTCHAR?MAIN

?PR?_GETKEY?MAIN                                 -----    -----      -----    -----      -----    -----
  +--> ?PR?COM_GETCHAR?UART

?PR?COM_GETCHAR?UART                             -----    -----      -----    -----      -----    -----
  +--> ?PR?COM_RBUFLEN?UART

?PR?_GETCMD?PROG                                 -----    -----      -----    -----      0071H    0007H
  +--> ?CO?PROG
BL51 BANKED LINKER/LOCATER V6.22.2.0                                                  09/28/2020  11:10:44  PAGE 9


  +--> ?PR?_STRTOK?STRTOK

?PR?_STRTOK?STRTOK                               -----    -----      -----    -----      0078H    0006H
  +--> ?PR?_STRSPN?STRSPN
  +--> ?PR?_STRPBRK?STRPBRK

?PR?_STRSPN?STRSPN                               -----    -----      -----    -----      007EH    0008H

?PR?_STRPBRK?STRPBRK                             -----    -----      -----    -----      007EH    0009H

?PR?_VALIDARCLAVE?PROG                           -----    -----      -----    -----      0071H    000AH

?PR?DISPLAYCURSOR?PROG                           -----    -----      -----    -----      -----    -----
  +--> ?CO?PROG
  +--> ?PR?PRINTF?PRINTF

?PR?_GETOPTION?PROG                              -----    -----      -----    -----      005AH    000BH
  +--> ?CO?PROG
  +--> ?PR?_STRTOK?STRTOK

?PR?_STRCAT?STRCAT                               -----    -----      -----    -----      005AH    0009H

?PR?_LISTACOMANDOS?PROG                          -----    -----      -----    -----      005AH    0007H

?PR?PROG_ID_CLIENTE?PROG                         -----    -----      -----    -----      005AH    000CH
  +--> ?PR?_RD_EEPROM?EEPROM
  +--> ?CO?PROG
  +--> ?PR?PRINTF?PRINTF
  +--> ?PR?_INGRESADATO?PROG
  +--> ?PR?_ATOI?ATOI
  +--> ?PR?_WR_EEPROM?EEPROM

?PR?_ATOI?ATOI                                   0020H.0  0000H.1    -----    -----      0085H    0005H
  +--> ?PR?_ISSPACE?ISSPACE
  +--> ?PR?_ISDIGIT?ISDIGIT

?PR?PROG_COD_PARK?PROG                           -----    -----      -----    -----      005AH    000CH
  +--> ?PR?_RD_EEPROM?EEPROM
  +--> ?CO?PROG
  +--> ?PR?PRINTF?PRINTF
  +--> ?PR?_INGRESADATO?PROG
  +--> ?PR?_ATOI?ATOI
  +--> ?PR?_WR_EEPROM?EEPROM

?PR?PROG_TIEMPO_GRACIA?PROG                      -----    -----      -----    -----      005AH    000CH
  +--> ?PR?_RD_EEPROM?EEPROM
  +--> ?CO?PROG
  +--> ?PR?PRINTF?PRINTF
  +--> ?PR?_INGRESADATO?PROG
  +--> ?PR?_ATOI?ATOI
  +--> ?PR?_WR_EEPROM?EEPROM

?PR?PROG_SIN_COBRO?PROG                          -----    -----      -----    -----      005AH    000CH
  +--> ?PR?_RD_EEPROM?EEPROM
  +--> ?CO?PROG
  +--> ?PR?PRINTF?PRINTF
  +--> ?PR?_INGRESADATO?PROG
BL51 BANKED LINKER/LOCATER V6.22.2.0                                                  09/28/2020  11:10:44  PAGE 10


  +--> ?PR?_ATOI?ATOI
  +--> ?PR?_WR_EEPROM?EEPROM

?PR?PROG_DEBUG?PROG                              -----    -----      -----    -----      005AH    000CH
  +--> ?PR?_RD_EEPROM?EEPROM
  +--> ?CO?PROG
  +--> ?PR?PRINTF?PRINTF
  +--> ?PR?_INGRESADATO?PROG
  +--> ?PR?_ATOI?ATOI
  +--> ?PR?_WR_EEPROM?EEPROM

?PR?PROG_USE_LPR?PROG                            -----    -----      -----    -----      005AH    000CH
  +--> ?PR?_RD_EEPROM?EEPROM
  +--> ?CO?PROG
  +--> ?PR?PRINTF?PRINTF
  +--> ?PR?_INGRESADATO?PROG
  +--> ?PR?_ATOI?ATOI
  +--> ?PR?_WR_EEPROM?EEPROM

?PR?PROG_COMPARACION_ACTIVA?PROG                 -----    -----      -----    -----      005AH    000CH
  +--> ?PR?_RD_EEPROM?EEPROM
  +--> ?CO?PROG
  +--> ?PR?PRINTF?PRINTF
  +--> ?PR?_INGRESADATO?PROG
  +--> ?PR?_ATOI?ATOI
  +--> ?PR?_WR_EEPROM?EEPROM

?PR?TIPO_PANTALLA?PROG                           -----    -----      -----    -----      005AH    000CH
  +--> ?PR?_RD_EEPROM?EEPROM
  +--> ?CO?PROG
  +--> ?PR?PRINTF?PRINTF
  +--> ?PR?_INGRESADATO?PROG
  +--> ?PR?_ATOI?ATOI
  +--> ?PR?_WR_EEPROM?EEPROM

?PR?DCTO_CAJA?PROG                               -----    -----      -----    -----      005AH    000CH
  +--> ?PR?_RD_EEPROM?EEPROM
  +--> ?CO?PROG
  +--> ?PR?PRINTF?PRINTF
  +--> ?PR?_INGRESADATO?PROG
  +--> ?PR?_ATOI?ATOI
  +--> ?PR?_WR_EEPROM?EEPROM

?PR?PROG_APB_MENSUAL?PROG                        -----    -----      -----    -----      005AH    000CH
  +--> ?PR?_RD_EEPROM?EEPROM
  +--> ?CO?PROG
  +--> ?PR?PRINTF?PRINTF
  +--> ?PR?_INGRESADATO?PROG
  +--> ?PR?_ATOI?ATOI
  +--> ?PR?_WR_EEPROM?EEPROM

?PR?PROG_ADDRESS_HIGH_BOARD?PROG                 -----    -----      -----    -----      005AH    000CH
  +--> ?PR?_RD_EEPROM?EEPROM
  +--> ?CO?PROG
  +--> ?PR?PRINTF?PRINTF
  +--> ?PR?_INGRESADATO?PROG
  +--> ?PR?_ATOI?ATOI
BL51 BANKED LINKER/LOCATER V6.22.2.0                                                  09/28/2020  11:10:44  PAGE 11


  +--> ?PR?_WR_EEPROM?EEPROM

?PR?PROG_HORARIOS?PROG                           -----    -----      -----    -----      005AH    001BH
  +--> ?PR?ADDR_HORARIOS?PROG
  +--> ?CO?PROG
  +--> ?PR?PRINTF?PRINTF
  +--> ?PR?_INGRESADATO?PROG
  +--> ?PR?_ATOI?ATOI
  +--> ?PR?_PROG_HORARIOS_ON_OFF?PROG
  +--> ?PR?_WR_EEPROM?EEPROM
  +--> ?PR?_PROG_HORARIO_DIAS?PROG
  +--> ?PR?_PROG_HORARIO_DESDE_HASTA?PROG
  +--> ?PR?_RD_EEPROM?EEPROM

?PR?ADDR_HORARIOS?PROG                           -----    -----      -----    -----      0088H    000BH

?PR?_PROG_HORARIOS_ON_OFF?PROG                   -----    -----      -----    -----      0075H    0010H
  +--> ?PR?_RD_EEPROM?EEPROM
  +--> ?CO?PROG
  +--> ?PR?PRINTF?PRINTF
  +--> ?PR?_INGRESADATO?PROG
  +--> ?PR?_ATOI?ATOI
  +--> ?PR?_WR_EEPROM?EEPROM

?PR?_PROG_HORARIO_DIAS?PROG                      -----    -----      -----    -----      0075H    000FH
  +--> ?CO?PROG
  +--> ?PR?PRINTF?PRINTF
  +--> ?PR?_INGRESADATO?PROG
  +--> ?PR?_WR_EEPROM?EEPROM
  +--> ?PR?_RD_EEPROM?EEPROM

?PR?_PROG_HORARIO_DESDE_HASTA?PROG               -----    -----      -----    -----      0075H    000CH
  +--> ?CO?PROG
  +--> ?PR?PRINTF?PRINTF
  +--> ?PR?_INGRESADATO?PROG
  +--> ?PR?_WR_EEPROM?EEPROM
  +--> ?PR?_RD_EEPROM?EEPROM

?PR?VER_PROG?PROG                                -----    -----      -----    -----      005AH    0013H
  +--> ?PR?_RD_EEPROM?EEPROM
  +--> ?CO?PROG
  +--> ?PR?PRINTF?PRINTF
  +--> ?PR?VER_HORARIO?PROG
  +--> ?PR?_LEERMEMORIA?EEPROM
  +--> ?PR?_HEX_ASCII?CLOCK

?PR?VER_HORARIO?PROG                             -----    -----      -----    -----      006DH    001BH
  +--> ?PR?ADDR_HORARIOS?PROG
  +--> ?CO?PROG
  +--> ?PR?PRINTF?PRINTF
  +--> ?PR?_RD_EEPROM?EEPROM
  +--> ?PR?_VER_HORARIO_DIAS?PROG
  +--> ?PR?_VER_HORARIO_DESDE_HASTA?PROG

?PR?_VER_HORARIO_DIAS?PROG                       -----    -----      -----    -----      0088H    0003H
  +--> ?PR?_RD_EEPROM?EEPROM
  +--> ?CO?PROG
BL51 BANKED LINKER/LOCATER V6.22.2.0                                                  09/28/2020  11:10:44  PAGE 12


  +--> ?PR?PRINTF?PRINTF

?PR?_VER_HORARIO_DESDE_HASTA?PROG                -----    -----      -----    -----      0088H    0002H
  +--> ?CO?PROG
  +--> ?PR?PRINTF?PRINTF
  +--> ?PR?_RD_EEPROM?EEPROM

?PR?_HEX_ASCII?CLOCK                             -----    -----      -----    -----      0071H    0006H
  +--> ?PR?_HEX_BCD?CLOCK

?PR?SHOW?PROG                                    -----    -----      -----    -----      -----    -----
  +--> ?CO?PROG
  +--> ?PR?PRINTF?PRINTF

?PR?PROG_FECHA_VENCIMIENTO?PROG                  -----    -----      -----    -----      005AH    0017H
  +--> ?PR?_LEERMEMORIA?EEPROM
  +--> ?PR?_HEX_ASCII?CLOCK
  +--> ?CO?PROG
  +--> ?PR?PRINTF?PRINTF
  +--> ?PR?_HASH_ID?PROG
  +--> ?PR?_INGRESADATO?PROG
  +--> ?PR?_GETCMD?PROG
  +--> ?PR?_ESCRIBIRMEMORIA?EEPROM
  +--> ?PR?_VALIDARCLAVE?PROG
  +--> ?PR?_ATOI?ATOI
  +--> ?PR?_WR_EEPROM?EEPROM

?PR?VARIABLE_INICIO?EEPROM                       -----    -----      -----    -----      -----    -----
  +--> ?PR?_RD_EEPROM?EEPROM

?PR?SECUENCIA_INICIO_EXPEDIDOR?VERIFI...         -----    -----      -----    -----      0001H    0001H
  +--> ?PR?_INICIALIZA?LINTECH
  +--> ?PR?TRAMA_VALIDACION_P_N?VERIFICADOR
  +--> ?CO?VERIFICADOR
  +--> ?PR?_DEBUG_TXT_TIBBO?TIBBO
  +--> ?PR?_DEBUGBUFFERMF?TIBBO
  +--> ?PR?DWLOAD_EEPROM?LINTECH

?PR?_INICIALIZA?LINTECH                          -----    -----      -----    -----      0002H    000CH
  +--> ?CO?LINTECH
  +--> ?PR?_DEBUG_TXT_TIBBO?TIBBO
  +--> ?PR?_DEBUGBUFFERMF?TIBBO
  +--> ?PR?_ESCRIBIRCADENASOFT_BUFFER?MAIN

?PR?_DEBUG_TXT_TIBBO?TIBBO                       -----    -----      -----    -----      003EH    0004H
  +--> ?CO?TIBBO
  +--> ?PR?_TX_AUX?TIBBO

?PR?_DEBUGBUFFERMF?TIBBO                         -----    -----      -----    -----      0038H    0006H
  +--> ?CO?TIBBO
  +--> ?PR?_DEBUG_TXT_TIBBO?TIBBO
  +--> ?PR?_DEBUG_CHR_TIBBO?TIBBO
  +--> ?PR?_TX_AUX?TIBBO

?PR?_DEBUG_CHR_TIBBO?TIBBO                       -----    -----      -----    -----      -----    -----
  +--> ?PR?_TX_AUX?TIBBO

BL51 BANKED LINKER/LOCATER V6.22.2.0                                                  09/28/2020  11:10:44  PAGE 13


?PR?_ESCRIBIRCADENASOFT_BUFFER?MAIN              -----    -----      -----    -----      0034H    0006H
  +--> ?PR?_PUTCHAR?MAIN

?PR?DWLOAD_EEPROM?LINTECH                        -----    -----      -----    -----      0002H    0016H
  +--> ?CO?LINTECH
  +--> ?PR?_DEBUG_TXT_TIBBO?TIBBO
  +--> ?PR?_DEBUGBUFFERMF?TIBBO
  +--> ?PR?_ESCRIBIRCADENASOFT_BUFFER?MAIN

?PR?_RECIBE_CMD_MONITOR?ACCESCAN                 -----    -----      -----    -----      0001H    0006H
  +--> ?PR?RX_DATA?TIBBO

?PR?RX_DATA?TIBBO                                -----    -----      -----    -----      -----    -----
  +--> ?PR?TIME_MBIT?TIBBO
  +--> ?PR?TIME_BIT?TIBBO

?PR?SECUENCIAEXPEDIDOR?VERIFICADOR               -----    -----      -----    -----      0001H    000DH
  +--> ?PR?_CARD_INSERCION?LINTECH
  +--> ?PR?TRAMA_VALIDACION_P_N?VERIFICADOR
  +--> ?CO?VERIFICADOR
  +--> ?PR?ERROR_RX_PTO?VERIFICADOR
  +--> ?PR?_CHECK_STATUS?LINTECH
  +--> ?PR?_DEBUG_TXT_TIBBO?TIBBO
  +--> ?PR?_DEBUGBUFFERMF?TIBBO
  +--> ?PR?VALIDASENSORESPASO?IO_SENSORES
  +--> ?PR?_SEND_PORTERR?PTO_PARALELO
  +--> ?PR?_PANTALLALCD?PANTALLAS
  +--> ?PR?_RD_MF?LINTECH
  +--> ?PR?_RESPONDE_LECTURA_TARJETA_SECTOR1...
  +--> ?PR?_RESPONDE_LECTURA_TARJETA_SECTOR1...
  +--> ?PR?_BLOCK_READ_CLOCK_HEX?CLOCK
  +--> ?PR?_RD_EEPROM?EEPROM
  +--> ?PR?DEBUG_DIVIDIR_TEXTO?TIBBO
  +--> ?PR?_DEBUG_CHR_TIBBO?TIBBO
  +--> ?PR?PRINTF?PRINTF
  +--> ?PR?_ANALIZA_TIEMPO?CLOCK
  +--> ?PR?_CHECK_FECHAOUT?CLOCK
  +--> ?PR?_HORARIOS?VERIFICADOR
  +--> ?PR?_CHECK_FECHAOUT_2?CLOCK
  +--> ?PR?_RESPONDE_LECTURA_TARJETA_SECTOR1...
  +--> ?PR?_WR_MF?LINTECH
  +--> ?PR?_MOV_CARD?LINTECH
  +--> ?PR?VALIDASENSORES_OUT?IO_SENSORES
  +--> ?PR?_TRAMA_PTO_PARALELO_P?PTO_PARALELO
  +--> ?PR?UNIQUE_IDENTIFIER_UID?LINTECH
  +--> ?PR?_ANALIZA_UID_CARD?VERIFICADOR
  +--> ?PR?LOADVERIFY_EEPROM?LINTECH
  +--> ?PR?POWER_OFF?LINTECH
  +--> ?PR?AUT_CARD_CHECK_STATUS?LINTECH

?PR?_CARD_INSERCION?LINTECH                      -----    -----      -----    -----      000EH    000AH
  +--> ?CO?LINTECH
  +--> ?PR?_DEBUG_TXT_TIBBO?TIBBO
  +--> ?PR?_DEBUGBUFFERMF?TIBBO
  +--> ?PR?_ESCRIBIRCADENASOFT_BUFFER?MAIN

?PR?ERROR_RX_PTO?VERIFICADOR                     -----    -----      -----    -----      000EH    0001H
BL51 BANKED LINKER/LOCATER V6.22.2.0                                                  09/28/2020  11:10:44  PAGE 14


  +--> ?CO?VERIFICADOR
  +--> ?PR?_DEBUG_TXT_TIBBO?TIBBO
  +--> ?PR?_DEBUG_CHR_TIBBO?TIBBO
  +--> ?PR?_DELAY_10MS?DELAY

?PR?_DELAY_10MS?DELAY                            -----    -----      -----    -----      000FH    0004H
  +--> ?PR?_DELAY_1MS?DELAY

?PR?_CHECK_STATUS?LINTECH                        -----    -----      -----    -----      000EH    000BH
  +--> ?CO?LINTECH
  +--> ?PR?_DEBUG_TXT_TIBBO?TIBBO
  +--> ?PR?_DEBUGBUFFERMF?TIBBO
  +--> ?PR?_ESCRIBIRCADENASOFT_BUFFER?MAIN

?PR?VALIDASENSORESPASO?IO_SENSORES               -----    -----      -----    -----      -----    -----
  +--> ?PR?SEL_SENSOR2?IO_SENSORES
  +--> ?PR?VALIDASENSOR?IO_SENSORES
  +--> ?PR?SEL_SENSOR1?IO_SENSORES
  +--> ?PR?SEL_AUTO?IO_SENSORES
  +--> ?CO?IO_SENSORES
  +--> ?PR?_DEBUG_TXT_TIBBO?TIBBO

?PR?_SEND_PORTERR?PTO_PARALELO                   -----    -----      -----    -----      002BH    0006H
  +--> ?PR?PULSO_BUS?PTO_PARALELO
  +--> ?PR?_DELAY_20US?DELAY

?PR?PULSO_BUS?PTO_PARALELO                       -----    -----      -----    -----      -----    -----
  +--> ?PR?_DELAY_20US?DELAY

?PR?_PANTALLALCD?PANTALLAS                       -----    -----      -----    -----      002BH    0008H
  +--> ?CO?PANTALLAS
  +--> ?PR?_LCD_TXT?PANTALLAS
  +--> ?PR?_STRLEN?STRLEN
  +--> ?PR?_TX_CHRLCD?PANTALLAS
  +--> ?PR?_RASPBERRY_DATA?PANTALLAS

?PR?_LCD_TXT?PANTALLAS                           -----    -----      -----    -----      003AH    0005H
  +--> ?PR?_TX_CHRLCD?PANTALLAS

?PR?_TX_CHRLCD?PANTALLAS                         -----    -----      -----    -----      003FH    0002H
  +--> ?PR?_PUTCHAR?MAIN

?PR?_RASPBERRY_DATA?PANTALLAS                    -----    -----      -----    -----      003AH    0005H
  +--> ?PR?_STRLEN?STRLEN
  +--> ?PR?_PUTCHAR?MAIN

?PR?_RD_MF?LINTECH                               -----    -----      -----    -----      000EH    0012H
  +--> ?CO?LINTECH
  +--> ?PR?_DEBUG_TXT_TIBBO?TIBBO
  +--> ?PR?_DEBUG_CHR_TIBBO?TIBBO
  +--> ?PR?_DEBUGBUFFERMF?TIBBO
  +--> ?PR?_ESCRIBIRCADENASOFT_BUFFER?MAIN

?PR?_RESPONDE_LECTURA_TARJETA_SECTOR1...         -----    -----      -----    -----      000EH    0004H
  +--> ?CO?VERIFICADOR
  +--> ?PR?_DEBUG_TXT_TIBBO?TIBBO
  +--> ?PR?_DEBUGBUFFERMF?TIBBO
BL51 BANKED LINKER/LOCATER V6.22.2.0                                                  09/28/2020  11:10:44  PAGE 15


  +--> ?PR?_DEBUG_HEXDEC?TIBBO
  +--> ?PR?_DEBUG_CHR_TIBBO?TIBBO
  +--> ?PR?_SEND_PORTERR?PTO_PARALELO
  +--> ?PR?_PANTALLALCD?PANTALLAS

?PR?_DEBUG_HEXDEC?TIBBO                          -----    -----      -----    -----      0012H    0002H
  +--> ?PR?_TX_AUX?TIBBO

?PR?_RESPONDE_LECTURA_TARJETA_SECTOR1...         -----    -----      -----    -----      000EH    0004H
  +--> ?CO?VERIFICADOR
  +--> ?PR?_DEBUG_TXT_TIBBO?TIBBO
  +--> ?PR?_DEBUGBUFFERMF?TIBBO
  +--> ?PR?_DEBUG_CHR_TIBBO?TIBBO
  +--> ?PR?_RD_EEPROM?EEPROM
  +--> ?PR?_SEND_PORTERR?PTO_PARALELO
  +--> ?PR?_PANTALLALCD?PANTALLAS

?PR?DEBUG_DIVIDIR_TEXTO?TIBBO                    -----    -----      -----    -----      -----    -----
  +--> ?CO?TIBBO
  +--> ?PR?_DEBUG_TXT_TIBBO?TIBBO

?PR?_ANALIZA_TIEMPO?CLOCK                        0020H.0  0000H.2    -----    -----      000EH    000FH

?PR?_CHECK_FECHAOUT?CLOCK                        -----    -----      -----    -----      000EH    000AH
  +--> ?PR?_BLOCK_READ_CLOCK_HEX?CLOCK
  +--> ?PR?_DEBUG_FECHA_ACTUAL?TIBBO

?PR?_DEBUG_FECHA_ACTUAL?TIBBO                    -----    -----      -----    -----      0018H    0003H
  +--> ?CO?TIBBO
  +--> ?PR?_DEBUG_TXT_TIBBO?TIBBO
  +--> ?PR?_HEX_BCD?CLOCK
  +--> ?PR?_DEBUG_CHR_TIBBO?TIBBO
  +--> ?PR?_TX_AUX?TIBBO

?PR?_HORARIOS?VERIFICADOR                        -----    -----      -----    -----      000EH    0011H
  +--> ?PR?ADDR_HORARIOS?PROG
  +--> ?PR?_RD_EEPROM?EEPROM
  +--> ?PR?_LEE_CLK?CLOCK
  +--> ?CO?VERIFICADOR
  +--> ?PR?_DEBUG_TXT_TIBBO?TIBBO
  +--> ?PR?_DEBUG_CHR_TIBBO?TIBBO
  +--> ?PR?_BLOQUE_HORARIO?VERIFICADOR
  +--> ?PR?_PANTALLALCD?PANTALLAS

?PR?_BLOQUE_HORARIO?VERIFICADOR                  -----    -----      -----    -----      001FH    0007H
  +--> ?CO?VERIFICADOR
  +--> ?PR?_DEBUG_TXT_TIBBO?TIBBO
  +--> ?PR?_LEE_CLK?CLOCK
  +--> ?PR?_DEBUG_CHR_TIBBO?TIBBO
  +--> ?PR?_HORA_MAXIMA?VERIFICADOR
  +--> ?PR?_EN_HORARIO?VERIFICADOR
  +--> ?PR?_RD_EEPROM?EEPROM
  +--> ?PR?_SEND_PORTERR?PTO_PARALELO
  +--> ?PR?_PANTALLALCD?PANTALLAS

?PR?_HORA_MAXIMA?VERIFICADOR                     -----    -----      -----    -----      002BH    0008H
  +--> ?PR?_RD_EEPROM?EEPROM
BL51 BANKED LINKER/LOCATER V6.22.2.0                                                  09/28/2020  11:10:44  PAGE 16


  +--> ?PR?_DEBUG_CHR_TIBBO?TIBBO
  +--> ?CO?VERIFICADOR
  +--> ?PR?_DEBUG_TXT_TIBBO?TIBBO

?PR?_EN_HORARIO?VERIFICADOR                      -----    -----      -----    -----      0026H    0005H
  +--> ?CO?VERIFICADOR
  +--> ?PR?_DEBUG_TXT_TIBBO?TIBBO
  +--> ?PR?_HORA_MAXIMA?VERIFICADOR
  +--> ?PR?_SEND_PORTERR?PTO_PARALELO
  +--> ?PR?_PANTALLALCD?PANTALLAS

?PR?_RESPONDE_LECTURA_TARJETA_SECTOR1...         -----    -----      -----    -----      000EH    0004H
  +--> ?CO?VERIFICADOR
  +--> ?PR?_DEBUG_TXT_TIBBO?TIBBO
  +--> ?PR?_TRAMA_PTO_PARALELO_NEW?PTO_PARALELO
  +--> ?PR?_ARMAR_TRAMA_PTO_PARALELO_EXPEDID...
  +--> ?PR?_CMD_LPR_SALIDA?ACCESCAN

?PR?_TRAMA_PTO_PARALELO_NEW?PTO_PARALELO         -----    -----      -----    -----      0012H    0026H
  +--> ?PR?_BLOCK_READ_CLOCK_HEX?CLOCK
  +--> ?PR?_SEND_PORT?PTO_PARALELO
  +--> ?PR?DEBUG_DIVIDIR_TEXTO?TIBBO
  +--> ?CO?PTO_PARALELO
  +--> ?PR?_DEBUG_TXT_TIBBO?TIBBO
  +--> ?PR?_DEBUGBUFFERMF?TIBBO

?PR?_SEND_PORT?PTO_PARALELO                      -----    -----      -----    -----      0038H    000AH
  +--> ?PR?PULSO_BUS?PTO_PARALELO
  +--> ?PR?_DELAY_20US?DELAY

?PR?_ARMAR_TRAMA_PTO_PARALELO_EXPEDID...         -----    -----      -----    -----      0012H    0003H
  +--> ?PR?_RD_EEPROM?EEPROM
  +--> ?PR?_SEND_PORT?PTO_PARALELO
  +--> ?PR?DEBUG_DIVIDIR_TEXTO?TIBBO
  +--> ?CO?VERIFICADOR
  +--> ?PR?_DEBUG_TXT_TIBBO?TIBBO
  +--> ?PR?_DEBUGBUFFERMF?TIBBO

?PR?_CMD_LPR_SALIDA?ACCESCAN                     -----    -----      -----    -----      0012H    0025H
  +--> ?PR?DIR_BOARD_MONITOR?IO_SENSORES
  +--> ?PR?_BYTEHEX_DECIMAL?CLOCK
  +--> ?PR?_STRLEN?STRLEN
  +--> ?PR?_TWO_BYTEHEX_DECIMAL?CLOCK
  +--> ?PR?_BLOCK_READ_CLOCK_ASCII?CLOCK
  +--> ?PR?_MONITOR_CHR?ACCESCAN

?PR?DIR_BOARD_MONITOR?IO_SENSORES                -----    -----      -----    -----      -----    -----
  +--> ?PR?_RD_EEPROM?EEPROM

?PR?_BYTEHEX_DECIMAL?CLOCK                       -----    -----      -----    -----      0037H    0001H

?PR?_TWO_BYTEHEX_DECIMAL?CLOCK                   -----    -----      -----    -----      0037H    000CH
  +--> ?PR?_POW?POW

?PR?_POW?POW                                     -----    -----      -----    -----      0043H    000AH
  +--> ?PR?LOG?LOG
  +--> ?PR?EXP?EXP
BL51 BANKED LINKER/LOCATER V6.22.2.0                                                  09/28/2020  11:10:44  PAGE 17



?PR?LOG?LOG                                      0020H.0  0000H.1    -----    -----      004DH    0004H

?PR?_MONITOR_CHR?ACCESCAN                        -----    -----      -----    -----      0037H    0005H
  +--> ?PR?_TX_AUX?TIBBO

?PR?_WR_MF?LINTECH                               -----    -----      -----    -----      000EH    0026H
  +--> ?CO?LINTECH
  +--> ?PR?_DEBUG_TXT_TIBBO?TIBBO
  +--> ?PR?_DEBUG_CHR_TIBBO?TIBBO
  +--> ?PR?DIR_BOARD?IO_SENSORES
  +--> ?PR?_DEBUGBUFFERMF?TIBBO
  +--> ?PR?_ESCRIBIRCADENASOFT_BUFFER?MAIN

?PR?DIR_BOARD?IO_SENSORES                        -----    -----      -----    -----      0034H    0001H
  +--> ?PR?SEL_DIR1?IO_SENSORES
  +--> ?PR?SEL_DIR2?IO_SENSORES
  +--> ?PR?_RD_EEPROM?EEPROM

?PR?_MOV_CARD?LINTECH                            -----    -----      -----    -----      000EH    000CH
  +--> ?CO?LINTECH
  +--> ?PR?_DEBUG_TXT_TIBBO?TIBBO
  +--> ?PR?_DEBUGBUFFERMF?TIBBO
  +--> ?PR?_ESCRIBIRCADENASOFT_BUFFER?MAIN

?PR?VALIDASENSORES_OUT?IO_SENSORES               -----    -----      -----    -----      -----    -----
  +--> ?PR?SEL_SENSOR2?IO_SENSORES
  +--> ?PR?VALIDASENSOR?IO_SENSORES

?PR?_TRAMA_PTO_PARALELO_P?PTO_PARALELO           -----    -----      -----    -----      000EH    0008H
  +--> ?PR?_SEND_PORT?PTO_PARALELO
  +--> ?PR?DEBUG_DIVIDIR_TEXTO?TIBBO
  +--> ?PR?_DEBUGBUFFERMF?TIBBO

?PR?UNIQUE_IDENTIFIER_UID?LINTECH                -----    -----      -----    -----      000EH    000BH
  +--> ?CO?LINTECH
  +--> ?PR?_DEBUG_TXT_TIBBO?TIBBO
  +--> ?PR?_DEBUGBUFFERMF?TIBBO
  +--> ?PR?_ESCRIBIRCADENASOFT_BUFFER?MAIN

?PR?_ANALIZA_UID_CARD?VERIFICADOR                -----    -----      -----    -----      000EH    0004H
  +--> ?CO?VERIFICADOR
  +--> ?PR?_DEBUG_TXT_TIBBO?TIBBO
  +--> ?PR?_DEBUGBUFFERMF?TIBBO
  +--> ?PR?_DEBUG_CHR_TIBBO?TIBBO

?PR?LOADVERIFY_EEPROM?LINTECH                    -----    -----      -----    -----      000EH    0010H
  +--> ?CO?LINTECH
  +--> ?PR?_DEBUG_TXT_TIBBO?TIBBO
  +--> ?PR?_DEBUGBUFFERMF?TIBBO
  +--> ?PR?_ESCRIBIRCADENASOFT_BUFFER?MAIN

?PR?POWER_OFF?LINTECH                            -----    -----      -----    -----      000EH    000BH
  +--> ?CO?LINTECH
  +--> ?PR?_DEBUG_TXT_TIBBO?TIBBO
  +--> ?PR?_DEBUGBUFFERMF?TIBBO
  +--> ?PR?_ESCRIBIRCADENASOFT_BUFFER?MAIN
BL51 BANKED LINKER/LOCATER V6.22.2.0                                                  09/28/2020  11:10:44  PAGE 18



?PR?AUT_CARD_CHECK_STATUS?LINTECH                -----    -----      -----    -----      000EH    000BH
  +--> ?CO?LINTECH
  +--> ?PR?_DEBUG_TXT_TIBBO?TIBBO
  +--> ?PR?_DEBUGBUFFERMF?TIBBO
  +--> ?PR?_ESCRIBIRCADENASOFT_BUFFER?MAIN

?PR?_RECIBE_PORT?PTO_PARALELO                    -----    -----      -----    -----      0001H    0008H
  +--> ?PR?OFF_TIMER0_INTERRUP?MAIN
  +--> ?PR?ON_TIMER0_INTERRUP?MAIN

?PR?_VALIDA_TRAMA_PTO?ACCESCAN                   -----    -----      -----    -----      0001H    000FH
  +--> ?PR?_RD_EEPROM?EEPROM
  +--> ?PR?_VALIDAR_CLK?CLOCK
  +--> ?PR?_BLOCK_WRITE_CLOCK_ASCII?CLOCK
  +--> ?PR?RELOJ_PANTALLA_LCD?PANTALLAS
  +--> ?PR?_PANTALLALCD?PANTALLAS
  +--> ?CO?ACCESCAN
  +--> ?PR?_DEBUG_TXT_TIBBO?TIBBO
  +--> ?PR?_BYTEHEX_DECIMAL?CLOCK
  +--> ?PR?_TWO_BYTEHEX_DECIMAL?CLOCK
  +--> ?PR?VALIDASENSORESPASO?IO_SENSORES
  +--> ?PR?_CMD_LPR_SALIDA_WIEGAND?ACCESCAN
  +--> ?PR?_PANTALLALCD_LINEA_2?PANTALLAS

?PR?_BLOCK_WRITE_CLOCK_ASCII?CLOCK               -----    -----      -----    -----      0010H    0003H
  +--> ?PR?_TWO_ONE?CLOCK
  +--> ?PR?_WR_CLK?CLOCK

?PR?_WR_CLK?CLOCK                                -----    -----      -----    -----      0013H    0002H
  +--> ?PR?_DELAY_20US?DELAY
  +--> ?PR?_EB_CLK?CLOCK

?PR?RELOJ_PANTALLA_LCD?PANTALLAS                 -----    -----      -----    -----      0010H    000DH
  +--> ?CO?PANTALLAS
  +--> ?PR?_BLOCK_READ_CLOCK?CLOCK
  +--> ?PR?_LCD_TXT_NUM_CHAR?PANTALLAS
  +--> ?PR?_RASPBERRY_DATA?PANTALLAS

?PR?_BLOCK_READ_CLOCK?CLOCK                      -----    -----      -----    -----      001DH    0003H
  +--> ?PR?_LEE_CLK?CLOCK

?PR?_LCD_TXT_NUM_CHAR?PANTALLAS                  -----    -----      -----    -----      001DH    0006H
  +--> ?PR?_TX_CHRLCD?PANTALLAS

?PR?_CMD_LPR_SALIDA_WIEGAND?ACCESCAN             -----    -----      -----    -----      0010H    0022H
  +--> ?PR?DIR_BOARD_MONITOR?IO_SENSORES
  +--> ?PR?_BLOCK_READ_CLOCK_ASCII?CLOCK
  +--> ?PR?_MONITOR_CHR?ACCESCAN

?PR?_PANTALLALCD_LINEA_2?PANTALLAS               -----    -----      -----    -----      0010H    002AH
  +--> ?CO?PANTALLAS
  +--> ?PR?_LCD_TXT?PANTALLAS
  +--> ?PR?_STRLEN?STRLEN
  +--> ?PR?_TX_CHRLCD?PANTALLAS
  +--> ?PR?_STRCAT?STRCAT
  +--> ?PR?_RASPBERRY_DATA?PANTALLAS
BL51 BANKED LINKER/LOCATER V6.22.2.0                                                  09/28/2020  11:10:44  PAGE 19



?PR?_DEBUG_PTO_PARALELO?TIBBO                    -----    -----      -----    -----      0001H    0004H
  +--> ?CO?TIBBO
  +--> ?PR?_DEBUG_TXT_TIBBO?TIBBO
  +--> ?PR?_DEBUGBUFFERMF?TIBBO
  +--> ?PR?_DEBUG_CHR_TIBBO?TIBBO
  +--> ?PR?DEBUG_DIVIDIR_TEXTO?TIBBO

?PR?MSJ_LCD_INFORMATIVO?IO_SENSORES              -----    -----      -----    -----      0001H    0001H
  +--> ?PR?SEL_FUNCION?IO_SENSORES
  +--> ?PR?LOAD_AND_SEND_INFO_RELOJ?PTO_PARA...
  +--> ?PR?LOAD_AND_SEND_ID_COD?PTO_PARALELO
  +--> ?PR?_RD_EEPROM?EEPROM
  +--> ?PR?_SEND_PORTERR?PTO_PARALELO

?PR?LOAD_AND_SEND_INFO_RELOJ?PTO_PARA...         -----    -----      -----    -----      0002H    000BH
  +--> ?PR?_BLOCK_READ_CLOCK?CLOCK
  +--> ?PR?_LEE_CLK?CLOCK
  +--> ?PR?_SEND_PORT?PTO_PARALELO

?PR?LOAD_AND_SEND_ID_COD?PTO_PARALELO            -----    -----      -----    -----      0002H    0011H
  +--> ?CO?PTO_PARALELO
  +--> ?PR?PRINTF?PRINTF
  +--> ?PR?_SEND_PORT?PTO_PARALELO



SYMBOL TABLE OF MODULE:  .\Objects\verificador_v_01_raspberry (MAIN)

  VALUE           TYPE          NAME
  ----------------------------------

  -------         MODULE        MAIN
  C:0000H         SYMBOL        _ICE_DUMMY_
  D:0080H         PUBLIC        P0
  D:0090H         PUBLIC        P1
  C:A578H         PUBLIC        timer0_int
  D:00B0H         PUBLIC        P3
  B:00A8H.7       PUBLIC        EA
  C:A972H         PUBLIC        off_Timer0_Interrup
  X:010CH         PUBLIC        ValTimeOutCom
  X:010DH         PUBLIC        Buffer_Rta_Lintech
  X:013FH         PUBLIC        Timer_wait
  X:0140H         PUBLIC        g_cContByteRx
  B:0080H.0       PUBLIC        rx_ip
  B:0080H.3       PUBLIC        Atascado
  C:97B2H         PUBLIC        main
  X:0141H         PUBLIC        Timer_tivo
  B:0090H.7       PUBLIC        lock
  I:0022H         PUBLIC        rbuf
  C:A963H         PUBLIC        on_Timer0_Interrup
  I:0054H         PUBLIC        tbuf
  B:0090H.1       PUBLIC        DataIn
  D:0089H         PUBLIC        TMOD
  X:0143H         PUBLIC        Debug_Tibbo
  B:0021H.1       PUBLIC        prto_ready
  X:0144H         PUBLIC        Raspberry
BL51 BANKED LINKER/LOCATER V6.22.2.0                                                  09/28/2020  11:10:44  PAGE 20


  X:0145H         PUBLIC        SIN_COBRO
  X:0147H         PUBLIC        Tipo_Vehiculo
  B:00B0H.3       PUBLIC        busy
  C:A8D5H         PUBLIC        ini_timer
  B:00A8H.1       PUBLIC        ET0
  B:0088H.5       PUBLIC        TF0
  X:0148H         PUBLIC        COMPARACION_ACTIVA
  D:008CH         PUBLIC        TH0
  X:0149H         PUBLIC        ACK
  X:014AH         PUBLIC        g_cEstadoComSoft
  D:008AH         PUBLIC        TL0
  B:0088H.4       PUBLIC        TR0
  C:A8E5H         PUBLIC        inicia_board
  X:014BH         PUBLIC        T_GRACIA
  X:014DH         PUBLIC        COD_PARK
  B:0080H.7       PUBLIC        sel_com
  X:014FH         PUBLIC        STX_LINTECH
  C:A904H         PUBLIC        _getkey
  X:0150H         PUBLIC        g_cEstadoComSeqMF
  X:0151H         PUBLIC        ETX
  X:0152H         PUBLIC        ID_CLIENTE
  C:A16BH         PUBLIC        _EscribirCadenaSoft_buffer
  B:0021H.2       PUBLIC        buffer_ready
  C:A44BH         PUBLIC        _putchar
  B:0021H.3       PUBLIC        placa_ready
  -------         PROC          TIMER0_INT
  C:A578H         LINE#         13
  C:A57EH         LINE#         15
  C:A586H         LINE#         16
  C:A586H         LINE#         17
  C:A588H         LINE#         18
  C:A58AH         LINE#         19
  C:A58CH         LINE#         21
  C:A58CH         LINE#         22
  C:A592H         LINE#         23
  C:A598H         LINE#         24
  C:A5A6H         LINE#         25
  C:A5A8H         LINE#         26
  C:A5A8H         LINE#         27
  -------         ENDPROC       TIMER0_INT
  -------         PROC          INI_TIMER
  C:A8D5H         LINE#         30
  C:A8D5H         LINE#         31
  C:A8D5H         LINE#         33
  C:A8DDH         LINE#         35
  C:A8E0H         LINE#         36
  C:A8E2H         LINE#         37
  C:A8E4H         LINE#         39
  -------         ENDPROC       INI_TIMER
  -------         PROC          ON_TIMER0_INTERRUP
  C:A963H         LINE#         42
  C:A963H         LINE#         43
  C:A963H         LINE#         44
  C:A965H         LINE#         45
  C:A967H         LINE#         47
  -------         ENDPROC       ON_TIMER0_INTERRUP
  -------         PROC          OFF_TIMER0_INTERRUP
BL51 BANKED LINKER/LOCATER V6.22.2.0                                                  09/28/2020  11:10:44  PAGE 21


  C:A972H         LINE#         50
  C:A972H         LINE#         51
  C:A972H         LINE#         52
  C:A974H         LINE#         54
  -------         ENDPROC       OFF_TIMER0_INTERRUP
  -------         PROC          _GETKEY
  -------         DO            
  D:0006H         SYMBOL        k
  -------         ENDDO         
  C:A904H         LINE#         62
  C:A904H         LINE#         63
  C:A904H         LINE#         67
  C:A904H         LINE#         68
  C:A907H         LINE#         69
  C:A907H         LINE#         70
  C:A90FH         LINE#         72
  C:A90FH         LINE#         73
  -------         ENDPROC       _GETKEY
  -------         PROC          _PUTCHAR
  X:00E0H         SYMBOL        c
  -------         DO            
  X:00E1H         SYMBOL        i
  -------         ENDDO         
  C:A44BH         LINE#         77
  C:A450H         LINE#         78
  C:A450H         LINE#         81
  C:A45FH         LINE#         82
  C:A45FH         LINE#         83
  C:A475H         LINE#         84
  C:A475H         LINE#         86
  C:A483H         LINE#         87
  C:A483H         LINE#         89
  C:A488H         LINE#         90
  -------         ENDPROC       _PUTCHAR
  -------         PROC          _ESCRIBIRCADENASOFT_BUFFER
  X:0034H         SYMBOL        buffer
  X:0037H         SYMBOL        tamano_cadena
  -------         DO            
  X:0038H         SYMBOL        i
  X:0039H         SYMBOL        d
  -------         ENDDO         
  C:A16BH         LINE#         94
  C:A179H         LINE#         95
  C:A179H         LINE#         97
  C:A187H         LINE#         98
  C:A187H         LINE#         99
  C:A19EH         LINE#         100
  C:A1A8H         LINE#         101
  C:A1B0H         LINE#         102
  -------         ENDPROC       _ESCRIBIRCADENASOFT_BUFFER
  -------         PROC          INICIA_BOARD
  C:A8E5H         LINE#         139
  C:A8E5H         LINE#         140
  C:A8E5H         LINE#         141
  C:A8E8H         LINE#         142
  C:A8EBH         LINE#         143
  C:A8EEH         LINE#         144
BL51 BANKED LINKER/LOCATER V6.22.2.0                                                  09/28/2020  11:10:44  PAGE 22


  C:A8F0H         LINE#         145
  C:A8F2H         LINE#         146
  C:A8F4H         LINE#         148
  -------         ENDPROC       INICIA_BOARD
  -------         PROC          MAIN
  -------         DO            
  X:00E4H         SYMBOL        buffer
  X:0000H         SYMBOL        Length_trama
  -------         ENDDO         
  C:97B2H         LINE#         158
  C:97B2H         LINE#         159
  C:97B2H         LINE#         167
  C:97B5H         LINE#         168
  C:97B8H         LINE#         169
  C:97BBH         LINE#         170
  C:97BEH         LINE#         171
  C:97C1H         LINE#         172
  C:97C3H         LINE#         174
  C:97C6H         LINE#         175
  C:97CDH         LINE#         176
  C:97D0H         LINE#         177
  C:97D5H         LINE#         179
  C:97D8H         LINE#         181
  C:97DBH         LINE#         182
  C:97DBH         LINE#         183
  C:97DEH         LINE#         184
  C:97DEH         LINE#         185
  C:97E1H         LINE#         186
  C:97E7H         LINE#         187
  C:97EDH         LINE#         189
  C:97EDH         LINE#         190
  C:97EDH         LINE#         192
  C:97F0H         LINE#         194
  C:97F0H         LINE#         195
  C:97F3H         LINE#         196
  C:97F3H         LINE#         198
  C:9801H         LINE#         201
  C:9801H         LINE#         203
  C:9804H         LINE#         205
  C:9807H         LINE#         206
  C:9807H         LINE#         209
  C:9816H         LINE#         212
  C:981FH         LINE#         215
  C:982DH         LINE#         218
  C:982DH         LINE#         220
  C:982FH         LINE#         222
  C:982FH         LINE#         223
  C:9832H         LINE#         224
  C:9832H         LINE#         225
  C:9835H         LINE#         229
  -------         ENDPROC       MAIN
  -------         ENDMOD        MAIN

  -------         MODULE        ACCESCAN
  C:0000H         SYMBOL        _ICE_DUMMY_
  D:0080H         PUBLIC        P0
  D:0090H         PUBLIC        P1
BL51 BANKED LINKER/LOCATER V6.22.2.0                                                  09/28/2020  11:10:44  PAGE 23


  I:0011H         PUBLIC        placa
  B:0080H.2       PUBLIC        led_err_imp
  C:A34AH         PUBLIC        _Monitor_chr
  C:5C36H         PUBLIC        _Cmd_LPR_Salida
  B:0080H.3       PUBLIC        Atascado
  B:0080H.0       PUBLIC        rx_ip
  B:0090H.7       PUBLIC        lock
  X:0236H         PUBLIC        USE_LPR
  C:451DH         PUBLIC        _Valida_Trama_Pto
  C:8FF1H         PUBLIC        _recibe_cmd_Monitor
  C:82D0H         PUBLIC        _Cmd_LPR_Salida_wiegand
  C:A80FH         PUBLIC        clear_placa
  C:9086H         PUBLIC        _Valida_Trama_Monitor
  -------         PROC          _VALIDA_TRAMA_PTO
  X:0001H         SYMBOL        buffer
  X:0004H         SYMBOL        length_trama
  -------         DO            
  X:0235H         SYMBOL        cont
  X:0005H         SYMBOL        buff
  -------         ENDDO         
  C:451DH         LINE#         122
  C:452BH         LINE#         123
  C:452BH         LINE#         127
  C:4539H         LINE#         129
  C:4570H         LINE#         130
  C:4570H         LINE#         131
  C:4585H         LINE#         132
  C:4585H         LINE#         133
  C:4598H         LINE#         135
  C:459BH         LINE#         137
  C:459BH         LINE#         139
  C:459BH         LINE#         141
  C:45ADH         LINE#         142
  C:45ADH         LINE#         143
  C:45B3H         LINE#         144
  C:45C0H         LINE#         145
  C:45C0H         LINE#         146
  C:45C5H         LINE#         147
  C:45C7H         LINE#         148
  C:45CCH         LINE#         149
  C:45CEH         LINE#         150
  C:45D0H         LINE#         151
  C:45D4H         LINE#         152
  C:45D4H         LINE#         153
  C:45D5H         LINE#         155
  C:45EDH         LINE#         156
  C:45EDH         LINE#         158
  C:45FAH         LINE#         159
  C:45FAH         LINE#         160
  C:45FCH         LINE#         161
  C:45FEH         LINE#         162
  C:4600H         LINE#         163
  C:4602H         LINE#         164
  C:4602H         LINE#         166
  C:4628H         LINE#         167
  C:4628H         LINE#         168
  C:462CH         LINE#         169
BL51 BANKED LINKER/LOCATER V6.22.2.0                                                  09/28/2020  11:10:44  PAGE 24


  C:4631H         LINE#         170
  C:463AH         LINE#         171
  C:463FH         LINE#         172
  C:463FH         LINE#         175
  C:4640H         LINE#         178
  C:4652H         LINE#         179
  C:4652H         LINE#         180
  C:4654H         LINE#         181
  C:4657H         LINE#         183
  C:4669H         LINE#         184
  C:4669H         LINE#         185
  C:466BH         LINE#         186
  C:466EH         LINE#         188
  C:4688H         LINE#         189
  C:4688H         LINE#         190
  C:468AH         LINE#         191
  C:468DH         LINE#         194
  C:46A7H         LINE#         195
  C:46A7H         LINE#         196
  C:46A9H         LINE#         197
  C:46ABH         LINE#         200
  C:46C5H         LINE#         201
  C:46C5H         LINE#         202
  C:46C7H         LINE#         203
  C:46C9H         LINE#         207
  C:46E3H         LINE#         208
  C:46E3H         LINE#         209
  C:46E5H         LINE#         210
  C:46E7H         LINE#         213
  C:4701H         LINE#         214
  C:4701H         LINE#         215
  C:4703H         LINE#         216
  C:4705H         LINE#         218
  C:471FH         LINE#         219
  C:471FH         LINE#         220
  C:4724H         LINE#         221
  C:4724H         LINE#         223
  C:4754H         LINE#         224
  C:4754H         LINE#         225
  C:4762H         LINE#         226
  C:4765H         LINE#         229
  C:47A8H         LINE#         230
  C:47A8H         LINE#         232
  C:47BDH         LINE#         233
  C:47C3H         LINE#         234
  C:47EDH         LINE#         237
  C:47F5H         LINE#         238
  C:47F5H         LINE#         241
  C:47FCH         LINE#         242
  C:47FCH         LINE#         243
  C:4801H         LINE#         244
  C:4801H         LINE#         245
  C:4803H         LINE#         247
  C:4803H         LINE#         248
  C:480CH         LINE#         249
  C:4814H         LINE#         250
  C:4814H         LINE#         255
BL51 BANKED LINKER/LOCATER V6.22.2.0                                                  09/28/2020  11:10:44  PAGE 25


  C:4816H         LINE#         258
  C:4816H         LINE#         261
  C:481DH         LINE#         262
  C:481DH         LINE#         263
  C:4822H         LINE#         264
  C:4822H         LINE#         265
  C:482DH         LINE#         269
  C:482DH         LINE#         270
  C:482DH         LINE#         272
  -------         ENDPROC       _VALIDA_TRAMA_PTO
  -------         PROC          _RECIBE_CMD_MONITOR
  X:0001H         SYMBOL        buffer_cmd
  -------         DO            
  X:0004H         SYMBOL        j
  X:0005H         SYMBOL        NumDatos
  D:0005H         SYMBOL        time_out
  X:0006H         SYMBOL        MaxChrRx
  D:0006H         SYMBOL        contador
  -------         ENDDO         
  C:8FF1H         LINE#         278
  C:8FFCH         LINE#         279
  C:8FFCH         LINE#         283
  C:9001H         LINE#         284
  C:9005H         LINE#         286
  C:900DH         LINE#         287
  C:900DH         LINE#         288
  C:901EH         LINE#         289
  C:901EH         LINE#         290
  C:9021H         LINE#         291
  C:9022H         LINE#         292
  C:9028H         LINE#         293
  C:9028H         LINE#         294
  C:902DH         LINE#         295
  C:9036H         LINE#         296
  C:9036H         LINE#         297
  C:9038H         LINE#         298
  C:9040H         LINE#         299
  C:9040H         LINE#         300
  C:9042H         LINE#         301
  C:9047H         LINE#         302
  C:904DH         LINE#         303
  C:905FH         LINE#         304
  C:9069H         LINE#         305
  C:9071H         LINE#         307
  C:9080H         LINE#         310
  C:9080H         LINE#         311
  C:9085H         LINE#         312
  -------         ENDPROC       _RECIBE_CMD_MONITOR
  -------         PROC          _VALIDA_TRAMA_MONITOR
  X:0229H         SYMBOL        buffer
  D:0005H         SYMBOL        length_trama
  -------         DO            
  D:0007H         SYMBOL        j
  D:0006H         SYMBOL        p
  -------         ENDDO         
  C:9086H         LINE#         317
  C:9091H         LINE#         318
BL51 BANKED LINKER/LOCATER V6.22.2.0                                                  09/28/2020  11:10:44  PAGE 26


  C:9091H         LINE#         319
  C:9093H         LINE#         320
  C:9095H         LINE#         321
  C:9095H         LINE#         322
  C:90B3H         LINE#         323
  C:90B3H         LINE#         324
  C:90B5H         LINE#         325
  C:90BAH         LINE#         326
  C:90BBH         LINE#         327
  C:90D0H         LINE#         328
  C:90D0H         LINE#         331
  C:90D0H         LINE#         332
  C:90EAH         LINE#         333
  C:90EBH         LINE#         334
  C:90ECH         LINE#         335
  C:90F8H         LINE#         336
  C:910CH         LINE#         337
  C:9112H         LINE#         338
  C:9114H         LINE#         339
  C:911AH         LINE#         342
  C:911AH         LINE#         343
  C:911AH         LINE#         344
  C:911AH         LINE#         346
  C:911AH         LINE#         347
  -------         ENDPROC       _VALIDA_TRAMA_MONITOR
  -------         PROC          CLEAR_PLACA
  -------         DO            
  D:0007H         SYMBOL        i
  -------         ENDDO         
  C:A80FH         LINE#         351
  C:A80FH         LINE#         352
  C:A80FH         LINE#         354
  C:A81BH         LINE#         355
  C:A81BH         LINE#         356
  C:A821H         LINE#         357
  C:A824H         LINE#         358
  C:A826H         LINE#         359
  -------         ENDPROC       CLEAR_PLACA
  -------         PROC          _MONITOR_CHR
  X:0037H         SYMBOL        str
  X:003AH         SYMBOL        num_char
  -------         DO            
  X:003BH         SYMBOL        j
  -------         ENDDO         
  C:A34AH         LINE#         364
  C:A358H         LINE#         365
  C:A358H         LINE#         367
  C:A366H         LINE#         368
  C:A366H         LINE#         369
  C:A378H         LINE#         370
  C:A382H         LINE#         371
  C:A38AH         LINE#         372
  -------         ENDPROC       _MONITOR_CHR
  -------         PROC          _CMD_LPR_SALIDA_WIEGAND
  X:0010H         SYMBOL        buffer
  -------         DO            
  X:0013H         SYMBOL        Buffer_Lpr
BL51 BANKED LINKER/LOCATER V6.22.2.0                                                  09/28/2020  11:10:44  PAGE 27


  X:0031H         SYMBOL        j
  -------         ENDDO         
  C:82D0H         LINE#         377
  C:82DBH         LINE#         378
  C:82DBH         LINE#         380
  C:82E1H         LINE#         381
  C:82E6H         LINE#         382
  C:82EEH         LINE#         383
  C:82F2H         LINE#         384
  C:82FBH         LINE#         385
  C:82FBH         LINE#         386
  C:830CH         LINE#         387
  C:830EH         LINE#         389
  C:830EH         LINE#         390
  C:831FH         LINE#         391
  C:831FH         LINE#         395
  C:8336H         LINE#         396
  C:8336H         LINE#         397
  C:8345H         LINE#         398
  C:834FH         LINE#         400
  C:8357H         LINE#         401
  C:836BH         LINE#         403
  C:837BH         LINE#         404
  C:838CH         LINE#         405
  C:8399H         LINE#         409
  -------         ENDPROC       _CMD_LPR_SALIDA_WIEGAND
  -------         PROC          _CMD_LPR_SALIDA
  X:0012H         SYMBOL        buffer_S1_B0
  X:0015H         SYMBOL        buffer_S1_B
  -------         DO            
  X:0018H         SYMBOL        Buffer_Lpr
  X:0036H         SYMBOL        j
  -------         ENDDO         
  C:5C36H         LINE#         414
  C:5C41H         LINE#         415
  C:5C41H         LINE#         419
  C:5C47H         LINE#         420
  C:5C4CH         LINE#         421
  C:5C54H         LINE#         422
  C:5C58H         LINE#         426
  C:5C61H         LINE#         427
  C:5C61H         LINE#         428
  C:5C72H         LINE#         429
  C:5C74H         LINE#         431
  C:5C74H         LINE#         432
  C:5C85H         LINE#         433
  C:5C85H         LINE#         434
  C:5C9DH         LINE#         435
  C:5C9DH         LINE#         436
  C:5CB2H         LINE#         437
  C:5CC0H         LINE#         438
  C:5CCEH         LINE#         439
  C:5CDAH         LINE#         440
  C:5CE8H         LINE#         441
  C:5D21H         LINE#         443
  C:5D23H         LINE#         445
  C:5D23H         LINE#         449
BL51 BANKED LINKER/LOCATER V6.22.2.0                                                  09/28/2020  11:10:44  PAGE 28


  C:5D23H         LINE#         451
  C:5D45H         LINE#         452
  C:5D4FH         LINE#         453
  C:5D5FH         LINE#         455
  C:5D72H         LINE#         456
  C:5D72H         LINE#         458
  C:5D80H         LINE#         461
  C:5D8EH         LINE#         465
  C:5D9BH         LINE#         467
  C:5DA9H         LINE#         469
  C:5DBAH         LINE#         472
  C:5DCEH         LINE#         474
  -------         ENDPROC       _CMD_LPR_SALIDA
  -------         ENDMOD        ACCESCAN

  -------         MODULE        CLOCK
  C:0000H         SYMBOL        _ICE_DUMMY_
  C:A3BFH         PUBLIC        _two_one
  D:0090H         PUBLIC        P1
  C:7160H         PUBLIC        _validar_clk
  C:A639H         PUBLIC        _wr_clk
  C:60D2H         PUBLIC        _check_fechaOut
  B:00D0H.7       PUBLIC        CY
  C:0003H         PUBLIC        p_ck
  C:8762H         PUBLIC        _check_fechaOut_2
  C:911BH         PUBLIC        _hex_ascii
  X:0237H         PUBLIC        data_clk
  C:A92CH         PUBLIC        cond_ini_clock
  C:83A6H         PUBLIC        _Block_read_Clock
  B:0090H.4       PUBLIC        sck
  C:8C32H         PUBLIC        _Block_read_Clock_Hex
  C:624BH         PUBLIC        _Block_read_clock_ascii
  C:A4A5H         PUBLIC        _hex_bcd
  C:A7B9H         PUBLIC        _bcd_hex
  C:9E40H         PUBLIC        _ByteHex_Decimal
  C:92D8H         PUBLIC        _lee_clk
  C:2FB9H         PUBLIC        _analiza_tiempo
  B:0090H.5       PUBLIC        io
  C:93EEH         PUBLIC        _Block_write_clock_ascii
  B:0090H.6       PUBLIC        rst
  C:A40CH         PUBLIC        _eb_clk
  C:482EH         PUBLIC        _Two_ByteHex_Decimal
  -------         PROC          P_CK
  C:0003H         LINE#         40
  C:0003H         LINE#         41
  C:0003H         LINE#         42
  C:0005H         LINE#         43
  C:0008H         LINE#         44
  C:000AH         LINE#         45
  -------         ENDPROC       P_CK
  -------         PROC          _EB_CLK
  X:00C8H         SYMBOL        dir_clk
  -------         DO            
  X:00C9H         SYMBOL        nbits
  -------         ENDDO         
  C:A40CH         LINE#         47
  C:A411H         LINE#         49
BL51 BANKED LINKER/LOCATER V6.22.2.0                                                  09/28/2020  11:10:44  PAGE 29


  C:A416H         LINE#         50
  C:A416H         LINE#         51
  C:A41FH         LINE#         52
  C:A422H         LINE#         53
  C:A422H         LINE#         54
  C:A424H         LINE#         55
  C:A426H         LINE#         57
  C:A426H         LINE#         58
  C:A428H         LINE#         59
  C:A428H         LINE#         60
  C:A42BH         LINE#         61
  C:A44AH         LINE#         62
  -------         ENDPROC       _EB_CLK
  C:92CEH         SYMBOL        L?0179
  -------         PROC          L?0178
  -------         ENDPROC       L?0178
  C:92CEH         SYMBOL        L?0179
  -------         PROC          _LEE_CLK
  X:00C5H         SYMBOL        dir_clk
  -------         DO            
  X:00C6H         SYMBOL        nbits
  -------         ENDDO         
  C:92D8H         LINE#         64
  C:92DDH         LINE#         66
  C:92DFH         LINE#         67
  C:92E6H         LINE#         68
  C:92EEH         LINE#         69
  C:9307H         LINE#         70
  C:9307H         LINE#         71
  C:930AH         LINE#         72
  C:930AH         LINE#         73
  C:9311H         LINE#         74
  C:931BH         LINE#         75
  C:9320H         LINE#         76
  C:9320H         LINE#         77
  C:9320H         LINE#         78
  C:9323H         LINE#         79
  C:9323H         LINE#         80
  C:932AH         LINE#         81
  C:933BH         LINE#         82
  C:933BH         LINE#         83
  C:9343H         LINE#         84
  C:9343H         LINE#         85
  C:9343H         LINE#         86
  C:9346H         LINE#         87
  C:9356H         LINE#         88
  C:9358H         LINE#         89
  C:935DH         LINE#         90
  -------         ENDPROC       _LEE_CLK
  -------         PROC          _WR_CLK
  X:0013H         SYMBOL        dir_clk
  X:0014H         SYMBOL        byte
  C:A639H         LINE#         92
  C:A641H         LINE#         93
  C:A643H         LINE#         94
  C:A64AH         LINE#         95
  C:A652H         LINE#         96
BL51 BANKED LINKER/LOCATER V6.22.2.0                                                  09/28/2020  11:10:44  PAGE 30


  C:A65BH         LINE#         97
  C:A65EH         LINE#         98
  C:A660H         LINE#         100
  -------         ENDPROC       _WR_CLK
  C:A38BH         SYMBOL        L?0174
  C:A3A9H         SYMBOL        L?0175
  -------         PROC          L?0173
  -------         ENDPROC       L?0173
  C:A38BH         SYMBOL        L?0174
  C:A3A9H         SYMBOL        L?0175
  -------         PROC          _TWO_ONE
  D:0007H         SYMBOL        byte_h
  D:0005H         SYMBOL        byte_l
  -------         DO            
  D:0007H         SYMBOL        byte_out
  -------         ENDDO         
  C:A3BFH         LINE#         102
  C:A3BFH         LINE#         103
  C:A3BFH         LINE#         105
  C:A3C2H         LINE#         106
  C:A3C6H         LINE#         107
  C:A3C9H         LINE#         108
  C:A3CBH         LINE#         109
  C:A3CBH         LINE#         110
  -------         ENDPROC       _TWO_ONE
  -------         PROC          _VALIDAR_CLK
  D:0001H         SYMBOL        datos_clock
  -------         DO            
  D:0007H         SYMBOL        validador
  -------         ENDDO         
  C:7160H         LINE#         114
  C:7160H         LINE#         115
  C:7160H         LINE#         116
  C:7162H         LINE#         119
  C:7177H         LINE#         120
  C:7177H         LINE#         122
  C:718FH         LINE#         123
  C:718FH         LINE#         125
  C:71A7H         LINE#         126
  C:71A7H         LINE#         127
  C:71BFH         LINE#         128
  C:71BFH         LINE#         129
  C:71D7H         LINE#         130
  C:71D7H         LINE#         131
  C:71ECH         LINE#         132
  C:71ECH         LINE#         133
  C:71FEH         LINE#         134
  C:71FEH         LINE#         135
  C:7210H         LINE#         136
  C:7210H         LINE#         137
  C:7222H         LINE#         138
  C:7222H         LINE#         139
  C:7234H         LINE#         140
  C:7234H         LINE#         141
  C:7246H         LINE#         142
  C:7246H         LINE#         143
  C:7256H         LINE#         144
BL51 BANKED LINKER/LOCATER V6.22.2.0                                                  09/28/2020  11:10:44  PAGE 31


  C:7256H         LINE#         145
  C:7256H         LINE#         146
  C:7256H         LINE#         147
  C:7257H         LINE#         149
  C:7257H         LINE#         150
  C:7259H         LINE#         151
  C:7259H         LINE#         152
  C:725AH         LINE#         154
  C:725AH         LINE#         155
  C:725CH         LINE#         157
  C:725CH         LINE#         158
  C:725DH         LINE#         160
  C:725DH         LINE#         161
  C:725FH         LINE#         163
  C:725FH         LINE#         165
  C:7260H         LINE#         167
  C:7260H         LINE#         168
  C:7262H         LINE#         170
  C:7262H         LINE#         171
  C:7263H         LINE#         173
  C:7263H         LINE#         174
  C:7265H         LINE#         176
  C:7265H         LINE#         177
  C:7266H         LINE#         179
  C:7266H         LINE#         180
  C:7268H         LINE#         182
  C:7268H         LINE#         183
  C:7269H         LINE#         185
  C:7269H         LINE#         186
  C:726BH         LINE#         188
  C:726BH         LINE#         189
  C:726BH         LINE#         191
  C:726CH         LINE#         193
  C:726CH         LINE#         194
  C:726EH         LINE#         196
  C:726EH         LINE#         198
  C:726FH         LINE#         201
  C:726FH         LINE#         202
  C:7271H         LINE#         204
  C:7271H         LINE#         206
  C:7272H         LINE#         209
  C:7272H         LINE#         210
  C:7274H         LINE#         212
  C:7274H         LINE#         214
  C:7274H         LINE#         216
  -------         ENDPROC       _VALIDAR_CLK
  -------         PROC          _BLOCK_WRITE_CLOCK_ASCII
  X:0010H         SYMBOL        datos_clock
  C:93EEH         LINE#         222
  C:93F9H         LINE#         224
  C:93F9H         LINE#         228
  C:9403H         LINE#         229
  C:9403H         LINE#         230
  C:9403H         LINE#         231
  C:9403H         LINE#         233
  C:940DH         LINE#         234
  C:9417H         LINE#         235
BL51 BANKED LINKER/LOCATER V6.22.2.0                                                  09/28/2020  11:10:44  PAGE 32


  C:9421H         LINE#         236
  C:9421H         LINE#         237
  C:9421H         LINE#         238
  C:9421H         LINE#         240
  C:942BH         LINE#         241
  C:942BH         LINE#         242
  C:942BH         LINE#         243
  C:942BH         LINE#         245
  C:9435H         LINE#         246
  C:9435H         LINE#         247
  C:9435H         LINE#         248
  C:9435H         LINE#         250
  C:943FH         LINE#         251
  C:943FH         LINE#         252
  C:943FH         LINE#         253
  C:943FH         LINE#         255
  C:9449H         LINE#         256
  C:9453H         LINE#         257
  C:945DH         LINE#         258
  C:9467H         LINE#         260
  -------         ENDPROC       _BLOCK_WRITE_CLOCK_ASCII
  -------         PROC          _BCD_HEX
  D:0007H         SYMBOL        l_data
  -------         DO            
  D:0006H         SYMBOL        temp
  D:0005H         SYMBOL        j
  -------         ENDDO         
  C:A7B9H         LINE#         266
  C:A7B9H         LINE#         267
  C:A7B9H         LINE#         269
  C:A7BBH         LINE#         270
  C:A7BFH         LINE#         271
  C:A7C2H         LINE#         272
  C:A7C4H         LINE#         273
  C:A7C4H         LINE#         274
  C:A7C8H         LINE#         275
  C:A7CFH         LINE#         276
  C:A7CFH         LINE#         277
  C:A7D3H         LINE#         278
  C:A7D6H         LINE#         279
  C:A7D6H         LINE#         280
  C:A7D6H         LINE#         281
  -------         ENDPROC       _BCD_HEX
  C:A496H         SYMBOL        L?0177
  -------         PROC          L?0176
  -------         ENDPROC       L?0176
  C:A496H         SYMBOL        L?0177
  -------         PROC          _HEX_BCD
  D:0007H         SYMBOL        byte
  -------         DO            
  D:0006H         SYMBOL        nibble_h
  D:0005H         SYMBOL        nibble_l
[...]
  D:0003H         SYMBOL        j
  X:000FH         SYMBOL        bcc
  X:0010H         SYMBOL        g_scArrTxComSoft
  -------         ENDDO         
  C:7E72H         LINE#         255
  C:7E77H         LINE#         256
  C:7E77H         LINE#         259
  C:7E7AH         LINE#         261
  C:7E9AH         LINE#         262
  C:7E9AH         LINE#         263
  C:7EA1H         LINE#         264
  C:7EA1H         LINE#         265
BL51 BANKED LINKER/LOCATER V6.22.2.0                                                  09/28/2020  11:10:44  PAGE 118


  C:7EA7H         LINE#         266
  C:7EA9H         LINE#         267
  C:7EB0H         LINE#         268
  C:7EB0H         LINE#         269
  C:7EB6H         LINE#         270
  C:7EB8H         LINE#         271
  C:7EBFH         LINE#         272
  C:7EBFH         LINE#         273
  C:7EC5H         LINE#         274
  C:7EC7H         LINE#         275
  C:7ECEH         LINE#         276
  C:7ECEH         LINE#         277
  C:7ED4H         LINE#         278
  C:7ED6H         LINE#         279
  C:7EDDH         LINE#         280
  C:7EDDH         LINE#         281
  C:7EE6H         LINE#         282
  C:7EE6H         LINE#         284
  C:7EECH         LINE#         285
  C:7EEFH         LINE#         286
  C:7EF1H         LINE#         287
  C:7EF5H         LINE#         288
  C:7EF9H         LINE#         289
  C:7EFDH         LINE#         290
  C:7F05H         LINE#         291
  C:7F09H         LINE#         292
  C:7F15H         LINE#         293
  C:7F15H         LINE#         294
  C:7F29H         LINE#         295
  C:7F2CH         LINE#         296
  C:7F34H         LINE#         297
  C:7F36H         LINE#         298
  C:7F3BH         LINE#         299
  C:7F4AH         LINE#         300
  C:7F55H         LINE#         301
  C:7F5BH         LINE#         302
  C:7F5BH         LINE#         304
  -------         ENDPROC       _MOV_CARD
  -------         PROC          AUT_CARD_CHECK_STATUS
  -------         DO            
  D:0003H         SYMBOL        j
  X:000EH         SYMBOL        bcc
  X:000FH         SYMBOL        g_scArrTxComSoft
  -------         ENDDO         
  C:9A3CH         LINE#         310
  C:9A3CH         LINE#         311
  C:9A3CH         LINE#         314
  C:9A41H         LINE#         316
  C:9A4AH         LINE#         318
  C:9A50H         LINE#         319
  C:9A53H         LINE#         320
  C:9A55H         LINE#         321
  C:9A59H         LINE#         322
  C:9A5DH         LINE#         323
  C:9A61H         LINE#         324
  C:9A65H         LINE#         325
  C:9A69H         LINE#         326
BL51 BANKED LINKER/LOCATER V6.22.2.0                                                  09/28/2020  11:10:44  PAGE 119


  C:9A75H         LINE#         327
  C:9A75H         LINE#         328
  C:9A89H         LINE#         329
  C:9A8CH         LINE#         330
  C:9A94H         LINE#         331
  C:9A96H         LINE#         332
  C:9A9BH         LINE#         333
  C:9AAAH         LINE#         334
  C:9AB5H         LINE#         335
  C:9ABBH         LINE#         336
  -------         ENDPROC       AUT_CARD_CHECK_STATUS
  -------         PROC          DWLOAD_EEPROM
  -------         DO            
  D:0003H         SYMBOL        j
  X:0002H         SYMBOL        bcc
  X:0003H         SYMBOL        g_scArrTxComSoft
  -------         ENDDO         
  C:8AE2H         LINE#         342
  C:8AE2H         LINE#         343
  C:8AE2H         LINE#         346
  C:8AE7H         LINE#         347
  C:8AF0H         LINE#         349
  C:8AF6H         LINE#         350
  C:8AF9H         LINE#         351
  C:8AFBH         LINE#         352
  C:8AFFH         LINE#         353
  C:8B03H         LINE#         354
  C:8B07H         LINE#         355
  C:8B0BH         LINE#         356
  C:8B0EH         LINE#         357
  C:8B12H         LINE#         358
  C:8B15H         LINE#         359
  C:8B18H         LINE#         360
  C:8B1CH         LINE#         361
  C:8B20H         LINE#         362
  C:8B24H         LINE#         363
  C:8B28H         LINE#         364
  C:8B2CH         LINE#         365
  C:8B30H         LINE#         366
  C:8B34H         LINE#         367
  C:8B38H         LINE#         369
  C:8B44H         LINE#         370
  C:8B44H         LINE#         371
  C:8B58H         LINE#         372
  C:8B5BH         LINE#         373
  C:8B63H         LINE#         374
  C:8B65H         LINE#         375
  C:8B6AH         LINE#         376
  C:8B79H         LINE#         377
  C:8B84H         LINE#         378
  C:8B8AH         LINE#         379
  -------         ENDPROC       DWLOAD_EEPROM
  -------         PROC          LOADVERIFY_EEPROM
  -------         DO            
  D:0003H         SYMBOL        j
  X:000EH         SYMBOL        bcc
  X:000FH         SYMBOL        g_scArrTxComSoft
BL51 BANKED LINKER/LOCATER V6.22.2.0                                                  09/28/2020  11:10:44  PAGE 120


  -------         ENDDO         
  C:923DH         LINE#         385
  C:923DH         LINE#         386
  C:923DH         LINE#         389
  C:9242H         LINE#         390
  C:924BH         LINE#         393
  C:9251H         LINE#         394
  C:9254H         LINE#         395
  C:9256H         LINE#         396
  C:925AH         LINE#         397
  C:925EH         LINE#         398
  C:9262H         LINE#         399
  C:9266H         LINE#         400
  C:9269H         LINE#         401
  C:926DH         LINE#         402
  C:9270H         LINE#         403
  C:9273H         LINE#         404
  C:9277H         LINE#         405
  C:927BH         LINE#         409
  C:9287H         LINE#         410
  C:9287H         LINE#         411
  C:929BH         LINE#         412
  C:929EH         LINE#         413
  C:92A6H         LINE#         414
  C:92A8H         LINE#         415
  C:92ADH         LINE#         416
  C:92BCH         LINE#         417
  C:92C7H         LINE#         418
  C:92CDH         LINE#         420
  -------         ENDPROC       LOADVERIFY_EEPROM
  -------         PROC          _RD_MF
  X:000EH         SYMBOL        Sector
  X:000FH         SYMBOL        Bloque
  -------         DO            
  D:0003H         SYMBOL        j
  X:0010H         SYMBOL        bcc
  X:0011H         SYMBOL        g_scArrTxComSoft
  -------         ENDDO         
  C:846AH         LINE#         426
  C:8472H         LINE#         427
  C:8472H         LINE#         431
  C:8475H         LINE#         433
  C:847EH         LINE#         434
  C:8486H         LINE#         436
  C:848FH         LINE#         437
  C:8497H         LINE#         438
  C:84A0H         LINE#         441
  C:84A6H         LINE#         442
  C:84A9H         LINE#         443
  C:84ABH         LINE#         444
  C:84AFH         LINE#         445
  C:84B3H         LINE#         446
  C:84B7H         LINE#         447
  C:84BBH         LINE#         448
  C:84BEH         LINE#         449
  C:84C2H         LINE#         450
  C:84CAH         LINE#         451
BL51 BANKED LINKER/LOCATER V6.22.2.0                                                  09/28/2020  11:10:44  PAGE 121


  C:84D2H         LINE#         452
  C:84D6H         LINE#         453
  C:84DAH         LINE#         455
  C:84E6H         LINE#         456
  C:84E6H         LINE#         457
  C:84FAH         LINE#         458
  C:84FDH         LINE#         459
  C:8505H         LINE#         462
  C:8507H         LINE#         463
  C:850CH         LINE#         464
  C:851BH         LINE#         465
  C:8526H         LINE#         466
  C:852CH         LINE#         468
  -------         ENDPROC       _RD_MF
  -------         PROC          _WR_MF
  X:000EH         SYMBOL        Sector
  X:000FH         SYMBOL        Bloque
  X:0010H         SYMBOL        buffer
  -------         DO            
  X:0013H         SYMBOL        j
  X:0014H         SYMBOL        bcc
  X:0015H         SYMBOL        g_scArrTxComSoft
  -------         ENDDO         
  C:5F57H         LINE#         475
  C:5F68H         LINE#         477
  C:5F68H         LINE#         480
  C:5F6DH         LINE#         482
  C:5F76H         LINE#         483
  C:5F7EH         LINE#         485
  C:5F87H         LINE#         486
  C:5F8FH         LINE#         487
  C:5F98H         LINE#         489
  C:5F9EH         LINE#         490
  C:5FA1H         LINE#         491
  C:5FA3H         LINE#         492
  C:5FA7H         LINE#         494
  C:5FABH         LINE#         495
  C:5FAFH         LINE#         496
  C:5FB3H         LINE#         497
  C:5FB6H         LINE#         498
  C:5FBAH         LINE#         499
  C:5FC3H         LINE#         500
  C:5FCBH         LINE#         501
  C:5FCFH         LINE#         503
  C:5FD4H         LINE#         504
  C:5FD4H         LINE#         509
  C:5FD7H         LINE#         510
  C:5FD9H         LINE#         511
  C:5FDBH         LINE#         512
  C:5FDDH         LINE#         513
  C:5FDFH         LINE#         518
  C:5FE1H         LINE#         519
  C:5FE3H         LINE#         520
  C:5FE5H         LINE#         525
  C:5FFAH         LINE#         526
  C:5FFAH         LINE#         527
  C:5FFBH         LINE#         528
BL51 BANKED LINKER/LOCATER V6.22.2.0                                                  09/28/2020  11:10:44  PAGE 122


  C:5FFDH         LINE#         530
  C:5FFDH         LINE#         531
  C:6012H         LINE#         532
  C:6012H         LINE#         536
  C:601CH         LINE#         541
  C:602FH         LINE#         542
  C:602FH         LINE#         543
  C:602FH         LINE#         544
  C:602FH         LINE#         546
  C:602FH         LINE#         547
  C:6035H         LINE#         548
  C:6035H         LINE#         553
  C:603AH         LINE#         554
  C:603CH         LINE#         555
  C:603EH         LINE#         556
  C:6040H         LINE#         557
  C:6042H         LINE#         559
  C:6044H         LINE#         561
  C:6044H         LINE#         562
  C:6058H         LINE#         563
  C:6058H         LINE#         564
  C:6064H         LINE#         565
  C:606CH         LINE#         566
  C:606CH         LINE#         571
  C:6072H         LINE#         573
  C:6085H         LINE#         574
  C:6085H         LINE#         575
  C:609AH         LINE#         576
  C:60A2H         LINE#         577
  C:60AAH         LINE#         580
  C:60ACH         LINE#         581
  C:60B1H         LINE#         582
  C:60C0H         LINE#         583
  C:60CBH         LINE#         584
  C:60D1H         LINE#         586
  -------         ENDPROC       _WR_MF
  -------         PROC          UNIQUE_IDENTIFIER_UID
  -------         DO            
  D:0003H         SYMBOL        j
  X:000EH         SYMBOL        bcc
  X:000FH         SYMBOL        g_scArrTxComSoft
  -------         ENDDO         
  C:96A3H         LINE#         591
  C:96A3H         LINE#         592
  C:96A3H         LINE#         595
  C:96A8H         LINE#         597
  C:96B1H         LINE#         599
  C:96B7H         LINE#         600
  C:96BAH         LINE#         601
  C:96BCH         LINE#         602
  C:96C0H         LINE#         603
  C:96C4H         LINE#         604
  C:96C8H         LINE#         605
  C:96CCH         LINE#         606
  C:96D0H         LINE#         607
  C:96D4H         LINE#         608
  C:96D8H         LINE#         609
BL51 BANKED LINKER/LOCATER V6.22.2.0                                                  09/28/2020  11:10:44  PAGE 123


  C:96E4H         LINE#         610
  C:96E4H         LINE#         611
  C:96F8H         LINE#         612
  C:96FBH         LINE#         613
  C:9703H         LINE#         614
  C:9705H         LINE#         615
  C:970AH         LINE#         616
  C:9719H         LINE#         617
  C:9724H         LINE#         618
  C:972AH         LINE#         619
  -------         ENDPROC       UNIQUE_IDENTIFIER_UID
  -------         PROC          POWER_OFF
  -------         DO            
  D:0003H         SYMBOL        j
  X:000EH         SYMBOL        bcc
  X:000FH         SYMBOL        g_scArrTxComSoft
  -------         ENDDO         
  C:9ABCH         LINE#         620
  C:9ABCH         LINE#         621
  C:9ABCH         LINE#         624
  C:9AC1H         LINE#         626
  C:9ACAH         LINE#         628
  C:9AD0H         LINE#         629
  C:9AD3H         LINE#         630
  C:9AD5H         LINE#         631
  C:9AD9H         LINE#         632
  C:9ADDH         LINE#         633
  C:9AE1H         LINE#         634
  C:9AE5H         LINE#         635
  C:9AE9H         LINE#         636
  C:9AF5H         LINE#         637
  C:9AF5H         LINE#         638
  C:9B09H         LINE#         639
  C:9B0CH         LINE#         640
  C:9B14H         LINE#         641
  C:9B16H         LINE#         642
  C:9B1BH         LINE#         643
  C:9B2AH         LINE#         644
  C:9B35H         LINE#         645
  C:9B3BH         LINE#         648
  -------         ENDPROC       POWER_OFF
  -------         ENDMOD        LINTECH

  -------         MODULE        ?C?FPADD
  C:1D55H         PUBLIC        ?C?FPADD
  C:1D51H         PUBLIC        ?C?FPSUB
  -------         ENDMOD        ?C?FPADD

  -------         MODULE        ?C?FPMUL
  C:1E46H         PUBLIC        ?C?FPMUL
  -------         ENDMOD        ?C?FPMUL

  -------         MODULE        ?C?FCAST
  C:1F56H         PUBLIC        ?C?FCASTC
  C:1F51H         PUBLIC        ?C?FCASTI
  C:1F4CH         PUBLIC        ?C?FCASTL
  -------         ENDMOD        ?C?FCAST
BL51 BANKED LINKER/LOCATER V6.22.2.0                                                  09/28/2020  11:10:44  PAGE 124



  -------         MODULE        ?C?CASTF
  C:1F8AH         PUBLIC        ?C?CASTF
  -------         ENDMOD        ?C?CASTF

  -------         MODULE        PRINTF
  X:00B0H         PUBLIC        ?_PRINTF?BYTE
  X:00B0H         PUBLIC        ?_SPRINTF?BYTE
  C:39EBH         PUBLIC        _PRINTF
  C:39E5H         PUBLIC        _SPRINTF
  -------         ENDMOD        PRINTF

  -------         MODULE        POW
  X:0043H         PUBLIC        ?_pow?BYTE
  C:63B9H         PUBLIC        _pow
  -------         ENDMOD        POW

  -------         MODULE        ?C?CHKFLOAT
  C:200BH         PUBLIC        ?C?CHKFLOAT
  -------         ENDMOD        ?C?CHKFLOAT

  -------         MODULE        ?C?FPCMP
  C:2027H         PUBLIC        ?C?FPCMP
  C:2025H         PUBLIC        ?C?FPCMP3
  -------         ENDMOD        ?C?FPCMP

  -------         MODULE        ?C?FPNEG
  C:209EH         PUBLIC        ?C?FPNEG
  -------         ENDMOD        ?C?FPNEG

  -------         MODULE        ?C?FPROUND
  C:20AFH         PUBLIC        ?C?FPROUND
  -------         ENDMOD        ?C?FPROUND

  -------         MODULE        ?C?FPCONVERT
  C:20ECH         PUBLIC        ?C?FPCONVERT
  -------         ENDMOD        ?C?FPCONVERT

  -------         MODULE        EXP
  C:8F8FH         PUBLIC        _EXP
  -------         ENDMOD        EXP

  -------         MODULE        LOG
  C:6D10H         PUBLIC        _LOG
  C:6D0CH         PUBLIC        _LOG10
  -------         ENDMOD        LOG

  -------         MODULE        ?C?FPDIV
  C:21F4H         PUBLIC        ?C?FPDIV
  -------         ENDMOD        ?C?FPDIV

  -------         MODULE        ?C?FTNPWR
  C:22C1H         PUBLIC        ?C?FTNPWR
  -------         ENDMOD        ?C?FTNPWR

  -------         MODULE        ?C?COPY
  C:241EH         PUBLIC        ?C?COPY
BL51 BANKED LINKER/LOCATER V6.22.2.0                                                  09/28/2020  11:10:44  PAGE 125


  -------         ENDMOD        ?C?COPY

  -------         MODULE        ?C?CLDPTR
  C:2444H         PUBLIC        ?C?CLDPTR
  -------         ENDMOD        ?C?CLDPTR

  -------         MODULE        ?C?CLDOPTR
  C:245DH         PUBLIC        ?C?CLDOPTR
  -------         ENDMOD        ?C?CLDOPTR

  -------         MODULE        ?C?CSTPTR
  C:248AH         PUBLIC        ?C?CSTPTR
  -------         ENDMOD        ?C?CSTPTR

  -------         MODULE        ?C?CSTOPTR
  C:249CH         PUBLIC        ?C?CSTOPTR
  -------         ENDMOD        ?C?CSTOPTR

  -------         MODULE        ?C?IMUL
  C:24BEH         PUBLIC        ?C?IMUL
  -------         ENDMOD        ?C?IMUL

  -------         MODULE        ?C?UIDIV
  C:24D0H         PUBLIC        ?C?UIDIV
  -------         ENDMOD        ?C?UIDIV

  -------         MODULE        ?C?IILDX
  C:2525H         PUBLIC        ?C?IILDX
  -------         ENDMOD        ?C?IILDX

  -------         MODULE        ?C?LNEG
  C:253BH         PUBLIC        ?C?LNEG
  -------         ENDMOD        ?C?LNEG

  -------         MODULE        ?C?ULCMP
  C:2549H         PUBLIC        ?C?ULCMP
  -------         ENDMOD        ?C?ULCMP

  -------         MODULE        ?C?LLDCODE
  C:255AH         PUBLIC        ?C?LLDCODE
  -------         ENDMOD        ?C?LLDCODE

  -------         MODULE        ?C?LLDXDATA0
  C:256AH         PUBLIC        ?C?LLDXDATA0
  -------         ENDMOD        ?C?LLDXDATA0

  -------         MODULE        ?C?LLDCODE0
  C:2576H         PUBLIC        ?C?LLDCODE0
  -------         ENDMOD        ?C?LLDCODE0

  -------         MODULE        ?C?LSTXDATA
  C:2586H         PUBLIC        ?C?LSTXDATA
  -------         ENDMOD        ?C?LSTXDATA

  -------         MODULE        ?C?LSTKXDATA
  C:2592H         PUBLIC        ?C?LSTKXDATA
  -------         ENDMOD        ?C?LSTKXDATA
BL51 BANKED LINKER/LOCATER V6.22.2.0                                                  09/28/2020  11:10:44  PAGE 126



  -------         MODULE        ?C?PLDIXDATA
  C:25C3H         PUBLIC        ?C?PLDIXDATA
  -------         ENDMOD        ?C?PLDIXDATA

  -------         MODULE        ?C?PSTXDATA
  C:25DAH         PUBLIC        ?C?PSTXDATA
  -------         ENDMOD        ?C?PSTXDATA

  -------         MODULE        ?C?CCASE
  C:25E3H         PUBLIC        ?C?CCASE
  -------         ENDMOD        ?C?CCASE

  -------         MODULE        STRCAT
  X:005AH         PUBLIC        ?_strcat?BYTE
  C:9D0DH         PUBLIC        _strcat
  -------         ENDMOD        STRCAT

  -------         MODULE        ?C?STRCMP
  C:2787H         PUBLIC        ?C?STRCMP
  -------         ENDMOD        ?C?STRCMP

  -------         MODULE        ?C?STRCPY
  C:2870H         PUBLIC        ?C?STRCPY
  -------         ENDMOD        ?C?STRCPY

  -------         MODULE        STRLEN
  C:000EH         PUBLIC        _STRLEN
  -------         ENDMOD        STRLEN

  -------         MODULE        STRTOK
  X:0078H         PUBLIC        ?_strtok?BYTE
  C:7F5CH         PUBLIC        _strtok
  -------         ENDMOD        STRTOK

  -------         MODULE        ATOI
  C:811EH         PUBLIC        _atoi
  -------         ENDMOD        ATOI

  -------         MODULE        ?C?ILDIX
  C:288DH         PUBLIC        ?C?ILDIX
  -------         ENDMOD        ?C?ILDIX

  -------         MODULE        ISDIGIT
  C:A8F5H         PUBLIC        _isdigit
  -------         ENDMOD        ISDIGIT

  -------         MODULE        ISSPACE
  C:A855H         PUBLIC        _isspace
  -------         ENDMOD        ISSPACE

  -------         MODULE        STRSPN
  X:007EH         PUBLIC        ?_strspn?BYTE
  C:9837H         PUBLIC        _strspn
  -------         ENDMOD        STRSPN

  -------         MODULE        STRPBRK
BL51 BANKED LINKER/LOCATER V6.22.2.0                                                  09/28/2020  11:10:44  PAGE 127


  X:007EH         PUBLIC        ?_strpbrk?BYTE
  C:98BBH         PUBLIC        _strpbrk
  -------         ENDMOD        STRPBRK

*** WARNING L16: UNCALLED SEGMENT, IGNORED FOR OVERLAY PROCESS
    SEGMENT: ?PR?_VALIDA_TRAMA_MONITOR?ACCESCAN

*** WARNING L16: UNCALLED SEGMENT, IGNORED FOR OVERLAY PROCESS
    SEGMENT: ?PR?CLEAR_PLACA?ACCESCAN

Program Size: data=128.7 xdata=570 code=43382
LINK/LOCATE RUN COMPLETE.  2 WARNING(S),  0 ERROR(S)
