BL51 BANKED LINKER/LOCATER V6.22.2.0                                                    10/01/2020  11:49:11  PAGE 1


BL51 BANKED LINKER/LOCATER V6.22.2.0, INVOKED BY:
C:\KEIL_V5\C51\BIN\BL51.EXE .\Objects\main.obj, .\Objects\Accescan.obj, .\Objects\Clock.obj, .\Objects\delay.obj, .\Obje
>> cts\eeprom.obj, .\Objects\io_sensores.obj, .\Objects\pantallas.obj, .\Objects\prog.obj, .\Objects\pto_paralelo.obj, .
>> \Objects\tibbo.obj, .\Objects\uart.obj, .\Objects\verificador.obj, .\Objects\lintech.obj TO .\Objects\verificador_v_0
>> 1_raspberry PRINT (.\Listings\verificador_v_01_raspberry.m51) RAMSIZE (256)


MEMORY MODEL: LARGE WITH FLOATING POINT ARITHMETIC


INPUT MODULES INCLUDED:
  .\Objects\main.obj (MAIN)
  .\Objects\Accescan.obj (ACCESCAN)
  .\Objects\Clock.obj (CLOCK)
  .\Objects\delay.obj (DELAY)
  .\Objects\eeprom.obj (EEPROM)
  .\Objects\io_sensores.obj (IO_SENSORES)
  .\Objects\pantallas.obj (PANTALLAS)
  .\Objects\prog.obj (PROG)
  .\Objects\pto_paralelo.obj (PTO_PARALELO)
  .\Objects\tibbo.obj (TIBBO)
  .\Objects\uart.obj (UART)
  .\Objects\verificador.obj (VERIFICADOR)
  .\Objects\lintech.obj (LINTECH)
  C:\KEIL_V5\C51\LIB\C51FPL.LIB (?C?FPADD)
  C:\KEIL_V5\C51\LIB\C51FPL.LIB (?C?FPMUL)
  C:\KEIL_V5\C51\LIB\C51FPL.LIB (?C?FCAST)
  C:\KEIL_V5\C51\LIB\C51FPL.LIB (?C?CASTF)
  C:\KEIL_V5\C51\LIB\C51FPL.LIB (PRINTF)
  C:\KEIL_V5\C51\LIB\C51FPL.LIB (POW)
  C:\KEIL_V5\C51\LIB\C51FPL.LIB (?C?FPGETOPN)
  C:\KEIL_V5\C51\LIB\C51FPL.LIB (?C?CHKFLOAT)
  C:\KEIL_V5\C51\LIB\C51FPL.LIB (?C?FPCMP)
  C:\KEIL_V5\C51\LIB\C51FPL.LIB (?C?FPNEG)
  C:\KEIL_V5\C51\LIB\C51FPL.LIB (?C?FPROUND)
  C:\KEIL_V5\C51\LIB\C51FPL.LIB (?C?FPCONVERT)
  C:\KEIL_V5\C51\LIB\C51FPL.LIB (EXP)
  C:\KEIL_V5\C51\LIB\C51FPL.LIB (LOG)
  C:\KEIL_V5\C51\LIB\C51FPL.LIB (?C?FPDIV)
  C:\KEIL_V5\C51\LIB\C51FPL.LIB (?C?FTNPWR)
  C:\KEIL_V5\C51\LIB\C51FPL.LIB (?C?FPSERIES)
  C:\KEIL_V5\C51\LIB\C51L.LIB (?C_STARTUP)
  C:\KEIL_V5\C51\LIB\C51L.LIB (?C?COPY)
  C:\KEIL_V5\C51\LIB\C51L.LIB (?C?CLDPTR)
  C:\KEIL_V5\C51\LIB\C51L.LIB (?C?CLDOPTR)
  C:\KEIL_V5\C51\LIB\C51L.LIB (?C?CSTPTR)
  C:\KEIL_V5\C51\LIB\C51L.LIB (?C?CSTOPTR)
  C:\KEIL_V5\C51\LIB\C51L.LIB (?C?IMUL)
  C:\KEIL_V5\C51\LIB\C51L.LIB (?C?UIDIV)
  C:\KEIL_V5\C51\LIB\C51L.LIB (?C?IILDX)
  C:\KEIL_V5\C51\LIB\C51L.LIB (?C?LNEG)
  C:\KEIL_V5\C51\LIB\C51L.LIB (?C?ULCMP)
  C:\KEIL_V5\C51\LIB\C51L.LIB (?C?LLDCODE)
  C:\KEIL_V5\C51\LIB\C51L.LIB (?C?LLDXDATA0)
  C:\KEIL_V5\C51\LIB\C51L.LIB (?C?LLDCODE0)
  C:\KEIL_V5\C51\LIB\C51L.LIB (?C?LSTXDATA)
  C:\KEIL_V5\C51\LIB\C51L.LIB (?C?LSTKXDATA)
  C:\KEIL_V5\C51\LIB\C51L.LIB (?C?PLDIXDATA)
BL51 BANKED LINKER/LOCATER V6.22.2.0                                                  10/01/2020  11:49:11  PAGE 2


  C:\KEIL_V5\C51\LIB\C51L.LIB (?C?PSTXDATA)
  C:\KEIL_V5\C51\LIB\C51L.LIB (?C?CCASE)
  C:\KEIL_V5\C51\LIB\C51L.LIB (STRCAT)
  C:\KEIL_V5\C51\LIB\C51L.LIB (?C?STRCMP)
  C:\KEIL_V5\C51\LIB\C51L.LIB (?C?STRCPY)
  C:\KEIL_V5\C51\LIB\C51L.LIB (STRLEN)
  C:\KEIL_V5\C51\LIB\C51L.LIB (STRTOK)
  C:\KEIL_V5\C51\LIB\C51L.LIB (ATOI)
  C:\KEIL_V5\C51\LIB\C51L.LIB (?C_INIT)
  C:\KEIL_V5\C51\LIB\C51L.LIB (?C?ILDIX)
  C:\KEIL_V5\C51\LIB\C51L.LIB (ISDIGIT)
  C:\KEIL_V5\C51\LIB\C51L.LIB (ISSPACE)
  C:\KEIL_V5\C51\LIB\C51L.LIB (STRSPN)
  C:\KEIL_V5\C51\LIB\C51L.LIB (STRPBRK)


LINK MAP OF MODULE:  .\Objects\verificador_v_01_raspberry (MAIN)


            TYPE    BASE      LENGTH    RELOCATION   SEGMENT NAME
            -----------------------------------------------------

            * * * * * * *   D A T A   M E M O R Y   * * * * * * *
            REG     0000H     0008H     ABSOLUTE     "REG BANK 0"
            DATA    0008H     0005H     UNIT         _DATA_GROUP_
            DATA    000DH     0004H     UNIT         ?DT?UART
            IDATA   0011H     0009H     UNIT         ?ID?ACCESCAN
                    001AH     0006H                  *** GAP ***
            BIT     0020H.0   0001H.1   UNIT         _BIT_GROUP_
            BIT     0021H.1   0000H.3   UNIT         ?BI?MAIN
            BIT     0021H.4   0000H.2   UNIT         ?BI?UART
            BIT     0021H.6   0000H.1   UNIT         ?BI?EEPROM
                    0021H.7   0000H.1                *** GAP ***
            IDATA   0022H     0064H     UNIT         ?ID?MAIN
            IDATA   0086H     0001H     UNIT         ?STACK

            * * * * * * *  X D A T A   M E M O R Y  * * * * * * *
            XDATA   0000H     00E4H     UNIT         _XDATA_GROUP_
            XDATA   00E4H     0070H     UNIT         ?XD?MAIN
            XDATA   0154H     0066H     UNIT         ?XD?VERIFICADOR
            XDATA   01BAH     0051H     UNIT         ?XD?PROG
            XDATA   020BH     001EH     UNIT         ?XD?PTO_PARALELO
            XDATA   0229H     0003H     UNIT         ?XD?EEPROM
            XDATA   022CH     0003H     UNIT         ?XD?UART
            XDATA   022FH     0003H     UNIT         ?XD?STRTOK
            XDATA   0232H     0002H     UNIT         ?XD?ACCESCAN
            XDATA   0234H     0001H     UNIT         ?XD?CLOCK
            XDATA   0235H     0001H     UNIT         ?XD?IO_SENSORES
            XDATA   0236H     0001H     UNIT         ?XD?PANTALLAS

            * * * * * * *   C O D E   M E M O R Y   * * * * * * *
            CODE    0000H     0003H     ABSOLUTE     
            CODE    0003H     0008H     UNIT         ?PR?P_CK?CLOCK
            CODE    000BH     0003H     ABSOLUTE     
            CODE    000EH     0015H     UNIT         ?PR?_STRLEN?STRLEN
            CODE    0023H     0003H     ABSOLUTE     
            CODE    0026H     116CH     UNIT         ?CO?PROG
BL51 BANKED LINKER/LOCATER V6.22.2.0                                                  10/01/2020  11:49:11  PAGE 3


            CODE    1192H     0B8FH     UNIT         ?PR?SECUENCIAEXPEDIDOR?VERIFICADOR
            CODE    1D21H     0B55H     UNIT         ?C?LIB_CODE
            CODE    2876H     0733H     UNIT         ?CO?VERIFICADOR
            CODE    2FA9H     0537H     UNIT         ?PR?_ANALIZA_TIEMPO?CLOCK
            CODE    34E0H     0483H     UNIT         ?PR?PRINTF?PRINTF
            CODE    3963H     047AH     UNIT         ?CO?PANTALLAS
            CODE    3DDDH     038EH     UNIT         ?PR?VER_PROG?PROG
            CODE    416BH     038CH     UNIT         ?PR?_PANTALLALCD?PANTALLAS
            CODE    44F7H     0311H     UNIT         ?PR?_VALIDA_TRAMA_PTO?ACCESCAN
            CODE    4808H     02D0H     UNIT         ?PR?_TWO_BYTEHEX_DECIMAL?CLOCK
            CODE    4AD8H     02CDH     UNIT         ?PR?_TRAMA_PTO_PARALELO_NEW?PTO_PARALELO
            CODE    4DA5H     02B7H     UNIT         ?PR?_PROG_HORARIO_DIAS?PROG
            CODE    505CH     021AH     UNIT         ?PR?MENU?PROG
            CODE    5276H     020FH     UNIT         ?PR?_HASH_ID?PROG
            CODE    5485H     01FAH     UNIT         ?PR?_PROG_HORARIO_DESDE_HASTA?PROG
            CODE    567FH     01F5H     UNIT         ?PR?PROG_FECHA_VENCIMIENTO?PROG
            CODE    5874H     01E9H     UNIT         ?PR?_RESPONDE_LECTURA_TARJETA_SECTOR1_BLOQUE2?VERIFICADOR
            CODE    5A5DH     01B3H     UNIT         ?PR?COM_ISR?UART
            CODE    5C10H     01A6H     UNIT         ?PR?_CMD_LPR_SALIDA?ACCESCAN
            CODE    5DB6H     017BH     UNIT         ?PR?_RESPONDE_LECTURA_TARJETA_SECTOR1_BLOQUE1?VERIFICADOR
            CODE    5F31H     017BH     UNIT         ?PR?_WR_MF?LINTECH
            CODE    60ACH     0179H     UNIT         ?PR?_CHECK_FECHAOUT?CLOCK
            CODE    6225H     016EH     UNIT         ?PR?_BLOCK_READ_CLOCK_ASCII?CLOCK
            CODE    6393H     0166H     UNIT         ?PR?_POW?POW
            CODE    64F9H     0162H     UNIT         ?PR?_PANTALLALCD_LINEA_2?PANTALLAS
            CODE    665BH     0161H     UNIT         ?CO?LINTECH
            CODE    67BCH     0145H     UNIT         ?PR?PROG_HORARIOS?PROG
            CODE    6901H     0140H     UNIT         ?PR?SECUENCIA_INICIO_EXPEDIDOR?VERIFICADOR
            CODE    6A41H     013EH     UNIT         ?PR?PROG_SIN_COBRO?PROG
            CODE    6B7FH     0137H     UNIT         ?PR?VER_HORARIO?PROG
            CODE    6CB6H     0129H     UNIT         ?PR?LOG?LOG
            CODE    6DDFH     0128H     UNIT         ?PR?_VER_HORARIO_DIAS?PROG
            CODE    6F07H     011AH     UNIT         ?PR?_PROG_HORARIOS_ON_OFF?PROG
            CODE    7021H     0119H     UNIT         ?PR?_VER_HORARIO_DESDE_HASTA?PROG
            CODE    713AH     0115H     UNIT         ?PR?_VALIDAR_CLK?CLOCK
            CODE    724FH     0110H     UNIT         ?PR?LOAD_AND_SEND_ID_COD?PTO_PARALELO
            CODE    735FH     010FH     UNIT         ?PR?_RESPONDE_LECTURA_TARJETA_SECTOR1_BLOQUE0?VERIFICADOR
            CODE    746EH     0103H     UNIT         ?PR?_BLOQUE_HORARIO?VERIFICADOR
            CODE    7571H     00FFH     UNIT         ?PR?_TRAMA_PTO_PARALELO_P?PTO_PARALELO
            CODE    7670H     00FEH     UNIT         ?PR?_ARMAR_TRAMA_PTO_PARALELO_EXPEDIDOR_MENSUAL?VERIFICADOR
            CODE    776EH     00FCH     UNIT         ?PR?PROG_DEBUG?PROG
            CODE    786AH     00FCH     UNIT         ?PR?PROG_USE_LPR?PROG
            CODE    7966H     00FCH     UNIT         ?PR?PROG_COMPARACION_ACTIVA?PROG
            CODE    7A62H     00FCH     UNIT         ?PR?TIPO_PANTALLA?PROG
            CODE    7B5EH     00FCH     UNIT         ?PR?DCTO_CAJA?PROG
            CODE    7C5AH     00FCH     UNIT         ?PR?PROG_APB_MENSUAL?PROG
            CODE    7D56H     00F6H     UNIT         ?PR?_HORARIOS?VERIFICADOR
            CODE    7E4CH     00EAH     UNIT         ?PR?_MOV_CARD?LINTECH
            CODE    7F36H     00E4H     UNIT         ?PR?_STRTOK?STRTOK
            CODE    801AH     00DEH     UNIT         ?PR?PROG_ADDRESS_HIGH_BOARD?PROG
            CODE    80F8H     00DBH     UNIT         ?PR?_ATOI?ATOI
            CODE    81D3H     00D7H     UNIT         ?PR?_ANALIZA_UID_CARD?VERIFICADOR
            CODE    82AAH     00D6H     UNIT         ?PR?_CMD_LPR_SALIDA_WIEGAND?ACCESCAN
            CODE    8380H     00C4H     UNIT         ?PR?_BLOCK_READ_CLOCK?CLOCK
            CODE    8444H     00C3H     UNIT         ?PR?_RD_MF?LINTECH
            CODE    8507H     00BDH     UNIT         ?PR?PROG_COD_PARK?PROG
            CODE    85C4H     00BDH     UNIT         ?PR?PROG_TIEMPO_GRACIA?PROG
BL51 BANKED LINKER/LOCATER V6.22.2.0                                                  10/01/2020  11:49:11  PAGE 4


            CODE    8681H     00BBH     UNIT         ?C_INITSEG
            CODE    873CH     00BBH     UNIT         ?PR?_CHECK_FECHAOUT_2?CLOCK
            CODE    87F7H     00B6H     UNIT         ?PR?PROG_ID_CLIENTE?PROG
            CODE    88ADH     00B4H     UNIT         ?PR?_SEND_PORT?PTO_PARALELO
            CODE    8961H     00AFH     UNIT         ?PR?ERROR_RX_PTO?VERIFICADOR
            CODE    8A10H     00ACH     UNIT         ?PR?_HORA_MAXIMA?VERIFICADOR
            CODE    8ABCH     00A9H     UNIT         ?PR?DWLOAD_EEPROM?LINTECH
            CODE    8B65H     00A7H     UNIT         ?CO?TIBBO
            CODE    8C0CH     00A6H     UNIT         ?PR?_BLOCK_READ_CLOCK_HEX?CLOCK
            CODE    8CB2H     00A6H     UNIT         ?PR?_DEBUG_FECHA_ACTUAL?TIBBO
            CODE    8D58H     00A0H     UNIT         ?CO?IO_SENSORES
            CODE    8DF8H     009DH     UNIT         ?PR?_INICIALIZA?LINTECH
            CODE    8E95H     009CH     UNIT         ?PR?_RECIBE_PORT?PTO_PARALELO
            CODE    8F31H     009AH     UNIT         ?PR?EXP?EXP
            CODE    8FCBH     0095H     UNIT         ?PR?_RECIBE_CMD_MONITOR?ACCESCAN
            CODE    9060H     0091H     UNIT         ?PR?_HEX_ASCII?CLOCK
            CODE    90F1H     0091H     UNIT         ?PR?_CARD_INSERCION?LINTECH
            CODE    9182H     0091H     UNIT         ?PR?LOADVERIFY_EEPROM?LINTECH
            CODE    9213H     0090H     UNIT         ?PR?_LEE_CLK?CLOCK
            CODE    92A3H     0090H     UNIT         ?PR?_GETOPTION?PROG
            CODE    9333H     008FH     UNIT         ?PR?_BLOCK_WRITE_CLOCK_ASCII?CLOCK
            CODE    93C2H     008CH     UNIT         ?C_C51STARTUP
            CODE    944EH     008AH     UNIT         ?PR?_EN_HORARIO?VERIFICADOR
            CODE    94D8H     0088H     UNIT         ?PR?_SEND_PORTERR?PTO_PARALELO
            CODE    9560H     0088H     UNIT         ?PR?RX_DATA?TIBBO
            CODE    95E8H     0088H     UNIT         ?PR?UNIQUE_IDENTIFIER_UID?LINTECH
            CODE    9670H     0087H     UNIT         ?PR?SHOW?PROG
            CODE    96F7H     0085H     UNIT         ?PR?MAIN?MAIN
            CODE    977CH     0084H     UNIT         ?PR?_STRSPN?STRSPN
            CODE    9800H     0081H     UNIT         ?PR?_STRPBRK?STRPBRK
            CODE    9881H     0080H     UNIT         ?PR?MSJ_LCD_INFORMATIVO?IO_SENSORES
            CODE    9901H     0080H     UNIT         ?PR?_INGRESADATO?PROG
            CODE    9981H     0080H     UNIT         ?PR?AUT_CARD_CHECK_STATUS?LINTECH
            CODE    9A01H     0080H     UNIT         ?PR?POWER_OFF?LINTECH
            CODE    9A81H     007CH     UNIT         ?PR?_CHECK_STATUS?LINTECH
            CODE    9AFDH     0073H     UNIT         ?PR?VALIDASENSORESPASO?IO_SENSORES
            CODE    9B70H     0073H     UNIT         ?PR?_DEBUGBUFFERMF?TIBBO
            CODE    9BE3H     006FH     UNIT         ?PR?_ESCRIBIRMEMORIA?EEPROM
            CODE    9C52H     006DH     UNIT         ?PR?VALIDAR_PAGO?VERIFICADOR
            CODE    9CBFH     006BH     UNIT         ?PR?_VALIDA_MISMO_DIA?VERIFICADOR
            CODE    9D2AH     006BH     UNIT         ?PR?_STRCAT?STRCAT
            CODE    9D95H     0066H     UNIT         ?PR?_LEERMEMORIA?EEPROM
            CODE    9DFBH     0062H     UNIT         ?PR?_LISTACOMANDOS?PROG
            CODE    9E5DH     005EH     UNIT         ?PR?_BYTEHEX_DECIMAL?CLOCK
            CODE    9EBBH     0059H     UNIT         ?PR?_RASPBERRY_DATA?PANTALLAS
            CODE    9F14H     0057H     UNIT         ?PR?RELOJ_PANTALLA_LCD?PANTALLAS
            CODE    9F6BH     0056H     UNIT         ?PR?_WR_EEPROM?EEPROM
            CODE    9FC1H     0056H     UNIT         ?PR?VARIABLE_INICIO?EEPROM
            CODE    A017H     004DH     UNIT         ?PR?L_D_M?EEPROM
            CODE    A064H     004BH     UNIT         ?PR?_TX_AUX?TIBBO
            CODE    A0AFH     0048H     UNIT         ?PR?FIRST_CLAVE?PROG
            CODE    A0F7H     0048H     UNIT         ?PR?_DEBUG_PTO_PARALELO?TIBBO
            CODE    A13FH     0047H     UNIT         ?PR?_DEBUG_CHR_TIBBO?TIBBO
            CODE    A186H     0046H     UNIT         ?PR?_ESCRIBIRCADENASOFT_BUFFER?MAIN
            CODE    A1CCH     0046H     UNIT         ?PR?_LCD_TXT_NUM_CHAR?PANTALLAS
            CODE    A212H     0046H     UNIT         ?PR?_DEBUG_HEXDEC?TIBBO
            CODE    A258H     0044H     UNIT         ?PR?_LCD_TXT?PANTALLAS
BL51 BANKED LINKER/LOCATER V6.22.2.0                                                  10/01/2020  11:49:11  PAGE 5


            CODE    A29CH     0044H     UNIT         ?PR?_DEBUG_TXT_TIBBO?TIBBO
            CODE    A2E0H     0043H     UNIT         ?PR?DIR_BOARD?IO_SENSORES
            CODE    A323H     0042H     UNIT         ?PR?_VALIDARCLAVE?PROG
            CODE    A365H     0041H     UNIT         ?PR?_MONITOR_CHR?ACCESCAN
            CODE    A3A6H     0041H     UNIT         ?PR?_TWO_ONE?CLOCK
            CODE    A3E7H     0040H     UNIT         ?PR?_GETCMD?PROG
            CODE    A427H     003FH     UNIT         ?PR?_EB_CLK?CLOCK
            CODE    A466H     003EH     UNIT         ?PR?_PUTCHAR?MAIN
            CODE    A4A4H     003DH     UNIT         ?PR?_HEX_BCD?CLOCK
            CODE    A4E1H     003DH     UNIT         ?PR?_RD_EEPROM?EEPROM
            CODE    A51EH     003BH     UNIT         ?PR?_COM_PUTCHAR?UART
            CODE    A559H     003AH     UNIT         ?PR?_DELAY_10MS?DELAY
            CODE    A593H     0037H     UNIT         ?PR?TIMER0_INT?MAIN
            CODE    A5CAH     0034H     UNIT         ?PR?ADDR_HORARIOS?PROG
            CODE    A5FEH     002CH     UNIT         ?PR?LOAD_AND_SEND_INFO_RELOJ?PTO_PARALELO
            CODE    A62AH     002AH     UNIT         ?PR?COM_INITIALIZE?UART
            CODE    A654H     0028H     UNIT         ?PR?_WR_CLK?CLOCK
            CODE    A67CH     0028H     UNIT         ?PR?COM_BAUDRATE?UART
            CODE    A6A4H     0027H     UNIT         ?PR?_TX_CHRLCD?PANTALLAS
            CODE    A6CBH     0026H     UNIT         ?PR?COM_GETCHAR?UART
            CODE    A6F1H     0024H     UNIT         ?PR?TRAMA_VALIDACION_P_N?VERIFICADOR
            CODE    A715H     0022H     UNIT         ?PR?_E_D_M?EEPROM
            CODE    A737H     0020H     UNIT         ?PR?ACKD?EEPROM
            CODE    A757H     0020H     UNIT         ?PR?ACK_LECT?EEPROM
            CODE    A777H     001FH     UNIT         ?PR?VALIDASENSOR?IO_SENSORES
            CODE    A796H     001FH     UNIT         ?PR?VALIDASENSORES_OUT?IO_SENSORES
            CODE    A7B5H     001FH     UNIT         ?PR?TIME_BIT?TIBBO
            CODE    A7D4H     001EH     UNIT         ?PR?_BCD_HEX?CLOCK
            CODE    A7F2H     001DH     UNIT         ?CO?PTO_PARALELO
            CODE    A80FH     001BH     UNIT         ?PR?_DELAY_1MS?DELAY
            CODE    A82AH     0017H     UNIT         ?PR?DISPLAYCURSOR?PROG
            CODE    A841H     0017H     UNIT         ?PR?TIME_MBIT?TIBBO
            CODE    A858H     0014H     UNIT         ?PR?_ISSPACE?ISSPACE
            CODE    A86CH     0012H     UNIT         ?PR?_DELAY_20US?DELAY
            CODE    A87EH     0012H     UNIT         ?PR?START?EEPROM
            CODE    A890H     0012H     UNIT         ?PR?DIR_BOARD_MONITOR?IO_SENSORES
            CODE    A8A2H     0012H     UNIT         ?PR?PULSO_BUS?PTO_PARALELO
            CODE    A8B4H     0012H     UNIT         ?PR?COM_RBUFLEN?UART
            CODE    A8C6H     0012H     UNIT         ?PR?COM_TBUFLEN?UART
            CODE    A8D8H     0010H     UNIT         ?PR?INI_TIMER?MAIN
            CODE    A8E8H     0010H     UNIT         ?PR?INICIA_BOARD?MAIN
            CODE    A8F8H     000FH     UNIT         ?PR?_ISDIGIT?ISDIGIT
            CODE    A907H     000CH     UNIT         ?PR?_GETKEY?MAIN
            CODE    A913H     000AH     UNIT         ?PR?COND_INI_PTO?PTO_PARALELO
            CODE    A91DH     0009H     UNIT         ?PR?STOP?EEPROM
            CODE    A926H     0009H     UNIT         ?PR?DEBUG_DIVIDIR_TEXTO?TIBBO
            CODE    A92FH     0007H     UNIT         ?PR?COND_INI_CLOCK?CLOCK
            CODE    A936H     0007H     UNIT         ?PR?SEL_FUNCION?IO_SENSORES
            CODE    A93DH     0007H     UNIT         ?PR?SEL_AUTO?IO_SENSORES
            CODE    A944H     0007H     UNIT         ?PR?SEL_SENSOR2?IO_SENSORES
            CODE    A94BH     0007H     UNIT         ?PR?SEL_SENSOR1?IO_SENSORES
            CODE    A952H     0007H     UNIT         ?PR?SEL_DIR1?IO_SENSORES
            CODE    A959H     0007H     UNIT         ?PR?SEL_DIR2?IO_SENSORES
            CODE    A960H     0006H     UNIT         ?PR?P_ME?EEPROM
            CODE    A966H     0005H     UNIT         ?PR?ON_TIMER0_INTERRUP?MAIN
            CODE    A96BH     0005H     UNIT         ?CO?ACCESCAN
            CODE    A970H     0005H     UNIT         ?PR?COND_INI_TIBBO?TIBBO
BL51 BANKED LINKER/LOCATER V6.22.2.0                                                  10/01/2020  11:49:11  PAGE 6


            CODE    A975H     0003H     UNIT         ?PR?OFF_TIMER0_INTERRUP?MAIN
            CODE    A978H     0001H     UNIT         ?PR?DELAY?DELAY



OVERLAY MAP OF MODULE:   .\Objects\verificador_v_01_raspberry (MAIN)


SEGMENT                                             BIT_GROUP          DATA_GROUP          XDATA_GROUP
  +--> CALLED SEGMENT                            START    LENGTH     START    LENGTH     START    LENGTH
--------------------------------------------------------------------------------------------------------
?C_C51STARTUP                                    -----    -----      -----    -----      -----    -----
  +--> ?PR?MAIN?MAIN
  +--> ?C_INITSEG

?PR?MAIN?MAIN                                    -----    -----      -----    -----      0000H    0001H
  +--> ?PR?INI_TIMER?MAIN
  +--> ?PR?ON_TIMER0_INTERRUP?MAIN
  +--> ?PR?COM_INITIALIZE?UART
  +--> ?PR?COM_BAUDRATE?UART
  +--> ?PR?INICIA_BOARD?MAIN
  +--> ?PR?TIME_BIT?TIBBO
  +--> ?PR?_DELAY_20US?DELAY
  +--> ?PR?TIME_MBIT?TIBBO
  +--> ?PR?_TX_AUX?TIBBO
  +--> ?PR?SEL_FUNCION?IO_SENSORES
  +--> ?PR?MENU?PROG
  +--> ?PR?VARIABLE_INICIO?EEPROM
  +--> ?PR?SECUENCIA_INICIO_EXPEDIDOR?VERIFI...
  +--> ?PR?_RECIBE_CMD_MONITOR?ACCESCAN
  +--> ?PR?SECUENCIAEXPEDIDOR?VERIFICADOR
  +--> ?PR?_RECIBE_PORT?PTO_PARALELO
  +--> ?PR?_VALIDA_TRAMA_PTO?ACCESCAN
  +--> ?PR?_DEBUG_PTO_PARALELO?TIBBO
  +--> ?PR?MSJ_LCD_INFORMATIVO?IO_SENSORES

?PR?COM_INITIALIZE?UART                          -----    -----      -----    -----      -----    -----
  +--> ?PR?COM_BAUDRATE?UART

?PR?INICIA_BOARD?MAIN                            -----    -----      -----    -----      -----    -----
  +--> ?PR?COND_INI_TIBBO?TIBBO
  +--> ?PR?COND_INI_CLOCK?CLOCK
  +--> ?PR?COND_INI_PTO?PTO_PARALELO

?PR?_TX_AUX?TIBBO                                -----    -----      -----    -----      -----    -----
  +--> ?PR?TIME_BIT?TIBBO

?PR?MENU?PROG                                    -----    -----      -----    -----      0001H    0059H
  +--> ?CO?PROG
  +--> ?PR?PRINTF?PRINTF
  +--> ?PR?_RD_EEPROM?EEPROM
  +--> ?PR?FIRST_CLAVE?PROG
  +--> ?PR?_WR_EEPROM?EEPROM
  +--> ?PR?_LEERMEMORIA?EEPROM
  +--> ?PR?_HASH_ID?PROG
  +--> ?PR?_INGRESADATO?PROG
  +--> ?PR?_GETCMD?PROG
BL51 BANKED LINKER/LOCATER V6.22.2.0                                                  10/01/2020  11:49:11  PAGE 7


  +--> ?PR?_ESCRIBIRMEMORIA?EEPROM
  +--> ?PR?_VALIDARCLAVE?PROG
  +--> ?PR?DISPLAYCURSOR?PROG
  +--> ?PR?_STRLEN?STRLEN
  +--> ?PR?_GETOPTION?PROG
  +--> ?PR?_STRCAT?STRCAT
  +--> ?PR?_LISTACOMANDOS?PROG
  +--> ?PR?PROG_ID_CLIENTE?PROG
  +--> ?PR?PROG_COD_PARK?PROG
  +--> ?PR?PROG_TIEMPO_GRACIA?PROG
  +--> ?PR?PROG_SIN_COBRO?PROG
  +--> ?PR?PROG_DEBUG?PROG
  +--> ?PR?PROG_USE_LPR?PROG
  +--> ?PR?PROG_COMPARACION_ACTIVA?PROG
  +--> ?PR?TIPO_PANTALLA?PROG
  +--> ?PR?DCTO_CAJA?PROG
  +--> ?PR?PROG_APB_MENSUAL?PROG
  +--> ?PR?PROG_ADDRESS_HIGH_BOARD?PROG
  +--> ?PR?PROG_HORARIOS?PROG
  +--> ?PR?VER_PROG?PROG
  +--> ?PR?SHOW?PROG
  +--> ?PR?PROG_FECHA_VENCIMIENTO?PROG

?PR?PRINTF?PRINTF                                0020H.0  0001H.1    0008H    0005H      00B0H    0030H
  +--> ?PR?_PUTCHAR?MAIN

?PR?_PUTCHAR?MAIN                                -----    -----      -----    -----      00E0H    0003H
  +--> ?PR?_COM_PUTCHAR?UART

?PR?_COM_PUTCHAR?UART                            -----    -----      -----    -----      00E3H    0001H
  +--> ?PR?COM_TBUFLEN?UART

?PR?_RD_EEPROM?EEPROM                            -----    -----      -----    -----      -----    -----
  +--> ?PR?START?EEPROM
  +--> ?PR?ACK_LECT?EEPROM
  +--> ?PR?_E_D_M?EEPROM
  +--> ?PR?ACKD?EEPROM
  +--> ?PR?L_D_M?EEPROM
  +--> ?PR?STOP?EEPROM

?PR?ACK_LECT?EEPROM                              -----    -----      -----    -----      -----    -----
  +--> ?PR?_E_D_M?EEPROM

?PR?_E_D_M?EEPROM                                -----    -----      -----    -----      -----    -----
  +--> ?PR?P_ME?EEPROM

?PR?ACKD?EEPROM                                  -----    -----      -----    -----      -----    -----
  +--> ?PR?_E_D_M?EEPROM

?PR?FIRST_CLAVE?PROG                             -----    -----      -----    -----      005AH    000BH
  +--> ?PR?_BLOCK_READ_CLOCK_ASCII?CLOCK
  +--> ?PR?_HASH_ID?PROG
  +--> ?PR?_ESCRIBIRMEMORIA?EEPROM

?PR?_BLOCK_READ_CLOCK_ASCII?CLOCK                -----    -----      -----    -----      0065H    0003H
  +--> ?PR?_LEE_CLK?CLOCK

BL51 BANKED LINKER/LOCATER V6.22.2.0                                                  10/01/2020  11:49:11  PAGE 8


?PR?_LEE_CLK?CLOCK                               -----    -----      -----    -----      00C5H    0003H
  +--> ?PR?_DELAY_20US?DELAY
  +--> ?PR?_EB_CLK?CLOCK
  +--> ?PR?P_CK?CLOCK

?PR?_EB_CLK?CLOCK                                -----    -----      -----    -----      00C8H    0003H
  +--> ?PR?P_CK?CLOCK

?PR?P_CK?CLOCK                                   -----    -----      -----    -----      -----    -----
  +--> ?PR?DELAY?DELAY

?PR?_HASH_ID?PROG                                -----    -----      -----    -----      0071H    003FH
  +--> ?CO?PROG
  +--> ?PR?_LEERMEMORIA?EEPROM
  +--> ?PR?_CHECK_FECHAOUT_2?CLOCK
  +--> ?PR?PRINTF?PRINTF
  +--> ?PR?_STRLEN?STRLEN

?PR?_LEERMEMORIA?EEPROM                          -----    -----      -----    -----      00B0H    0005H
  +--> ?PR?_RD_EEPROM?EEPROM

?PR?_CHECK_FECHAOUT_2?CLOCK                      -----    -----      -----    -----      00B0H    0012H
  +--> ?PR?_BLOCK_READ_CLOCK_HEX?CLOCK

?PR?_BLOCK_READ_CLOCK_HEX?CLOCK                  -----    -----      -----    -----      00C2H    0003H
  +--> ?PR?_LEE_CLK?CLOCK
  +--> ?PR?_BCD_HEX?CLOCK

?PR?_ESCRIBIRMEMORIA?EEPROM                      -----    -----      -----    -----      0071H    0005H
  +--> ?PR?_WR_EEPROM?EEPROM

?PR?_WR_EEPROM?EEPROM                            -----    -----      -----    -----      -----    -----
  +--> ?PR?START?EEPROM
  +--> ?PR?ACKD?EEPROM
  +--> ?PR?_E_D_M?EEPROM
  +--> ?PR?STOP?EEPROM
  +--> ?PR?_DELAY_1MS?DELAY
  +--> ?PR?_DELAY_20US?DELAY

?PR?_DELAY_1MS?DELAY                             -----    -----      -----    -----      -----    -----
  +--> ?PR?_DELAY_20US?DELAY

?PR?_INGRESADATO?PROG                            -----    -----      -----    -----      0085H    0004H
  +--> ?PR?_GETKEY?MAIN
  +--> ?CO?PROG
  +--> ?PR?PRINTF?PRINTF
  +--> ?PR?_PUTCHAR?MAIN

?PR?_GETKEY?MAIN                                 -----    -----      -----    -----      -----    -----
  +--> ?PR?COM_GETCHAR?UART

?PR?COM_GETCHAR?UART                             -----    -----      -----    -----      -----    -----
  +--> ?PR?COM_RBUFLEN?UART

?PR?_GETCMD?PROG                                 -----    -----      -----    -----      0071H    0007H
  +--> ?CO?PROG
  +--> ?PR?_STRTOK?STRTOK
BL51 BANKED LINKER/LOCATER V6.22.2.0                                                  10/01/2020  11:49:11  PAGE 9



?PR?_STRTOK?STRTOK                               -----    -----      -----    -----      0078H    0006H
  +--> ?PR?_STRSPN?STRSPN
  +--> ?PR?_STRPBRK?STRPBRK

?PR?_STRSPN?STRSPN                               -----    -----      -----    -----      007EH    0008H

?PR?_STRPBRK?STRPBRK                             -----    -----      -----    -----      007EH    0009H

?PR?_VALIDARCLAVE?PROG                           -----    -----      -----    -----      0071H    000AH

?PR?DISPLAYCURSOR?PROG                           -----    -----      -----    -----      -----    -----
  +--> ?CO?PROG
  +--> ?PR?PRINTF?PRINTF

?PR?_GETOPTION?PROG                              -----    -----      -----    -----      005AH    000BH
  +--> ?CO?PROG
  +--> ?PR?_STRTOK?STRTOK

?PR?_STRCAT?STRCAT                               -----    -----      -----    -----      005AH    0009H

?PR?_LISTACOMANDOS?PROG                          -----    -----      -----    -----      005AH    0007H

?PR?PROG_ID_CLIENTE?PROG                         -----    -----      -----    -----      005AH    000CH
  +--> ?PR?_RD_EEPROM?EEPROM
  +--> ?CO?PROG
  +--> ?PR?PRINTF?PRINTF
  +--> ?PR?_INGRESADATO?PROG
  +--> ?PR?_ATOI?ATOI
  +--> ?PR?_WR_EEPROM?EEPROM

?PR?_ATOI?ATOI                                   0020H.0  0000H.1    -----    -----      0085H    0005H
  +--> ?PR?_ISSPACE?ISSPACE
  +--> ?PR?_ISDIGIT?ISDIGIT

?PR?PROG_COD_PARK?PROG                           -----    -----      -----    -----      005AH    000CH
  +--> ?PR?_RD_EEPROM?EEPROM
  +--> ?CO?PROG
  +--> ?PR?PRINTF?PRINTF
  +--> ?PR?_INGRESADATO?PROG
  +--> ?PR?_ATOI?ATOI
  +--> ?PR?_WR_EEPROM?EEPROM

?PR?PROG_TIEMPO_GRACIA?PROG                      -----    -----      -----    -----      005AH    000CH
  +--> ?PR?_RD_EEPROM?EEPROM
  +--> ?CO?PROG
  +--> ?PR?PRINTF?PRINTF
  +--> ?PR?_INGRESADATO?PROG
  +--> ?PR?_ATOI?ATOI
  +--> ?PR?_WR_EEPROM?EEPROM

?PR?PROG_SIN_COBRO?PROG                          -----    -----      -----    -----      005AH    000CH
  +--> ?PR?_RD_EEPROM?EEPROM
  +--> ?CO?PROG
  +--> ?PR?PRINTF?PRINTF
  +--> ?PR?_INGRESADATO?PROG
  +--> ?PR?_ATOI?ATOI
BL51 BANKED LINKER/LOCATER V6.22.2.0                                                  10/01/2020  11:49:11  PAGE 10


  +--> ?PR?_WR_EEPROM?EEPROM

?PR?PROG_DEBUG?PROG                              -----    -----      -----    -----      005AH    000CH
  +--> ?PR?_RD_EEPROM?EEPROM
  +--> ?CO?PROG
  +--> ?PR?PRINTF?PRINTF
  +--> ?PR?_INGRESADATO?PROG
  +--> ?PR?_ATOI?ATOI
  +--> ?PR?_WR_EEPROM?EEPROM

?PR?PROG_USE_LPR?PROG                            -----    -----      -----    -----      005AH    000CH
  +--> ?PR?_RD_EEPROM?EEPROM
  +--> ?CO?PROG
  +--> ?PR?PRINTF?PRINTF
  +--> ?PR?_INGRESADATO?PROG
  +--> ?PR?_ATOI?ATOI
  +--> ?PR?_WR_EEPROM?EEPROM

?PR?PROG_COMPARACION_ACTIVA?PROG                 -----    -----      -----    -----      005AH    000CH
  +--> ?PR?_RD_EEPROM?EEPROM
  +--> ?CO?PROG
  +--> ?PR?PRINTF?PRINTF
  +--> ?PR?_INGRESADATO?PROG
  +--> ?PR?_ATOI?ATOI
  +--> ?PR?_WR_EEPROM?EEPROM

?PR?TIPO_PANTALLA?PROG                           -----    -----      -----    -----      005AH    000CH
  +--> ?PR?_RD_EEPROM?EEPROM
  +--> ?CO?PROG
  +--> ?PR?PRINTF?PRINTF
  +--> ?PR?_INGRESADATO?PROG
  +--> ?PR?_ATOI?ATOI
  +--> ?PR?_WR_EEPROM?EEPROM

?PR?DCTO_CAJA?PROG                               -----    -----      -----    -----      005AH    000CH
  +--> ?PR?_RD_EEPROM?EEPROM
  +--> ?CO?PROG
  +--> ?PR?PRINTF?PRINTF
  +--> ?PR?_INGRESADATO?PROG
  +--> ?PR?_ATOI?ATOI
  +--> ?PR?_WR_EEPROM?EEPROM

?PR?PROG_APB_MENSUAL?PROG                        -----    -----      -----    -----      005AH    000CH
  +--> ?PR?_RD_EEPROM?EEPROM
  +--> ?CO?PROG
  +--> ?PR?PRINTF?PRINTF
  +--> ?PR?_INGRESADATO?PROG
  +--> ?PR?_ATOI?ATOI
  +--> ?PR?_WR_EEPROM?EEPROM

?PR?PROG_ADDRESS_HIGH_BOARD?PROG                 -----    -----      -----    -----      005AH    000CH
  +--> ?PR?_RD_EEPROM?EEPROM
  +--> ?CO?PROG
  +--> ?PR?PRINTF?PRINTF
  +--> ?PR?_INGRESADATO?PROG
  +--> ?PR?_ATOI?ATOI
  +--> ?PR?_WR_EEPROM?EEPROM
BL51 BANKED LINKER/LOCATER V6.22.2.0                                                  10/01/2020  11:49:11  PAGE 11



?PR?PROG_HORARIOS?PROG                           -----    -----      -----    -----      005AH    001BH
  +--> ?PR?ADDR_HORARIOS?PROG
  +--> ?CO?PROG
  +--> ?PR?PRINTF?PRINTF
  +--> ?PR?_INGRESADATO?PROG
  +--> ?PR?_ATOI?ATOI
  +--> ?PR?_PROG_HORARIOS_ON_OFF?PROG
  +--> ?PR?_WR_EEPROM?EEPROM
  +--> ?PR?_PROG_HORARIO_DIAS?PROG
  +--> ?PR?_PROG_HORARIO_DESDE_HASTA?PROG
  +--> ?PR?_RD_EEPROM?EEPROM

?PR?ADDR_HORARIOS?PROG                           -----    -----      -----    -----      0088H    000BH

?PR?_PROG_HORARIOS_ON_OFF?PROG                   -----    -----      -----    -----      0075H    0010H
  +--> ?PR?_RD_EEPROM?EEPROM
  +--> ?CO?PROG
  +--> ?PR?PRINTF?PRINTF
  +--> ?PR?_INGRESADATO?PROG
  +--> ?PR?_ATOI?ATOI
  +--> ?PR?_WR_EEPROM?EEPROM

?PR?_PROG_HORARIO_DIAS?PROG                      -----    -----      -----    -----      0075H    000FH
  +--> ?CO?PROG
  +--> ?PR?PRINTF?PRINTF
  +--> ?PR?_INGRESADATO?PROG
  +--> ?PR?_WR_EEPROM?EEPROM
  +--> ?PR?_RD_EEPROM?EEPROM

?PR?_PROG_HORARIO_DESDE_HASTA?PROG               -----    -----      -----    -----      0075H    000CH
  +--> ?CO?PROG
  +--> ?PR?PRINTF?PRINTF
  +--> ?PR?_INGRESADATO?PROG
  +--> ?PR?_WR_EEPROM?EEPROM
  +--> ?PR?_RD_EEPROM?EEPROM

?PR?VER_PROG?PROG                                -----    -----      -----    -----      005AH    0013H
  +--> ?PR?_RD_EEPROM?EEPROM
  +--> ?CO?PROG
  +--> ?PR?PRINTF?PRINTF
  +--> ?PR?VER_HORARIO?PROG
  +--> ?PR?_LEERMEMORIA?EEPROM
  +--> ?PR?_HEX_ASCII?CLOCK

?PR?VER_HORARIO?PROG                             -----    -----      -----    -----      006DH    001BH
  +--> ?PR?ADDR_HORARIOS?PROG
  +--> ?CO?PROG
  +--> ?PR?PRINTF?PRINTF
  +--> ?PR?_RD_EEPROM?EEPROM
  +--> ?PR?_VER_HORARIO_DIAS?PROG
  +--> ?PR?_VER_HORARIO_DESDE_HASTA?PROG

?PR?_VER_HORARIO_DIAS?PROG                       -----    -----      -----    -----      0088H    0003H
  +--> ?PR?_RD_EEPROM?EEPROM
  +--> ?CO?PROG
  +--> ?PR?PRINTF?PRINTF
BL51 BANKED LINKER/LOCATER V6.22.2.0                                                  10/01/2020  11:49:11  PAGE 12



?PR?_VER_HORARIO_DESDE_HASTA?PROG                -----    -----      -----    -----      0088H    0002H
  +--> ?CO?PROG
  +--> ?PR?PRINTF?PRINTF
  +--> ?PR?_RD_EEPROM?EEPROM

?PR?_HEX_ASCII?CLOCK                             -----    -----      -----    -----      0071H    0006H
  +--> ?PR?_HEX_BCD?CLOCK

?PR?SHOW?PROG                                    -----    -----      -----    -----      -----    -----
  +--> ?CO?PROG
  +--> ?PR?PRINTF?PRINTF

?PR?PROG_FECHA_VENCIMIENTO?PROG                  -----    -----      -----    -----      005AH    0017H
  +--> ?PR?_LEERMEMORIA?EEPROM
  +--> ?PR?_HEX_ASCII?CLOCK
  +--> ?CO?PROG
  +--> ?PR?PRINTF?PRINTF
  +--> ?PR?_HASH_ID?PROG
  +--> ?PR?_INGRESADATO?PROG
  +--> ?PR?_GETCMD?PROG
  +--> ?PR?_ESCRIBIRMEMORIA?EEPROM
  +--> ?PR?_VALIDARCLAVE?PROG
  +--> ?PR?_ATOI?ATOI
  +--> ?PR?_WR_EEPROM?EEPROM

?PR?VARIABLE_INICIO?EEPROM                       -----    -----      -----    -----      -----    -----
  +--> ?PR?_RD_EEPROM?EEPROM

?PR?SECUENCIA_INICIO_EXPEDIDOR?VERIFI...         -----    -----      -----    -----      0001H    0001H
  +--> ?PR?_INICIALIZA?LINTECH
  +--> ?PR?TRAMA_VALIDACION_P_N?VERIFICADOR
  +--> ?CO?VERIFICADOR
  +--> ?PR?_DEBUG_TXT_TIBBO?TIBBO
  +--> ?PR?_DEBUGBUFFERMF?TIBBO
  +--> ?PR?DWLOAD_EEPROM?LINTECH

?PR?_INICIALIZA?LINTECH                          -----    -----      -----    -----      0002H    000CH
  +--> ?CO?LINTECH
  +--> ?PR?_DEBUG_TXT_TIBBO?TIBBO
  +--> ?PR?_DEBUGBUFFERMF?TIBBO
  +--> ?PR?_ESCRIBIRCADENASOFT_BUFFER?MAIN

?PR?_DEBUG_TXT_TIBBO?TIBBO                       -----    -----      -----    -----      003EH    0004H
  +--> ?CO?TIBBO
  +--> ?PR?_TX_AUX?TIBBO

?PR?_DEBUGBUFFERMF?TIBBO                         -----    -----      -----    -----      0038H    0006H
  +--> ?CO?TIBBO
  +--> ?PR?_DEBUG_TXT_TIBBO?TIBBO
  +--> ?PR?_DEBUG_CHR_TIBBO?TIBBO
  +--> ?PR?_TX_AUX?TIBBO

?PR?_DEBUG_CHR_TIBBO?TIBBO                       -----    -----      -----    -----      -----    -----
  +--> ?PR?_TX_AUX?TIBBO

?PR?_ESCRIBIRCADENASOFT_BUFFER?MAIN              -----    -----      -----    -----      0034H    0006H
BL51 BANKED LINKER/LOCATER V6.22.2.0                                                  10/01/2020  11:49:11  PAGE 13


  +--> ?PR?_PUTCHAR?MAIN

?PR?DWLOAD_EEPROM?LINTECH                        -----    -----      -----    -----      0002H    0016H
  +--> ?CO?LINTECH
  +--> ?PR?_DEBUG_TXT_TIBBO?TIBBO
  +--> ?PR?_DEBUGBUFFERMF?TIBBO
  +--> ?PR?_ESCRIBIRCADENASOFT_BUFFER?MAIN

?PR?_RECIBE_CMD_MONITOR?ACCESCAN                 -----    -----      -----    -----      0001H    0006H
  +--> ?PR?RX_DATA?TIBBO

?PR?RX_DATA?TIBBO                                -----    -----      -----    -----      -----    -----
  +--> ?PR?TIME_MBIT?TIBBO
  +--> ?PR?TIME_BIT?TIBBO

?PR?SECUENCIAEXPEDIDOR?VERIFICADOR               -----    -----      -----    -----      0001H    000DH
  +--> ?PR?_CARD_INSERCION?LINTECH
  +--> ?PR?TRAMA_VALIDACION_P_N?VERIFICADOR
  +--> ?CO?VERIFICADOR
  +--> ?PR?ERROR_RX_PTO?VERIFICADOR
  +--> ?PR?_CHECK_STATUS?LINTECH
  +--> ?PR?_DEBUG_TXT_TIBBO?TIBBO
  +--> ?PR?_DEBUGBUFFERMF?TIBBO
  +--> ?PR?VALIDASENSORESPASO?IO_SENSORES
  +--> ?PR?_SEND_PORTERR?PTO_PARALELO
  +--> ?PR?_PANTALLALCD?PANTALLAS
  +--> ?PR?_RD_MF?LINTECH
  +--> ?PR?_RESPONDE_LECTURA_TARJETA_SECTOR1...
  +--> ?PR?_RESPONDE_LECTURA_TARJETA_SECTOR1...
  +--> ?PR?_BLOCK_READ_CLOCK_HEX?CLOCK
  +--> ?PR?_RD_EEPROM?EEPROM
  +--> ?PR?DEBUG_DIVIDIR_TEXTO?TIBBO
  +--> ?PR?_DEBUG_CHR_TIBBO?TIBBO
  +--> ?PR?PRINTF?PRINTF
  +--> ?PR?_ANALIZA_TIEMPO?CLOCK
  +--> ?PR?VALIDAR_PAGO?VERIFICADOR
  +--> ?PR?_HORARIOS?VERIFICADOR
  +--> ?PR?_CHECK_FECHAOUT_2?CLOCK
  +--> ?PR?_VALIDA_MISMO_DIA?VERIFICADOR
  +--> ?PR?_RESPONDE_LECTURA_TARJETA_SECTOR1...
  +--> ?PR?_WR_MF?LINTECH
  +--> ?PR?_MOV_CARD?LINTECH
  +--> ?PR?VALIDASENSORES_OUT?IO_SENSORES
  +--> ?PR?_TRAMA_PTO_PARALELO_P?PTO_PARALELO
  +--> ?PR?UNIQUE_IDENTIFIER_UID?LINTECH
  +--> ?PR?_ANALIZA_UID_CARD?VERIFICADOR
  +--> ?PR?LOADVERIFY_EEPROM?LINTECH
  +--> ?PR?POWER_OFF?LINTECH
  +--> ?PR?AUT_CARD_CHECK_STATUS?LINTECH

?PR?_CARD_INSERCION?LINTECH                      -----    -----      -----    -----      000EH    000AH
  +--> ?CO?LINTECH
  +--> ?PR?_DEBUG_TXT_TIBBO?TIBBO
  +--> ?PR?_DEBUGBUFFERMF?TIBBO
  +--> ?PR?_ESCRIBIRCADENASOFT_BUFFER?MAIN

?PR?ERROR_RX_PTO?VERIFICADOR                     -----    -----      -----    -----      000EH    0001H
BL51 BANKED LINKER/LOCATER V6.22.2.0                                                  10/01/2020  11:49:11  PAGE 14


  +--> ?CO?VERIFICADOR
  +--> ?PR?_DEBUG_TXT_TIBBO?TIBBO
  +--> ?PR?_DEBUG_CHR_TIBBO?TIBBO
  +--> ?PR?_DELAY_10MS?DELAY

?PR?_DELAY_10MS?DELAY                            -----    -----      -----    -----      000FH    0004H
  +--> ?PR?_DELAY_1MS?DELAY

?PR?_CHECK_STATUS?LINTECH                        -----    -----      -----    -----      000EH    000BH
  +--> ?CO?LINTECH
  +--> ?PR?_DEBUG_TXT_TIBBO?TIBBO
  +--> ?PR?_DEBUGBUFFERMF?TIBBO
  +--> ?PR?_ESCRIBIRCADENASOFT_BUFFER?MAIN

?PR?VALIDASENSORESPASO?IO_SENSORES               -----    -----      -----    -----      -----    -----
  +--> ?PR?SEL_SENSOR2?IO_SENSORES
  +--> ?PR?VALIDASENSOR?IO_SENSORES
  +--> ?PR?SEL_SENSOR1?IO_SENSORES
  +--> ?PR?SEL_AUTO?IO_SENSORES
  +--> ?CO?IO_SENSORES
  +--> ?PR?_DEBUG_TXT_TIBBO?TIBBO

?PR?_SEND_PORTERR?PTO_PARALELO                   -----    -----      -----    -----      002BH    0006H
  +--> ?PR?PULSO_BUS?PTO_PARALELO
  +--> ?PR?_DELAY_20US?DELAY

?PR?PULSO_BUS?PTO_PARALELO                       -----    -----      -----    -----      -----    -----
  +--> ?PR?_DELAY_20US?DELAY

?PR?_PANTALLALCD?PANTALLAS                       -----    -----      -----    -----      002BH    0008H
  +--> ?CO?PANTALLAS
  +--> ?PR?_LCD_TXT?PANTALLAS
  +--> ?PR?_STRLEN?STRLEN
  +--> ?PR?_TX_CHRLCD?PANTALLAS
  +--> ?PR?_RASPBERRY_DATA?PANTALLAS

?PR?_LCD_TXT?PANTALLAS                           -----    -----      -----    -----      003AH    0005H
  +--> ?PR?_TX_CHRLCD?PANTALLAS

?PR?_TX_CHRLCD?PANTALLAS                         -----    -----      -----    -----      003FH    0002H
  +--> ?PR?_PUTCHAR?MAIN

?PR?_RASPBERRY_DATA?PANTALLAS                    -----    -----      -----    -----      003AH    0004H
  +--> ?PR?_STRLEN?STRLEN
  +--> ?PR?_PUTCHAR?MAIN

?PR?_RD_MF?LINTECH                               -----    -----      -----    -----      000EH    0012H
  +--> ?CO?LINTECH
  +--> ?PR?_DEBUG_TXT_TIBBO?TIBBO
  +--> ?PR?_DEBUG_CHR_TIBBO?TIBBO
  +--> ?PR?_DEBUGBUFFERMF?TIBBO
  +--> ?PR?_ESCRIBIRCADENASOFT_BUFFER?MAIN

?PR?_RESPONDE_LECTURA_TARJETA_SECTOR1...         -----    -----      -----    -----      000EH    0004H
  +--> ?CO?VERIFICADOR
  +--> ?PR?_DEBUG_TXT_TIBBO?TIBBO
  +--> ?PR?_DEBUGBUFFERMF?TIBBO
BL51 BANKED LINKER/LOCATER V6.22.2.0                                                  10/01/2020  11:49:11  PAGE 15


  +--> ?PR?_DEBUG_HEXDEC?TIBBO
  +--> ?PR?_DEBUG_CHR_TIBBO?TIBBO
  +--> ?PR?_SEND_PORTERR?PTO_PARALELO
  +--> ?PR?_PANTALLALCD?PANTALLAS

?PR?_DEBUG_HEXDEC?TIBBO                          -----    -----      -----    -----      0012H    0002H
  +--> ?PR?_TX_AUX?TIBBO

?PR?_RESPONDE_LECTURA_TARJETA_SECTOR1...         -----    -----      -----    -----      000EH    0004H
  +--> ?CO?VERIFICADOR
  +--> ?PR?_DEBUG_TXT_TIBBO?TIBBO
  +--> ?PR?_DEBUGBUFFERMF?TIBBO
  +--> ?PR?_DEBUG_CHR_TIBBO?TIBBO
  +--> ?PR?_RD_EEPROM?EEPROM
  +--> ?PR?_SEND_PORTERR?PTO_PARALELO
  +--> ?PR?_PANTALLALCD?PANTALLAS

?PR?DEBUG_DIVIDIR_TEXTO?TIBBO                    -----    -----      -----    -----      -----    -----
  +--> ?CO?TIBBO
  +--> ?PR?_DEBUG_TXT_TIBBO?TIBBO

?PR?_ANALIZA_TIEMPO?CLOCK                        0020H.0  0000H.2    -----    -----      000EH    000FH

?PR?VALIDAR_PAGO?VERIFICADOR                     -----    -----      -----    -----      000EH    0002H
  +--> ?PR?_CHECK_FECHAOUT?CLOCK
  +--> ?CO?VERIFICADOR
  +--> ?PR?_DEBUG_TXT_TIBBO?TIBBO
  +--> ?PR?_SEND_PORTERR?PTO_PARALELO
  +--> ?PR?_PANTALLALCD?PANTALLAS

?PR?_CHECK_FECHAOUT?CLOCK                        -----    -----      -----    -----      0010H    000AH
  +--> ?PR?_BLOCK_READ_CLOCK_HEX?CLOCK
  +--> ?PR?_DEBUG_FECHA_ACTUAL?TIBBO

?PR?_DEBUG_FECHA_ACTUAL?TIBBO                    -----    -----      -----    -----      001AH    0003H
  +--> ?CO?TIBBO
  +--> ?PR?_DEBUG_TXT_TIBBO?TIBBO
  +--> ?PR?_HEX_BCD?CLOCK
  +--> ?PR?_DEBUG_CHR_TIBBO?TIBBO
  +--> ?PR?_TX_AUX?TIBBO

?PR?_HORARIOS?VERIFICADOR                        -----    -----      -----    -----      000EH    0011H
  +--> ?PR?ADDR_HORARIOS?PROG
  +--> ?PR?_RD_EEPROM?EEPROM
  +--> ?PR?_LEE_CLK?CLOCK
  +--> ?CO?VERIFICADOR
  +--> ?PR?_DEBUG_TXT_TIBBO?TIBBO
  +--> ?PR?_DEBUG_CHR_TIBBO?TIBBO
  +--> ?PR?_BLOQUE_HORARIO?VERIFICADOR
  +--> ?PR?_PANTALLALCD?PANTALLAS

?PR?_BLOQUE_HORARIO?VERIFICADOR                  -----    -----      -----    -----      001FH    0007H
  +--> ?CO?VERIFICADOR
  +--> ?PR?_DEBUG_TXT_TIBBO?TIBBO
  +--> ?PR?_LEE_CLK?CLOCK
  +--> ?PR?_DEBUG_CHR_TIBBO?TIBBO
  +--> ?PR?_HORA_MAXIMA?VERIFICADOR
BL51 BANKED LINKER/LOCATER V6.22.2.0                                                  10/01/2020  11:49:11  PAGE 16


  +--> ?PR?_EN_HORARIO?VERIFICADOR
  +--> ?PR?_RD_EEPROM?EEPROM
  +--> ?PR?_SEND_PORTERR?PTO_PARALELO
  +--> ?PR?_PANTALLALCD?PANTALLAS

?PR?_HORA_MAXIMA?VERIFICADOR                     -----    -----      -----    -----      002BH    0008H
  +--> ?PR?_RD_EEPROM?EEPROM
  +--> ?PR?_DEBUG_CHR_TIBBO?TIBBO
  +--> ?CO?VERIFICADOR
  +--> ?PR?_DEBUG_TXT_TIBBO?TIBBO

?PR?_EN_HORARIO?VERIFICADOR                      -----    -----      -----    -----      0026H    0005H
  +--> ?CO?VERIFICADOR
  +--> ?PR?_DEBUG_TXT_TIBBO?TIBBO
  +--> ?PR?_HORA_MAXIMA?VERIFICADOR
  +--> ?PR?_SEND_PORTERR?PTO_PARALELO
  +--> ?PR?_PANTALLALCD?PANTALLAS

?PR?_VALIDA_MISMO_DIA?VERIFICADOR                -----    -----      -----    -----      000EH    0006H
  +--> ?PR?_LEE_CLK?CLOCK
  +--> ?PR?_BCD_HEX?CLOCK

?PR?_RESPONDE_LECTURA_TARJETA_SECTOR1...         -----    -----      -----    -----      000EH    0004H
  +--> ?CO?VERIFICADOR
  +--> ?PR?_DEBUG_TXT_TIBBO?TIBBO
  +--> ?PR?_TRAMA_PTO_PARALELO_NEW?PTO_PARALELO
  +--> ?PR?_ARMAR_TRAMA_PTO_PARALELO_EXPEDID...
  +--> ?PR?_CMD_LPR_SALIDA?ACCESCAN

?PR?_TRAMA_PTO_PARALELO_NEW?PTO_PARALELO         -----    -----      -----    -----      0012H    0026H
  +--> ?PR?_BLOCK_READ_CLOCK_HEX?CLOCK
  +--> ?PR?_SEND_PORT?PTO_PARALELO
  +--> ?PR?DEBUG_DIVIDIR_TEXTO?TIBBO
  +--> ?CO?PTO_PARALELO
  +--> ?PR?_DEBUG_TXT_TIBBO?TIBBO
  +--> ?PR?_DEBUGBUFFERMF?TIBBO

?PR?_SEND_PORT?PTO_PARALELO                      -----    -----      -----    -----      0038H    000AH
  +--> ?PR?PULSO_BUS?PTO_PARALELO
  +--> ?PR?_DELAY_20US?DELAY

?PR?_ARMAR_TRAMA_PTO_PARALELO_EXPEDID...         -----    -----      -----    -----      0012H    0003H
  +--> ?PR?_RD_EEPROM?EEPROM
  +--> ?PR?_SEND_PORT?PTO_PARALELO
  +--> ?PR?DEBUG_DIVIDIR_TEXTO?TIBBO
  +--> ?CO?VERIFICADOR
  +--> ?PR?_DEBUG_TXT_TIBBO?TIBBO
  +--> ?PR?_DEBUGBUFFERMF?TIBBO

?PR?_CMD_LPR_SALIDA?ACCESCAN                     -----    -----      -----    -----      0012H    0025H
  +--> ?PR?DIR_BOARD_MONITOR?IO_SENSORES
  +--> ?PR?_BYTEHEX_DECIMAL?CLOCK
  +--> ?PR?_STRLEN?STRLEN
  +--> ?PR?_TWO_BYTEHEX_DECIMAL?CLOCK
  +--> ?PR?_BLOCK_READ_CLOCK_ASCII?CLOCK
  +--> ?PR?_MONITOR_CHR?ACCESCAN

BL51 BANKED LINKER/LOCATER V6.22.2.0                                                  10/01/2020  11:49:11  PAGE 17


?PR?DIR_BOARD_MONITOR?IO_SENSORES                -----    -----      -----    -----      -----    -----
  +--> ?PR?_RD_EEPROM?EEPROM

?PR?_BYTEHEX_DECIMAL?CLOCK                       -----    -----      -----    -----      0037H    0001H

?PR?_TWO_BYTEHEX_DECIMAL?CLOCK                   -----    -----      -----    -----      0037H    000CH
  +--> ?PR?_POW?POW

?PR?_POW?POW                                     -----    -----      -----    -----      0043H    000AH
  +--> ?PR?LOG?LOG
  +--> ?PR?EXP?EXP

?PR?LOG?LOG                                      0020H.0  0000H.1    -----    -----      004DH    0004H

?PR?_MONITOR_CHR?ACCESCAN                        -----    -----      -----    -----      0037H    0005H
  +--> ?PR?_TX_AUX?TIBBO

?PR?_WR_MF?LINTECH                               -----    -----      -----    -----      000EH    0026H
  +--> ?CO?LINTECH
  +--> ?PR?_DEBUG_TXT_TIBBO?TIBBO
  +--> ?PR?_DEBUG_CHR_TIBBO?TIBBO
  +--> ?PR?DIR_BOARD?IO_SENSORES
  +--> ?PR?_DEBUGBUFFERMF?TIBBO
  +--> ?PR?_ESCRIBIRCADENASOFT_BUFFER?MAIN

?PR?DIR_BOARD?IO_SENSORES                        -----    -----      -----    -----      0034H    0001H
  +--> ?PR?SEL_DIR1?IO_SENSORES
  +--> ?PR?SEL_DIR2?IO_SENSORES
  +--> ?PR?_RD_EEPROM?EEPROM

?PR?_MOV_CARD?LINTECH                            -----    -----      -----    -----      000EH    000CH
  +--> ?CO?LINTECH
  +--> ?PR?_DEBUG_TXT_TIBBO?TIBBO
  +--> ?PR?_DEBUGBUFFERMF?TIBBO
  +--> ?PR?_ESCRIBIRCADENASOFT_BUFFER?MAIN

?PR?VALIDASENSORES_OUT?IO_SENSORES               -----    -----      -----    -----      -----    -----
  +--> ?PR?SEL_SENSOR2?IO_SENSORES
  +--> ?PR?VALIDASENSOR?IO_SENSORES

?PR?_TRAMA_PTO_PARALELO_P?PTO_PARALELO           -----    -----      -----    -----      000EH    0008H
  +--> ?PR?_SEND_PORT?PTO_PARALELO
  +--> ?PR?DEBUG_DIVIDIR_TEXTO?TIBBO
  +--> ?PR?_DEBUGBUFFERMF?TIBBO

?PR?UNIQUE_IDENTIFIER_UID?LINTECH                -----    -----      -----    -----      000EH    000BH
  +--> ?CO?LINTECH
  +--> ?PR?_DEBUG_TXT_TIBBO?TIBBO
  +--> ?PR?_DEBUGBUFFERMF?TIBBO
  +--> ?PR?_ESCRIBIRCADENASOFT_BUFFER?MAIN

?PR?_ANALIZA_UID_CARD?VERIFICADOR                -----    -----      -----    -----      000EH    0004H
  +--> ?CO?VERIFICADOR
  +--> ?PR?_DEBUG_TXT_TIBBO?TIBBO
  +--> ?PR?_DEBUGBUFFERMF?TIBBO
  +--> ?PR?_DEBUG_CHR_TIBBO?TIBBO

BL51 BANKED LINKER/LOCATER V6.22.2.0                                                  10/01/2020  11:49:11  PAGE 18


?PR?LOADVERIFY_EEPROM?LINTECH                    -----    -----      -----    -----      000EH    0010H
  +--> ?CO?LINTECH
  +--> ?PR?_DEBUG_TXT_TIBBO?TIBBO
  +--> ?PR?_DEBUGBUFFERMF?TIBBO
  +--> ?PR?_ESCRIBIRCADENASOFT_BUFFER?MAIN

?PR?POWER_OFF?LINTECH                            -----    -----      -----    -----      000EH    000BH
  +--> ?CO?LINTECH
  +--> ?PR?_DEBUG_TXT_TIBBO?TIBBO
  +--> ?PR?_DEBUGBUFFERMF?TIBBO
  +--> ?PR?_ESCRIBIRCADENASOFT_BUFFER?MAIN

?PR?AUT_CARD_CHECK_STATUS?LINTECH                -----    -----      -----    -----      000EH    000BH
  +--> ?CO?LINTECH
  +--> ?PR?_DEBUG_TXT_TIBBO?TIBBO
  +--> ?PR?_DEBUGBUFFERMF?TIBBO
  +--> ?PR?_ESCRIBIRCADENASOFT_BUFFER?MAIN

?PR?_RECIBE_PORT?PTO_PARALELO                    -----    -----      -----    -----      0001H    0008H
  +--> ?PR?OFF_TIMER0_INTERRUP?MAIN
  +--> ?PR?ON_TIMER0_INTERRUP?MAIN

?PR?_VALIDA_TRAMA_PTO?ACCESCAN                   -----    -----      -----    -----      0001H    000FH
  +--> ?PR?_RD_EEPROM?EEPROM
  +--> ?PR?_VALIDAR_CLK?CLOCK
  +--> ?PR?_BLOCK_WRITE_CLOCK_ASCII?CLOCK
  +--> ?PR?RELOJ_PANTALLA_LCD?PANTALLAS
  +--> ?PR?_PANTALLALCD?PANTALLAS
  +--> ?CO?ACCESCAN
  +--> ?PR?_DEBUG_TXT_TIBBO?TIBBO
  +--> ?PR?_BYTEHEX_DECIMAL?CLOCK
  +--> ?PR?_TWO_BYTEHEX_DECIMAL?CLOCK
  +--> ?PR?VALIDASENSORESPASO?IO_SENSORES
  +--> ?PR?_CMD_LPR_SALIDA_WIEGAND?ACCESCAN
  +--> ?PR?_PANTALLALCD_LINEA_2?PANTALLAS

?PR?_BLOCK_WRITE_CLOCK_ASCII?CLOCK               -----    -----      -----    -----      0010H    0003H
  +--> ?PR?_TWO_ONE?CLOCK
  +--> ?PR?_WR_CLK?CLOCK

?PR?_WR_CLK?CLOCK                                -----    -----      -----    -----      0013H    0002H
  +--> ?PR?_DELAY_20US?DELAY
  +--> ?PR?_EB_CLK?CLOCK

?PR?RELOJ_PANTALLA_LCD?PANTALLAS                 -----    -----      -----    -----      0010H    000DH
  +--> ?CO?PANTALLAS
  +--> ?PR?_BLOCK_READ_CLOCK?CLOCK
  +--> ?PR?_LCD_TXT_NUM_CHAR?PANTALLAS
  +--> ?PR?_RASPBERRY_DATA?PANTALLAS

?PR?_BLOCK_READ_CLOCK?CLOCK                      -----    -----      -----    -----      001DH    0003H
  +--> ?PR?_LEE_CLK?CLOCK

?PR?_LCD_TXT_NUM_CHAR?PANTALLAS                  -----    -----      -----    -----      001DH    0006H
  +--> ?PR?_TX_CHRLCD?PANTALLAS

?PR?_CMD_LPR_SALIDA_WIEGAND?ACCESCAN             -----    -----      -----    -----      0010H    0022H
BL51 BANKED LINKER/LOCATER V6.22.2.0                                                  10/01/2020  11:49:11  PAGE 19


  +--> ?PR?DIR_BOARD_MONITOR?IO_SENSORES
  +--> ?PR?_BLOCK_READ_CLOCK_ASCII?CLOCK
  +--> ?PR?_MONITOR_CHR?ACCESCAN

?PR?_PANTALLALCD_LINEA_2?PANTALLAS               -----    -----      -----    -----      0010H    002AH
  +--> ?CO?PANTALLAS
  +--> ?PR?_LCD_TXT?PANTALLAS
  +--> ?PR?_STRLEN?STRLEN
  +--> ?PR?_TX_CHRLCD?PANTALLAS
  +--> ?PR?_STRCAT?STRCAT
  +--> ?PR?_RASPBERRY_DATA?PANTALLAS

?PR?_DEBUG_PTO_PARALELO?TIBBO                    -----    -----      -----    -----      0001H    0004H
  +--> ?CO?TIBBO
  +--> ?PR?_DEBUG_TXT_TIBBO?TIBBO
  +--> ?PR?_DEBUGBUFFERMF?TIBBO
  +--> ?PR?_DEBUG_CHR_TIBBO?TIBBO
  +--> ?PR?DEBUG_DIVIDIR_TEXTO?TIBBO

?PR?MSJ_LCD_INFORMATIVO?IO_SENSORES              -----    -----      -----    -----      0001H    0001H
  +--> ?PR?SEL_FUNCION?IO_SENSORES
  +--> ?PR?LOAD_AND_SEND_INFO_RELOJ?PTO_PARA...
  +--> ?PR?LOAD_AND_SEND_ID_COD?PTO_PARALELO
  +--> ?PR?_RD_EEPROM?EEPROM
  +--> ?PR?_SEND_PORTERR?PTO_PARALELO

?PR?LOAD_AND_SEND_INFO_RELOJ?PTO_PARA...         -----    -----      -----    -----      0002H    000BH
  +--> ?PR?_BLOCK_READ_CLOCK?CLOCK
  +--> ?PR?_LEE_CLK?CLOCK
  +--> ?PR?_SEND_PORT?PTO_PARALELO

?PR?LOAD_AND_SEND_ID_COD?PTO_PARALELO            -----    -----      -----    -----      0002H    0011H
  +--> ?CO?PTO_PARALELO
  +--> ?PR?PRINTF?PRINTF
  +--> ?PR?_SEND_PORT?PTO_PARALELO



SYMBOL TABLE OF MODULE:  .\Objects\verificador_v_01_raspberry (MAIN)

  VALUE           TYPE          NAME
  ----------------------------------

  -------         MODULE        MAIN
  C:0000H         SYMBOL        _ICE_DUMMY_
  D:0080H         PUBLIC        P0
  D:0090H         PUBLIC        P1
  C:A593H         PUBLIC        timer0_int
  D:00B0H         PUBLIC        P3
  B:00A8H.7       PUBLIC        EA
  C:A975H         PUBLIC        off_Timer0_Interrup
  X:010CH         PUBLIC        ValTimeOutCom
  X:010DH         PUBLIC        Buffer_Rta_Lintech
  X:013FH         PUBLIC        Timer_wait
  X:0140H         PUBLIC        g_cContByteRx
  B:0080H.0       PUBLIC        rx_ip
  B:0080H.3       PUBLIC        Atascado
BL51 BANKED LINKER/LOCATER V6.22.2.0                                                  10/01/2020  11:49:11  PAGE 20


  C:96F7H         PUBLIC        main
  X:0141H         PUBLIC        Timer_tivo
  B:0090H.7       PUBLIC        lock
  I:0022H         PUBLIC        rbuf
  C:A966H         PUBLIC        on_Timer0_Interrup
  I:0054H         PUBLIC        tbuf
  B:0090H.1       PUBLIC        DataIn
  D:0089H         PUBLIC        TMOD
  X:0143H         PUBLIC        Debug_Tibbo
  B:0021H.1       PUBLIC        prto_ready
  X:0144H         PUBLIC        Raspberry
  X:0145H         PUBLIC        SIN_COBRO
  X:0147H         PUBLIC        Tipo_Vehiculo
  B:00B0H.3       PUBLIC        busy
  C:A8D8H         PUBLIC        ini_timer
  B:00A8H.1       PUBLIC        ET0
  B:0088H.5       PUBLIC        TF0
  X:0148H         PUBLIC        COMPARACION_ACTIVA
  D:008CH         PUBLIC        TH0
  X:0149H         PUBLIC        ACK
  X:014AH         PUBLIC        g_cEstadoComSoft
  D:008AH         PUBLIC        TL0
  B:0088H.4       PUBLIC        TR0
  C:A8E8H         PUBLIC        inicia_board
  X:014BH         PUBLIC        T_GRACIA
  X:014DH         PUBLIC        COD_PARK
  B:0080H.7       PUBLIC        sel_com
  X:014FH         PUBLIC        STX_LINTECH
  C:A907H         PUBLIC        _getkey
  X:0150H         PUBLIC        g_cEstadoComSeqMF
  X:0151H         PUBLIC        ETX
  X:0152H         PUBLIC        ID_CLIENTE
  C:A186H         PUBLIC        _EscribirCadenaSoft_buffer
  B:0021H.2       PUBLIC        buffer_ready
  C:A466H         PUBLIC        _putchar
  B:0021H.3       PUBLIC        placa_ready
  -------         PROC          TIMER0_INT
  C:A593H         LINE#         13
  C:A599H         LINE#         15
  C:A5A1H         LINE#         16
  C:A5A1H         LINE#         17
  C:A5A3H         LINE#         18
  C:A5A5H         LINE#         19
  C:A5A7H         LINE#         21
  C:A5A7H         LINE#         22
  C:A5ADH         LINE#         23
  C:A5B3H         LINE#         24
  C:A5C1H         LINE#         25
  C:A5C3H         LINE#         26
  C:A5C3H         LINE#         27
  -------         ENDPROC       TIMER0_INT
  -------         PROC          INI_TIMER
  C:A8D8H         LINE#         30
  C:A8D8H         LINE#         31
  C:A8D8H         LINE#         33
  C:A8E0H         LINE#         35
  C:A8E3H         LINE#         36
BL51 BANKED LINKER/LOCATER V6.22.2.0                                                  10/01/2020  11:49:11  PAGE 21


  C:A8E5H         LINE#         37
  C:A8E7H         LINE#         39
  -------         ENDPROC       INI_TIMER
  -------         PROC          ON_TIMER0_INTERRUP
  C:A966H         LINE#         42
  C:A966H         LINE#         43
  C:A966H         LINE#         44
  C:A968H         LINE#         45
  C:A96AH         LINE#         47
  -------         ENDPROC       ON_TIMER0_INTERRUP
  -------         PROC          OFF_TIMER0_INTERRUP
  C:A975H         LINE#         50
  C:A975H         LINE#         51
  C:A975H         LINE#         52
  C:A977H         LINE#         54
  -------         ENDPROC       OFF_TIMER0_INTERRUP
  -------         PROC          _GETKEY
  -------         DO            
  D:0006H         SYMBOL        k
  -------         ENDDO         
  C:A907H         LINE#         62
  C:A907H         LINE#         63
  C:A907H         LINE#         67
  C:A907H         LINE#         68
  C:A90AH         LINE#         69
  C:A90AH         LINE#         70
  C:A912H         LINE#         72
  C:A912H         LINE#         73
  -------         ENDPROC       _GETKEY
  -------         PROC          _PUTCHAR
  X:00E0H         SYMBOL        c
  -------         DO            
  X:00E1H         SYMBOL        i
  -------         ENDDO         
  C:A466H         LINE#         77
  C:A46BH         LINE#         78
  C:A46BH         LINE#         81
  C:A47AH         LINE#         82
  C:A47AH         LINE#         83
  C:A490H         LINE#         84
  C:A490H         LINE#         86
  C:A49EH         LINE#         87
  C:A49EH         LINE#         89
  C:A4A3H         LINE#         90
  -------         ENDPROC       _PUTCHAR
  -------         PROC          _ESCRIBIRCADENASOFT_BUFFER
  X:0034H         SYMBOL        buffer
  X:0037H         SYMBOL        tamano_cadena
  -------         DO            
  X:0038H         SYMBOL        i
  X:0039H         SYMBOL        d
  -------         ENDDO         
  C:A186H         LINE#         94
  C:A194H         LINE#         95
  C:A194H         LINE#         97
  C:A1A2H         LINE#         98
  C:A1A2H         LINE#         99
BL51 BANKED LINKER/LOCATER V6.22.2.0                                                  10/01/2020  11:49:11  PAGE 22


  C:A1B9H         LINE#         100
  C:A1C3H         LINE#         101
  C:A1CBH         LINE#         102
  -------         ENDPROC       _ESCRIBIRCADENASOFT_BUFFER
  -------         PROC          INICIA_BOARD
  C:A8E8H         LINE#         139
  C:A8E8H         LINE#         140
  C:A8E8H         LINE#         141
  C:A8EBH         LINE#         142
  C:A8EEH         LINE#         143
  C:A8F1H         LINE#         144
  C:A8F3H         LINE#         145
  C:A8F5H         LINE#         146
  C:A8F7H         LINE#         148
  -------         ENDPROC       INICIA_BOARD
  -------         PROC          MAIN
  -------         DO            
  X:00E4H         SYMBOL        buffer
  X:0000H         SYMBOL        Length_trama
  -------         ENDDO         
  C:96F7H         LINE#         158
  C:96F7H         LINE#         159
  C:96F7H         LINE#         167
  C:96FAH         LINE#         168
  C:96FDH         LINE#         169
  C:9700H         LINE#         170
  C:9703H         LINE#         171
  C:9706H         LINE#         172
  C:9708H         LINE#         174
  C:970BH         LINE#         175
  C:9712H         LINE#         176
  C:9715H         LINE#         177
  C:971AH         LINE#         179
  C:971DH         LINE#         181
  C:9720H         LINE#         182
  C:9720H         LINE#         183
  C:9723H         LINE#         184
  C:9723H         LINE#         185
  C:9726H         LINE#         186
  C:972CH         LINE#         187
  C:9732H         LINE#         189
  C:9732H         LINE#         190
  C:9732H         LINE#         192
  C:9735H         LINE#         194
  C:9735H         LINE#         195
  C:9738H         LINE#         196
  C:9738H         LINE#         198
  C:9746H         LINE#         201
  C:9746H         LINE#         203
  C:9749H         LINE#         205
  C:974CH         LINE#         206
  C:974CH         LINE#         209
  C:975BH         LINE#         212
  C:9764H         LINE#         215
  C:9772H         LINE#         218
  C:9772H         LINE#         220
  C:9774H         LINE#         222
BL51 BANKED LINKER/LOCATER V6.22.2.0                                                  10/01/2020  11:49:11  PAGE 23


  C:9774H         LINE#         223
  C:9777H         LINE#         224
  C:9777H         LINE#         225
  C:977AH         LINE#         229
  -------         ENDPROC       MAIN
  -------         ENDMOD        MAIN

  -------         MODULE        ACCESCAN
  C:0000H         SYMBOL        _ICE_DUMMY_
  D:0080H         PUBLIC        P0
  D:0090H         PUBLIC        P1
  I:0011H         PUBLIC        placa
  B:0080H.2       PUBLIC        led_err_imp
  C:A365H         PUBLIC        _Monitor_chr
  C:5C10H         PUBLIC        _Cmd_LPR_Salida
  B:0080H.3       PUBLIC        Atascado
  B:0080H.0       PUBLIC        rx_ip
  B:0090H.7       PUBLIC        lock
  X:0233H         PUBLIC        USE_LPR
  C:44F7H         PUBLIC        _Valida_Trama_Pto
  C:8FCBH         PUBLIC        _recibe_cmd_Monitor
  C:82AAH         PUBLIC        _Cmd_LPR_Salida_wiegand
  -------         PROC          _VALIDA_TRAMA_PTO
  X:0001H         SYMBOL        buffer
  X:0004H         SYMBOL        length_trama
  -------         DO            
  X:0232H         SYMBOL        cont
  X:0005H         SYMBOL        buff
  -------         ENDDO         
  C:44F7H         LINE#         122
  C:4505H         LINE#         123
  C:4505H         LINE#         127
  C:4513H         LINE#         129
  C:454AH         LINE#         130
  C:454AH         LINE#         131
  C:455FH         LINE#         132
  C:455FH         LINE#         133
  C:4572H         LINE#         135
  C:4575H         LINE#         137
  C:4575H         LINE#         139
  C:4575H         LINE#         141
  C:4587H         LINE#         142
  C:4587H         LINE#         143
  C:458DH         LINE#         144
  C:459AH         LINE#         145
  C:459AH         LINE#         146
  C:459FH         LINE#         147
  C:45A1H         LINE#         148
  C:45A6H         LINE#         149
  C:45A8H         LINE#         150
  C:45AAH         LINE#         151
  C:45AEH         LINE#         152
  C:45AEH         LINE#         153
  C:45AFH         LINE#         155
  C:45C7H         LINE#         156
  C:45C7H         LINE#         158
  C:45D4H         LINE#         159
BL51 BANKED LINKER/LOCATER V6.22.2.0                                                  10/01/2020  11:49:11  PAGE 24


  C:45D4H         LINE#         160
  C:45D6H         LINE#         161
  C:45D8H         LINE#         162
  C:45DAH         LINE#         163
  C:45DCH         LINE#         164
  C:45DCH         LINE#         166
  C:4602H         LINE#         167
  C:4602H         LINE#         168
  C:4606H         LINE#         169
  C:460BH         LINE#         170
  C:4614H         LINE#         171
  C:4619H         LINE#         172
  C:4619H         LINE#         175
  C:461AH         LINE#         178
  C:462CH         LINE#         179
  C:462CH         LINE#         180
  C:462EH         LINE#         181
  C:4631H         LINE#         183
  C:4643H         LINE#         184
  C:4643H         LINE#         185
  C:4645H         LINE#         186
  C:4648H         LINE#         188
  C:4662H         LINE#         189
  C:4662H         LINE#         190
  C:4664H         LINE#         191
  C:4667H         LINE#         194
  C:4681H         LINE#         195
  C:4681H         LINE#         196
  C:4683H         LINE#         197
  C:4685H         LINE#         200
  C:469FH         LINE#         201
  C:469FH         LINE#         202
  C:46A1H         LINE#         203
  C:46A3H         LINE#         207
  C:46BDH         LINE#         208
  C:46BDH         LINE#         209
  C:46BFH         LINE#         210
  C:46C1H         LINE#         213
  C:46DBH         LINE#         214
  C:46DBH         LINE#         215
  C:46DDH         LINE#         216
  C:46DFH         LINE#         218
  C:46F9H         LINE#         219
  C:46F9H         LINE#         220
  C:46FEH         LINE#         221
  C:46FEH         LINE#         223
  C:472EH         LINE#         224
  C:472EH         LINE#         225
  C:473CH         LINE#         226
  C:473FH         LINE#         229
  C:4782H         LINE#         230
  C:4782H         LINE#         232
  C:4797H         LINE#         233
  C:479DH         LINE#         234
  C:47C7H         LINE#         237
  C:47CFH         LINE#         238
  C:47CFH         LINE#         241
BL51 BANKED LINKER/LOCATER V6.22.2.0                                                  10/01/2020  11:49:11  PAGE 25


  C:47D6H         LINE#         242
  C:47D6H         LINE#         243
  C:47DBH         LINE#         244
  C:47DBH         LINE#         245
  C:47DDH         LINE#         247
  C:47DDH         LINE#         248
  C:47E6H         LINE#         249
  C:47EEH         LINE#         250
  C:47EEH         LINE#         255
  C:47F0H         LINE#         258
  C:47F0H         LINE#         261
  C:47F7H         LINE#         262
  C:47F7H         LINE#         263
  C:47FCH         LINE#         264
  C:47FCH         LINE#         265
  C:4807H         LINE#         269
  C:4807H         LINE#         270
  C:4807H         LINE#         272
  -------         ENDPROC       _VALIDA_TRAMA_PTO
  -------         PROC          _RECIBE_CMD_MONITOR
  X:0001H         SYMBOL        buffer_cmd
  -------         DO            
  X:0004H         SYMBOL        j
  X:0005H         SYMBOL        NumDatos
  D:0005H         SYMBOL        time_out
  X:0006H         SYMBOL        MaxChrRx
  D:0006H         SYMBOL        contador
  -------         ENDDO         
  C:8FCBH         LINE#         278
  C:8FD6H         LINE#         279
  C:8FD6H         LINE#         283
  C:8FDBH         LINE#         284
  C:8FDFH         LINE#         286
  C:8FE7H         LINE#         287
  C:8FE7H         LINE#         288
  C:8FF8H         LINE#         289
  C:8FF8H         LINE#         290
  C:8FFBH         LINE#         291
  C:8FFCH         LINE#         292
  C:9002H         LINE#         293
  C:9002H         LINE#         294
  C:9007H         LINE#         295
  C:9010H         LINE#         296
  C:9010H         LINE#         297
  C:9012H         LINE#         298
  C:901AH         LINE#         299
  C:901AH         LINE#         300
  C:901CH         LINE#         301
  C:9021H         LINE#         302
  C:9027H         LINE#         303
  C:9039H         LINE#         304
  C:9043H         LINE#         305
  C:904BH         LINE#         307
  C:905AH         LINE#         310
  C:905AH         LINE#         311
  C:905FH         LINE#         312
  -------         ENDPROC       _RECIBE_CMD_MONITOR
BL51 BANKED LINKER/LOCATER V6.22.2.0                                                  10/01/2020  11:49:11  PAGE 26


  -------         PROC          _MONITOR_CHR
  X:0037H         SYMBOL        str
  X:003AH         SYMBOL        num_char
  -------         DO            
  X:003BH         SYMBOL        j
  -------         ENDDO         
  C:A365H         LINE#         367
  C:A373H         LINE#         368
  C:A373H         LINE#         370
  C:A381H         LINE#         371
  C:A381H         LINE#         372
  C:A393H         LINE#         373
  C:A39DH         LINE#         374
  C:A3A5H         LINE#         375
  -------         ENDPROC       _MONITOR_CHR
  -------         PROC          _CMD_LPR_SALIDA_WIEGAND
  X:0010H         SYMBOL        buffer
  -------         DO            
  X:0013H         SYMBOL        Buffer_Lpr
  X:0031H         SYMBOL        j
  -------         ENDDO         
  C:82AAH         LINE#         380
  C:82B5H         LINE#         381
  C:82B5H         LINE#         383
  C:82BBH         LINE#         384
  C:82C0H         LINE#         385
  C:82C8H         LINE#         386
  C:82CCH         LINE#         387
  C:82D5H         LINE#         388
  C:82D5H         LINE#         389
  C:82E6H         LINE#         390
  C:82E8H         LINE#         392
  C:82E8H         LINE#         393
  C:82F9H         LINE#         394
  C:82F9H         LINE#         398
  C:8310H         LINE#         399
  C:8310H         LINE#         400
  C:831FH         LINE#         401
  C:8329H         LINE#         403
  C:8331H         LINE#         404
  C:8345H         LINE#         406
  C:8355H         LINE#         407
  C:8366H         LINE#         408
  C:8373H         LINE#         412
  -------         ENDPROC       _CMD_LPR_SALIDA_WIEGAND
  -------         PROC          _CMD_LPR_SALIDA
  X:0012H         SYMBOL        buffer_S1_B0
  X:0015H         SYMBOL        buffer_S1_B
  -------         DO            
  X:0018H         SYMBOL        Buffer_Lpr
  X:0036H         SYMBOL        j
  -------         ENDDO         
  C:5C10H         LINE#         417
  C:5C1BH         LINE#         418
  C:5C1BH         LINE#         422
  C:5C21H         LINE#         423
  C:5C26H         LINE#         424
BL51 BANKED LINKER/LOCATER V6.22.2.0                                                  10/01/2020  11:49:11  PAGE 27


  C:5C2EH         LINE#         425
  C:5C32H         LINE#         429
  C:5C3BH         LINE#         430
  C:5C3BH         LINE#         431
  C:5C4CH         LINE#         432
  C:5C4EH         LINE#         434
  C:5C4EH         LINE#         435
  C:5C5FH         LINE#         436
  C:5C5FH         LINE#         437
  C:5C77H         LINE#         438
  C:5C77H         LINE#         439
  C:5C8CH         LINE#         440
  C:5C9AH         LINE#         441
  C:5CA8H         LINE#         442
  C:5CB4H         LINE#         443
  C:5CC2H         LINE#         444
  C:5CFBH         LINE#         446
  C:5CFDH         LINE#         448
  C:5CFDH         LINE#         452
  C:5CFDH         LINE#         454
  C:5D1FH         LINE#         455
  C:5D29H         LINE#         456
  C:5D39H         LINE#         458
  C:5D4CH         LINE#         459
  C:5D4CH         LINE#         461
  C:5D5AH         LINE#         464
  C:5D68H         LINE#         468
  C:5D75H         LINE#         470
  C:5D83H         LINE#         472
  C:5D94H         LINE#         475
  C:5DA8H         LINE#         477
  -------         ENDPROC       _CMD_LPR_SALIDA
  -------         ENDMOD        ACCESCAN

  -------         MODULE        CLOCK
  C:0000H         SYMBOL        _ICE_DUMMY_
  C:A3DAH         PUBLIC        _two_one
  D:0090H         PUBLIC        P1
  C:713AH         PUBLIC        _validar_clk
  C:A654H         PUBLIC        _wr_clk
  C:60ACH         PUBLIC        _check_fechaOut
  B:00D0H.7       PUBLIC        CY
  C:0003H         PUBLIC        p_ck
  C:873CH         PUBLIC        _check_fechaOut_2
  C:9060H         PUBLIC        _hex_ascii
  X:0234H         PUBLIC        data_clk
  C:A92FH         PUBLIC        cond_ini_clock
  C:8380H         PUBLIC        _Block_read_Clock
  B:0090H.4       PUBLIC        sck
  C:8C0CH         PUBLIC        _Block_read_Clock_Hex
  C:6225H         PUBLIC        _Block_read_clock_ascii
  C:A4C0H         PUBLIC        _hex_bcd
  C:A7D4H         PUBLIC        _bcd_hex
  C:9E5DH         PUBLIC        _ByteHex_Decimal
  C:921DH         PUBLIC        _lee_clk
  C:2FA9H         PUBLIC        _analiza_tiempo
  B:0090H.5       PUBLIC        io
BL51 BANKED LINKER/LOCATER V6.22.2.0                                                  10/01/2020  11:49:11  PAGE 28


  C:9333H         PUBLIC        _Block_write_clock_ascii
  B:0090H.6       PUBLIC        rst
  C:A427H         PUBLIC        _eb_clk
  C:4808H         PUBLIC        _Two_ByteHex_Decimal
  -------         PROC          P_CK
  C:0003H         LINE#         40
  C:0003H         LINE#         41
  C:0003H         LINE#         42
  C:0005H         LINE#         43
  C:0008H         LINE#         44
  C:000AH         LINE#         45
  -------         ENDPROC       P_CK
  -------         PROC          _EB_CLK
  X:00C8H         SYMBOL        dir_clk
  -------         DO            
  X:00C9H         SYMBOL        nbits
  -------         ENDDO         
  C:A427H         LINE#         47
  C:A42CH         LINE#         49
  C:A431H         LINE#         50
  C:A431H         LINE#         51
  C:A43AH         LINE#         52
  C:A43DH         LINE#         53
  C:A43DH         LINE#         54
  C:A43FH         LINE#         55
  C:A441H         LINE#         57
  C:A441H         LINE#         58
  C:A443H         LINE#         59
  C:A443H         LINE#         60
  C:A446H         LINE#         61
  C:A465H         LINE#         62
  -------         ENDPROC       _EB_CLK
  C:9213H         SYMBOL        L?0179
  -------         PROC          L?0178
  -------         ENDPROC       L?0178
  C:9213H         SYMBOL        L?0179
  -------         PROC          _LEE_CLK
  X:00C5H         SYMBOL        dir_clk
  -------         DO            
  X:00C6H         SYMBOL        nbits
  -------         ENDDO         
  C:921DH         LINE#         64
  C:9222H         LINE#         66
  C:9224H         LINE#         67
  C:922BH         LINE#         68
  C:9233H         LINE#         69
  C:924CH         LINE#         70
  C:924CH         LINE#         71
  C:924FH         LINE#         72
  C:924FH         LINE#         73
  C:9256H         LINE#         74
  C:9260H         LINE#         75
  C:9265H         LINE#         76
  C:9265H         LINE#         77
  C:9265H         LINE#         78
  C:9268H         LINE#         79
  C:9268H         LINE#         80
BL51 BANKED LINKER/LOCATER V6.22.2.0                                                  10/01/2020  11:49:11  PAGE 29


  C:926FH         LINE#         81
  C:9280H         LINE#         82
  C:9280H         LINE#         83
  C:9288H         LINE#         84
  C:9288H         LINE#         85
  C:9288H         LINE#         86
  C:928BH         LINE#         87
  C:929BH         LINE#         88
  C:929DH         LINE#         89
  C:92A2H         LINE#         90
  -------         ENDPROC       _LEE_CLK
  -------         PROC          _WR_CLK
  X:0013H         SYMBOL        dir_clk
  X:0014H         SYMBOL        byte
  C:A654H         LINE#         92
  C:A65CH         LINE#         93
  C:A65EH         LINE#         94
  C:A665H         LINE#         95
  C:A66DH         LINE#         96
  C:A676H         LINE#         97
  C:A679H         LINE#         98
  C:A67BH         LINE#         100
  -------         ENDPROC       _WR_CLK
  C:A3A6H         SYMBOL        L?0174
  C:A3C4H         SYMBOL        L?0175
  -------         PROC          L?0173
  -------         ENDPROC       L?0173
  C:A3A6H         SYMBOL        L?0174
  C:A3C4H         SYMBOL        L?0175
  -------         PROC          _TWO_ONE
  D:0007H         SYMBOL        byte_h
  D:0005H         SYMBOL        byte_l
  -------         DO            
  D:0007H         SYMBOL        byte_out
  -------         ENDDO         
  C:A3DAH         LINE#         102
  C:A3DAH         LINE#         103
  C:A3DAH         LINE#         105
  C:A3DDH         LINE#         106
  C:A3E1H         LINE#         107
  C:A3E4H         LINE#         108
  C:A3E6H         LINE#         109
  C:A3E6H         LINE#         110
  -------         ENDPROC       _TWO_ONE
  -------         PROC          _VALIDAR_CLK
  D:0001H         SYMBOL        datos_clock
  -------         DO            
  D:0007H         SYMBOL        validador
  -------         ENDDO         
  C:713AH         LINE#         114
  C:713AH         LINE#         115
  C:713AH         LINE#         116
  C:713CH         LINE#         119
  C:7151H         LINE#         120
  C:7151H         LINE#         122
  C:7169H         LINE#         123
  C:7169H         LINE#         125
BL51 BANKED LINKER/LOCATER V6.22.2.0                                                  10/01/2020  11:49:11  PAGE 30


  C:7181H         LINE#         126
  C:7181H         LINE#         127
  C:7199H         LINE#         128
  C:7199H         LINE#         129
  C:71B1H         LINE#         130
  C:71B1H         LINE#         131
  C:71C6H         LINE#         132
  C:71C6H         LINE#         133
  C:71D8H         LINE#         134
  C:71D8H         LINE#         135
  C:71EAH         LINE#         136
  C:71EAH         LINE#         137
  C:71FCH         LINE#         138
  C:71FCH         LINE#         139
  C:720EH         LINE#         140
  C:720EH         LINE#         141
  C:7220H         LINE#         142
  C:7220H         LINE#         143
  C:7230H         LINE#         144
  C:7230H         LINE#         145
  C:7230H         LINE#         146
  C:7230H         LINE#         147
  C:7231H         LINE#         149
  C:7231H         LINE#         150
  C:7233H         LINE#         151
  C:7233H         LINE#         152
  C:7234H         LINE#         154
  C:7234H         LINE#         155
  C:7236H         LINE#         157
  C:7236H         LINE#         158
  C:7237H         LINE#         160
  C:7237H         LINE#         161
  C:7239H         LINE#         163
  C:7239H         LINE#         165
  C:723AH         LINE#         167
  C:723AH         LINE#         168
  C:723CH         LINE#         170
  C:723CH         LINE#         171
  C:723DH         LINE#         173
  C:723DH         LINE#         174
  C:723FH         LINE#         176
  C:723FH         LINE#         177
  C:7240H         LINE#         179
  C:7240H         LINE#         180
  C:7242H         LINE#         182
  C:7242H         LINE#         183
  C:7243H         LINE#         185
  C:7243H         LINE#         186
  C:7245H         LINE#         188
  C:7245H         LINE#         189
  C:7245H         LINE#         191
  C:7246H         LINE#         193
  C:7246H         LINE#         194
  C:7248H         LINE#         196
  C:7248H         LINE#         198
  C:7249H         LINE#         201
  C:7249H         LINE#         202
BL51 BANKED LINKER/LOCATER V6.22.2.0                                                  10/01/2020  11:49:11  PAGE 31


  C:724BH         LINE#         204
  C:724BH         LINE#         206
  C:724CH         LINE#         209
  C:724CH         LINE#         210
  C:724EH         LINE#         212
  C:724EH         LINE#         214
  C:724EH         LINE#         216
  -------         ENDPROC       _VALIDAR_CLK
  -------         PROC          _BLOCK_WRITE_CLOCK_ASCII
  X:0010H         SYMBOL        datos_clock
  C:9333H         LINE#         222
  C:933EH         LINE#         224
  C:933EH         LINE#         228
  C:9348H         LINE#         229
  C:9348H         LINE#         230
  C:9348H         LINE#         231
  C:9348H         LINE#         233
  C:9352H         LINE#         234
  C:935CH         LINE#         235
  C:9366H         LINE#         236
  C:9366H         LINE#         237
  C:9366H         LINE#         238
  C:9366H         LINE#         240
  C:9370H         LINE#         241
  C:9370H         LINE#         242
  C:9370H         LINE#         243
  C:9370H         LINE#         245
  C:937AH         LINE#         246
  C:937AH         LINE#         247
  C:937AH         LINE#         248
  C:937AH         LINE#         250
  C:9384H         LINE#         251
  C:9384H         LINE#         252
  C:9384H         LINE#         253
  C:9384H         LINE#         255
  C:938EH         LINE#         256
  C:9398H         LINE#         257
  C:93A2H         LINE#         258
  C:93ACH         LINE#         260
  -------         ENDPROC       _BLOCK_WRITE_CLOCK_ASCII
  -------         PROC          _BCD_HEX
  D:0007H         SYMBOL        l_data
  -------         DO            
  D:0006H         SYMBOL        temp
  D:0005H         SYMBOL        j
  -------         ENDDO         
  C:A7D4H         LINE#         266
  C:A7D4H         LINE#         267
  C:A7D4H         LINE#         269
  C:A7D6H         LINE#         270
  C:A7DAH         LINE#         271
  C:A7DDH         LINE#         272
  C:A7DFH         LINE#         273
  C:A7DFH         LINE#         274
  C:A7E3H         LINE#         275
  C:A7EAH         LINE#         276
  C:A7EAH         LINE#         277
BL51 BANKED LINKER/LOCATER V6.22.2.0                                                  10/01/2020  11:49:11  PAGE 32


  C:A7EEH         LINE#         278
  C:A7F1H         LINE#         279
  C:A7F1H         LINE#         280
  C:A7F1H         LINE#         281
  -------         ENDPROC       _BCD_HEX
  C:A4B1H         SYMBOL        L?0177
  -------         PROC          L?0176
  -------         ENDPROC       L?0176
  C:A4B1H         SYMBOL        L?0177
  -------         PROC          _HEX_BCD
  D:0007H         SYMBOL        byte
  -------         DO            
  D:0006H         SYMBOL        nibble_h
  D:0005H         SYMBOL        nibble_l
  D:0004H         SYMBOL        k
  D:0007H         SYMBOL        byte_out
  -------         ENDDO         
  C:A4C0H         LINE#         285
  C:A4C0H         LINE#         286
  C:A4C0H         LINE#         291
  C:A4C2H         LINE#         292
  C:A4C3H         LINE#         294
  C:A4C9H         LINE#         295
  C:A4C9H         LINE#         296
  C:A4CAH         LINE#         297
  C:A4CFH         LINE#         298
  C:A4CFH         LINE#         299
  C:A4D0H         LINE#         300
  C:A4D1H         LINE#         301
  C:A4D1H         LINE#         302
  C:A4D4H         LINE#         303
  C:A4D8H         LINE#         304
  C:A4DBH         LINE#         305
  C:A4DEH         LINE#         306
  C:A4E0H         LINE#         307
  C:A4E0H         LINE#         309
  -------         ENDPROC       _HEX_BCD
  -------         PROC          _BYTEHEX_DECIMAL
  D:0001H         SYMBOL        buffer
  D:0005H         SYMBOL        valorhex
  -------         DO            
  X:0037H         SYMBOL        numero
  D:0007H         SYMBOL        centena
  D:0006H         SYMBOL        decena
  -------         ENDDO         
  C:9E5DH         LINE#         315
  C:9E5DH         LINE#         316
  C:9E5DH         LINE#         319
  C:9E5FH         LINE#         320
  C:9E60H         LINE#         321
  C:9E65H         LINE#         323
  C:9E72H         LINE#         324
  C:9E72H         LINE#         325
  C:9E76H         LINE#         326
[...]
  C:9181H         LINE#         244
  -------         ENDPROC       _CARD_INSERCION
  -------         PROC          _MOV_CARD
  X:000EH         SYMBOL        Posicion
  -------         DO            
  D:0003H         SYMBOL        j
  X:000FH         SYMBOL        bcc
  X:0010H         SYMBOL        g_scArrTxComSoft
  -------         ENDDO         
  C:7E4CH         LINE#         255
  C:7E51H         LINE#         256
BL51 BANKED LINKER/LOCATER V6.22.2.0                                                  10/01/2020  11:49:11  PAGE 118


  C:7E51H         LINE#         259
  C:7E54H         LINE#         261
  C:7E74H         LINE#         262
  C:7E74H         LINE#         263
  C:7E7BH         LINE#         264
  C:7E7BH         LINE#         265
  C:7E81H         LINE#         266
  C:7E83H         LINE#         267
  C:7E8AH         LINE#         268
  C:7E8AH         LINE#         269
  C:7E90H         LINE#         270
  C:7E92H         LINE#         271
  C:7E99H         LINE#         272
  C:7E99H         LINE#         273
  C:7E9FH         LINE#         274
  C:7EA1H         LINE#         275
  C:7EA8H         LINE#         276
  C:7EA8H         LINE#         277
  C:7EAEH         LINE#         278
  C:7EB0H         LINE#         279
  C:7EB7H         LINE#         280
  C:7EB7H         LINE#         281
  C:7EC0H         LINE#         282
  C:7EC0H         LINE#         284
  C:7EC6H         LINE#         285
  C:7EC9H         LINE#         286
  C:7ECBH         LINE#         287
  C:7ECFH         LINE#         288
  C:7ED3H         LINE#         289
  C:7ED7H         LINE#         290
  C:7EDFH         LINE#         291
  C:7EE3H         LINE#         292
  C:7EEFH         LINE#         293
  C:7EEFH         LINE#         294
  C:7F03H         LINE#         295
  C:7F06H         LINE#         296
  C:7F0EH         LINE#         297
  C:7F10H         LINE#         298
  C:7F15H         LINE#         299
  C:7F24H         LINE#         300
  C:7F2FH         LINE#         301
  C:7F35H         LINE#         302
  C:7F35H         LINE#         304
  -------         ENDPROC       _MOV_CARD
  -------         PROC          AUT_CARD_CHECK_STATUS
  -------         DO            
  D:0003H         SYMBOL        j
  X:000EH         SYMBOL        bcc
  X:000FH         SYMBOL        g_scArrTxComSoft
  -------         ENDDO         
  C:9981H         LINE#         310
  C:9981H         LINE#         311
  C:9981H         LINE#         314
  C:9986H         LINE#         316
  C:998FH         LINE#         318
  C:9995H         LINE#         319
  C:9998H         LINE#         320
BL51 BANKED LINKER/LOCATER V6.22.2.0                                                  10/01/2020  11:49:11  PAGE 119


  C:999AH         LINE#         321
  C:999EH         LINE#         322
  C:99A2H         LINE#         323
  C:99A6H         LINE#         324
  C:99AAH         LINE#         325
  C:99AEH         LINE#         326
  C:99BAH         LINE#         327
  C:99BAH         LINE#         328
  C:99CEH         LINE#         329
  C:99D1H         LINE#         330
  C:99D9H         LINE#         331
  C:99DBH         LINE#         332
  C:99E0H         LINE#         333
  C:99EFH         LINE#         334
  C:99FAH         LINE#         335
  C:9A00H         LINE#         336
  -------         ENDPROC       AUT_CARD_CHECK_STATUS
  -------         PROC          DWLOAD_EEPROM
  -------         DO            
  D:0003H         SYMBOL        j
  X:0002H         SYMBOL        bcc
  X:0003H         SYMBOL        g_scArrTxComSoft
  -------         ENDDO         
  C:8ABCH         LINE#         342
  C:8ABCH         LINE#         343
  C:8ABCH         LINE#         346
  C:8AC1H         LINE#         347
  C:8ACAH         LINE#         349
  C:8AD0H         LINE#         350
  C:8AD3H         LINE#         351
  C:8AD5H         LINE#         352
  C:8AD9H         LINE#         353
  C:8ADDH         LINE#         354
  C:8AE1H         LINE#         355
  C:8AE5H         LINE#         356
  C:8AE8H         LINE#         357
  C:8AECH         LINE#         358
  C:8AEFH         LINE#         359
  C:8AF2H         LINE#         360
  C:8AF6H         LINE#         361
  C:8AFAH         LINE#         362
  C:8AFEH         LINE#         363
  C:8B02H         LINE#         364
  C:8B06H         LINE#         365
  C:8B0AH         LINE#         366
  C:8B0EH         LINE#         367
  C:8B12H         LINE#         369
  C:8B1EH         LINE#         370
  C:8B1EH         LINE#         371
  C:8B32H         LINE#         372
  C:8B35H         LINE#         373
  C:8B3DH         LINE#         374
  C:8B3FH         LINE#         375
  C:8B44H         LINE#         376
  C:8B53H         LINE#         377
  C:8B5EH         LINE#         378
  C:8B64H         LINE#         379
BL51 BANKED LINKER/LOCATER V6.22.2.0                                                  10/01/2020  11:49:11  PAGE 120


  -------         ENDPROC       DWLOAD_EEPROM
  -------         PROC          LOADVERIFY_EEPROM
  -------         DO            
  D:0003H         SYMBOL        j
  X:000EH         SYMBOL        bcc
  X:000FH         SYMBOL        g_scArrTxComSoft
  -------         ENDDO         
  C:9182H         LINE#         385
  C:9182H         LINE#         386
  C:9182H         LINE#         389
  C:9187H         LINE#         390
  C:9190H         LINE#         393
  C:9196H         LINE#         394
  C:9199H         LINE#         395
  C:919BH         LINE#         396
  C:919FH         LINE#         397
  C:91A3H         LINE#         398
  C:91A7H         LINE#         399
  C:91ABH         LINE#         400
  C:91AEH         LINE#         401
  C:91B2H         LINE#         402
  C:91B5H         LINE#         403
  C:91B8H         LINE#         404
  C:91BCH         LINE#         405
  C:91C0H         LINE#         409
  C:91CCH         LINE#         410
  C:91CCH         LINE#         411
  C:91E0H         LINE#         412
  C:91E3H         LINE#         413
  C:91EBH         LINE#         414
  C:91EDH         LINE#         415
  C:91F2H         LINE#         416
  C:9201H         LINE#         417
  C:920CH         LINE#         418
  C:9212H         LINE#         420
  -------         ENDPROC       LOADVERIFY_EEPROM
  -------         PROC          _RD_MF
  X:000EH         SYMBOL        Sector
  X:000FH         SYMBOL        Bloque
  -------         DO            
  D:0003H         SYMBOL        j
  X:0010H         SYMBOL        bcc
  X:0011H         SYMBOL        g_scArrTxComSoft
  -------         ENDDO         
  C:8444H         LINE#         426
  C:844CH         LINE#         427
  C:844CH         LINE#         431
  C:844FH         LINE#         433
  C:8458H         LINE#         434
  C:8460H         LINE#         436
  C:8469H         LINE#         437
  C:8471H         LINE#         438
  C:847AH         LINE#         441
  C:8480H         LINE#         442
  C:8483H         LINE#         443
  C:8485H         LINE#         444
  C:8489H         LINE#         445
BL51 BANKED LINKER/LOCATER V6.22.2.0                                                  10/01/2020  11:49:11  PAGE 121


  C:848DH         LINE#         446
  C:8491H         LINE#         447
  C:8495H         LINE#         448
  C:8498H         LINE#         449
  C:849CH         LINE#         450
  C:84A4H         LINE#         451
  C:84ACH         LINE#         452
  C:84B0H         LINE#         453
  C:84B4H         LINE#         455
  C:84C0H         LINE#         456
  C:84C0H         LINE#         457
  C:84D4H         LINE#         458
  C:84D7H         LINE#         459
  C:84DFH         LINE#         462
  C:84E1H         LINE#         463
  C:84E6H         LINE#         464
  C:84F5H         LINE#         465
  C:8500H         LINE#         466
  C:8506H         LINE#         468
  -------         ENDPROC       _RD_MF
  -------         PROC          _WR_MF
  X:000EH         SYMBOL        Sector
  X:000FH         SYMBOL        Bloque
  X:0010H         SYMBOL        buffer
  -------         DO            
  X:0013H         SYMBOL        j
  X:0014H         SYMBOL        bcc
  X:0015H         SYMBOL        g_scArrTxComSoft
  -------         ENDDO         
  C:5F31H         LINE#         475
  C:5F42H         LINE#         477
  C:5F42H         LINE#         480
  C:5F47H         LINE#         482
  C:5F50H         LINE#         483
  C:5F58H         LINE#         485
  C:5F61H         LINE#         486
  C:5F69H         LINE#         487
  C:5F72H         LINE#         489
  C:5F78H         LINE#         490
  C:5F7BH         LINE#         491
  C:5F7DH         LINE#         492
  C:5F81H         LINE#         494
  C:5F85H         LINE#         495
  C:5F89H         LINE#         496
  C:5F8DH         LINE#         497
  C:5F90H         LINE#         498
  C:5F94H         LINE#         499
  C:5F9DH         LINE#         500
  C:5FA5H         LINE#         501
  C:5FA9H         LINE#         503
  C:5FAEH         LINE#         504
  C:5FAEH         LINE#         509
  C:5FB1H         LINE#         510
  C:5FB3H         LINE#         511
  C:5FB5H         LINE#         512
  C:5FB7H         LINE#         513
  C:5FB9H         LINE#         518
BL51 BANKED LINKER/LOCATER V6.22.2.0                                                  10/01/2020  11:49:11  PAGE 122


  C:5FBBH         LINE#         519
  C:5FBDH         LINE#         520
  C:5FBFH         LINE#         525
  C:5FD4H         LINE#         526
  C:5FD4H         LINE#         527
  C:5FD5H         LINE#         528
  C:5FD7H         LINE#         530
  C:5FD7H         LINE#         531
  C:5FECH         LINE#         532
  C:5FECH         LINE#         536
  C:5FF6H         LINE#         541
  C:6009H         LINE#         542
  C:6009H         LINE#         543
  C:6009H         LINE#         544
  C:6009H         LINE#         546
  C:6009H         LINE#         547
  C:600FH         LINE#         548
  C:600FH         LINE#         553
  C:6014H         LINE#         554
  C:6016H         LINE#         555
  C:6018H         LINE#         556
  C:601AH         LINE#         557
  C:601CH         LINE#         559
  C:601EH         LINE#         561
  C:601EH         LINE#         562
  C:6032H         LINE#         563
  C:6032H         LINE#         564
  C:603EH         LINE#         565
  C:6046H         LINE#         566
  C:6046H         LINE#         571
  C:604CH         LINE#         573
  C:605FH         LINE#         574
  C:605FH         LINE#         575
  C:6074H         LINE#         576
  C:607CH         LINE#         577
  C:6084H         LINE#         580
  C:6086H         LINE#         581
  C:608BH         LINE#         582
  C:609AH         LINE#         583
  C:60A5H         LINE#         584
  C:60ABH         LINE#         586
  -------         ENDPROC       _WR_MF
  -------         PROC          UNIQUE_IDENTIFIER_UID
  -------         DO            
  D:0003H         SYMBOL        j
  X:000EH         SYMBOL        bcc
  X:000FH         SYMBOL        g_scArrTxComSoft
  -------         ENDDO         
  C:95E8H         LINE#         591
  C:95E8H         LINE#         592
  C:95E8H         LINE#         595
  C:95EDH         LINE#         597
  C:95F6H         LINE#         599
  C:95FCH         LINE#         600
  C:95FFH         LINE#         601
  C:9601H         LINE#         602
  C:9605H         LINE#         603
BL51 BANKED LINKER/LOCATER V6.22.2.0                                                  10/01/2020  11:49:11  PAGE 123


  C:9609H         LINE#         604
  C:960DH         LINE#         605
  C:9611H         LINE#         606
  C:9615H         LINE#         607
  C:9619H         LINE#         608
  C:961DH         LINE#         609
  C:9629H         LINE#         610
  C:9629H         LINE#         611
  C:963DH         LINE#         612
  C:9640H         LINE#         613
  C:9648H         LINE#         614
  C:964AH         LINE#         615
  C:964FH         LINE#         616
  C:965EH         LINE#         617
  C:9669H         LINE#         618
  C:966FH         LINE#         619
  -------         ENDPROC       UNIQUE_IDENTIFIER_UID
  -------         PROC          POWER_OFF
  -------         DO            
  D:0003H         SYMBOL        j
  X:000EH         SYMBOL        bcc
  X:000FH         SYMBOL        g_scArrTxComSoft
  -------         ENDDO         
  C:9A01H         LINE#         620
  C:9A01H         LINE#         621
  C:9A01H         LINE#         624
  C:9A06H         LINE#         626
  C:9A0FH         LINE#         628
  C:9A15H         LINE#         629
  C:9A18H         LINE#         630
  C:9A1AH         LINE#         631
  C:9A1EH         LINE#         632
  C:9A22H         LINE#         633
  C:9A26H         LINE#         634
  C:9A2AH         LINE#         635
  C:9A2EH         LINE#         636
  C:9A3AH         LINE#         637
  C:9A3AH         LINE#         638
  C:9A4EH         LINE#         639
  C:9A51H         LINE#         640
  C:9A59H         LINE#         641
  C:9A5BH         LINE#         642
  C:9A60H         LINE#         643
  C:9A6FH         LINE#         644
  C:9A7AH         LINE#         645
  C:9A80H         LINE#         648
  -------         ENDPROC       POWER_OFF
  -------         ENDMOD        LINTECH

  -------         MODULE        ?C?FPADD
  C:1D28H         PUBLIC        ?C?FPADD
  C:1D24H         PUBLIC        ?C?FPSUB
  -------         ENDMOD        ?C?FPADD

  -------         MODULE        ?C?FPMUL
  C:1E19H         PUBLIC        ?C?FPMUL
  -------         ENDMOD        ?C?FPMUL
BL51 BANKED LINKER/LOCATER V6.22.2.0                                                  10/01/2020  11:49:11  PAGE 124



  -------         MODULE        ?C?FCAST
  C:1F29H         PUBLIC        ?C?FCASTC
  C:1F24H         PUBLIC        ?C?FCASTI
  C:1F1FH         PUBLIC        ?C?FCASTL
  -------         ENDMOD        ?C?FCAST

  -------         MODULE        ?C?CASTF
  C:1F5DH         PUBLIC        ?C?CASTF
  -------         ENDMOD        ?C?CASTF

  -------         MODULE        PRINTF
  X:00B0H         PUBLIC        ?_PRINTF?BYTE
  X:00B0H         PUBLIC        ?_SPRINTF?BYTE
  C:354BH         PUBLIC        _PRINTF
  C:3545H         PUBLIC        _SPRINTF
  -------         ENDMOD        PRINTF

  -------         MODULE        POW
  X:0043H         PUBLIC        ?_pow?BYTE
  C:6393H         PUBLIC        _pow
  -------         ENDMOD        POW

  -------         MODULE        ?C?CHKFLOAT
  C:1FDEH         PUBLIC        ?C?CHKFLOAT
  -------         ENDMOD        ?C?CHKFLOAT

  -------         MODULE        ?C?FPCMP
  C:1FFAH         PUBLIC        ?C?FPCMP
  C:1FF8H         PUBLIC        ?C?FPCMP3
  -------         ENDMOD        ?C?FPCMP

  -------         MODULE        ?C?FPNEG
  C:2071H         PUBLIC        ?C?FPNEG
  -------         ENDMOD        ?C?FPNEG

  -------         MODULE        ?C?FPROUND
  C:2082H         PUBLIC        ?C?FPROUND
  -------         ENDMOD        ?C?FPROUND

  -------         MODULE        ?C?FPCONVERT
  C:20BFH         PUBLIC        ?C?FPCONVERT
  -------         ENDMOD        ?C?FPCONVERT

  -------         MODULE        EXP
  C:8F69H         PUBLIC        _EXP
  -------         ENDMOD        EXP

  -------         MODULE        LOG
  C:6CEAH         PUBLIC        _LOG
  C:6CE6H         PUBLIC        _LOG10
  -------         ENDMOD        LOG

  -------         MODULE        ?C?FPDIV
  C:21C7H         PUBLIC        ?C?FPDIV
  -------         ENDMOD        ?C?FPDIV

BL51 BANKED LINKER/LOCATER V6.22.2.0                                                  10/01/2020  11:49:11  PAGE 125


  -------         MODULE        ?C?FTNPWR
  C:2294H         PUBLIC        ?C?FTNPWR
  -------         ENDMOD        ?C?FTNPWR

  -------         MODULE        ?C?COPY
  C:23F1H         PUBLIC        ?C?COPY
  -------         ENDMOD        ?C?COPY

  -------         MODULE        ?C?CLDPTR
  C:2417H         PUBLIC        ?C?CLDPTR
  -------         ENDMOD        ?C?CLDPTR

  -------         MODULE        ?C?CLDOPTR
  C:2430H         PUBLIC        ?C?CLDOPTR
  -------         ENDMOD        ?C?CLDOPTR

  -------         MODULE        ?C?CSTPTR
  C:245DH         PUBLIC        ?C?CSTPTR
  -------         ENDMOD        ?C?CSTPTR

  -------         MODULE        ?C?CSTOPTR
  C:246FH         PUBLIC        ?C?CSTOPTR
  -------         ENDMOD        ?C?CSTOPTR

  -------         MODULE        ?C?IMUL
  C:2491H         PUBLIC        ?C?IMUL
  -------         ENDMOD        ?C?IMUL

  -------         MODULE        ?C?UIDIV
  C:24A3H         PUBLIC        ?C?UIDIV
  -------         ENDMOD        ?C?UIDIV

  -------         MODULE        ?C?IILDX
  C:24F8H         PUBLIC        ?C?IILDX
  -------         ENDMOD        ?C?IILDX

  -------         MODULE        ?C?LNEG
  C:250EH         PUBLIC        ?C?LNEG
  -------         ENDMOD        ?C?LNEG

  -------         MODULE        ?C?ULCMP
  C:251CH         PUBLIC        ?C?ULCMP
  -------         ENDMOD        ?C?ULCMP

  -------         MODULE        ?C?LLDCODE
  C:252DH         PUBLIC        ?C?LLDCODE
  -------         ENDMOD        ?C?LLDCODE

  -------         MODULE        ?C?LLDXDATA0
  C:253DH         PUBLIC        ?C?LLDXDATA0
  -------         ENDMOD        ?C?LLDXDATA0

  -------         MODULE        ?C?LLDCODE0
  C:2549H         PUBLIC        ?C?LLDCODE0
  -------         ENDMOD        ?C?LLDCODE0

  -------         MODULE        ?C?LSTXDATA
BL51 BANKED LINKER/LOCATER V6.22.2.0                                                  10/01/2020  11:49:11  PAGE 126


  C:2559H         PUBLIC        ?C?LSTXDATA
  -------         ENDMOD        ?C?LSTXDATA

  -------         MODULE        ?C?LSTKXDATA
  C:2565H         PUBLIC        ?C?LSTKXDATA
  -------         ENDMOD        ?C?LSTKXDATA

  -------         MODULE        ?C?PLDIXDATA
  C:2596H         PUBLIC        ?C?PLDIXDATA
  -------         ENDMOD        ?C?PLDIXDATA

  -------         MODULE        ?C?PSTXDATA
  C:25ADH         PUBLIC        ?C?PSTXDATA
  -------         ENDMOD        ?C?PSTXDATA

  -------         MODULE        ?C?CCASE
  C:25B6H         PUBLIC        ?C?CCASE
  -------         ENDMOD        ?C?CCASE

  -------         MODULE        STRCAT
  X:005AH         PUBLIC        ?_strcat?BYTE
  C:9D2AH         PUBLIC        _strcat
  -------         ENDMOD        STRCAT

  -------         MODULE        ?C?STRCMP
  C:275AH         PUBLIC        ?C?STRCMP
  -------         ENDMOD        ?C?STRCMP

  -------         MODULE        ?C?STRCPY
  C:2843H         PUBLIC        ?C?STRCPY
  -------         ENDMOD        ?C?STRCPY

  -------         MODULE        STRLEN
  C:000EH         PUBLIC        _STRLEN
  -------         ENDMOD        STRLEN

  -------         MODULE        STRTOK
  X:0078H         PUBLIC        ?_strtok?BYTE
  C:7F36H         PUBLIC        _strtok
  -------         ENDMOD        STRTOK

  -------         MODULE        ATOI
  C:80F8H         PUBLIC        _atoi
  -------         ENDMOD        ATOI

  -------         MODULE        ?C?ILDIX
  C:2860H         PUBLIC        ?C?ILDIX
  -------         ENDMOD        ?C?ILDIX

  -------         MODULE        ISDIGIT
  C:A8F8H         PUBLIC        _isdigit
  -------         ENDMOD        ISDIGIT

  -------         MODULE        ISSPACE
  C:A858H         PUBLIC        _isspace
  -------         ENDMOD        ISSPACE

BL51 BANKED LINKER/LOCATER V6.22.2.0                                                  10/01/2020  11:49:11  PAGE 127


  -------         MODULE        STRSPN
  X:007EH         PUBLIC        ?_strspn?BYTE
  C:977CH         PUBLIC        _strspn
  -------         ENDMOD        STRSPN

  -------         MODULE        STRPBRK
  X:007EH         PUBLIC        ?_strpbrk?BYTE
  C:9800H         PUBLIC        _strpbrk
  -------         ENDMOD        STRPBRK

Program Size: data=128.7 xdata=567 code=43385
LINK/LOCATE RUN COMPLETE.  0 WARNING(S),  0 ERROR(S)
