BL51 BANKED LINKER/LOCATER V6.22.2.0                                                    09/02/2020  07:28:03  PAGE 1


BL51 BANKED LINKER/LOCATER V6.22.2.0, INVOKED BY:
C:\KEIL_V5\C51\BIN\BL51.EXE .\Objects\main.obj, .\Objects\Accescan.obj, .\Objects\Clock.obj, .\Objects\delay.obj, .\Obje
>> cts\eeprom.obj, .\Objects\io_sensores.obj, .\Objects\pantallas.obj, .\Objects\prog.obj, .\Objects\pto_paralelo.obj, .
>> \Objects\tibbo.obj, .\Objects\uart.obj, .\Objects\verificador.obj, .\Objects\lintech.obj TO .\Objects\verificador_v_0
>> 1_raspberry PRINT (.\Listings\verificador_v_01_raspberry.m51) RAMSIZE (256)


MEMORY MODEL: LARGE WITH FLOATING POINT ARITHMETIC


INPUT MODULES INCLUDED:
  .\Objects\main.obj (MAIN)
  .\Objects\Accescan.obj (ACCESCAN)
  .\Objects\Clock.obj (CLOCK)
  .\Objects\delay.obj (DELAY)
  .\Objects\eeprom.obj (EEPROM)
  .\Objects\io_sensores.obj (IO_SENSORES)
  .\Objects\pantallas.obj (PANTALLAS)
  .\Objects\prog.obj (PROG)
  .\Objects\pto_paralelo.obj (PTO_PARALELO)
  .\Objects\tibbo.obj (TIBBO)
  .\Objects\uart.obj (UART)
  .\Objects\verificador.obj (VERIFICADOR)
  .\Objects\lintech.obj (LINTECH)
  C:\KEIL_V5\C51\LIB\C51FPL.LIB (?C?FPADD)
  C:\KEIL_V5\C51\LIB\C51FPL.LIB (?C?FPMUL)
  C:\KEIL_V5\C51\LIB\C51FPL.LIB (?C?FCAST)
  C:\KEIL_V5\C51\LIB\C51FPL.LIB (?C?CASTF)
  C:\KEIL_V5\C51\LIB\C51FPL.LIB (PRINTF)
  C:\KEIL_V5\C51\LIB\C51FPL.LIB (POW)
  C:\KEIL_V5\C51\LIB\C51FPL.LIB (?C?FPGETOPN)
  C:\KEIL_V5\C51\LIB\C51FPL.LIB (?C?CHKFLOAT)
  C:\KEIL_V5\C51\LIB\C51FPL.LIB (?C?FPCMP)
  C:\KEIL_V5\C51\LIB\C51FPL.LIB (?C?FPNEG)
  C:\KEIL_V5\C51\LIB\C51FPL.LIB (?C?FPROUND)
  C:\KEIL_V5\C51\LIB\C51FPL.LIB (?C?FPCONVERT)
  C:\KEIL_V5\C51\LIB\C51FPL.LIB (EXP)
  C:\KEIL_V5\C51\LIB\C51FPL.LIB (LOG)
  C:\KEIL_V5\C51\LIB\C51FPL.LIB (?C?FPDIV)
  C:\KEIL_V5\C51\LIB\C51FPL.LIB (?C?FTNPWR)
  C:\KEIL_V5\C51\LIB\C51FPL.LIB (?C?FPSERIES)
  C:\KEIL_V5\C51\LIB\C51L.LIB (?C_STARTUP)
  C:\KEIL_V5\C51\LIB\C51L.LIB (?C?COPY)
  C:\KEIL_V5\C51\LIB\C51L.LIB (?C?CLDPTR)
  C:\KEIL_V5\C51\LIB\C51L.LIB (?C?CLDOPTR)
  C:\KEIL_V5\C51\LIB\C51L.LIB (?C?CSTPTR)
  C:\KEIL_V5\C51\LIB\C51L.LIB (?C?CSTOPTR)
  C:\KEIL_V5\C51\LIB\C51L.LIB (?C?IMUL)
  C:\KEIL_V5\C51\LIB\C51L.LIB (?C?UIDIV)
  C:\KEIL_V5\C51\LIB\C51L.LIB (?C?IILDX)
  C:\KEIL_V5\C51\LIB\C51L.LIB (?C?LNEG)
  C:\KEIL_V5\C51\LIB\C51L.LIB (?C?ULCMP)
  C:\KEIL_V5\C51\LIB\C51L.LIB (?C?LLDCODE)
  C:\KEIL_V5\C51\LIB\C51L.LIB (?C?LLDXDATA0)
  C:\KEIL_V5\C51\LIB\C51L.LIB (?C?LLDCODE0)
  C:\KEIL_V5\C51\LIB\C51L.LIB (?C?LSTXDATA)
  C:\KEIL_V5\C51\LIB\C51L.LIB (?C?LSTKXDATA)
  C:\KEIL_V5\C51\LIB\C51L.LIB (?C?PLDIXDATA)
BL51 BANKED LINKER/LOCATER V6.22.2.0                                                  09/02/2020  07:28:03  PAGE 2


  C:\KEIL_V5\C51\LIB\C51L.LIB (?C?PSTXDATA)
  C:\KEIL_V5\C51\LIB\C51L.LIB (?C?CCASE)
  C:\KEIL_V5\C51\LIB\C51L.LIB (STRCAT)
  C:\KEIL_V5\C51\LIB\C51L.LIB (?C?STRCMP)
  C:\KEIL_V5\C51\LIB\C51L.LIB (?C?STRCPY)
  C:\KEIL_V5\C51\LIB\C51L.LIB (STRLEN)
  C:\KEIL_V5\C51\LIB\C51L.LIB (STRTOK)
  C:\KEIL_V5\C51\LIB\C51L.LIB (ATOI)
  C:\KEIL_V5\C51\LIB\C51L.LIB (?C_INIT)
  C:\KEIL_V5\C51\LIB\C51L.LIB (?C?ILDIX)
  C:\KEIL_V5\C51\LIB\C51L.LIB (ISDIGIT)
  C:\KEIL_V5\C51\LIB\C51L.LIB (ISSPACE)
  C:\KEIL_V5\C51\LIB\C51L.LIB (STRSPN)
  C:\KEIL_V5\C51\LIB\C51L.LIB (STRPBRK)


LINK MAP OF MODULE:  .\Objects\verificador_v_01_raspberry (MAIN)


            TYPE    BASE      LENGTH    RELOCATION   SEGMENT NAME
            -----------------------------------------------------

            * * * * * * *   D A T A   M E M O R Y   * * * * * * *
            REG     0000H     0008H     ABSOLUTE     "REG BANK 0"
            DATA    0008H     0005H     UNIT         _DATA_GROUP_
            DATA    000DH     0004H     UNIT         ?DT?UART
            IDATA   0011H     0009H     UNIT         ?ID?ACCESCAN
                    001AH     0006H                  *** GAP ***
            BIT     0020H.0   0001H.1   UNIT         _BIT_GROUP_
            BIT     0021H.1   0000H.3   UNIT         ?BI?MAIN
            BIT     0021H.4   0000H.2   UNIT         ?BI?UART
            BIT     0021H.6   0000H.1   UNIT         ?BI?EEPROM
                    0021H.7   0000H.1                *** GAP ***
            IDATA   0022H     0064H     UNIT         ?ID?MAIN
            IDATA   0086H     0001H     UNIT         ?STACK

            * * * * * * *  X D A T A   M E M O R Y  * * * * * * *
            XDATA   0000H     00CBH     UNIT         _XDATA_GROUP_
            XDATA   00CBH     0070H     UNIT         ?XD?MAIN
            XDATA   013BH     0054H     UNIT         ?XD?VERIFICADOR
            XDATA   018FH     004BH     UNIT         ?XD?PROG
            XDATA   01DAH     001EH     UNIT         ?XD?PTO_PARALELO
            XDATA   01F8H     0003H     UNIT         ?XD?_VALIDA_TRAMA_MONITOR?ACCESCAN
            XDATA   01FBH     0003H     UNIT         ?XD?EEPROM
            XDATA   01FEH     0003H     UNIT         ?XD?UART
            XDATA   0201H     0003H     UNIT         ?XD?STRTOK
            XDATA   0204H     0002H     UNIT         ?XD?ACCESCAN
            XDATA   0206H     0001H     UNIT         ?XD?CLOCK
            XDATA   0207H     0001H     UNIT         ?XD?IO_SENSORES
            XDATA   0208H     0001H     UNIT         ?XD?PANTALLAS

            * * * * * * *   C O D E   M E M O R Y   * * * * * * *
            CODE    0000H     0003H     ABSOLUTE     
            CODE    0003H     0008H     UNIT         ?PR?P_CK?CLOCK
            CODE    000BH     0003H     ABSOLUTE     
            CODE    000EH     0015H     UNIT         ?PR?_STRLEN?STRLEN
            CODE    0023H     0003H     ABSOLUTE     
BL51 BANKED LINKER/LOCATER V6.22.2.0                                                  09/02/2020  07:28:03  PAGE 3


            CODE    0026H     0F02H     UNIT         ?CO?PROG
            CODE    0F28H     0B55H     UNIT         ?C?LIB_CODE
            CODE    1A7DH     0A89H     UNIT         ?PR?SECUENCIAEXPEDIDOR?VERIFICADOR
            CODE    2506H     0665H     UNIT         ?CO?VERIFICADOR
            CODE    2B6BH     0537H     UNIT         ?PR?_ANALIZA_TIEMPO?CLOCK
            CODE    30A2H     0483H     UNIT         ?PR?PRINTF?PRINTF
            CODE    3525H     0431H     UNIT         ?CO?PANTALLAS
            CODE    3956H     0368H     UNIT         ?PR?_PANTALLALCD?PANTALLAS
            CODE    3CBEH     0337H     UNIT         ?PR?_CMD_LPR_SALIDA?ACCESCAN
            CODE    3FF5H     0311H     UNIT         ?PR?_VALIDA_TRAMA_PTO?ACCESCAN
            CODE    4306H     02F5H     UNIT         ?PR?VER_PROG?PROG
            CODE    45FBH     02D0H     UNIT         ?PR?_TWO_BYTEHEX_DECIMAL?CLOCK
            CODE    48CBH     02CDH     UNIT         ?PR?_TRAMA_PTO_PARALELO_NEW?PTO_PARALELO
            CODE    4B98H     02B7H     UNIT         ?PR?_PROG_HORARIO_DIAS?PROG
            CODE    4E4FH     0208H     UNIT         ?PR?MENU?PROG
            CODE    5057H     01FEH     UNIT         ?PR?_HASH_ID?PROG
            CODE    5255H     01FAH     UNIT         ?PR?_PROG_HORARIO_DESDE_HASTA?PROG
            CODE    544FH     01F5H     UNIT         ?PR?PROG_FECHA_VENCIMIENTO?PROG
            CODE    5644H     01B3H     UNIT         ?PR?COM_ISR?UART
            CODE    57F7H     01A1H     UNIT         ?PR?_RESPONDE_LECTURA_TARJETA_SECTOR1_BLOQUE2?VERIFICADOR
            CODE    5998H     018CH     UNIT         ?PR?_WR_MF?LINTECH
            CODE    5B24H     0179H     UNIT         ?PR?_CHECK_FECHAOUT?CLOCK
            CODE    5C9DH     016EH     UNIT         ?PR?_BLOCK_READ_CLOCK_ASCII?CLOCK
            CODE    5E0BH     0166H     UNIT         ?PR?_POW?POW
            CODE    5F71H     0162H     UNIT         ?PR?_PANTALLALCD_LINEA_2?PANTALLAS
            CODE    60D3H     0161H     UNIT         ?CO?LINTECH
            CODE    6234H     0146H     UNIT         ?PR?_RESPONDE_LECTURA_TARJETA_SECTOR1_BLOQUE1?VERIFICADOR
            CODE    637AH     0145H     UNIT         ?PR?PROG_HORARIOS?PROG
            CODE    64BFH     0140H     UNIT         ?PR?SECUENCIA_INICIO_EXPEDIDOR?VERIFICADOR
            CODE    65FFH     013EH     UNIT         ?PR?PROG_SIN_COBRO?PROG
            CODE    673DH     0137H     UNIT         ?PR?VER_HORARIO?PROG
            CODE    6874H     0129H     UNIT         ?PR?LOG?LOG
            CODE    699DH     0128H     UNIT         ?PR?_VER_HORARIO_DIAS?PROG
            CODE    6AC5H     011AH     UNIT         ?PR?_PROG_HORARIOS_ON_OFF?PROG
            CODE    6BDFH     0119H     UNIT         ?PR?_VER_HORARIO_DESDE_HASTA?PROG
            CODE    6CF8H     0115H     UNIT         ?PR?_VALIDAR_CLK?CLOCK
            CODE    6E0DH     0115H     UNIT         ?PR?_RESPONDE_LECTURA_TARJETA_SECTOR1_BLOQUE0?VERIFICADOR
            CODE    6F22H     0110H     UNIT         ?PR?LOAD_AND_SEND_ID_COD?PTO_PARALELO
            CODE    7032H     00FFH     UNIT         ?PR?_TRAMA_PTO_PARALELO_P?PTO_PARALELO
            CODE    7131H     00FEH     UNIT         ?PR?_ARMAR_TRAMA_PTO_PARALELO_EXPEDIDOR_MENSUAL?VERIFICADOR
            CODE    722FH     00FCH     UNIT         ?PR?PROG_DEBUG?PROG
            CODE    732BH     00FCH     UNIT         ?PR?PROG_USE_LPR?PROG
            CODE    7427H     00FCH     UNIT         ?PR?PROG_COMPARACION_ACTIVA?PROG
            CODE    7523H     00FCH     UNIT         ?PR?TIPO_PANTALLA?PROG
            CODE    761FH     00FCH     UNIT         ?PR?DCTO_CAJA?PROG
            CODE    771BH     00F9H     UNIT         ?PR?_BLOQUE_HORARIO?VERIFICADOR
            CODE    7814H     00F1H     UNIT         ?PR?_HORARIOS?VERIFICADOR
            CODE    7905H     00EAH     UNIT         ?PR?_MOV_CARD?LINTECH
            CODE    79EFH     00E4H     UNIT         ?PR?_STRTOK?STRTOK
            CODE    7AD3H     00DBH     UNIT         ?PR?_ATOI?ATOI
            CODE    7BAEH     00D7H     UNIT         ?PR?_ANALIZA_UID_CARD?VERIFICADOR
            CODE    7C85H     00D6H     UNIT         ?PR?_CMD_LPR_SALIDA_WIEGAND?ACCESCAN
            CODE    7D5BH     00C4H     UNIT         ?PR?_BLOCK_READ_CLOCK?CLOCK
            CODE    7E1FH     00C3H     UNIT         ?PR?_RD_MF?LINTECH
            CODE    7EE2H     00BDH     UNIT         ?PR?PROG_COD_PARK?PROG
            CODE    7F9FH     00BDH     UNIT         ?PR?PROG_TIEMPO_GRACIA?PROG
            CODE    805CH     00BBH     UNIT         ?PR?_CHECK_FECHAOUT_2?CLOCK
BL51 BANKED LINKER/LOCATER V6.22.2.0                                                  09/02/2020  07:28:03  PAGE 4


            CODE    8117H     00B6H     UNIT         ?PR?PROG_ID_CLIENTE?PROG
            CODE    81CDH     00B4H     UNIT         ?PR?_SEND_PORT?PTO_PARALELO
            CODE    8281H     00B1H     UNIT         ?C_INITSEG
            CODE    8332H     00AFH     UNIT         ?PR?ERROR_RX_PTO?VERIFICADOR
            CODE    83E1H     00ACH     UNIT         ?PR?_HORA_MAXIMA?VERIFICADOR
            CODE    848DH     00A9H     UNIT         ?PR?DWLOAD_EEPROM?LINTECH
            CODE    8536H     00A7H     UNIT         ?CO?TIBBO
            CODE    85DDH     00A6H     UNIT         ?PR?_BLOCK_READ_CLOCK_HEX?CLOCK
            CODE    8683H     00A6H     UNIT         ?PR?_DEBUG_FECHA_ACTUAL?TIBBO
            CODE    8729H     00A0H     UNIT         ?CO?IO_SENSORES
            CODE    87C9H     009DH     UNIT         ?PR?_INICIALIZA?LINTECH
            CODE    8866H     009CH     UNIT         ?PR?_RECIBE_PORT?PTO_PARALELO
            CODE    8902H     009AH     UNIT         ?PR?EXP?EXP
            CODE    899CH     0095H     UNIT         ?PR?_RECIBE_CMD_MONITOR?ACCESCAN
            CODE    8A31H     0095H     UNIT         ?PR?_VALIDA_TRAMA_MONITOR?ACCESCAN
            CODE    8AC6H     0091H     UNIT         ?PR?_HEX_ASCII?CLOCK
            CODE    8B57H     0091H     UNIT         ?PR?_CARD_INSERCION?LINTECH
            CODE    8BE8H     0091H     UNIT         ?PR?LOADVERIFY_EEPROM?LINTECH
            CODE    8C79H     0090H     UNIT         ?PR?_LEE_CLK?CLOCK
            CODE    8D09H     0090H     UNIT         ?PR?_GETOPTION?PROG
            CODE    8D99H     008FH     UNIT         ?PR?_BLOCK_WRITE_CLOCK_ASCII?CLOCK
            CODE    8E28H     008CH     UNIT         ?C_C51STARTUP
            CODE    8EB4H     0088H     UNIT         ?PR?_SEND_PORTERR?PTO_PARALELO
            CODE    8F3CH     0088H     UNIT         ?PR?RX_DATA?TIBBO
            CODE    8FC4H     0088H     UNIT         ?PR?UNIQUE_IDENTIFIER_UID?LINTECH
            CODE    904CH     0085H     UNIT         ?PR?MAIN?MAIN
            CODE    90D1H     0084H     UNIT         ?PR?_STRSPN?STRSPN
            CODE    9155H     0081H     UNIT         ?PR?_STRPBRK?STRPBRK
            CODE    91D6H     0080H     UNIT         ?PR?MSJ_LCD_INFORMATIVO?IO_SENSORES
            CODE    9256H     0080H     UNIT         ?PR?_INGRESADATO?PROG
            CODE    92D6H     0080H     UNIT         ?PR?AUT_CARD_CHECK_STATUS?LINTECH
            CODE    9356H     0080H     UNIT         ?PR?POWER_OFF?LINTECH
            CODE    93D6H     007CH     UNIT         ?PR?_CHECK_STATUS?LINTECH
            CODE    9452H     0075H     UNIT         ?PR?SHOW?PROG
            CODE    94C7H     0073H     UNIT         ?PR?VALIDASENSORESPASO?IO_SENSORES
            CODE    953AH     0073H     UNIT         ?PR?_DEBUGBUFFERMF?TIBBO
            CODE    95ADH     0071H     UNIT         ?PR?_EN_HORARIO?VERIFICADOR
            CODE    961EH     006FH     UNIT         ?PR?_ESCRIBIRMEMORIA?EEPROM
            CODE    968DH     006BH     UNIT         ?PR?_STRCAT?STRCAT
            CODE    96F8H     0066H     UNIT         ?PR?_LEERMEMORIA?EEPROM
            CODE    975EH     0062H     UNIT         ?PR?_LISTACOMANDOS?PROG
            CODE    97C0H     005EH     UNIT         ?PR?_BYTEHEX_DECIMAL?CLOCK
            CODE    981EH     005BH     UNIT         ?PR?_RASPBERRY_DATA?PANTALLAS
            CODE    9879H     0057H     UNIT         ?PR?RELOJ_PANTALLA_LCD?PANTALLAS
            CODE    98D0H     0056H     UNIT         ?PR?_WR_EEPROM?EEPROM
            CODE    9926H     0056H     UNIT         ?PR?VARIABLE_INICIO?EEPROM
            CODE    997CH     004DH     UNIT         ?PR?L_D_M?EEPROM
            CODE    99C9H     004BH     UNIT         ?PR?_TX_AUX?TIBBO
            CODE    9A14H     0048H     UNIT         ?PR?FIRST_CLAVE?PROG
            CODE    9A5CH     0048H     UNIT         ?PR?_DEBUG_PTO_PARALELO?TIBBO
            CODE    9AA4H     0047H     UNIT         ?PR?_DEBUG_CHR_TIBBO?TIBBO
            CODE    9AEBH     0046H     UNIT         ?PR?_ESCRIBIRCADENASOFT_BUFFER?MAIN
            CODE    9B31H     0046H     UNIT         ?PR?_LCD_TXT_NUM_CHAR?PANTALLAS
            CODE    9B77H     0046H     UNIT         ?PR?_DEBUG_HEXDEC?TIBBO
            CODE    9BBDH     0044H     UNIT         ?PR?_LCD_TXT?PANTALLAS
            CODE    9C01H     0044H     UNIT         ?PR?_DEBUG_TXT_TIBBO?TIBBO
            CODE    9C45H     0042H     UNIT         ?PR?_VALIDARCLAVE?PROG
BL51 BANKED LINKER/LOCATER V6.22.2.0                                                  09/02/2020  07:28:03  PAGE 5


            CODE    9C87H     0041H     UNIT         ?PR?_MONITOR_CHR?ACCESCAN
            CODE    9CC8H     0041H     UNIT         ?PR?_TWO_ONE?CLOCK
            CODE    9D09H     0040H     UNIT         ?PR?_GETCMD?PROG
            CODE    9D49H     003FH     UNIT         ?PR?_EB_CLK?CLOCK
            CODE    9D88H     003EH     UNIT         ?PR?_PUTCHAR?MAIN
            CODE    9DC6H     003DH     UNIT         ?PR?_HEX_BCD?CLOCK
            CODE    9E03H     003DH     UNIT         ?PR?_RD_EEPROM?EEPROM
            CODE    9E40H     003BH     UNIT         ?PR?_COM_PUTCHAR?UART
            CODE    9E7BH     003AH     UNIT         ?PR?_DELAY_10MS?DELAY
            CODE    9EB5H     0037H     UNIT         ?PR?TIMER0_INT?MAIN
            CODE    9EECH     0034H     UNIT         ?PR?ADDR_HORARIOS?PROG
            CODE    9F20H     002CH     UNIT         ?PR?LOAD_AND_SEND_INFO_RELOJ?PTO_PARALELO
            CODE    9F4CH     002AH     UNIT         ?PR?COM_INITIALIZE?UART
            CODE    9F76H     0028H     UNIT         ?PR?_WR_CLK?CLOCK
            CODE    9F9EH     0028H     UNIT         ?PR?COM_BAUDRATE?UART
            CODE    9FC6H     0027H     UNIT         ?PR?_TX_CHRLCD?PANTALLAS
            CODE    9FEDH     0026H     UNIT         ?PR?COM_GETCHAR?UART
            CODE    A013H     0024H     UNIT         ?PR?TRAMA_VALIDACION_P_N?VERIFICADOR
            CODE    A037H     0022H     UNIT         ?PR?_E_D_M?EEPROM
            CODE    A059H     0020H     UNIT         ?PR?ACKD?EEPROM
            CODE    A079H     0020H     UNIT         ?PR?ACK_LECT?EEPROM
            CODE    A099H     001FH     UNIT         ?PR?VALIDASENSOR?IO_SENSORES
            CODE    A0B8H     001FH     UNIT         ?PR?VALIDASENSORES_OUT?IO_SENSORES
            CODE    A0D7H     001FH     UNIT         ?PR?TIME_BIT?TIBBO
            CODE    A0F6H     001EH     UNIT         ?PR?_BCD_HEX?CLOCK
            CODE    A114H     001DH     UNIT         ?CO?PTO_PARALELO
            CODE    A131H     001BH     UNIT         ?PR?_DELAY_1MS?DELAY
            CODE    A14CH     0018H     UNIT         ?PR?CLEAR_PLACA?ACCESCAN
            CODE    A164H     0017H     UNIT         ?PR?DISPLAYCURSOR?PROG
            CODE    A17BH     0017H     UNIT         ?PR?TIME_MBIT?TIBBO
            CODE    A192H     0014H     UNIT         ?PR?_ISSPACE?ISSPACE
            CODE    A1A6H     0012H     UNIT         ?PR?_DELAY_20US?DELAY
            CODE    A1B8H     0012H     UNIT         ?PR?START?EEPROM
            CODE    A1CAH     0012H     UNIT         ?PR?DIR_BOARD?IO_SENSORES
            CODE    A1DCH     0012H     UNIT         ?PR?PULSO_BUS?PTO_PARALELO
            CODE    A1EEH     0012H     UNIT         ?PR?COM_RBUFLEN?UART
            CODE    A200H     0012H     UNIT         ?PR?COM_TBUFLEN?UART
            CODE    A212H     0010H     UNIT         ?PR?INI_TIMER?MAIN
            CODE    A222H     0010H     UNIT         ?PR?INICIA_BOARD?MAIN
            CODE    A232H     000FH     UNIT         ?PR?_ISDIGIT?ISDIGIT
            CODE    A241H     000CH     UNIT         ?PR?_GETKEY?MAIN
            CODE    A24DH     000AH     UNIT         ?PR?COND_INI_PTO?PTO_PARALELO
            CODE    A257H     0009H     UNIT         ?PR?STOP?EEPROM
            CODE    A260H     0009H     UNIT         ?PR?DEBUG_DIVIDIR_TEXTO?TIBBO
            CODE    A269H     0007H     UNIT         ?PR?COND_INI_CLOCK?CLOCK
            CODE    A270H     0007H     UNIT         ?PR?SEL_FUNCION?IO_SENSORES
            CODE    A277H     0007H     UNIT         ?PR?SEL_AUTO?IO_SENSORES
            CODE    A27EH     0007H     UNIT         ?PR?SEL_SENSOR2?IO_SENSORES
            CODE    A285H     0007H     UNIT         ?PR?SEL_SENSOR1?IO_SENSORES
            CODE    A28CH     0007H     UNIT         ?PR?SEL_DIR1?IO_SENSORES
            CODE    A293H     0007H     UNIT         ?PR?SEL_DIR2?IO_SENSORES
            CODE    A29AH     0006H     UNIT         ?PR?P_ME?EEPROM
            CODE    A2A0H     0005H     UNIT         ?PR?ON_TIMER0_INTERRUP?MAIN
            CODE    A2A5H     0005H     UNIT         ?CO?ACCESCAN
            CODE    A2AAH     0005H     UNIT         ?PR?COND_INI_TIBBO?TIBBO
            CODE    A2AFH     0003H     UNIT         ?PR?OFF_TIMER0_INTERRUP?MAIN
            CODE    A2B2H     0001H     UNIT         ?PR?DELAY?DELAY
BL51 BANKED LINKER/LOCATER V6.22.2.0                                                  09/02/2020  07:28:03  PAGE 6





OVERLAY MAP OF MODULE:   .\Objects\verificador_v_01_raspberry (MAIN)


SEGMENT                                             BIT_GROUP          DATA_GROUP          XDATA_GROUP
  +--> CALLED SEGMENT                            START    LENGTH     START    LENGTH     START    LENGTH
--------------------------------------------------------------------------------------------------------
?C_C51STARTUP                                    -----    -----      -----    -----      -----    -----
  +--> ?PR?MAIN?MAIN
  +--> ?C_INITSEG

?PR?MAIN?MAIN                                    -----    -----      -----    -----      0000H    0001H
  +--> ?PR?INI_TIMER?MAIN
  +--> ?PR?ON_TIMER0_INTERRUP?MAIN
  +--> ?PR?COM_INITIALIZE?UART
  +--> ?PR?COM_BAUDRATE?UART
  +--> ?PR?INICIA_BOARD?MAIN
  +--> ?PR?TIME_BIT?TIBBO
  +--> ?PR?_DELAY_20US?DELAY
  +--> ?PR?TIME_MBIT?TIBBO
  +--> ?PR?_TX_AUX?TIBBO
  +--> ?PR?SEL_FUNCION?IO_SENSORES
  +--> ?PR?MENU?PROG
  +--> ?PR?VARIABLE_INICIO?EEPROM
  +--> ?PR?SECUENCIA_INICIO_EXPEDIDOR?VERIFI...
  +--> ?PR?_RECIBE_CMD_MONITOR?ACCESCAN
  +--> ?PR?SECUENCIAEXPEDIDOR?VERIFICADOR
  +--> ?PR?_RECIBE_PORT?PTO_PARALELO
  +--> ?PR?_VALIDA_TRAMA_PTO?ACCESCAN
  +--> ?PR?_DEBUG_PTO_PARALELO?TIBBO
  +--> ?PR?MSJ_LCD_INFORMATIVO?IO_SENSORES

?PR?COM_INITIALIZE?UART                          -----    -----      -----    -----      -----    -----
  +--> ?PR?COM_BAUDRATE?UART

?PR?INICIA_BOARD?MAIN                            -----    -----      -----    -----      -----    -----
  +--> ?PR?COND_INI_TIBBO?TIBBO
  +--> ?PR?COND_INI_CLOCK?CLOCK
  +--> ?PR?COND_INI_PTO?PTO_PARALELO

?PR?_TX_AUX?TIBBO                                -----    -----      -----    -----      -----    -----
  +--> ?PR?TIME_BIT?TIBBO

?PR?MENU?PROG                                    -----    -----      -----    -----      0001H    0059H
  +--> ?CO?PROG
  +--> ?PR?PRINTF?PRINTF
  +--> ?PR?_RD_EEPROM?EEPROM
  +--> ?PR?FIRST_CLAVE?PROG
  +--> ?PR?_WR_EEPROM?EEPROM
  +--> ?PR?_LEERMEMORIA?EEPROM
  +--> ?PR?_HASH_ID?PROG
  +--> ?PR?_INGRESADATO?PROG
  +--> ?PR?_GETCMD?PROG
  +--> ?PR?_ESCRIBIRMEMORIA?EEPROM
  +--> ?PR?_VALIDARCLAVE?PROG
BL51 BANKED LINKER/LOCATER V6.22.2.0                                                  09/02/2020  07:28:03  PAGE 7


  +--> ?PR?DISPLAYCURSOR?PROG
  +--> ?PR?_STRLEN?STRLEN
  +--> ?PR?_GETOPTION?PROG
  +--> ?PR?_STRCAT?STRCAT
  +--> ?PR?_LISTACOMANDOS?PROG
  +--> ?PR?PROG_ID_CLIENTE?PROG
  +--> ?PR?PROG_COD_PARK?PROG
  +--> ?PR?PROG_TIEMPO_GRACIA?PROG
  +--> ?PR?PROG_SIN_COBRO?PROG
  +--> ?PR?PROG_DEBUG?PROG
  +--> ?PR?PROG_USE_LPR?PROG
  +--> ?PR?PROG_COMPARACION_ACTIVA?PROG
  +--> ?PR?TIPO_PANTALLA?PROG
  +--> ?PR?DCTO_CAJA?PROG
  +--> ?PR?PROG_HORARIOS?PROG
  +--> ?PR?VER_PROG?PROG
  +--> ?PR?SHOW?PROG
  +--> ?PR?PROG_FECHA_VENCIMIENTO?PROG

?PR?PRINTF?PRINTF                                0020H.0  0001H.1    0008H    0005H      008BH    0030H
  +--> ?PR?_PUTCHAR?MAIN

?PR?_PUTCHAR?MAIN                                -----    -----      -----    -----      00BBH    0003H
  +--> ?PR?_COM_PUTCHAR?UART

?PR?_COM_PUTCHAR?UART                            -----    -----      -----    -----      00BEH    0001H
  +--> ?PR?COM_TBUFLEN?UART

?PR?_RD_EEPROM?EEPROM                            -----    -----      -----    -----      -----    -----
  +--> ?PR?START?EEPROM
  +--> ?PR?ACK_LECT?EEPROM
  +--> ?PR?_E_D_M?EEPROM
  +--> ?PR?ACKD?EEPROM
  +--> ?PR?L_D_M?EEPROM
  +--> ?PR?STOP?EEPROM

?PR?ACK_LECT?EEPROM                              -----    -----      -----    -----      -----    -----
  +--> ?PR?_E_D_M?EEPROM

?PR?_E_D_M?EEPROM                                -----    -----      -----    -----      -----    -----
  +--> ?PR?P_ME?EEPROM

?PR?ACKD?EEPROM                                  -----    -----      -----    -----      -----    -----
  +--> ?PR?_E_D_M?EEPROM

?PR?FIRST_CLAVE?PROG                             -----    -----      -----    -----      005AH    000BH
  +--> ?PR?_BLOCK_READ_CLOCK_ASCII?CLOCK
  +--> ?PR?_HASH_ID?PROG
  +--> ?PR?_ESCRIBIRMEMORIA?EEPROM

?PR?_BLOCK_READ_CLOCK_ASCII?CLOCK                -----    -----      -----    -----      0065H    0003H
  +--> ?PR?_LEE_CLK?CLOCK

?PR?_LEE_CLK?CLOCK                               -----    -----      -----    -----      00C5H    0003H
  +--> ?PR?_DELAY_20US?DELAY
  +--> ?PR?_EB_CLK?CLOCK
  +--> ?PR?P_CK?CLOCK
BL51 BANKED LINKER/LOCATER V6.22.2.0                                                  09/02/2020  07:28:03  PAGE 8



?PR?_EB_CLK?CLOCK                                -----    -----      -----    -----      00C8H    0003H
  +--> ?PR?P_CK?CLOCK

?PR?P_CK?CLOCK                                   -----    -----      -----    -----      -----    -----
  +--> ?PR?DELAY?DELAY

?PR?_HASH_ID?PROG                                -----    -----      -----    -----      0071H    003FH
  +--> ?CO?PROG
  +--> ?PR?_LEERMEMORIA?EEPROM
  +--> ?PR?_CHECK_FECHAOUT_2?CLOCK
  +--> ?PR?_STRLEN?STRLEN

?PR?_LEERMEMORIA?EEPROM                          -----    -----      -----    -----      00B0H    0005H
  +--> ?PR?_RD_EEPROM?EEPROM

?PR?_CHECK_FECHAOUT_2?CLOCK                      -----    -----      -----    -----      00B0H    0012H
  +--> ?PR?_BLOCK_READ_CLOCK_HEX?CLOCK

?PR?_BLOCK_READ_CLOCK_HEX?CLOCK                  -----    -----      -----    -----      00C2H    0003H
  +--> ?PR?_LEE_CLK?CLOCK
  +--> ?PR?_BCD_HEX?CLOCK

?PR?_ESCRIBIRMEMORIA?EEPROM                      -----    -----      -----    -----      0071H    0005H
  +--> ?PR?_WR_EEPROM?EEPROM

?PR?_WR_EEPROM?EEPROM                            -----    -----      -----    -----      -----    -----
  +--> ?PR?START?EEPROM
  +--> ?PR?ACKD?EEPROM
  +--> ?PR?_E_D_M?EEPROM
  +--> ?PR?STOP?EEPROM
  +--> ?PR?_DELAY_1MS?DELAY
  +--> ?PR?_DELAY_20US?DELAY

?PR?_DELAY_1MS?DELAY                             -----    -----      -----    -----      -----    -----
  +--> ?PR?_DELAY_20US?DELAY

?PR?_INGRESADATO?PROG                            -----    -----      -----    -----      0085H    0004H
  +--> ?PR?_GETKEY?MAIN
  +--> ?CO?PROG
  +--> ?PR?PRINTF?PRINTF
  +--> ?PR?_PUTCHAR?MAIN

?PR?_GETKEY?MAIN                                 -----    -----      -----    -----      -----    -----
  +--> ?PR?COM_GETCHAR?UART

?PR?COM_GETCHAR?UART                             -----    -----      -----    -----      -----    -----
  +--> ?PR?COM_RBUFLEN?UART

?PR?_GETCMD?PROG                                 -----    -----      -----    -----      0071H    0007H
  +--> ?CO?PROG
  +--> ?PR?_STRTOK?STRTOK

?PR?_STRTOK?STRTOK                               -----    -----      -----    -----      0078H    0006H
  +--> ?PR?_STRSPN?STRSPN
  +--> ?PR?_STRPBRK?STRPBRK

BL51 BANKED LINKER/LOCATER V6.22.2.0                                                  09/02/2020  07:28:03  PAGE 9


?PR?_STRSPN?STRSPN                               -----    -----      -----    -----      007EH    0008H

?PR?_STRPBRK?STRPBRK                             -----    -----      -----    -----      007EH    0009H

?PR?_VALIDARCLAVE?PROG                           -----    -----      -----    -----      0071H    000AH

?PR?DISPLAYCURSOR?PROG                           -----    -----      -----    -----      -----    -----
  +--> ?CO?PROG
  +--> ?PR?PRINTF?PRINTF

?PR?_GETOPTION?PROG                              -----    -----      -----    -----      005AH    000BH
  +--> ?CO?PROG
  +--> ?PR?_STRTOK?STRTOK

?PR?_STRCAT?STRCAT                               -----    -----      -----    -----      005AH    0009H

?PR?_LISTACOMANDOS?PROG                          -----    -----      -----    -----      005AH    0007H

?PR?PROG_ID_CLIENTE?PROG                         -----    -----      -----    -----      005AH    000CH
  +--> ?PR?_RD_EEPROM?EEPROM
  +--> ?CO?PROG
  +--> ?PR?PRINTF?PRINTF
  +--> ?PR?_INGRESADATO?PROG
  +--> ?PR?_ATOI?ATOI
  +--> ?PR?_WR_EEPROM?EEPROM

?PR?_ATOI?ATOI                                   0020H.0  0000H.1    -----    -----      0085H    0005H
  +--> ?PR?_ISSPACE?ISSPACE
  +--> ?PR?_ISDIGIT?ISDIGIT

?PR?PROG_COD_PARK?PROG                           -----    -----      -----    -----      005AH    000CH
  +--> ?PR?_RD_EEPROM?EEPROM
  +--> ?CO?PROG
  +--> ?PR?PRINTF?PRINTF
  +--> ?PR?_INGRESADATO?PROG
  +--> ?PR?_ATOI?ATOI
  +--> ?PR?_WR_EEPROM?EEPROM

?PR?PROG_TIEMPO_GRACIA?PROG                      -----    -----      -----    -----      005AH    000CH
  +--> ?PR?_RD_EEPROM?EEPROM
  +--> ?CO?PROG
  +--> ?PR?PRINTF?PRINTF
  +--> ?PR?_INGRESADATO?PROG
  +--> ?PR?_ATOI?ATOI
  +--> ?PR?_WR_EEPROM?EEPROM

?PR?PROG_SIN_COBRO?PROG                          -----    -----      -----    -----      005AH    000CH
  +--> ?PR?_RD_EEPROM?EEPROM
  +--> ?CO?PROG
  +--> ?PR?PRINTF?PRINTF
  +--> ?PR?_INGRESADATO?PROG
  +--> ?PR?_ATOI?ATOI
  +--> ?PR?_WR_EEPROM?EEPROM

?PR?PROG_DEBUG?PROG                              -----    -----      -----    -----      005AH    000CH
  +--> ?PR?_RD_EEPROM?EEPROM
  +--> ?CO?PROG
BL51 BANKED LINKER/LOCATER V6.22.2.0                                                  09/02/2020  07:28:03  PAGE 10


  +--> ?PR?PRINTF?PRINTF
  +--> ?PR?_INGRESADATO?PROG
  +--> ?PR?_ATOI?ATOI
  +--> ?PR?_WR_EEPROM?EEPROM

?PR?PROG_USE_LPR?PROG                            -----    -----      -----    -----      005AH    000CH
  +--> ?PR?_RD_EEPROM?EEPROM
  +--> ?CO?PROG
  +--> ?PR?PRINTF?PRINTF
  +--> ?PR?_INGRESADATO?PROG
  +--> ?PR?_ATOI?ATOI
  +--> ?PR?_WR_EEPROM?EEPROM

?PR?PROG_COMPARACION_ACTIVA?PROG                 -----    -----      -----    -----      005AH    000CH
  +--> ?PR?_RD_EEPROM?EEPROM
  +--> ?CO?PROG
  +--> ?PR?PRINTF?PRINTF
  +--> ?PR?_INGRESADATO?PROG
  +--> ?PR?_ATOI?ATOI
  +--> ?PR?_WR_EEPROM?EEPROM

?PR?TIPO_PANTALLA?PROG                           -----    -----      -----    -----      005AH    000CH
  +--> ?PR?_RD_EEPROM?EEPROM
  +--> ?CO?PROG
  +--> ?PR?PRINTF?PRINTF
  +--> ?PR?_INGRESADATO?PROG
  +--> ?PR?_ATOI?ATOI
  +--> ?PR?_WR_EEPROM?EEPROM

?PR?DCTO_CAJA?PROG                               -----    -----      -----    -----      005AH    000CH
  +--> ?PR?_RD_EEPROM?EEPROM
  +--> ?CO?PROG
  +--> ?PR?PRINTF?PRINTF
  +--> ?PR?_INGRESADATO?PROG
  +--> ?PR?_ATOI?ATOI
  +--> ?PR?_WR_EEPROM?EEPROM

?PR?PROG_HORARIOS?PROG                           -----    -----      -----    -----      005AH    001BH
  +--> ?PR?ADDR_HORARIOS?PROG
  +--> ?CO?PROG
  +--> ?PR?PRINTF?PRINTF
  +--> ?PR?_INGRESADATO?PROG
  +--> ?PR?_ATOI?ATOI
  +--> ?PR?_PROG_HORARIOS_ON_OFF?PROG
  +--> ?PR?_WR_EEPROM?EEPROM
  +--> ?PR?_PROG_HORARIO_DIAS?PROG
  +--> ?PR?_PROG_HORARIO_DESDE_HASTA?PROG
  +--> ?PR?_RD_EEPROM?EEPROM

?PR?ADDR_HORARIOS?PROG                           -----    -----      -----    -----      0088H    000BH

?PR?_PROG_HORARIOS_ON_OFF?PROG                   -----    -----      -----    -----      0075H    0010H
  +--> ?PR?_RD_EEPROM?EEPROM
  +--> ?CO?PROG
  +--> ?PR?PRINTF?PRINTF
  +--> ?PR?_INGRESADATO?PROG
  +--> ?PR?_ATOI?ATOI
BL51 BANKED LINKER/LOCATER V6.22.2.0                                                  09/02/2020  07:28:03  PAGE 11


  +--> ?PR?_WR_EEPROM?EEPROM

?PR?_PROG_HORARIO_DIAS?PROG                      -----    -----      -----    -----      0075H    000FH
  +--> ?CO?PROG
  +--> ?PR?PRINTF?PRINTF
  +--> ?PR?_INGRESADATO?PROG
  +--> ?PR?_WR_EEPROM?EEPROM
  +--> ?PR?_RD_EEPROM?EEPROM

?PR?_PROG_HORARIO_DESDE_HASTA?PROG               -----    -----      -----    -----      0075H    000CH
  +--> ?CO?PROG
  +--> ?PR?PRINTF?PRINTF
  +--> ?PR?_INGRESADATO?PROG
  +--> ?PR?_WR_EEPROM?EEPROM
  +--> ?PR?_RD_EEPROM?EEPROM

?PR?VER_PROG?PROG                                -----    -----      -----    -----      005AH    0013H
  +--> ?PR?_RD_EEPROM?EEPROM
  +--> ?CO?PROG
  +--> ?PR?PRINTF?PRINTF
  +--> ?PR?VER_HORARIO?PROG
  +--> ?PR?_LEERMEMORIA?EEPROM
  +--> ?PR?_HEX_ASCII?CLOCK

?PR?VER_HORARIO?PROG                             -----    -----      -----    -----      006DH    001BH
  +--> ?PR?ADDR_HORARIOS?PROG
  +--> ?CO?PROG
  +--> ?PR?PRINTF?PRINTF
  +--> ?PR?_RD_EEPROM?EEPROM
  +--> ?PR?_VER_HORARIO_DIAS?PROG
  +--> ?PR?_VER_HORARIO_DESDE_HASTA?PROG

?PR?_VER_HORARIO_DIAS?PROG                       -----    -----      -----    -----      0088H    0003H
  +--> ?PR?_RD_EEPROM?EEPROM
  +--> ?CO?PROG
  +--> ?PR?PRINTF?PRINTF

?PR?_VER_HORARIO_DESDE_HASTA?PROG                -----    -----      -----    -----      0088H    0002H
  +--> ?CO?PROG
  +--> ?PR?PRINTF?PRINTF
  +--> ?PR?_RD_EEPROM?EEPROM

?PR?_HEX_ASCII?CLOCK                             -----    -----      -----    -----      0071H    0006H
  +--> ?PR?_HEX_BCD?CLOCK

?PR?SHOW?PROG                                    -----    -----      -----    -----      -----    -----
  +--> ?CO?PROG
  +--> ?PR?PRINTF?PRINTF

?PR?PROG_FECHA_VENCIMIENTO?PROG                  -----    -----      -----    -----      005AH    0017H
  +--> ?PR?_LEERMEMORIA?EEPROM
  +--> ?PR?_HEX_ASCII?CLOCK
  +--> ?CO?PROG
  +--> ?PR?PRINTF?PRINTF
  +--> ?PR?_HASH_ID?PROG
  +--> ?PR?_INGRESADATO?PROG
  +--> ?PR?_GETCMD?PROG
BL51 BANKED LINKER/LOCATER V6.22.2.0                                                  09/02/2020  07:28:03  PAGE 12


  +--> ?PR?_ESCRIBIRMEMORIA?EEPROM
  +--> ?PR?_VALIDARCLAVE?PROG
  +--> ?PR?_ATOI?ATOI
  +--> ?PR?_WR_EEPROM?EEPROM

?PR?VARIABLE_INICIO?EEPROM                       -----    -----      -----    -----      -----    -----
  +--> ?PR?_RD_EEPROM?EEPROM

?PR?SECUENCIA_INICIO_EXPEDIDOR?VERIFI...         -----    -----      -----    -----      0001H    0001H
  +--> ?PR?_INICIALIZA?LINTECH
  +--> ?PR?TRAMA_VALIDACION_P_N?VERIFICADOR
  +--> ?CO?VERIFICADOR
  +--> ?PR?_DEBUG_TXT_TIBBO?TIBBO
  +--> ?PR?_DEBUGBUFFERMF?TIBBO
  +--> ?PR?DWLOAD_EEPROM?LINTECH

?PR?_INICIALIZA?LINTECH                          -----    -----      -----    -----      0002H    000CH
  +--> ?CO?LINTECH
  +--> ?PR?_DEBUG_TXT_TIBBO?TIBBO
  +--> ?PR?_DEBUGBUFFERMF?TIBBO
  +--> ?PR?_ESCRIBIRCADENASOFT_BUFFER?MAIN

?PR?_DEBUG_TXT_TIBBO?TIBBO                       -----    -----      -----    -----      004FH    0004H
  +--> ?CO?TIBBO
  +--> ?PR?_TX_AUX?TIBBO

?PR?_DEBUGBUFFERMF?TIBBO                         -----    -----      -----    -----      0049H    0006H
  +--> ?CO?TIBBO
  +--> ?PR?_DEBUG_TXT_TIBBO?TIBBO
  +--> ?PR?_DEBUG_CHR_TIBBO?TIBBO
  +--> ?PR?_TX_AUX?TIBBO

?PR?_DEBUG_CHR_TIBBO?TIBBO                       -----    -----      -----    -----      -----    -----
  +--> ?PR?_TX_AUX?TIBBO

?PR?_ESCRIBIRCADENASOFT_BUFFER?MAIN              -----    -----      -----    -----      0034H    0006H
  +--> ?PR?_PUTCHAR?MAIN

?PR?DWLOAD_EEPROM?LINTECH                        -----    -----      -----    -----      0002H    0016H
  +--> ?CO?LINTECH
  +--> ?PR?_DEBUG_TXT_TIBBO?TIBBO
  +--> ?PR?_DEBUGBUFFERMF?TIBBO
  +--> ?PR?_ESCRIBIRCADENASOFT_BUFFER?MAIN

?PR?_RECIBE_CMD_MONITOR?ACCESCAN                 -----    -----      -----    -----      0001H    0006H
  +--> ?PR?RX_DATA?TIBBO

?PR?RX_DATA?TIBBO                                -----    -----      -----    -----      -----    -----
  +--> ?PR?TIME_MBIT?TIBBO
  +--> ?PR?TIME_BIT?TIBBO

?PR?SECUENCIAEXPEDIDOR?VERIFICADOR               -----    -----      -----    -----      0001H    000DH
  +--> ?PR?_CARD_INSERCION?LINTECH
  +--> ?PR?TRAMA_VALIDACION_P_N?VERIFICADOR
  +--> ?CO?VERIFICADOR
  +--> ?PR?ERROR_RX_PTO?VERIFICADOR
  +--> ?PR?_CHECK_STATUS?LINTECH
BL51 BANKED LINKER/LOCATER V6.22.2.0                                                  09/02/2020  07:28:03  PAGE 13


  +--> ?PR?_DEBUG_TXT_TIBBO?TIBBO
  +--> ?PR?_DEBUGBUFFERMF?TIBBO
  +--> ?PR?VALIDASENSORESPASO?IO_SENSORES
  +--> ?PR?_SEND_PORTERR?PTO_PARALELO
  +--> ?PR?_PANTALLALCD?PANTALLAS
  +--> ?PR?_RD_MF?LINTECH
  +--> ?PR?_RESPONDE_LECTURA_TARJETA_SECTOR1...
  +--> ?PR?_RESPONDE_LECTURA_TARJETA_SECTOR1...
  +--> ?PR?_BLOCK_READ_CLOCK_HEX?CLOCK
  +--> ?PR?_RD_EEPROM?EEPROM
  +--> ?PR?DEBUG_DIVIDIR_TEXTO?TIBBO
  +--> ?PR?_DEBUG_CHR_TIBBO?TIBBO
  +--> ?PR?PRINTF?PRINTF
  +--> ?PR?_ANALIZA_TIEMPO?CLOCK
  +--> ?PR?_CHECK_FECHAOUT?CLOCK
  +--> ?PR?_HORARIOS?VERIFICADOR
  +--> ?PR?_CHECK_FECHAOUT_2?CLOCK
  +--> ?PR?_RESPONDE_LECTURA_TARJETA_SECTOR1...
  +--> ?PR?_WR_MF?LINTECH
  +--> ?PR?_MOV_CARD?LINTECH
  +--> ?PR?VALIDASENSORES_OUT?IO_SENSORES
  +--> ?PR?_TRAMA_PTO_PARALELO_P?PTO_PARALELO
  +--> ?PR?UNIQUE_IDENTIFIER_UID?LINTECH
  +--> ?PR?_ANALIZA_UID_CARD?VERIFICADOR
  +--> ?PR?LOADVERIFY_EEPROM?LINTECH
  +--> ?PR?POWER_OFF?LINTECH
  +--> ?PR?AUT_CARD_CHECK_STATUS?LINTECH

?PR?_CARD_INSERCION?LINTECH                      -----    -----      -----    -----      000EH    000AH
  +--> ?CO?LINTECH
  +--> ?PR?_DEBUG_TXT_TIBBO?TIBBO
  +--> ?PR?_DEBUGBUFFERMF?TIBBO
  +--> ?PR?_ESCRIBIRCADENASOFT_BUFFER?MAIN

?PR?ERROR_RX_PTO?VERIFICADOR                     -----    -----      -----    -----      000EH    0001H
  +--> ?CO?VERIFICADOR
  +--> ?PR?_DEBUG_TXT_TIBBO?TIBBO
  +--> ?PR?_DEBUG_CHR_TIBBO?TIBBO
  +--> ?PR?_DELAY_10MS?DELAY

?PR?_DELAY_10MS?DELAY                            -----    -----      -----    -----      000FH    0004H
  +--> ?PR?_DELAY_1MS?DELAY

?PR?_CHECK_STATUS?LINTECH                        -----    -----      -----    -----      000EH    000BH
  +--> ?CO?LINTECH
  +--> ?PR?_DEBUG_TXT_TIBBO?TIBBO
  +--> ?PR?_DEBUGBUFFERMF?TIBBO
  +--> ?PR?_ESCRIBIRCADENASOFT_BUFFER?MAIN

?PR?VALIDASENSORESPASO?IO_SENSORES               -----    -----      -----    -----      -----    -----
  +--> ?PR?SEL_SENSOR2?IO_SENSORES
  +--> ?PR?VALIDASENSOR?IO_SENSORES
  +--> ?PR?SEL_SENSOR1?IO_SENSORES
  +--> ?PR?SEL_AUTO?IO_SENSORES
  +--> ?CO?IO_SENSORES
  +--> ?PR?_DEBUG_TXT_TIBBO?TIBBO

BL51 BANKED LINKER/LOCATER V6.22.2.0                                                  09/02/2020  07:28:03  PAGE 14


?PR?_SEND_PORTERR?PTO_PARALELO                   -----    -----      -----    -----      0012H    0006H
  +--> ?PR?PULSO_BUS?PTO_PARALELO
  +--> ?PR?_DELAY_20US?DELAY

?PR?PULSO_BUS?PTO_PARALELO                       -----    -----      -----    -----      -----    -----
  +--> ?PR?_DELAY_20US?DELAY

?PR?_PANTALLALCD?PANTALLAS                       -----    -----      -----    -----      0012H    0008H
  +--> ?CO?PANTALLAS
  +--> ?PR?_LCD_TXT?PANTALLAS
  +--> ?PR?_STRLEN?STRLEN
  +--> ?PR?_TX_CHRLCD?PANTALLAS
  +--> ?PR?_RASPBERRY_DATA?PANTALLAS

?PR?_LCD_TXT?PANTALLAS                           -----    -----      -----    -----      003AH    0005H
  +--> ?PR?_TX_CHRLCD?PANTALLAS

?PR?_TX_CHRLCD?PANTALLAS                         -----    -----      -----    -----      003FH    0002H
  +--> ?PR?_PUTCHAR?MAIN

?PR?_RASPBERRY_DATA?PANTALLAS                    -----    -----      -----    -----      003AH    0005H
  +--> ?PR?_STRLEN?STRLEN
  +--> ?PR?_PUTCHAR?MAIN

?PR?_RD_MF?LINTECH                               -----    -----      -----    -----      000EH    0012H
  +--> ?CO?LINTECH
  +--> ?PR?_DEBUG_TXT_TIBBO?TIBBO
  +--> ?PR?_DEBUG_CHR_TIBBO?TIBBO
  +--> ?PR?_DEBUGBUFFERMF?TIBBO
  +--> ?PR?_ESCRIBIRCADENASOFT_BUFFER?MAIN

?PR?_RESPONDE_LECTURA_TARJETA_SECTOR1...         -----    -----      -----    -----      000EH    0004H
  +--> ?CO?VERIFICADOR
  +--> ?PR?_DEBUG_TXT_TIBBO?TIBBO
  +--> ?PR?_DEBUGBUFFERMF?TIBBO
  +--> ?PR?_DEBUG_HEXDEC?TIBBO
  +--> ?PR?_DEBUG_CHR_TIBBO?TIBBO
  +--> ?PR?_SEND_PORTERR?PTO_PARALELO
  +--> ?PR?_PANTALLALCD?PANTALLAS

?PR?_DEBUG_HEXDEC?TIBBO                          -----    -----      -----    -----      0012H    0002H
  +--> ?PR?_TX_AUX?TIBBO

?PR?_RESPONDE_LECTURA_TARJETA_SECTOR1...         -----    -----      -----    -----      000EH    0004H
  +--> ?CO?VERIFICADOR
  +--> ?PR?_DEBUG_TXT_TIBBO?TIBBO
  +--> ?PR?_DEBUGBUFFERMF?TIBBO
  +--> ?PR?_DEBUG_CHR_TIBBO?TIBBO
  +--> ?PR?_SEND_PORTERR?PTO_PARALELO
  +--> ?PR?_PANTALLALCD?PANTALLAS

?PR?DEBUG_DIVIDIR_TEXTO?TIBBO                    -----    -----      -----    -----      -----    -----
  +--> ?CO?TIBBO
  +--> ?PR?_DEBUG_TXT_TIBBO?TIBBO

?PR?_ANALIZA_TIEMPO?CLOCK                        0020H.0  0000H.2    -----    -----      000EH    000FH

BL51 BANKED LINKER/LOCATER V6.22.2.0                                                  09/02/2020  07:28:03  PAGE 15


?PR?_CHECK_FECHAOUT?CLOCK                        -----    -----      -----    -----      000EH    000AH
  +--> ?PR?_BLOCK_READ_CLOCK_HEX?CLOCK
  +--> ?PR?_DEBUG_FECHA_ACTUAL?TIBBO

?PR?_DEBUG_FECHA_ACTUAL?TIBBO                    -----    -----      -----    -----      0018H    0003H
  +--> ?CO?TIBBO
  +--> ?PR?_DEBUG_TXT_TIBBO?TIBBO
  +--> ?PR?_HEX_BCD?CLOCK
  +--> ?PR?_DEBUG_CHR_TIBBO?TIBBO
  +--> ?PR?_TX_AUX?TIBBO

?PR?_HORARIOS?VERIFICADOR                        -----    -----      -----    -----      000EH    0011H
  +--> ?PR?ADDR_HORARIOS?PROG
  +--> ?PR?_RD_EEPROM?EEPROM
  +--> ?PR?_LEE_CLK?CLOCK
  +--> ?CO?VERIFICADOR
  +--> ?PR?_DEBUG_TXT_TIBBO?TIBBO
  +--> ?PR?_DEBUG_CHR_TIBBO?TIBBO
  +--> ?PR?_BLOQUE_HORARIO?VERIFICADOR

?PR?_BLOQUE_HORARIO?VERIFICADOR                  -----    -----      -----    -----      001FH    0007H
  +--> ?CO?VERIFICADOR
  +--> ?PR?_DEBUG_TXT_TIBBO?TIBBO
  +--> ?PR?_LEE_CLK?CLOCK
  +--> ?PR?_DEBUG_CHR_TIBBO?TIBBO
  +--> ?PR?_HORA_MAXIMA?VERIFICADOR
  +--> ?PR?_EN_HORARIO?VERIFICADOR
  +--> ?PR?_RD_EEPROM?EEPROM

?PR?_HORA_MAXIMA?VERIFICADOR                     -----    -----      -----    -----      002BH    0008H
  +--> ?PR?_RD_EEPROM?EEPROM
  +--> ?PR?_DEBUG_CHR_TIBBO?TIBBO
  +--> ?CO?VERIFICADOR
  +--> ?PR?_DEBUG_TXT_TIBBO?TIBBO

?PR?_EN_HORARIO?VERIFICADOR                      -----    -----      -----    -----      0026H    0005H
  +--> ?CO?VERIFICADOR
  +--> ?PR?_DEBUG_TXT_TIBBO?TIBBO
  +--> ?PR?_HORA_MAXIMA?VERIFICADOR

?PR?_RESPONDE_LECTURA_TARJETA_SECTOR1...         -----    -----      -----    -----      000EH    0015H
  +--> ?CO?VERIFICADOR
  +--> ?PR?_DEBUG_TXT_TIBBO?TIBBO
  +--> ?PR?_TRAMA_PTO_PARALELO_NEW?PTO_PARALELO
  +--> ?PR?_ARMAR_TRAMA_PTO_PARALELO_EXPEDID...
  +--> ?PR?_CMD_LPR_SALIDA?ACCESCAN

?PR?_TRAMA_PTO_PARALELO_NEW?PTO_PARALELO         -----    -----      -----    -----      0023H    0026H
  +--> ?PR?_BLOCK_READ_CLOCK_HEX?CLOCK
  +--> ?PR?_SEND_PORT?PTO_PARALELO
  +--> ?PR?DEBUG_DIVIDIR_TEXTO?TIBBO
  +--> ?CO?PTO_PARALELO
  +--> ?PR?_DEBUG_TXT_TIBBO?TIBBO
  +--> ?PR?_DEBUGBUFFERMF?TIBBO

?PR?_SEND_PORT?PTO_PARALELO                      -----    -----      -----    -----      0049H    000AH
  +--> ?PR?PULSO_BUS?PTO_PARALELO
BL51 BANKED LINKER/LOCATER V6.22.2.0                                                  09/02/2020  07:28:03  PAGE 16


  +--> ?PR?_DELAY_20US?DELAY

?PR?_ARMAR_TRAMA_PTO_PARALELO_EXPEDID...         -----    -----      -----    -----      0023H    0003H
  +--> ?PR?_RD_EEPROM?EEPROM
  +--> ?PR?_SEND_PORT?PTO_PARALELO
  +--> ?PR?DEBUG_DIVIDIR_TEXTO?TIBBO
  +--> ?CO?VERIFICADOR
  +--> ?PR?_DEBUG_TXT_TIBBO?TIBBO
  +--> ?PR?_DEBUGBUFFERMF?TIBBO

?PR?_CMD_LPR_SALIDA?ACCESCAN                     -----    -----      -----    -----      0023H    0025H
  +--> ?PR?DIR_BOARD?IO_SENSORES
  +--> ?PR?_BYTEHEX_DECIMAL?CLOCK
  +--> ?PR?_STRLEN?STRLEN
  +--> ?PR?_TWO_BYTEHEX_DECIMAL?CLOCK
  +--> ?PR?_HEX_BCD?CLOCK
  +--> ?PR?_MONITOR_CHR?ACCESCAN

?PR?DIR_BOARD?IO_SENSORES                        -----    -----      -----    -----      -----    -----
  +--> ?PR?SEL_DIR1?IO_SENSORES
  +--> ?PR?SEL_DIR2?IO_SENSORES

?PR?_BYTEHEX_DECIMAL?CLOCK                       -----    -----      -----    -----      0048H    0001H

?PR?_TWO_BYTEHEX_DECIMAL?CLOCK                   -----    -----      -----    -----      0048H    000CH
  +--> ?PR?_POW?POW

?PR?_POW?POW                                     -----    -----      -----    -----      0054H    000AH
  +--> ?PR?LOG?LOG
  +--> ?PR?EXP?EXP

?PR?LOG?LOG                                      0020H.0  0000H.1    -----    -----      005EH    0004H

?PR?_MONITOR_CHR?ACCESCAN                        -----    -----      -----    -----      0048H    0005H
  +--> ?PR?_TX_AUX?TIBBO

?PR?_WR_MF?LINTECH                               -----    -----      -----    -----      000EH    0026H
  +--> ?CO?LINTECH
  +--> ?PR?_DEBUG_TXT_TIBBO?TIBBO
  +--> ?PR?_DEBUG_CHR_TIBBO?TIBBO
  +--> ?PR?DIR_BOARD?IO_SENSORES
  +--> ?PR?_DEBUGBUFFERMF?TIBBO
  +--> ?PR?_ESCRIBIRCADENASOFT_BUFFER?MAIN

?PR?_MOV_CARD?LINTECH                            -----    -----      -----    -----      000EH    000CH
  +--> ?CO?LINTECH
  +--> ?PR?_DEBUG_TXT_TIBBO?TIBBO
  +--> ?PR?_DEBUGBUFFERMF?TIBBO
  +--> ?PR?_ESCRIBIRCADENASOFT_BUFFER?MAIN

?PR?VALIDASENSORES_OUT?IO_SENSORES               -----    -----      -----    -----      -----    -----
  +--> ?PR?SEL_SENSOR2?IO_SENSORES
  +--> ?PR?VALIDASENSOR?IO_SENSORES

?PR?_TRAMA_PTO_PARALELO_P?PTO_PARALELO           -----    -----      -----    -----      000EH    0008H
  +--> ?PR?_SEND_PORT?PTO_PARALELO
  +--> ?PR?DEBUG_DIVIDIR_TEXTO?TIBBO
BL51 BANKED LINKER/LOCATER V6.22.2.0                                                  09/02/2020  07:28:03  PAGE 17


  +--> ?PR?_DEBUGBUFFERMF?TIBBO

?PR?UNIQUE_IDENTIFIER_UID?LINTECH                -----    -----      -----    -----      000EH    000BH
  +--> ?CO?LINTECH
  +--> ?PR?_DEBUG_TXT_TIBBO?TIBBO
  +--> ?PR?_DEBUGBUFFERMF?TIBBO
  +--> ?PR?_ESCRIBIRCADENASOFT_BUFFER?MAIN

?PR?_ANALIZA_UID_CARD?VERIFICADOR                -----    -----      -----    -----      000EH    0004H
  +--> ?CO?VERIFICADOR
  +--> ?PR?_DEBUG_TXT_TIBBO?TIBBO
  +--> ?PR?_DEBUGBUFFERMF?TIBBO
  +--> ?PR?_DEBUG_CHR_TIBBO?TIBBO

?PR?LOADVERIFY_EEPROM?LINTECH                    -----    -----      -----    -----      000EH    0010H
  +--> ?CO?LINTECH
  +--> ?PR?_DEBUG_TXT_TIBBO?TIBBO
  +--> ?PR?_DEBUGBUFFERMF?TIBBO
  +--> ?PR?_ESCRIBIRCADENASOFT_BUFFER?MAIN

?PR?POWER_OFF?LINTECH                            -----    -----      -----    -----      000EH    000BH
  +--> ?CO?LINTECH
  +--> ?PR?_DEBUG_TXT_TIBBO?TIBBO
  +--> ?PR?_DEBUGBUFFERMF?TIBBO
  +--> ?PR?_ESCRIBIRCADENASOFT_BUFFER?MAIN

?PR?AUT_CARD_CHECK_STATUS?LINTECH                -----    -----      -----    -----      000EH    000BH
  +--> ?CO?LINTECH
  +--> ?PR?_DEBUG_TXT_TIBBO?TIBBO
  +--> ?PR?_DEBUGBUFFERMF?TIBBO
  +--> ?PR?_ESCRIBIRCADENASOFT_BUFFER?MAIN

?PR?_RECIBE_PORT?PTO_PARALELO                    -----    -----      -----    -----      0001H    0008H
  +--> ?PR?OFF_TIMER0_INTERRUP?MAIN
  +--> ?PR?ON_TIMER0_INTERRUP?MAIN

?PR?_VALIDA_TRAMA_PTO?ACCESCAN                   -----    -----      -----    -----      0001H    000FH
  +--> ?PR?_RD_EEPROM?EEPROM
  +--> ?PR?_VALIDAR_CLK?CLOCK
  +--> ?PR?_BLOCK_WRITE_CLOCK_ASCII?CLOCK
  +--> ?PR?RELOJ_PANTALLA_LCD?PANTALLAS
  +--> ?PR?_PANTALLALCD?PANTALLAS
  +--> ?CO?ACCESCAN
  +--> ?PR?_DEBUG_TXT_TIBBO?TIBBO
  +--> ?PR?_BYTEHEX_DECIMAL?CLOCK
  +--> ?PR?_TWO_BYTEHEX_DECIMAL?CLOCK
  +--> ?PR?VALIDASENSORESPASO?IO_SENSORES
  +--> ?PR?_CMD_LPR_SALIDA_WIEGAND?ACCESCAN
  +--> ?PR?_PANTALLALCD_LINEA_2?PANTALLAS

?PR?_BLOCK_WRITE_CLOCK_ASCII?CLOCK               -----    -----      -----    -----      0010H    0003H
  +--> ?PR?_TWO_ONE?CLOCK
  +--> ?PR?_WR_CLK?CLOCK

?PR?_WR_CLK?CLOCK                                -----    -----      -----    -----      0013H    0002H
  +--> ?PR?_DELAY_20US?DELAY
  +--> ?PR?_EB_CLK?CLOCK
BL51 BANKED LINKER/LOCATER V6.22.2.0                                                  09/02/2020  07:28:03  PAGE 18



?PR?RELOJ_PANTALLA_LCD?PANTALLAS                 -----    -----      -----    -----      0010H    000DH
  +--> ?CO?PANTALLAS
  +--> ?PR?_BLOCK_READ_CLOCK?CLOCK
  +--> ?PR?_LCD_TXT_NUM_CHAR?PANTALLAS
  +--> ?PR?_RASPBERRY_DATA?PANTALLAS

?PR?_BLOCK_READ_CLOCK?CLOCK                      -----    -----      -----    -----      001DH    0003H
  +--> ?PR?_LEE_CLK?CLOCK

?PR?_LCD_TXT_NUM_CHAR?PANTALLAS                  -----    -----      -----    -----      001DH    0006H
  +--> ?PR?_TX_CHRLCD?PANTALLAS

?PR?_CMD_LPR_SALIDA_WIEGAND?ACCESCAN             -----    -----      -----    -----      0010H    0022H
  +--> ?PR?DIR_BOARD?IO_SENSORES
  +--> ?PR?_BLOCK_READ_CLOCK_ASCII?CLOCK
  +--> ?PR?_MONITOR_CHR?ACCESCAN

?PR?_PANTALLALCD_LINEA_2?PANTALLAS               -----    -----      -----    -----      0010H    002AH
  +--> ?CO?PANTALLAS
  +--> ?PR?_LCD_TXT?PANTALLAS
  +--> ?PR?_STRLEN?STRLEN
  +--> ?PR?_TX_CHRLCD?PANTALLAS
  +--> ?PR?_STRCAT?STRCAT
  +--> ?PR?_RASPBERRY_DATA?PANTALLAS

?PR?_DEBUG_PTO_PARALELO?TIBBO                    -----    -----      -----    -----      0001H    0004H
  +--> ?CO?TIBBO
  +--> ?PR?_DEBUG_TXT_TIBBO?TIBBO
  +--> ?PR?_DEBUGBUFFERMF?TIBBO
  +--> ?PR?_DEBUG_CHR_TIBBO?TIBBO
  +--> ?PR?DEBUG_DIVIDIR_TEXTO?TIBBO

?PR?MSJ_LCD_INFORMATIVO?IO_SENSORES              -----    -----      -----    -----      0001H    0001H
  +--> ?PR?SEL_FUNCION?IO_SENSORES
  +--> ?PR?LOAD_AND_SEND_INFO_RELOJ?PTO_PARA...
  +--> ?PR?LOAD_AND_SEND_ID_COD?PTO_PARALELO
  +--> ?PR?_RD_EEPROM?EEPROM
  +--> ?PR?_SEND_PORTERR?PTO_PARALELO

?PR?LOAD_AND_SEND_INFO_RELOJ?PTO_PARA...         -----    -----      -----    -----      0002H    000BH
  +--> ?PR?_BLOCK_READ_CLOCK?CLOCK
  +--> ?PR?_LEE_CLK?CLOCK
  +--> ?PR?_SEND_PORT?PTO_PARALELO

?PR?LOAD_AND_SEND_ID_COD?PTO_PARALELO            -----    -----      -----    -----      0002H    0011H
  +--> ?CO?PTO_PARALELO
  +--> ?PR?PRINTF?PRINTF
  +--> ?PR?_SEND_PORT?PTO_PARALELO



SYMBOL TABLE OF MODULE:  .\Objects\verificador_v_01_raspberry (MAIN)

  VALUE           TYPE          NAME
  ----------------------------------

BL51 BANKED LINKER/LOCATER V6.22.2.0                                                  09/02/2020  07:28:03  PAGE 19


  -------         MODULE        MAIN
  C:0000H         SYMBOL        _ICE_DUMMY_
  D:0080H         PUBLIC        P0
  D:0090H         PUBLIC        P1
  C:9EB5H         PUBLIC        timer0_int
  D:00B0H         PUBLIC        P3
  B:00A8H.7       PUBLIC        EA
  C:A2AFH         PUBLIC        off_Timer0_Interrup
  X:00F3H         PUBLIC        ValTimeOutCom
  X:00F4H         PUBLIC        Buffer_Rta_Lintech
  X:0126H         PUBLIC        Timer_wait
  X:0127H         PUBLIC        g_cContByteRx
  B:0080H.0       PUBLIC        rx_ip
  B:0080H.3       PUBLIC        Atascado
  C:904CH         PUBLIC        main
  X:0128H         PUBLIC        Timer_tivo
  B:0090H.7       PUBLIC        lock
  I:0022H         PUBLIC        rbuf
  C:A2A0H         PUBLIC        on_Timer0_Interrup
  I:0054H         PUBLIC        tbuf
  B:0090H.1       PUBLIC        DataIn
  D:0089H         PUBLIC        TMOD
  X:012AH         PUBLIC        Debug_Tibbo
  B:0021H.1       PUBLIC        prto_ready
  X:012BH         PUBLIC        Raspberry
  X:012CH         PUBLIC        SIN_COBRO
  X:012EH         PUBLIC        Tipo_Vehiculo
  B:00B0H.3       PUBLIC        busy
  C:A212H         PUBLIC        ini_timer
  B:00A8H.1       PUBLIC        ET0
  B:0088H.5       PUBLIC        TF0
  X:012FH         PUBLIC        COMPARACION_ACTIVA
  D:008CH         PUBLIC        TH0
  X:0130H         PUBLIC        ACK
  X:0131H         PUBLIC        g_cEstadoComSoft
  D:008AH         PUBLIC        TL0
  B:0088H.4       PUBLIC        TR0
  C:A222H         PUBLIC        inicia_board
  X:0132H         PUBLIC        T_GRACIA
  X:0134H         PUBLIC        COD_PARK
  B:0080H.7       PUBLIC        sel_com
  X:0136H         PUBLIC        STX_LINTECH
  C:A241H         PUBLIC        _getkey
  X:0137H         PUBLIC        g_cEstadoComSeqMF
  X:0138H         PUBLIC        ETX
  X:0139H         PUBLIC        ID_CLIENTE
  C:9AEBH         PUBLIC        _EscribirCadenaSoft_buffer
  B:0021H.2       PUBLIC        buffer_ready
  C:9D88H         PUBLIC        _putchar
  B:0021H.3       PUBLIC        placa_ready
  -------         PROC          TIMER0_INT
  C:9EB5H         LINE#         13
  C:9EBBH         LINE#         15
  C:9EC3H         LINE#         16
  C:9EC3H         LINE#         17
  C:9EC5H         LINE#         18
  C:9EC7H         LINE#         19
BL51 BANKED LINKER/LOCATER V6.22.2.0                                                  09/02/2020  07:28:03  PAGE 20


  C:9EC9H         LINE#         21
  C:9EC9H         LINE#         22
  C:9ECFH         LINE#         23
  C:9ED5H         LINE#         24
  C:9EE3H         LINE#         25
  C:9EE5H         LINE#         26
  C:9EE5H         LINE#         27
  -------         ENDPROC       TIMER0_INT
  -------         PROC          INI_TIMER
  C:A212H         LINE#         30
  C:A212H         LINE#         31
  C:A212H         LINE#         33
  C:A21AH         LINE#         35
  C:A21DH         LINE#         36
  C:A21FH         LINE#         37
  C:A221H         LINE#         39
  -------         ENDPROC       INI_TIMER
  -------         PROC          ON_TIMER0_INTERRUP
  C:A2A0H         LINE#         42
  C:A2A0H         LINE#         43
  C:A2A0H         LINE#         44
  C:A2A2H         LINE#         45
  C:A2A4H         LINE#         47
  -------         ENDPROC       ON_TIMER0_INTERRUP
  -------         PROC          OFF_TIMER0_INTERRUP
  C:A2AFH         LINE#         50
  C:A2AFH         LINE#         51
  C:A2AFH         LINE#         52
  C:A2B1H         LINE#         54
  -------         ENDPROC       OFF_TIMER0_INTERRUP
  -------         PROC          _GETKEY
  -------         DO            
  D:0006H         SYMBOL        k
  -------         ENDDO         
  C:A241H         LINE#         62
  C:A241H         LINE#         63
  C:A241H         LINE#         67
  C:A241H         LINE#         68
  C:A244H         LINE#         69
  C:A244H         LINE#         70
  C:A24CH         LINE#         72
  C:A24CH         LINE#         73
  -------         ENDPROC       _GETKEY
  -------         PROC          _PUTCHAR
  X:00BBH         SYMBOL        c
  -------         DO            
  X:00BCH         SYMBOL        i
  -------         ENDDO         
  C:9D88H         LINE#         77
  C:9D8DH         LINE#         78
  C:9D8DH         LINE#         81
  C:9D9CH         LINE#         82
  C:9D9CH         LINE#         83
  C:9DB2H         LINE#         84
  C:9DB2H         LINE#         86
  C:9DC0H         LINE#         87
  C:9DC0H         LINE#         89
BL51 BANKED LINKER/LOCATER V6.22.2.0                                                  09/02/2020  07:28:03  PAGE 21


  C:9DC5H         LINE#         90
  -------         ENDPROC       _PUTCHAR
  -------         PROC          _ESCRIBIRCADENASOFT_BUFFER
  X:0034H         SYMBOL        buffer
  X:0037H         SYMBOL        tamano_cadena
  -------         DO            
  X:0038H         SYMBOL        i
  X:0039H         SYMBOL        d
  -------         ENDDO         
  C:9AEBH         LINE#         94
  C:9AF9H         LINE#         95
  C:9AF9H         LINE#         97
  C:9B07H         LINE#         98
  C:9B07H         LINE#         99
  C:9B1EH         LINE#         100
  C:9B28H         LINE#         101
  C:9B30H         LINE#         102
  -------         ENDPROC       _ESCRIBIRCADENASOFT_BUFFER
  -------         PROC          INICIA_BOARD
  C:A222H         LINE#         139
  C:A222H         LINE#         140
  C:A222H         LINE#         141
  C:A225H         LINE#         142
  C:A228H         LINE#         143
  C:A22BH         LINE#         144
  C:A22DH         LINE#         145
  C:A22FH         LINE#         146
  C:A231H         LINE#         148
  -------         ENDPROC       INICIA_BOARD
  -------         PROC          MAIN
  -------         DO            
  X:00CBH         SYMBOL        buffer
  X:0000H         SYMBOL        Length_trama
  -------         ENDDO         
  C:904CH         LINE#         158
  C:904CH         LINE#         159
  C:904CH         LINE#         167
  C:904FH         LINE#         168
  C:9052H         LINE#         169
  C:9055H         LINE#         170
  C:9058H         LINE#         171
  C:905BH         LINE#         172
  C:905DH         LINE#         174
  C:9060H         LINE#         175
  C:9067H         LINE#         176
  C:906AH         LINE#         177
  C:906FH         LINE#         179
  C:9072H         LINE#         181
  C:9075H         LINE#         182
  C:9075H         LINE#         183
  C:9078H         LINE#         184
  C:9078H         LINE#         185
  C:907BH         LINE#         186
  C:9081H         LINE#         187
  C:9087H         LINE#         189
  C:9087H         LINE#         190
  C:9087H         LINE#         192
BL51 BANKED LINKER/LOCATER V6.22.2.0                                                  09/02/2020  07:28:03  PAGE 22


  C:908AH         LINE#         194
  C:908AH         LINE#         195
  C:908DH         LINE#         196
  C:908DH         LINE#         198
  C:909BH         LINE#         201
  C:909BH         LINE#         203
  C:909EH         LINE#         205
  C:90A1H         LINE#         206
  C:90A1H         LINE#         209
  C:90B0H         LINE#         212
  C:90B9H         LINE#         215
  C:90C7H         LINE#         218
  C:90C7H         LINE#         220
  C:90C9H         LINE#         222
  C:90C9H         LINE#         223
  C:90CCH         LINE#         224
  C:90CCH         LINE#         225
  C:90CFH         LINE#         229
  -------         ENDPROC       MAIN
  -------         ENDMOD        MAIN

  -------         MODULE        ACCESCAN
  C:0000H         SYMBOL        _ICE_DUMMY_
  D:0080H         PUBLIC        P0
  D:0090H         PUBLIC        P1
  I:0011H         PUBLIC        placa
  B:0080H.2       PUBLIC        led_err_imp
  C:9C87H         PUBLIC        _Monitor_chr
  C:3CBEH         PUBLIC        _Cmd_LPR_Salida
  B:0080H.3       PUBLIC        Atascado
  B:0080H.0       PUBLIC        rx_ip
  B:0090H.7       PUBLIC        lock
  X:0205H         PUBLIC        USE_LPR
  C:3FF5H         PUBLIC        _Valida_Trama_Pto
  C:899CH         PUBLIC        _recibe_cmd_Monitor
  C:7C85H         PUBLIC        _Cmd_LPR_Salida_wiegand
  C:A14CH         PUBLIC        clear_placa
  C:8A31H         PUBLIC        _Valida_Trama_Monitor
  -------         PROC          _VALIDA_TRAMA_PTO
  X:0001H         SYMBOL        buffer
  X:0004H         SYMBOL        length_trama
  -------         DO            
  X:0204H         SYMBOL        cont
  X:0005H         SYMBOL        buff
  -------         ENDDO         
  C:3FF5H         LINE#         120
  C:4003H         LINE#         121
  C:4003H         LINE#         125
  C:4011H         LINE#         127
  C:4048H         LINE#         128
  C:4048H         LINE#         129
  C:405DH         LINE#         130
  C:405DH         LINE#         131
  C:4070H         LINE#         133
  C:4073H         LINE#         135
  C:4073H         LINE#         137
  C:4073H         LINE#         139
BL51 BANKED LINKER/LOCATER V6.22.2.0                                                  09/02/2020  07:28:03  PAGE 23


  C:4085H         LINE#         140
  C:4085H         LINE#         141
  C:408BH         LINE#         142
  C:4098H         LINE#         143
  C:4098H         LINE#         144
  C:409DH         LINE#         145
  C:409FH         LINE#         146
  C:40A4H         LINE#         147
  C:40A6H         LINE#         148
  C:40A8H         LINE#         149
  C:40ACH         LINE#         150
  C:40ACH         LINE#         151
  C:40ADH         LINE#         153
  C:40C5H         LINE#         154
  C:40C5H         LINE#         156
  C:40D2H         LINE#         157
  C:40D2H         LINE#         158
  C:40D4H         LINE#         159
  C:40D6H         LINE#         160
  C:40D8H         LINE#         161
  C:40DAH         LINE#         162
  C:40DAH         LINE#         164
  C:4100H         LINE#         165
  C:4100H         LINE#         166
  C:4104H         LINE#         167
  C:4109H         LINE#         168
  C:4112H         LINE#         169
  C:4117H         LINE#         170
  C:4117H         LINE#         173
  C:4118H         LINE#         176
  C:412AH         LINE#         177
  C:412AH         LINE#         178
  C:412CH         LINE#         179
  C:412FH         LINE#         181
  C:4141H         LINE#         182
  C:4141H         LINE#         183
  C:4143H         LINE#         184
  C:4146H         LINE#         186
  C:4160H         LINE#         187
  C:4160H         LINE#         188
  C:4162H         LINE#         189
  C:4165H         LINE#         192
  C:417FH         LINE#         193
  C:417FH         LINE#         194
  C:4181H         LINE#         195
  C:4183H         LINE#         198
  C:419DH         LINE#         199
  C:419DH         LINE#         200
  C:419FH         LINE#         201
  C:41A1H         LINE#         205
  C:41BBH         LINE#         206
  C:41BBH         LINE#         207
  C:41BDH         LINE#         208
  C:41BFH         LINE#         211
  C:41D9H         LINE#         212
  C:41D9H         LINE#         213
  C:41DBH         LINE#         214
BL51 BANKED LINKER/LOCATER V6.22.2.0                                                  09/02/2020  07:28:03  PAGE 24


  C:41DDH         LINE#         216
  C:41F7H         LINE#         217
  C:41F7H         LINE#         218
  C:41FCH         LINE#         219
  C:41FCH         LINE#         221
  C:422CH         LINE#         222
  C:422CH         LINE#         223
  C:423AH         LINE#         224
  C:423DH         LINE#         227
  C:4280H         LINE#         228
  C:4280H         LINE#         230
  C:4295H         LINE#         231
  C:429BH         LINE#         232
  C:42C5H         LINE#         235
  C:42CDH         LINE#         236
  C:42CDH         LINE#         239
  C:42D4H         LINE#         240
  C:42D4H         LINE#         241
  C:42D9H         LINE#         242
  C:42D9H         LINE#         243
  C:42DBH         LINE#         245
  C:42DBH         LINE#         246
  C:42E4H         LINE#         247
  C:42ECH         LINE#         248
  C:42ECH         LINE#         253
  C:42EEH         LINE#         256
  C:42EEH         LINE#         259
  C:42F5H         LINE#         260
  C:42F5H         LINE#         261
  C:42FAH         LINE#         262
  C:42FAH         LINE#         263
  C:4305H         LINE#         267
  C:4305H         LINE#         268
  C:4305H         LINE#         270
  -------         ENDPROC       _VALIDA_TRAMA_PTO
  -------         PROC          _RECIBE_CMD_MONITOR
  X:0001H         SYMBOL        buffer_cmd
  -------         DO            
  X:0004H         SYMBOL        j
  X:0005H         SYMBOL        NumDatos
  D:0005H         SYMBOL        time_out
  X:0006H         SYMBOL        MaxChrRx
  D:0006H         SYMBOL        contador
  -------         ENDDO         
  C:899CH         LINE#         276
  C:89A7H         LINE#         277
  C:89A7H         LINE#         281
  C:89ACH         LINE#         282
  C:89B0H         LINE#         284
  C:89B8H         LINE#         285
  C:89B8H         LINE#         286
  C:89C9H         LINE#         287
  C:89C9H         LINE#         288
  C:89CCH         LINE#         289
  C:89CDH         LINE#         290
  C:89D3H         LINE#         291
  C:89D3H         LINE#         292
BL51 BANKED LINKER/LOCATER V6.22.2.0                                                  09/02/2020  07:28:03  PAGE 25


  C:89D8H         LINE#         293
  C:89E1H         LINE#         294
  C:89E1H         LINE#         295
  C:89E3H         LINE#         296
  C:89EBH         LINE#         297
  C:89EBH         LINE#         298
  C:89EDH         LINE#         299
  C:89F2H         LINE#         300
  C:89F8H         LINE#         301
  C:8A0AH         LINE#         302
  C:8A14H         LINE#         303
  C:8A1CH         LINE#         305
  C:8A2BH         LINE#         308
  C:8A2BH         LINE#         309
  C:8A30H         LINE#         310
  -------         ENDPROC       _RECIBE_CMD_MONITOR
  -------         PROC          _VALIDA_TRAMA_MONITOR
  X:01F8H         SYMBOL        buffer
  D:0005H         SYMBOL        length_trama
  -------         DO            
  D:0007H         SYMBOL        j
  D:0006H         SYMBOL        p
  -------         ENDDO         
  C:8A31H         LINE#         315
  C:8A3CH         LINE#         316
  C:8A3CH         LINE#         317
  C:8A3EH         LINE#         318
  C:8A40H         LINE#         319
  C:8A40H         LINE#         320
  C:8A5EH         LINE#         321
  C:8A5EH         LINE#         322
  C:8A60H         LINE#         323
  C:8A65H         LINE#         324
  C:8A66H         LINE#         325
  C:8A7BH         LINE#         326
  C:8A7BH         LINE#         329
  C:8A7BH         LINE#         330
  C:8A95H         LINE#         331
  C:8A96H         LINE#         332
  C:8A97H         LINE#         333
  C:8AA3H         LINE#         334
  C:8AB7H         LINE#         335
  C:8ABDH         LINE#         336
  C:8ABFH         LINE#         337
  C:8AC5H         LINE#         340
  C:8AC5H         LINE#         341
  C:8AC5H         LINE#         342
  C:8AC5H         LINE#         344
  C:8AC5H         LINE#         345
  -------         ENDPROC       _VALIDA_TRAMA_MONITOR
  -------         PROC          CLEAR_PLACA
  -------         DO            
  D:0007H         SYMBOL        i
  -------         ENDDO         
  C:A14CH         LINE#         349
  C:A14CH         LINE#         350
  C:A14CH         LINE#         352
BL51 BANKED LINKER/LOCATER V6.22.2.0                                                  09/02/2020  07:28:03  PAGE 26


  C:A158H         LINE#         353
  C:A158H         LINE#         354
  C:A15EH         LINE#         355
  C:A161H         LINE#         356
  C:A163H         LINE#         357
  -------         ENDPROC       CLEAR_PLACA
  -------         PROC          _MONITOR_CHR
  X:0048H         SYMBOL        str
  X:004BH         SYMBOL        num_char
  -------         DO            
  X:004CH         SYMBOL        j
  -------         ENDDO         
  C:9C87H         LINE#         362
  C:9C95H         LINE#         363
  C:9C95H         LINE#         365
  C:9CA3H         LINE#         366
  C:9CA3H         LINE#         367
  C:9CB5H         LINE#         368
  C:9CBFH         LINE#         369
  C:9CC7H         LINE#         370
  -------         ENDPROC       _MONITOR_CHR
  -------         PROC          _CMD_LPR_SALIDA_WIEGAND
  X:0010H         SYMBOL        buffer
  -------         DO            
  X:0013H         SYMBOL        Buffer_Lpr
  X:0031H         SYMBOL        j
  -------         ENDDO         
  C:7C85H         LINE#         375
  C:7C90H         LINE#         376
  C:7C90H         LINE#         378
  C:7C96H         LINE#         379
  C:7C9BH         LINE#         380
  C:7CA3H         LINE#         381
  C:7CA7H         LINE#         382
  C:7CB0H         LINE#         383
  C:7CB0H         LINE#         384
  C:7CC1H         LINE#         385
  C:7CC3H         LINE#         387
  C:7CC3H         LINE#         388
  C:7CD4H         LINE#         389
  C:7CD4H         LINE#         393
  C:7CEBH         LINE#         394
  C:7CEBH         LINE#         395
  C:7CFAH         LINE#         396
  C:7D04H         LINE#         398
  C:7D0CH         LINE#         399
  C:7D20H         LINE#         401
  C:7D30H         LINE#         402
  C:7D41H         LINE#         403
  C:7D4EH         LINE#         407
  -------         ENDPROC       _CMD_LPR_SALIDA_WIEGAND
  -------         PROC          _CMD_LPR_SALIDA
  X:0023H         SYMBOL        buffer_S1_B0
  X:0026H         SYMBOL        buffer_S1_B2
  -------         DO            
  X:0029H         SYMBOL        Buffer_Lpr
  D:0004H         SYMBOL        temp
BL51 BANKED LINKER/LOCATER V6.22.2.0                                                  09/02/2020  07:28:03  PAGE 27


  X:0047H         SYMBOL        j
  -------         ENDDO         
  C:3CBEH         LINE#         412
  C:3CC9H         LINE#         413
  C:3CC9H         LINE#         418
  C:3CCFH         LINE#         419
  C:3CD4H         LINE#         420
  C:3CDCH         LINE#         421
  C:3CE0H         LINE#         424
  C:3CF6H         LINE#         425
  C:3CF6H         LINE#         426
  C:3D07H         LINE#         427
  C:3D09H         LINE#         429
  C:3D09H         LINE#         430
  C:3D1AH         LINE#         431
  C:3D1AH         LINE#         432
  C:3D32H         LINE#         433
  C:3D32H         LINE#         434
  C:3D47H         LINE#         435
  C:3D55H         LINE#         436
  C:3D63H         LINE#         437
  C:3D6FH         LINE#         438
  C:3D7DH         LINE#         439
  C:3DB6H         LINE#         441
  C:3DB8H         LINE#         443
  C:3DB8H         LINE#         446
  C:3DB8H         LINE#         447
  C:3DDAH         LINE#         448
  C:3DE4H         LINE#         449
  C:3DF4H         LINE#         450
  C:3DF4H         LINE#         452
  C:3E02H         LINE#         455
  C:3E0FH         LINE#         457
  C:3E25H         LINE#         458
  C:3E4AH         LINE#         459
  C:3E63H         LINE#         461
  C:3E7CH         LINE#         462
  C:3EA1H         LINE#         463
  C:3EBAH         LINE#         465
  C:3ED3H         LINE#         466
  C:3EF8H         LINE#         467
  C:3F11H         LINE#         469
  C:3F2AH         LINE#         470
  C:3F4FH         LINE#         471
  C:3F68H         LINE#         473
  C:3F81H         LINE#         474
  C:3FA6H         LINE#         475
  C:3FBFH         LINE#         479
  C:3FD3H         LINE#         482
  C:3FE7H         LINE#         484
  -------         ENDPROC       _CMD_LPR_SALIDA
  -------         ENDMOD        ACCESCAN

  -------         MODULE        CLOCK
  C:0000H         SYMBOL        _ICE_DUMMY_
  C:9CFCH         PUBLIC        _two_one
  D:0090H         PUBLIC        P1
BL51 BANKED LINKER/LOCATER V6.22.2.0                                                  09/02/2020  07:28:03  PAGE 28


  C:6CF8H         PUBLIC        _validar_clk
  C:9F76H         PUBLIC        _wr_clk
  C:5B24H         PUBLIC        _check_fechaOut
  B:00D0H.7       PUBLIC        CY
  C:0003H         PUBLIC        p_ck
  C:805CH         PUBLIC        _check_fechaOut_2
  C:8AC6H         PUBLIC        _hex_ascii
  X:0206H         PUBLIC        data_clk
  C:A269H         PUBLIC        cond_ini_clock
  C:7D5BH         PUBLIC        _Block_read_Clock
  B:0090H.4       PUBLIC        sck
  C:85DDH         PUBLIC        _Block_read_Clock_Hex
  C:5C9DH         PUBLIC        _Block_read_clock_ascii
  C:9DE2H         PUBLIC        _hex_bcd
  C:A0F6H         PUBLIC        _bcd_hex
  C:97C0H         PUBLIC        _ByteHex_Decimal
  C:8C83H         PUBLIC        _lee_clk
  C:2B6BH         PUBLIC        _analiza_tiempo
  B:0090H.5       PUBLIC        io
  C:8D99H         PUBLIC        _Block_write_clock_ascii
  B:0090H.6       PUBLIC        rst
  C:9D49H         PUBLIC        _eb_clk
  C:45FBH         PUBLIC        _Two_ByteHex_Decimal
  -------         PROC          P_CK
  C:0003H         LINE#         40
  C:0003H         LINE#         41
  C:0003H         LINE#         42
  C:0005H         LINE#         43
  C:0008H         LINE#         44
  C:000AH         LINE#         45
  -------         ENDPROC       P_CK
  -------         PROC          _EB_CLK
  X:00C8H         SYMBOL        dir_clk
  -------         DO            
  X:00C9H         SYMBOL        nbits
  -------         ENDDO         
  C:9D49H         LINE#         47
  C:9D4EH         LINE#         49
  C:9D53H         LINE#         50
  C:9D53H         LINE#         51
  C:9D5CH         LINE#         52
  C:9D5FH         LINE#         53
  C:9D5FH         LINE#         54
  C:9D61H         LINE#         55
  C:9D63H         LINE#         57
  C:9D63H         LINE#         58
  C:9D65H         LINE#         59
  C:9D65H         LINE#         60
  C:9D68H         LINE#         61
  C:9D87H         LINE#         62
  -------         ENDPROC       _EB_CLK
  C:8C79H         SYMBOL        L?0179
  -------         PROC          L?0178
  -------         ENDPROC       L?0178
  C:8C79H         SYMBOL        L?0179
  -------         PROC          _LEE_CLK
  X:00C5H         SYMBOL        dir_clk
BL51 BANKED LINKER/LOCATER V6.22.2.0                                                  09/02/2020  07:28:03  PAGE 29


  -------         DO            
  X:00C6H         SYMBOL        nbits
  -------         ENDDO         
  C:8C83H         LINE#         64
  C:8C88H         LINE#         66
  C:8C8AH         LINE#         67
  C:8C91H         LINE#         68
  C:8C99H         LINE#         69
  C:8CB2H         LINE#         70
  C:8CB2H         LINE#         71
  C:8CB5H         LINE#         72
  C:8CB5H         LINE#         73
  C:8CBCH         LINE#         74
  C:8CC6H         LINE#         75
  C:8CCBH         LINE#         76
  C:8CCBH         LINE#         77
  C:8CCBH         LINE#         78
  C:8CCEH         LINE#         79
  C:8CCEH         LINE#         80
  C:8CD5H         LINE#         81
  C:8CE6H         LINE#         82
  C:8CE6H         LINE#         83
  C:8CEEH         LINE#         84
  C:8CEEH         LINE#         85
  C:8CEEH         LINE#         86
  C:8CF1H         LINE#         87
  C:8D01H         LINE#         88
  C:8D03H         LINE#         89
  C:8D08H         LINE#         90
  -------         ENDPROC       _LEE_CLK
  -------         PROC          _WR_CLK
  X:0013H         SYMBOL        dir_clk
  X:0014H         SYMBOL        byte
  C:9F76H         LINE#         92
  C:9F7EH         LINE#         93
  C:9F80H         LINE#         94
  C:9F87H         LINE#         95
  C:9F8FH         LINE#         96
  C:9F98H         LINE#         97
  C:9F9BH         LINE#         98
  C:9F9DH         LINE#         100
  -------         ENDPROC       _WR_CLK
  C:9CC8H         SYMBOL        L?0174
  C:9CE6H         SYMBOL        L?0175
  -------         PROC          L?0173
  -------         ENDPROC       L?0173
  C:9CC8H         SYMBOL        L?0174
  C:9CE6H         SYMBOL        L?0175
  -------         PROC          _TWO_ONE
  D:0007H         SYMBOL        byte_h
  D:0005H         SYMBOL        byte_l
  -------         DO            
  D:0007H         SYMBOL        byte_out
  -------         ENDDO         
  C:9CFCH         LINE#         102
  C:9CFCH         LINE#         103
  C:9CFCH         LINE#         105
BL51 BANKED LINKER/LOCATER V6.22.2.0                                                  09/02/2020  07:28:03  PAGE 30


  C:9CFFH         LINE#         106
  C:9D03H         LINE#         107
  C:9D06H         LINE#         108
  C:9D08H         LINE#         109
  C:9D08H         LINE#         110
  -------         ENDPROC       _TWO_ONE
  -------         PROC          _VALIDAR_CLK
  D:0001H         SYMBOL        datos_clock
  -------         DO            
  D:0007H         SYMBOL        validador
  -------         ENDDO         
  C:6CF8H         LINE#         114
  C:6CF8H         LINE#         115
  C:6CF8H         LINE#         116
  C:6CFAH         LINE#         119
  C:6D0FH         LINE#         120
  C:6D0FH         LINE#         122
  C:6D27H         LINE#         123
  C:6D27H         LINE#         125
  C:6D3FH         LINE#         126
  C:6D3FH         LINE#         127
  C:6D57H         LINE#         128
  C:6D57H         LINE#         129
  C:6D6FH         LINE#         130
  C:6D6FH         LINE#         131
  C:6D84H         LINE#         132
  C:6D84H         LINE#         133
  C:6D96H         LINE#         134
  C:6D96H         LINE#         135
  C:6DA8H         LINE#         136
  C:6DA8H         LINE#         137
  C:6DBAH         LINE#         138
  C:6DBAH         LINE#         139
  C:6DCCH         LINE#         140
  C:6DCCH         LINE#         141
  C:6DDEH         LINE#         142
  C:6DDEH         LINE#         143
  C:6DEEH         LINE#         144
  C:6DEEH         LINE#         145
  C:6DEEH         LINE#         146
  C:6DEEH         LINE#         147
  C:6DEFH         LINE#         149
  C:6DEFH         LINE#         150
  C:6DF1H         LINE#         151
  C:6DF1H         LINE#         152
  C:6DF2H         LINE#         154
  C:6DF2H         LINE#         155
  C:6DF4H         LINE#         157
  C:6DF4H         LINE#         158
  C:6DF5H         LINE#         160
  C:6DF5H         LINE#         161
  C:6DF7H         LINE#         163
  C:6DF7H         LINE#         165
  C:6DF8H         LINE#         167
  C:6DF8H         LINE#         168
  C:6DFAH         LINE#         170
  C:6DFAH         LINE#         171
BL51 BANKED LINKER/LOCATER V6.22.2.0                                                  09/02/2020  07:28:03  PAGE 31


  C:6DFBH         LINE#         173
  C:6DFBH         LINE#         174
  C:6DFDH         LINE#         176
  C:6DFDH         LINE#         177
  C:6DFEH         LINE#         179
  C:6DFEH         LINE#         180
  C:6E00H         LINE#         182
  C:6E00H         LINE#         183
  C:6E01H         LINE#         185
  C:6E01H         LINE#         186
  C:6E03H         LINE#         188
  C:6E03H         LINE#         189
  C:6E03H         LINE#         191
  C:6E04H         LINE#         193
  C:6E04H         LINE#         194
  C:6E06H         LINE#         196
  C:6E06H         LINE#         198
  C:6E07H         LINE#         201
  C:6E07H         LINE#         202
  C:6E09H         LINE#         204
  C:6E09H         LINE#         206
  C:6E0AH         LINE#         209
  C:6E0AH         LINE#         210
  C:6E0CH         LINE#         212
  C:6E0CH         LINE#         214
  C:6E0CH         LINE#         216
  -------         ENDPROC       _VALIDAR_CLK
  -------         PROC          _BLOCK_WRITE_CLOCK_ASCII
  X:0010H         SYMBOL        datos_clock
  C:8D99H         LINE#         222
  C:8DA4H         LINE#         224
  C:8DA4H         LINE#         228
  C:8DAEH         LINE#         229
  C:8DAEH         LINE#         230
  C:8DAEH         LINE#         231
  C:8DAEH         LINE#         233
  C:8DB8H         LINE#         234
  C:8DC2H         LINE#         235
  C:8DCCH         LINE#         236
  C:8DCCH         LINE#         237
  C:8DCCH         LINE#         238
  C:8DCCH         LINE#         240
  C:8DD6H         LINE#         241
  C:8DD6H         LINE#         242
  C:8DD6H         LINE#         243
  C:8DD6H         LINE#         245
  C:8DE0H         LINE#         246
  C:8DE0H         LINE#         247
  C:8DE0H         LINE#         248
  C:8DE0H         LINE#         250
  C:8DEAH         LINE#         251
  C:8DEAH         LINE#         252
  C:8DEAH         LINE#         253
  C:8DEAH         LINE#         255
  C:8DF4H         LINE#         256
  C:8DFEH         LINE#         257
  C:8E08H         LINE#         258
BL51 BANKED LINKER/LOCATER V6.22.2.0                                                  09/02/2020  07:28:03  PAGE 32


  C:8E12H         LINE#         260
  -------         ENDPROC       _BLOCK_WRITE_CLOCK_ASCII
  -------         PROC          _BCD_HEX
  D:0007H         SYMBOL        l_data
  -------         DO            
  D:0006H         SYMBOL        temp
  D:0005H         SYMBOL        j
  -------         ENDDO         
  C:A0F6H         LINE#         266
  C:A0F6H         LINE#         267
  C:A0F6H         LINE#         269
  C:A0F8H         LINE#         270
  C:A0FCH         LINE#         271
  C:A0FFH         LINE#         272
  C:A101H         LINE#         273
  C:A101H         LINE#         274
  C:A105H         LINE#         275
  C:A10CH         LINE#         276
  C:A10CH         LINE#         277
  C:A110H         LINE#         278
  C:A113H         LINE#         279
  C:A113H         LINE#         280
  C:A113H         LINE#         281
  -------         ENDPROC       _BCD_HEX
  C:9DD3H         SYMBOL        L?0177
  -------         PROC          L?0176
  -------         ENDPROC       L?0176
  C:9DD3H         SYMBOL        L?0177
  -------         PROC          _HEX_BCD
  D:0007H         SYMBOL        byte
  -------         DO            
  D:0006H         SYMBOL        nibble_h
  D:0005H         SYMBOL        nibble_l
  D:0004H         SYMBOL        k
  D:0007H         SYMBOL        byte_out
  -------         ENDDO         
  C:9DE2H         LINE#         285
  C:9DE2H         LINE#         286
  C:9DE2H         LINE#         291
  C:9DE4H         LINE#         292
  C:9DE5H         LINE#         294
  C:9DEBH         LINE#         295
  C:9DEBH         LINE#         296
  C:9DECH         LINE#         297
  C:9DF1H         LINE#         298
  C:9DF1H         LINE#         299
  C:9DF2H         LINE#         300
  C:9DF3H         LINE#         301
  C:9DF3H         LINE#         302
  C:9DF6H         LINE#         303
  C:9DFAH         LINE#         304
  C:9DFDH         LINE#         305
  C:9E00H         LINE#         306
  C:9E02H         LINE#         307
  C:9E02H         LINE#         309
[...]
  -------         PROC          _MOV_CARD
  X:000EH         SYMBOL        Posicion
  -------         DO            
  D:0003H         SYMBOL        j
  X:000FH         SYMBOL        bcc
  X:0010H         SYMBOL        g_scArrTxComSoft
  -------         ENDDO         
  C:7905H         LINE#         255
  C:790AH         LINE#         256
  C:790AH         LINE#         259
  C:790DH         LINE#         261
  C:792DH         LINE#         262
  C:792DH         LINE#         263
  C:7934H         LINE#         264
  C:7934H         LINE#         265
  C:793AH         LINE#         266
  C:793CH         LINE#         267
  C:7943H         LINE#         268
  C:7943H         LINE#         269
  C:7949H         LINE#         270
  C:794BH         LINE#         271
  C:7952H         LINE#         272
  C:7952H         LINE#         273
  C:7958H         LINE#         274
  C:795AH         LINE#         275
  C:7961H         LINE#         276
  C:7961H         LINE#         277
  C:7967H         LINE#         278
  C:7969H         LINE#         279
  C:7970H         LINE#         280
  C:7970H         LINE#         281
  C:7979H         LINE#         282
  C:7979H         LINE#         284
  C:797FH         LINE#         285
  C:7982H         LINE#         286
  C:7984H         LINE#         287
  C:7988H         LINE#         288
  C:798CH         LINE#         289
  C:7990H         LINE#         290
  C:7998H         LINE#         291
  C:799CH         LINE#         292
  C:79A8H         LINE#         293
  C:79A8H         LINE#         294
  C:79BCH         LINE#         295
BL51 BANKED LINKER/LOCATER V6.22.2.0                                                  09/02/2020  07:28:03  PAGE 114


  C:79BFH         LINE#         296
  C:79C7H         LINE#         297
  C:79C9H         LINE#         298
  C:79CEH         LINE#         299
  C:79DDH         LINE#         300
  C:79E8H         LINE#         301
  C:79EEH         LINE#         302
  C:79EEH         LINE#         304
  -------         ENDPROC       _MOV_CARD
  -------         PROC          AUT_CARD_CHECK_STATUS
  -------         DO            
  D:0003H         SYMBOL        j
  X:000EH         SYMBOL        bcc
  X:000FH         SYMBOL        g_scArrTxComSoft
  -------         ENDDO         
  C:92D6H         LINE#         310
  C:92D6H         LINE#         311
  C:92D6H         LINE#         314
  C:92DBH         LINE#         316
  C:92E4H         LINE#         318
  C:92EAH         LINE#         319
  C:92EDH         LINE#         320
  C:92EFH         LINE#         321
  C:92F3H         LINE#         322
  C:92F7H         LINE#         323
  C:92FBH         LINE#         324
  C:92FFH         LINE#         325
  C:9303H         LINE#         326
  C:930FH         LINE#         327
  C:930FH         LINE#         328
  C:9323H         LINE#         329
  C:9326H         LINE#         330
  C:932EH         LINE#         331
  C:9330H         LINE#         332
  C:9335H         LINE#         333
  C:9344H         LINE#         334
  C:934FH         LINE#         335
  C:9355H         LINE#         336
  -------         ENDPROC       AUT_CARD_CHECK_STATUS
  -------         PROC          DWLOAD_EEPROM
  -------         DO            
  D:0003H         SYMBOL        j
  X:0002H         SYMBOL        bcc
  X:0003H         SYMBOL        g_scArrTxComSoft
  -------         ENDDO         
  C:848DH         LINE#         342
  C:848DH         LINE#         343
  C:848DH         LINE#         346
  C:8492H         LINE#         347
  C:849BH         LINE#         349
  C:84A1H         LINE#         350
  C:84A4H         LINE#         351
  C:84A6H         LINE#         352
  C:84AAH         LINE#         353
  C:84AEH         LINE#         354
  C:84B2H         LINE#         355
  C:84B6H         LINE#         356
BL51 BANKED LINKER/LOCATER V6.22.2.0                                                  09/02/2020  07:28:03  PAGE 115


  C:84B9H         LINE#         357
  C:84BDH         LINE#         358
  C:84C0H         LINE#         359
  C:84C3H         LINE#         360
  C:84C7H         LINE#         361
  C:84CBH         LINE#         362
  C:84CFH         LINE#         363
  C:84D3H         LINE#         364
  C:84D7H         LINE#         365
  C:84DBH         LINE#         366
  C:84DFH         LINE#         367
  C:84E3H         LINE#         369
  C:84EFH         LINE#         370
  C:84EFH         LINE#         371
  C:8503H         LINE#         372
  C:8506H         LINE#         373
  C:850EH         LINE#         374
  C:8510H         LINE#         375
  C:8515H         LINE#         376
  C:8524H         LINE#         377
  C:852FH         LINE#         378
  C:8535H         LINE#         379
  -------         ENDPROC       DWLOAD_EEPROM
  -------         PROC          LOADVERIFY_EEPROM
  -------         DO            
  D:0003H         SYMBOL        j
  X:000EH         SYMBOL        bcc
  X:000FH         SYMBOL        g_scArrTxComSoft
  -------         ENDDO         
  C:8BE8H         LINE#         385
  C:8BE8H         LINE#         386
  C:8BE8H         LINE#         389
  C:8BEDH         LINE#         390
  C:8BF6H         LINE#         393
  C:8BFCH         LINE#         394
  C:8BFFH         LINE#         395
  C:8C01H         LINE#         396
  C:8C05H         LINE#         397
  C:8C09H         LINE#         398
  C:8C0DH         LINE#         399
  C:8C11H         LINE#         400
  C:8C14H         LINE#         401
  C:8C18H         LINE#         402
  C:8C1BH         LINE#         403
  C:8C1EH         LINE#         404
  C:8C22H         LINE#         405
  C:8C26H         LINE#         409
  C:8C32H         LINE#         410
  C:8C32H         LINE#         411
  C:8C46H         LINE#         412
  C:8C49H         LINE#         413
  C:8C51H         LINE#         414
  C:8C53H         LINE#         415
  C:8C58H         LINE#         416
  C:8C67H         LINE#         417
  C:8C72H         LINE#         418
  C:8C78H         LINE#         420
BL51 BANKED LINKER/LOCATER V6.22.2.0                                                  09/02/2020  07:28:03  PAGE 116


  -------         ENDPROC       LOADVERIFY_EEPROM
  -------         PROC          _RD_MF
  X:000EH         SYMBOL        Sector
  X:000FH         SYMBOL        Bloque
  -------         DO            
  D:0003H         SYMBOL        j
  X:0010H         SYMBOL        bcc
  X:0011H         SYMBOL        g_scArrTxComSoft
  -------         ENDDO         
  C:7E1FH         LINE#         426
  C:7E27H         LINE#         427
  C:7E27H         LINE#         431
  C:7E2AH         LINE#         433
  C:7E33H         LINE#         434
  C:7E3BH         LINE#         436
  C:7E44H         LINE#         437
  C:7E4CH         LINE#         438
  C:7E55H         LINE#         441
  C:7E5BH         LINE#         442
  C:7E5EH         LINE#         443
  C:7E60H         LINE#         444
  C:7E64H         LINE#         445
  C:7E68H         LINE#         446
  C:7E6CH         LINE#         447
  C:7E70H         LINE#         448
  C:7E73H         LINE#         449
  C:7E77H         LINE#         450
  C:7E7FH         LINE#         451
  C:7E87H         LINE#         452
  C:7E8BH         LINE#         453
  C:7E8FH         LINE#         455
  C:7E9BH         LINE#         456
  C:7E9BH         LINE#         457
  C:7EAFH         LINE#         458
  C:7EB2H         LINE#         459
  C:7EBAH         LINE#         462
  C:7EBCH         LINE#         463
  C:7EC1H         LINE#         464
  C:7ED0H         LINE#         465
  C:7EDBH         LINE#         466
  C:7EE1H         LINE#         468
  -------         ENDPROC       _RD_MF
  -------         PROC          _WR_MF
  X:000EH         SYMBOL        Sector
  X:000FH         SYMBOL        Bloque
  X:0010H         SYMBOL        buffer
  -------         DO            
  X:0013H         SYMBOL        j
  X:0014H         SYMBOL        bcc
  X:0015H         SYMBOL        g_scArrTxComSoft
  -------         ENDDO         
  C:5998H         LINE#         475
  C:59A9H         LINE#         477
  C:59A9H         LINE#         480
  C:59AEH         LINE#         482
  C:59B7H         LINE#         483
  C:59BFH         LINE#         485
BL51 BANKED LINKER/LOCATER V6.22.2.0                                                  09/02/2020  07:28:03  PAGE 117


  C:59C8H         LINE#         486
  C:59D0H         LINE#         487
  C:59D9H         LINE#         489
  C:59DFH         LINE#         490
  C:59E2H         LINE#         491
  C:59E4H         LINE#         492
  C:59E8H         LINE#         494
  C:59ECH         LINE#         495
  C:59F0H         LINE#         496
  C:59F4H         LINE#         497
  C:59F7H         LINE#         498
  C:59FBH         LINE#         499
  C:5A04H         LINE#         500
  C:5A0CH         LINE#         501
  C:5A10H         LINE#         503
  C:5A18H         LINE#         504
  C:5A18H         LINE#         509
  C:5A1BH         LINE#         510
  C:5A1DH         LINE#         511
  C:5A1FH         LINE#         512
  C:5A21H         LINE#         513
  C:5A23H         LINE#         518
  C:5A25H         LINE#         519
  C:5A27H         LINE#         520
  C:5A29H         LINE#         525
  C:5A3EH         LINE#         526
  C:5A3EH         LINE#         527
  C:5A3FH         LINE#         528
  C:5A41H         LINE#         530
  C:5A41H         LINE#         531
  C:5A56H         LINE#         532
  C:5A56H         LINE#         536
  C:5A60H         LINE#         541
  C:5A75H         LINE#         542
  C:5A75H         LINE#         543
  C:5A7BH         LINE#         544
  C:5A7DH         LINE#         546
  C:5A7DH         LINE#         547
  C:5A87H         LINE#         548
  C:5A87H         LINE#         553
  C:5A8CH         LINE#         554
  C:5A8EH         LINE#         555
  C:5A90H         LINE#         556
  C:5A92H         LINE#         557
  C:5A94H         LINE#         559
  C:5A96H         LINE#         561
  C:5A96H         LINE#         562
  C:5AAAH         LINE#         563
  C:5AAAH         LINE#         564
  C:5AB6H         LINE#         565
  C:5ABEH         LINE#         566
  C:5ABEH         LINE#         571
  C:5AC4H         LINE#         573
  C:5AD7H         LINE#         574
  C:5AD7H         LINE#         575
  C:5AECH         LINE#         576
  C:5AF4H         LINE#         577
BL51 BANKED LINKER/LOCATER V6.22.2.0                                                  09/02/2020  07:28:03  PAGE 118


  C:5AFCH         LINE#         580
  C:5AFEH         LINE#         581
  C:5B03H         LINE#         582
  C:5B12H         LINE#         583
  C:5B1DH         LINE#         584
  C:5B23H         LINE#         586
  -------         ENDPROC       _WR_MF
  -------         PROC          UNIQUE_IDENTIFIER_UID
  -------         DO            
  D:0003H         SYMBOL        j
  X:000EH         SYMBOL        bcc
  X:000FH         SYMBOL        g_scArrTxComSoft
  -------         ENDDO         
  C:8FC4H         LINE#         591
  C:8FC4H         LINE#         592
  C:8FC4H         LINE#         595
  C:8FC9H         LINE#         597
  C:8FD2H         LINE#         599
  C:8FD8H         LINE#         600
  C:8FDBH         LINE#         601
  C:8FDDH         LINE#         602
  C:8FE1H         LINE#         603
  C:8FE5H         LINE#         604
  C:8FE9H         LINE#         605
  C:8FEDH         LINE#         606
  C:8FF1H         LINE#         607
  C:8FF5H         LINE#         608
  C:8FF9H         LINE#         609
  C:9005H         LINE#         610
  C:9005H         LINE#         611
  C:9019H         LINE#         612
  C:901CH         LINE#         613
  C:9024H         LINE#         614
  C:9026H         LINE#         615
  C:902BH         LINE#         616
  C:903AH         LINE#         617
  C:9045H         LINE#         618
  C:904BH         LINE#         619
  -------         ENDPROC       UNIQUE_IDENTIFIER_UID
  -------         PROC          POWER_OFF
  -------         DO            
  D:0003H         SYMBOL        j
  X:000EH         SYMBOL        bcc
  X:000FH         SYMBOL        g_scArrTxComSoft
  -------         ENDDO         
  C:9356H         LINE#         620
  C:9356H         LINE#         621
  C:9356H         LINE#         624
  C:935BH         LINE#         626
  C:9364H         LINE#         628
  C:936AH         LINE#         629
  C:936DH         LINE#         630
  C:936FH         LINE#         631
  C:9373H         LINE#         632
  C:9377H         LINE#         633
  C:937BH         LINE#         634
  C:937FH         LINE#         635
BL51 BANKED LINKER/LOCATER V6.22.2.0                                                  09/02/2020  07:28:03  PAGE 119


  C:9383H         LINE#         636
  C:938FH         LINE#         637
  C:938FH         LINE#         638
  C:93A3H         LINE#         639
  C:93A6H         LINE#         640
  C:93AEH         LINE#         641
  C:93B0H         LINE#         642
  C:93B5H         LINE#         643
  C:93C4H         LINE#         644
  C:93CFH         LINE#         645
  C:93D5H         LINE#         648
  -------         ENDPROC       POWER_OFF
  -------         ENDMOD        LINTECH

  -------         MODULE        ?C?FPADD
  C:0F2FH         PUBLIC        ?C?FPADD
  C:0F2BH         PUBLIC        ?C?FPSUB
  -------         ENDMOD        ?C?FPADD

  -------         MODULE        ?C?FPMUL
  C:1020H         PUBLIC        ?C?FPMUL
  -------         ENDMOD        ?C?FPMUL

  -------         MODULE        ?C?FCAST
  C:1130H         PUBLIC        ?C?FCASTC
  C:112BH         PUBLIC        ?C?FCASTI
  C:1126H         PUBLIC        ?C?FCASTL
  -------         ENDMOD        ?C?FCAST

  -------         MODULE        ?C?CASTF
  C:1164H         PUBLIC        ?C?CASTF
  -------         ENDMOD        ?C?CASTF

  -------         MODULE        PRINTF
  X:008BH         PUBLIC        ?_PRINTF?BYTE
  X:008BH         PUBLIC        ?_SPRINTF?BYTE
  C:310DH         PUBLIC        _PRINTF
  C:3107H         PUBLIC        _SPRINTF
  -------         ENDMOD        PRINTF

  -------         MODULE        POW
  X:0054H         PUBLIC        ?_pow?BYTE
  C:5E0BH         PUBLIC        _pow
  -------         ENDMOD        POW

  -------         MODULE        ?C?CHKFLOAT
  C:11E5H         PUBLIC        ?C?CHKFLOAT
  -------         ENDMOD        ?C?CHKFLOAT

  -------         MODULE        ?C?FPCMP
  C:1201H         PUBLIC        ?C?FPCMP
  C:11FFH         PUBLIC        ?C?FPCMP3
  -------         ENDMOD        ?C?FPCMP

  -------         MODULE        ?C?FPNEG
  C:1278H         PUBLIC        ?C?FPNEG
  -------         ENDMOD        ?C?FPNEG
BL51 BANKED LINKER/LOCATER V6.22.2.0                                                  09/02/2020  07:28:03  PAGE 120



  -------         MODULE        ?C?FPROUND
  C:1289H         PUBLIC        ?C?FPROUND
  -------         ENDMOD        ?C?FPROUND

  -------         MODULE        ?C?FPCONVERT
  C:12C6H         PUBLIC        ?C?FPCONVERT
  -------         ENDMOD        ?C?FPCONVERT

  -------         MODULE        EXP
  C:893AH         PUBLIC        _EXP
  -------         ENDMOD        EXP

  -------         MODULE        LOG
  C:68A8H         PUBLIC        _LOG
  C:68A4H         PUBLIC        _LOG10
  -------         ENDMOD        LOG

  -------         MODULE        ?C?FPDIV
  C:13CEH         PUBLIC        ?C?FPDIV
  -------         ENDMOD        ?C?FPDIV

  -------         MODULE        ?C?FTNPWR
  C:149BH         PUBLIC        ?C?FTNPWR
  -------         ENDMOD        ?C?FTNPWR

  -------         MODULE        ?C?COPY
  C:15F8H         PUBLIC        ?C?COPY
  -------         ENDMOD        ?C?COPY

  -------         MODULE        ?C?CLDPTR
  C:161EH         PUBLIC        ?C?CLDPTR
  -------         ENDMOD        ?C?CLDPTR

  -------         MODULE        ?C?CLDOPTR
  C:1637H         PUBLIC        ?C?CLDOPTR
  -------         ENDMOD        ?C?CLDOPTR

  -------         MODULE        ?C?CSTPTR
  C:1664H         PUBLIC        ?C?CSTPTR
  -------         ENDMOD        ?C?CSTPTR

  -------         MODULE        ?C?CSTOPTR
  C:1676H         PUBLIC        ?C?CSTOPTR
  -------         ENDMOD        ?C?CSTOPTR

  -------         MODULE        ?C?IMUL
  C:1698H         PUBLIC        ?C?IMUL
  -------         ENDMOD        ?C?IMUL

  -------         MODULE        ?C?UIDIV
  C:16AAH         PUBLIC        ?C?UIDIV
  -------         ENDMOD        ?C?UIDIV

  -------         MODULE        ?C?IILDX
  C:16FFH         PUBLIC        ?C?IILDX
  -------         ENDMOD        ?C?IILDX
BL51 BANKED LINKER/LOCATER V6.22.2.0                                                  09/02/2020  07:28:03  PAGE 121



  -------         MODULE        ?C?LNEG
  C:1715H         PUBLIC        ?C?LNEG
  -------         ENDMOD        ?C?LNEG

  -------         MODULE        ?C?ULCMP
  C:1723H         PUBLIC        ?C?ULCMP
  -------         ENDMOD        ?C?ULCMP

  -------         MODULE        ?C?LLDCODE
  C:1734H         PUBLIC        ?C?LLDCODE
  -------         ENDMOD        ?C?LLDCODE

  -------         MODULE        ?C?LLDXDATA0
  C:1744H         PUBLIC        ?C?LLDXDATA0
  -------         ENDMOD        ?C?LLDXDATA0

  -------         MODULE        ?C?LLDCODE0
  C:1750H         PUBLIC        ?C?LLDCODE0
  -------         ENDMOD        ?C?LLDCODE0

  -------         MODULE        ?C?LSTXDATA
  C:1760H         PUBLIC        ?C?LSTXDATA
  -------         ENDMOD        ?C?LSTXDATA

  -------         MODULE        ?C?LSTKXDATA
  C:176CH         PUBLIC        ?C?LSTKXDATA
  -------         ENDMOD        ?C?LSTKXDATA

  -------         MODULE        ?C?PLDIXDATA
  C:179DH         PUBLIC        ?C?PLDIXDATA
  -------         ENDMOD        ?C?PLDIXDATA

  -------         MODULE        ?C?PSTXDATA
  C:17B4H         PUBLIC        ?C?PSTXDATA
  -------         ENDMOD        ?C?PSTXDATA

  -------         MODULE        ?C?CCASE
  C:17BDH         PUBLIC        ?C?CCASE
  -------         ENDMOD        ?C?CCASE

  -------         MODULE        STRCAT
  X:005AH         PUBLIC        ?_strcat?BYTE
  C:968DH         PUBLIC        _strcat
  -------         ENDMOD        STRCAT

  -------         MODULE        ?C?STRCMP
  C:1961H         PUBLIC        ?C?STRCMP
  -------         ENDMOD        ?C?STRCMP

  -------         MODULE        ?C?STRCPY
  C:1A4AH         PUBLIC        ?C?STRCPY
  -------         ENDMOD        ?C?STRCPY

  -------         MODULE        STRLEN
  C:000EH         PUBLIC        _STRLEN
  -------         ENDMOD        STRLEN
BL51 BANKED LINKER/LOCATER V6.22.2.0                                                  09/02/2020  07:28:03  PAGE 122



  -------         MODULE        STRTOK
  X:0078H         PUBLIC        ?_strtok?BYTE
  C:79EFH         PUBLIC        _strtok
  -------         ENDMOD        STRTOK

  -------         MODULE        ATOI
  C:7AD3H         PUBLIC        _atoi
  -------         ENDMOD        ATOI

  -------         MODULE        ?C?ILDIX
  C:1A67H         PUBLIC        ?C?ILDIX
  -------         ENDMOD        ?C?ILDIX

  -------         MODULE        ISDIGIT
  C:A232H         PUBLIC        _isdigit
  -------         ENDMOD        ISDIGIT

  -------         MODULE        ISSPACE
  C:A192H         PUBLIC        _isspace
  -------         ENDMOD        ISSPACE

  -------         MODULE        STRSPN
  X:007EH         PUBLIC        ?_strspn?BYTE
  C:90D1H         PUBLIC        _strspn
  -------         ENDMOD        STRSPN

  -------         MODULE        STRPBRK
  X:007EH         PUBLIC        ?_strpbrk?BYTE
  C:9155H         PUBLIC        _strpbrk
  -------         ENDMOD        STRPBRK

*** WARNING L16: UNCALLED SEGMENT, IGNORED FOR OVERLAY PROCESS
    SEGMENT: ?PR?_VALIDA_TRAMA_MONITOR?ACCESCAN

*** WARNING L16: UNCALLED SEGMENT, IGNORED FOR OVERLAY PROCESS
    SEGMENT: ?PR?CLEAR_PLACA?ACCESCAN

Program Size: data=128.7 xdata=521 code=41651
LINK/LOCATE RUN COMPLETE.  2 WARNING(S),  0 ERROR(S)
