BL51 BANKED LINKER/LOCATER V6.22.2.0                                                    10/02/2020  15:54:40  PAGE 1


BL51 BANKED LINKER/LOCATER V6.22.2.0, INVOKED BY:
C:\KEIL_V5\C51\BIN\BL51.EXE .\Objects\main.obj, .\Objects\Accescan.obj, .\Objects\Clock.obj, .\Objects\delay.obj, .\Obje
>> cts\eeprom.obj, .\Objects\io_sensores.obj, .\Objects\pantallas.obj, .\Objects\prog.obj, .\Objects\pto_paralelo.obj, .
>> \Objects\tibbo.obj, .\Objects\uart.obj, .\Objects\verificador.obj, .\Objects\lintech.obj TO .\Objects\verificador_v_0
>> 1_raspberry PRINT (.\Listings\verificador_v_01_raspberry.m51) RAMSIZE (256)


MEMORY MODEL: LARGE WITH FLOATING POINT ARITHMETIC


INPUT MODULES INCLUDED:
  .\Objects\main.obj (MAIN)
  .\Objects\Accescan.obj (ACCESCAN)
  .\Objects\Clock.obj (CLOCK)
  .\Objects\delay.obj (DELAY)
  .\Objects\eeprom.obj (EEPROM)
  .\Objects\io_sensores.obj (IO_SENSORES)
  .\Objects\pantallas.obj (PANTALLAS)
  .\Objects\prog.obj (PROG)
  .\Objects\pto_paralelo.obj (PTO_PARALELO)
  .\Objects\tibbo.obj (TIBBO)
  .\Objects\uart.obj (UART)
  .\Objects\verificador.obj (VERIFICADOR)
  .\Objects\lintech.obj (LINTECH)
  C:\KEIL_V5\C51\LIB\C51FPL.LIB (?C?FPADD)
  C:\KEIL_V5\C51\LIB\C51FPL.LIB (?C?FPMUL)
  C:\KEIL_V5\C51\LIB\C51FPL.LIB (?C?FCAST)
  C:\KEIL_V5\C51\LIB\C51FPL.LIB (?C?CASTF)
  C:\KEIL_V5\C51\LIB\C51FPL.LIB (PRINTF)
  C:\KEIL_V5\C51\LIB\C51FPL.LIB (POW)
  C:\KEIL_V5\C51\LIB\C51FPL.LIB (?C?FPGETOPN)
  C:\KEIL_V5\C51\LIB\C51FPL.LIB (?C?CHKFLOAT)
  C:\KEIL_V5\C51\LIB\C51FPL.LIB (?C?FPCMP)
  C:\KEIL_V5\C51\LIB\C51FPL.LIB (?C?FPNEG)
  C:\KEIL_V5\C51\LIB\C51FPL.LIB (?C?FPROUND)
  C:\KEIL_V5\C51\LIB\C51FPL.LIB (?C?FPCONVERT)
  C:\KEIL_V5\C51\LIB\C51FPL.LIB (EXP)
  C:\KEIL_V5\C51\LIB\C51FPL.LIB (LOG)
  C:\KEIL_V5\C51\LIB\C51FPL.LIB (?C?FPDIV)
  C:\KEIL_V5\C51\LIB\C51FPL.LIB (?C?FTNPWR)
  C:\KEIL_V5\C51\LIB\C51FPL.LIB (?C?FPSERIES)
  C:\KEIL_V5\C51\LIB\C51L.LIB (?C_STARTUP)
  C:\KEIL_V5\C51\LIB\C51L.LIB (?C?COPY)
  C:\KEIL_V5\C51\LIB\C51L.LIB (?C?CLDPTR)
  C:\KEIL_V5\C51\LIB\C51L.LIB (?C?CLDOPTR)
  C:\KEIL_V5\C51\LIB\C51L.LIB (?C?CSTPTR)
  C:\KEIL_V5\C51\LIB\C51L.LIB (?C?CSTOPTR)
  C:\KEIL_V5\C51\LIB\C51L.LIB (?C?IMUL)
  C:\KEIL_V5\C51\LIB\C51L.LIB (?C?UIDIV)
  C:\KEIL_V5\C51\LIB\C51L.LIB (?C?IILDX)
  C:\KEIL_V5\C51\LIB\C51L.LIB (?C?LNEG)
  C:\KEIL_V5\C51\LIB\C51L.LIB (?C?ULCMP)
  C:\KEIL_V5\C51\LIB\C51L.LIB (?C?LLDCODE)
  C:\KEIL_V5\C51\LIB\C51L.LIB (?C?LLDXDATA0)
  C:\KEIL_V5\C51\LIB\C51L.LIB (?C?LLDCODE0)
  C:\KEIL_V5\C51\LIB\C51L.LIB (?C?LSTXDATA)
  C:\KEIL_V5\C51\LIB\C51L.LIB (?C?LSTKXDATA)
  C:\KEIL_V5\C51\LIB\C51L.LIB (?C?PLDIXDATA)
BL51 BANKED LINKER/LOCATER V6.22.2.0                                                  10/02/2020  15:54:40  PAGE 2


  C:\KEIL_V5\C51\LIB\C51L.LIB (?C?PSTXDATA)
  C:\KEIL_V5\C51\LIB\C51L.LIB (?C?CCASE)
  C:\KEIL_V5\C51\LIB\C51L.LIB (STRCAT)
  C:\KEIL_V5\C51\LIB\C51L.LIB (?C?STRCMP)
  C:\KEIL_V5\C51\LIB\C51L.LIB (?C?STRCPY)
  C:\KEIL_V5\C51\LIB\C51L.LIB (STRLEN)
  C:\KEIL_V5\C51\LIB\C51L.LIB (STRTOK)
  C:\KEIL_V5\C51\LIB\C51L.LIB (ATOI)
  C:\KEIL_V5\C51\LIB\C51L.LIB (MALLOC)
  C:\KEIL_V5\C51\LIB\C51L.LIB (INIT_MEM)
  C:\KEIL_V5\C51\LIB\C51L.LIB (FREE)
  C:\KEIL_V5\C51\LIB\C51L.LIB (?C_INIT)
  C:\KEIL_V5\C51\LIB\C51L.LIB (?C?ILDIX)
  C:\KEIL_V5\C51\LIB\C51L.LIB (ISDIGIT)
  C:\KEIL_V5\C51\LIB\C51L.LIB (ISSPACE)
  C:\KEIL_V5\C51\LIB\C51L.LIB (STRSPN)
  C:\KEIL_V5\C51\LIB\C51L.LIB (STRPBRK)


LINK MAP OF MODULE:  .\Objects\verificador_v_01_raspberry (MAIN)


            TYPE    BASE      LENGTH    RELOCATION   SEGMENT NAME
            -----------------------------------------------------

            * * * * * * *   D A T A   M E M O R Y   * * * * * * *
            REG     0000H     0008H     ABSOLUTE     "REG BANK 0"
            DATA    0008H     0005H     UNIT         _DATA_GROUP_
            DATA    000DH     0004H     UNIT         ?DT?UART
            IDATA   0011H     0009H     UNIT         ?ID?ACCESCAN
                    001AH     0006H                  *** GAP ***
            BIT     0020H.0   0001H.1   UNIT         _BIT_GROUP_
            BIT     0021H.1   0000H.3   UNIT         ?BI?MAIN
            BIT     0021H.4   0000H.2   UNIT         ?BI?UART
            BIT     0021H.6   0000H.1   UNIT         ?BI?EEPROM
                    0021H.7   0000H.1                *** GAP ***
            IDATA   0022H     0064H     UNIT         ?ID?MAIN
            IDATA   0086H     0001H     UNIT         ?STACK

            * * * * * * *  X D A T A   M E M O R Y  * * * * * * *
            XDATA   0000H     00E4H     UNIT         _XDATA_GROUP_
            XDATA   00E4H     0070H     UNIT         ?XD?MAIN
            XDATA   0154H     0066H     UNIT         ?XD?VERIFICADOR
            XDATA   01BAH     0051H     UNIT         ?XD?PANTALLAS
            XDATA   020BH     0051H     UNIT         ?XD?PROG
            XDATA   025CH     001EH     UNIT         ?XD?PTO_PARALELO
            XDATA   027AH     0008H     UNIT         ?XD?INIT_MEM
            XDATA   0282H     0003H     UNIT         ?XD?EEPROM
            XDATA   0285H     0003H     UNIT         ?XD?UART
            XDATA   0288H     0003H     UNIT         ?XD?STRTOK
            XDATA   028BH     0002H     UNIT         ?XD?ACCESCAN
            XDATA   028DH     0001H     UNIT         ?XD?CLOCK
            XDATA   028EH     0001H     UNIT         ?XD?IO_SENSORES

            * * * * * * *   C O D E   M E M O R Y   * * * * * * *
            CODE    0000H     0003H     ABSOLUTE     
            CODE    0003H     0008H     UNIT         ?PR?P_CK?CLOCK
BL51 BANKED LINKER/LOCATER V6.22.2.0                                                  10/02/2020  15:54:40  PAGE 3


            CODE    000BH     0003H     ABSOLUTE     
            CODE    000EH     0015H     UNIT         ?PR?_STRLEN?STRLEN
            CODE    0023H     0003H     ABSOLUTE     
            CODE    0026H     116CH     UNIT         ?CO?PROG
            CODE    1192H     0BE0H     UNIT         ?PR?SECUENCIAEXPEDIDOR?VERIFICADOR
            CODE    1D72H     0B55H     UNIT         ?C?LIB_CODE
            CODE    28C7H     0760H     UNIT         ?CO?VERIFICADOR
            CODE    3027H     0537H     UNIT         ?PR?_ANALIZA_TIEMPO?CLOCK
            CODE    355EH     0483H     UNIT         ?PR?PRINTF?PRINTF
            CODE    39E1H     046CH     UNIT         ?CO?PANTALLAS
            CODE    3E4DH     03D5H     UNIT         ?PR?_PANTALLALCD?PANTALLAS
            CODE    4222H     038EH     UNIT         ?PR?VER_PROG?PROG
            CODE    45B0H     0311H     UNIT         ?PR?_VALIDA_TRAMA_PTO?ACCESCAN
            CODE    48C1H     02D0H     UNIT         ?PR?_TWO_BYTEHEX_DECIMAL?CLOCK
            CODE    4B91H     02CDH     UNIT         ?PR?_TRAMA_PTO_PARALELO_NEW?PTO_PARALELO
            CODE    4E5EH     02B7H     UNIT         ?PR?_PROG_HORARIO_DIAS?PROG
            CODE    5115H     021AH     UNIT         ?PR?MENU?PROG
            CODE    532FH     020FH     UNIT         ?PR?_HASH_ID?PROG
            CODE    553EH     01FAH     UNIT         ?PR?_PROG_HORARIO_DESDE_HASTA?PROG
            CODE    5738H     01F5H     UNIT         ?PR?PROG_FECHA_VENCIMIENTO?PROG
            CODE    592DH     01ECH     UNIT         ?PR?_RESPONDE_LECTURA_TARJETA_SECTOR1_BLOQUE2?VERIFICADOR
            CODE    5B19H     01CFH     UNIT         ?PR?_BLOCK_READ_CLOCK_RASBERRY?CLOCK
            CODE    5CE8H     01B3H     UNIT         ?PR?COM_ISR?UART
            CODE    5E9BH     01A6H     UNIT         ?PR?_CMD_LPR_SALIDA?ACCESCAN
            CODE    6041H     017BH     UNIT         ?PR?_RESPONDE_LECTURA_TARJETA_SECTOR1_BLOQUE1?VERIFICADOR
            CODE    61BCH     017BH     UNIT         ?PR?_WR_MF?LINTECH
            CODE    6337H     0179H     UNIT         ?PR?_CHECK_FECHAOUT?CLOCK
            CODE    64B0H     016FH     UNIT         ?PR?_BLOCK_READ_CLOCK_ASCII?CLOCK
            CODE    661FH     0166H     UNIT         ?PR?_POW?POW
            CODE    6785H     0162H     UNIT         ?PR?_PANTALLALCD_LINEA_2?PANTALLAS
            CODE    68E7H     0161H     UNIT         ?CO?LINTECH
            CODE    6A48H     0145H     UNIT         ?PR?PROG_HORARIOS?PROG
            CODE    6B8DH     0140H     UNIT         ?PR?SECUENCIA_INICIO_EXPEDIDOR?VERIFICADOR
            CODE    6CCDH     013FH     UNIT         ?PR?_FREE?FREE
            CODE    6E0CH     013EH     UNIT         ?PR?PROG_SIN_COBRO?PROG
            CODE    6F4AH     0137H     UNIT         ?PR?VER_HORARIO?PROG
            CODE    7081H     0129H     UNIT         ?PR?LOG?LOG
            CODE    71AAH     0128H     UNIT         ?PR?_VER_HORARIO_DIAS?PROG
            CODE    72D2H     011AH     UNIT         ?PR?_PROG_HORARIOS_ON_OFF?PROG
            CODE    73ECH     0119H     UNIT         ?PR?_VER_HORARIO_DESDE_HASTA?PROG
            CODE    7505H     0115H     UNIT         ?PR?_VALIDAR_CLK?CLOCK
            CODE    761AH     0110H     UNIT         ?PR?LOAD_AND_SEND_ID_COD?PTO_PARALELO
            CODE    772AH     010FH     UNIT         ?PR?_RESPONDE_LECTURA_TARJETA_SECTOR1_BLOQUE0?VERIFICADOR
            CODE    7839H     0103H     UNIT         ?PR?_BLOQUE_HORARIO?VERIFICADOR
            CODE    793CH     00FFH     UNIT         ?PR?_TRAMA_PTO_PARALELO_P?PTO_PARALELO
            CODE    7A3BH     00FEH     UNIT         ?PR?_ARMAR_TRAMA_PTO_PARALELO_EXPEDIDOR_MENSUAL?VERIFICADOR
            CODE    7B39H     00FCH     UNIT         ?PR?PROG_DEBUG?PROG
            CODE    7C35H     00FCH     UNIT         ?PR?PROG_USE_LPR?PROG
            CODE    7D31H     00FCH     UNIT         ?PR?PROG_COMPARACION_ACTIVA?PROG
            CODE    7E2DH     00FCH     UNIT         ?PR?TIPO_PANTALLA?PROG
            CODE    7F29H     00FCH     UNIT         ?PR?DCTO_CAJA?PROG
            CODE    8025H     00FCH     UNIT         ?PR?PROG_APB_MENSUAL?PROG
            CODE    8121H     00F5H     UNIT         ?PR?_HORARIOS?VERIFICADOR
            CODE    8216H     00EAH     UNIT         ?PR?_MOV_CARD?LINTECH
            CODE    8300H     00E4H     UNIT         ?PR?_STRTOK?STRTOK
            CODE    83E4H     00DEH     UNIT         ?PR?PROG_ADDRESS_HIGH_BOARD?PROG
            CODE    84C2H     00DBH     UNIT         ?PR?_ATOI?ATOI
BL51 BANKED LINKER/LOCATER V6.22.2.0                                                  10/02/2020  15:54:40  PAGE 4


            CODE    859DH     00D7H     UNIT         ?PR?_ANALIZA_UID_CARD?VERIFICADOR
            CODE    8674H     00D6H     UNIT         ?PR?_CMD_LPR_SALIDA_WIEGAND?ACCESCAN
            CODE    874AH     00D1H     UNIT         ?PR?_MALLOC?MALLOC
            CODE    881BH     00C6H     UNIT         ?C_INITSEG
            CODE    88E1H     00C5H     UNIT         ?PR?_BLOCK_READ_CLOCK?CLOCK
            CODE    89A6H     00C3H     UNIT         ?PR?_RD_MF?LINTECH
            CODE    8A69H     00BDH     UNIT         ?PR?PROG_COD_PARK?PROG
            CODE    8B26H     00BDH     UNIT         ?PR?PROG_TIEMPO_GRACIA?PROG
            CODE    8BE3H     00BBH     UNIT         ?PR?_CHECK_FECHAOUT_2?CLOCK
            CODE    8C9EH     00B6H     UNIT         ?PR?PROG_ID_CLIENTE?PROG
            CODE    8D54H     00B4H     UNIT         ?PR?_SEND_PORT?PTO_PARALELO
            CODE    8E08H     00AFH     UNIT         ?PR?ERROR_RX_PTO?VERIFICADOR
            CODE    8EB7H     00ACH     UNIT         ?PR?_HORA_MAXIMA?VERIFICADOR
            CODE    8F63H     00A9H     UNIT         ?PR?DWLOAD_EEPROM?LINTECH
            CODE    900CH     00A7H     UNIT         ?PR?_BLOCK_READ_CLOCK_HEX?CLOCK
            CODE    90B3H     00A7H     UNIT         ?CO?TIBBO
            CODE    915AH     00A6H     UNIT         ?PR?_DEBUG_FECHA_ACTUAL?TIBBO
            CODE    9200H     00A0H     UNIT         ?CO?IO_SENSORES
            CODE    92A0H     009DH     UNIT         ?PR?_INICIALIZA?LINTECH
            CODE    933DH     009CH     UNIT         ?PR?_RECIBE_PORT?PTO_PARALELO
            CODE    93D9H     009AH     UNIT         ?PR?EXP?EXP
            CODE    9473H     0095H     UNIT         ?PR?_RECIBE_CMD_MONITOR?ACCESCAN
            CODE    9508H     0091H     UNIT         ?PR?_HEX_ASCII?CLOCK
            CODE    9599H     0091H     UNIT         ?PR?_CARD_INSERCION?LINTECH
            CODE    962AH     0091H     UNIT         ?PR?LOADVERIFY_EEPROM?LINTECH
            CODE    96BBH     0090H     UNIT         ?PR?_GETOPTION?PROG
            CODE    974BH     008FH     UNIT         ?PR?_LEE_CLK?CLOCK
            CODE    97DAH     008FH     UNIT         ?PR?_BLOCK_WRITE_CLOCK_ASCII?CLOCK
            CODE    9869H     008CH     UNIT         ?C_C51STARTUP
            CODE    98F5H     008AH     UNIT         ?PR?_EN_HORARIO?VERIFICADOR
            CODE    997FH     0088H     UNIT         ?PR?_SEND_PORTERR?PTO_PARALELO
            CODE    9A07H     0088H     UNIT         ?PR?RX_DATA?TIBBO
            CODE    9A8FH     0088H     UNIT         ?PR?UNIQUE_IDENTIFIER_UID?LINTECH
            CODE    9B17H     0087H     UNIT         ?PR?SHOW?PROG
            CODE    9B9EH     0085H     UNIT         ?PR?MAIN?MAIN
            CODE    9C23H     0084H     UNIT         ?PR?_STRSPN?STRSPN
            CODE    9CA7H     0081H     UNIT         ?PR?_STRPBRK?STRPBRK
            CODE    9D28H     0080H     UNIT         ?PR?MSJ_LCD_INFORMATIVO?IO_SENSORES
            CODE    9DA8H     0080H     UNIT         ?PR?_INGRESADATO?PROG
            CODE    9E28H     0080H     UNIT         ?PR?AUT_CARD_CHECK_STATUS?LINTECH
            CODE    9EA8H     0080H     UNIT         ?PR?POWER_OFF?LINTECH
            CODE    9F28H     007CH     UNIT         ?PR?_CHECK_STATUS?LINTECH
            CODE    9FA4H     0077H     UNIT         ?PR?RELOJ_PANTALLA_LCD?PANTALLAS
            CODE    A01BH     0073H     UNIT         ?PR?VALIDASENSORESPASO?IO_SENSORES
            CODE    A08EH     0073H     UNIT         ?PR?_DEBUGBUFFERMF?TIBBO
            CODE    A101H     006FH     UNIT         ?PR?_ESCRIBIRMEMORIA?EEPROM
            CODE    A170H     006DH     UNIT         ?PR?VALIDAR_PAGO?VERIFICADOR
            CODE    A1DDH     006BH     UNIT         ?PR?_VALIDA_MISMO_DIA?VERIFICADOR
            CODE    A248H     006BH     UNIT         ?PR?_STRCAT?STRCAT
            CODE    A2B3H     0066H     UNIT         ?PR?_LEERMEMORIA?EEPROM
            CODE    A319H     0062H     UNIT         ?PR?_LISTACOMANDOS?PROG
            CODE    A37BH     005EH     UNIT         ?PR?_BYTEHEX_DECIMAL?CLOCK
            CODE    A3D9H     0059H     UNIT         ?PR?_RASPBERRY_DATA?PANTALLAS
            CODE    A432H     0056H     UNIT         ?PR?_WR_EEPROM?EEPROM
            CODE    A488H     0056H     UNIT         ?PR?VARIABLE_INICIO?EEPROM
            CODE    A4DEH     004DH     UNIT         ?PR?L_D_M?EEPROM
            CODE    A52BH     004BH     UNIT         ?PR?_TX_AUX?TIBBO
BL51 BANKED LINKER/LOCATER V6.22.2.0                                                  10/02/2020  15:54:40  PAGE 5


            CODE    A576H     0048H     UNIT         ?PR?FIRST_CLAVE?PROG
            CODE    A5BEH     0048H     UNIT         ?PR?_DEBUG_PTO_PARALELO?TIBBO
            CODE    A606H     0047H     UNIT         ?PR?_DEBUG_CHR_TIBBO?TIBBO
            CODE    A64DH     0046H     UNIT         ?PR?_ESCRIBIRCADENASOFT_BUFFER?MAIN
            CODE    A693H     0046H     UNIT         ?PR?_LCD_TXT_NUM_CHAR?PANTALLAS
            CODE    A6D9H     0046H     UNIT         ?PR?_DEBUG_HEXDEC?TIBBO
            CODE    A71FH     0044H     UNIT         ?PR?_LCD_TXT?PANTALLAS
            CODE    A763H     0044H     UNIT         ?PR?_DEBUG_TXT_TIBBO?TIBBO
            CODE    A7A7H     0043H     UNIT         ?PR?DIR_BOARD?IO_SENSORES
            CODE    A7EAH     0042H     UNIT         ?PR?_VALIDARCLAVE?PROG
            CODE    A82CH     0041H     UNIT         ?PR?_MONITOR_CHR?ACCESCAN
            CODE    A86DH     0041H     UNIT         ?PR?_TWO_ONE?CLOCK
            CODE    A8AEH     0040H     UNIT         ?PR?_GETCMD?PROG
            CODE    A8EEH     003FH     UNIT         ?PR?_EB_CLK?CLOCK
            CODE    A92DH     003EH     UNIT         ?PR?_PUTCHAR?MAIN
            CODE    A96BH     003DH     UNIT         ?PR?_HEX_BCD?CLOCK
            CODE    A9A8H     003DH     UNIT         ?PR?_RD_EEPROM?EEPROM
            CODE    A9E5H     003CH     UNIT         ?PR?_INIT_MEMPOOL?INIT_MEM
            CODE    AA21H     003BH     UNIT         ?PR?_COM_PUTCHAR?UART
            CODE    AA5CH     003AH     UNIT         ?PR?_DELAY_10MS?DELAY
            CODE    AA96H     0037H     UNIT         ?PR?TIMER0_INT?MAIN
            CODE    AACDH     0034H     UNIT         ?PR?ADDR_HORARIOS?PROG
            CODE    AB01H     002CH     UNIT         ?PR?LOAD_AND_SEND_INFO_RELOJ?PTO_PARALELO
            CODE    AB2DH     002AH     UNIT         ?PR?COM_INITIALIZE?UART
            CODE    AB57H     0028H     UNIT         ?PR?_WR_CLK?CLOCK
            CODE    AB7FH     0028H     UNIT         ?PR?COM_BAUDRATE?UART
            CODE    ABA7H     0027H     UNIT         ?PR?_TX_CHRLCD?PANTALLAS
            CODE    ABCEH     0026H     UNIT         ?PR?COM_GETCHAR?UART
            CODE    ABF4H     0024H     UNIT         ?PR?TRAMA_VALIDACION_P_N?VERIFICADOR
            CODE    AC18H     0022H     UNIT         ?PR?_E_D_M?EEPROM
            CODE    AC3AH     0020H     UNIT         ?PR?ACKD?EEPROM
            CODE    AC5AH     0020H     UNIT         ?PR?ACK_LECT?EEPROM
            CODE    AC7AH     001FH     UNIT         ?PR?VALIDASENSOR?IO_SENSORES
            CODE    AC99H     001FH     UNIT         ?PR?VALIDASENSORES_OUT?IO_SENSORES
            CODE    ACB8H     001FH     UNIT         ?PR?TIME_BIT?TIBBO
            CODE    ACD7H     001EH     UNIT         ?PR?_BCD_HEX?CLOCK
            CODE    ACF5H     001DH     UNIT         ?CO?PTO_PARALELO
            CODE    AD12H     001BH     UNIT         ?PR?_DELAY_1MS?DELAY
            CODE    AD2DH     0017H     UNIT         ?PR?DISPLAYCURSOR?PROG
            CODE    AD44H     0017H     UNIT         ?PR?TIME_MBIT?TIBBO
            CODE    AD5BH     0014H     UNIT         ?PR?_ISSPACE?ISSPACE
            CODE    AD6FH     0012H     UNIT         ?PR?_DELAY_20US?DELAY
            CODE    AD81H     0012H     UNIT         ?PR?START?EEPROM
            CODE    AD93H     0012H     UNIT         ?PR?DIR_BOARD_MONITOR?IO_SENSORES
            CODE    ADA5H     0012H     UNIT         ?PR?PULSO_BUS?PTO_PARALELO
            CODE    ADB7H     0012H     UNIT         ?PR?COM_RBUFLEN?UART
            CODE    ADC9H     0012H     UNIT         ?PR?COM_TBUFLEN?UART
            CODE    ADDBH     0010H     UNIT         ?PR?INI_TIMER?MAIN
            CODE    ADEBH     0010H     UNIT         ?PR?INICIA_BOARD?MAIN
            CODE    ADFBH     000FH     UNIT         ?PR?_ISDIGIT?ISDIGIT
            CODE    AE0AH     000CH     UNIT         ?PR?_GETKEY?MAIN
            CODE    AE16H     000AH     UNIT         ?PR?COND_INI_PTO?PTO_PARALELO
            CODE    AE20H     0009H     UNIT         ?PR?STOP?EEPROM
            CODE    AE29H     0009H     UNIT         ?PR?DEBUG_DIVIDIR_TEXTO?TIBBO
            CODE    AE32H     0007H     UNIT         ?PR?COND_INI_CLOCK?CLOCK
            CODE    AE39H     0007H     UNIT         ?PR?SEL_FUNCION?IO_SENSORES
            CODE    AE40H     0007H     UNIT         ?PR?SEL_AUTO?IO_SENSORES
BL51 BANKED LINKER/LOCATER V6.22.2.0                                                  10/02/2020  15:54:40  PAGE 6


            CODE    AE47H     0007H     UNIT         ?PR?SEL_SENSOR2?IO_SENSORES
            CODE    AE4EH     0007H     UNIT         ?PR?SEL_SENSOR1?IO_SENSORES
            CODE    AE55H     0007H     UNIT         ?PR?SEL_DIR1?IO_SENSORES
            CODE    AE5CH     0007H     UNIT         ?PR?SEL_DIR2?IO_SENSORES
            CODE    AE63H     0006H     UNIT         ?PR?P_ME?EEPROM
            CODE    AE69H     0005H     UNIT         ?PR?ON_TIMER0_INTERRUP?MAIN
            CODE    AE6EH     0005H     UNIT         ?CO?ACCESCAN
            CODE    AE73H     0005H     UNIT         ?PR?COND_INI_TIBBO?TIBBO
            CODE    AE78H     0003H     UNIT         ?PR?OFF_TIMER0_INTERRUP?MAIN
            CODE    AE7BH     0001H     UNIT         ?PR?DELAY?DELAY



OVERLAY MAP OF MODULE:   .\Objects\verificador_v_01_raspberry (MAIN)


SEGMENT                                             BIT_GROUP          DATA_GROUP          XDATA_GROUP
  +--> CALLED SEGMENT                            START    LENGTH     START    LENGTH     START    LENGTH
--------------------------------------------------------------------------------------------------------
?C_C51STARTUP                                    -----    -----      -----    -----      -----    -----
  +--> ?PR?MAIN?MAIN
  +--> ?C_INITSEG

?PR?MAIN?MAIN                                    -----    -----      -----    -----      0000H    0001H
  +--> ?PR?INI_TIMER?MAIN
  +--> ?PR?ON_TIMER0_INTERRUP?MAIN
  +--> ?PR?COM_INITIALIZE?UART
  +--> ?PR?COM_BAUDRATE?UART
  +--> ?PR?INICIA_BOARD?MAIN
  +--> ?PR?TIME_BIT?TIBBO
  +--> ?PR?_DELAY_20US?DELAY
  +--> ?PR?TIME_MBIT?TIBBO
  +--> ?PR?_TX_AUX?TIBBO
  +--> ?PR?SEL_FUNCION?IO_SENSORES
  +--> ?PR?MENU?PROG
  +--> ?PR?VARIABLE_INICIO?EEPROM
  +--> ?PR?SECUENCIA_INICIO_EXPEDIDOR?VERIFI...
  +--> ?PR?_RECIBE_CMD_MONITOR?ACCESCAN
  +--> ?PR?SECUENCIAEXPEDIDOR?VERIFICADOR
  +--> ?PR?_RECIBE_PORT?PTO_PARALELO
  +--> ?PR?_VALIDA_TRAMA_PTO?ACCESCAN
  +--> ?PR?_DEBUG_PTO_PARALELO?TIBBO
  +--> ?PR?MSJ_LCD_INFORMATIVO?IO_SENSORES

?PR?COM_INITIALIZE?UART                          -----    -----      -----    -----      -----    -----
  +--> ?PR?COM_BAUDRATE?UART

?PR?INICIA_BOARD?MAIN                            -----    -----      -----    -----      -----    -----
  +--> ?PR?COND_INI_TIBBO?TIBBO
  +--> ?PR?COND_INI_CLOCK?CLOCK
  +--> ?PR?COND_INI_PTO?PTO_PARALELO

?PR?_TX_AUX?TIBBO                                -----    -----      -----    -----      -----    -----
  +--> ?PR?TIME_BIT?TIBBO

?PR?MENU?PROG                                    -----    -----      -----    -----      0001H    0059H
  +--> ?CO?PROG
BL51 BANKED LINKER/LOCATER V6.22.2.0                                                  10/02/2020  15:54:40  PAGE 7


  +--> ?PR?PRINTF?PRINTF
  +--> ?PR?_RD_EEPROM?EEPROM
  +--> ?PR?FIRST_CLAVE?PROG
  +--> ?PR?_WR_EEPROM?EEPROM
  +--> ?PR?_LEERMEMORIA?EEPROM
  +--> ?PR?_HASH_ID?PROG
  +--> ?PR?_INGRESADATO?PROG
  +--> ?PR?_GETCMD?PROG
  +--> ?PR?_ESCRIBIRMEMORIA?EEPROM
  +--> ?PR?_VALIDARCLAVE?PROG
  +--> ?PR?DISPLAYCURSOR?PROG
  +--> ?PR?_STRLEN?STRLEN
  +--> ?PR?_GETOPTION?PROG
  +--> ?PR?_STRCAT?STRCAT
  +--> ?PR?_LISTACOMANDOS?PROG
  +--> ?PR?PROG_ID_CLIENTE?PROG
  +--> ?PR?PROG_COD_PARK?PROG
  +--> ?PR?PROG_TIEMPO_GRACIA?PROG
  +--> ?PR?PROG_SIN_COBRO?PROG
  +--> ?PR?PROG_DEBUG?PROG
  +--> ?PR?PROG_USE_LPR?PROG
  +--> ?PR?PROG_COMPARACION_ACTIVA?PROG
  +--> ?PR?TIPO_PANTALLA?PROG
  +--> ?PR?DCTO_CAJA?PROG
  +--> ?PR?PROG_APB_MENSUAL?PROG
  +--> ?PR?PROG_ADDRESS_HIGH_BOARD?PROG
  +--> ?PR?PROG_HORARIOS?PROG
  +--> ?PR?VER_PROG?PROG
  +--> ?PR?SHOW?PROG
  +--> ?PR?PROG_FECHA_VENCIMIENTO?PROG

?PR?PRINTF?PRINTF                                0020H.0  0001H.1    0008H    0005H      00B0H    0030H
  +--> ?PR?_PUTCHAR?MAIN

?PR?_PUTCHAR?MAIN                                -----    -----      -----    -----      00E0H    0003H
  +--> ?PR?_COM_PUTCHAR?UART

?PR?_COM_PUTCHAR?UART                            -----    -----      -----    -----      00E3H    0001H
  +--> ?PR?COM_TBUFLEN?UART

?PR?_RD_EEPROM?EEPROM                            -----    -----      -----    -----      -----    -----
  +--> ?PR?START?EEPROM
  +--> ?PR?ACK_LECT?EEPROM
  +--> ?PR?_E_D_M?EEPROM
  +--> ?PR?ACKD?EEPROM
  +--> ?PR?L_D_M?EEPROM
  +--> ?PR?STOP?EEPROM

?PR?ACK_LECT?EEPROM                              -----    -----      -----    -----      -----    -----
  +--> ?PR?_E_D_M?EEPROM

?PR?_E_D_M?EEPROM                                -----    -----      -----    -----      -----    -----
  +--> ?PR?P_ME?EEPROM

?PR?ACKD?EEPROM                                  -----    -----      -----    -----      -----    -----
  +--> ?PR?_E_D_M?EEPROM

BL51 BANKED LINKER/LOCATER V6.22.2.0                                                  10/02/2020  15:54:40  PAGE 8


?PR?FIRST_CLAVE?PROG                             -----    -----      -----    -----      005AH    000BH
  +--> ?PR?_BLOCK_READ_CLOCK_ASCII?CLOCK
  +--> ?PR?_HASH_ID?PROG
  +--> ?PR?_ESCRIBIRMEMORIA?EEPROM

?PR?_BLOCK_READ_CLOCK_ASCII?CLOCK                -----    -----      -----    -----      0065H    0003H
  +--> ?PR?_LEE_CLK?CLOCK

?PR?_LEE_CLK?CLOCK                               -----    -----      -----    -----      00C5H    0003H
  +--> ?PR?_DELAY_20US?DELAY
  +--> ?PR?_EB_CLK?CLOCK
  +--> ?PR?P_CK?CLOCK

?PR?_EB_CLK?CLOCK                                -----    -----      -----    -----      00C8H    0003H
  +--> ?PR?P_CK?CLOCK

?PR?P_CK?CLOCK                                   -----    -----      -----    -----      -----    -----
  +--> ?PR?DELAY?DELAY

?PR?_HASH_ID?PROG                                -----    -----      -----    -----      0071H    003FH
  +--> ?CO?PROG
  +--> ?PR?_LEERMEMORIA?EEPROM
  +--> ?PR?_CHECK_FECHAOUT_2?CLOCK
  +--> ?PR?PRINTF?PRINTF
  +--> ?PR?_STRLEN?STRLEN

?PR?_LEERMEMORIA?EEPROM                          -----    -----      -----    -----      00B0H    0005H
  +--> ?PR?_RD_EEPROM?EEPROM

?PR?_CHECK_FECHAOUT_2?CLOCK                      -----    -----      -----    -----      00B0H    0012H
  +--> ?PR?_BLOCK_READ_CLOCK_HEX?CLOCK

?PR?_BLOCK_READ_CLOCK_HEX?CLOCK                  -----    -----      -----    -----      00C2H    0003H
  +--> ?PR?_LEE_CLK?CLOCK
  +--> ?PR?_BCD_HEX?CLOCK

?PR?_ESCRIBIRMEMORIA?EEPROM                      -----    -----      -----    -----      0071H    0005H
  +--> ?PR?_WR_EEPROM?EEPROM

?PR?_WR_EEPROM?EEPROM                            -----    -----      -----    -----      -----    -----
  +--> ?PR?START?EEPROM
  +--> ?PR?ACKD?EEPROM
  +--> ?PR?_E_D_M?EEPROM
  +--> ?PR?STOP?EEPROM
  +--> ?PR?_DELAY_1MS?DELAY
  +--> ?PR?_DELAY_20US?DELAY

?PR?_DELAY_1MS?DELAY                             -----    -----      -----    -----      -----    -----
  +--> ?PR?_DELAY_20US?DELAY

?PR?_INGRESADATO?PROG                            -----    -----      -----    -----      0085H    0004H
  +--> ?PR?_GETKEY?MAIN
  +--> ?CO?PROG
  +--> ?PR?PRINTF?PRINTF
  +--> ?PR?_PUTCHAR?MAIN

?PR?_GETKEY?MAIN                                 -----    -----      -----    -----      -----    -----
BL51 BANKED LINKER/LOCATER V6.22.2.0                                                  10/02/2020  15:54:40  PAGE 9


  +--> ?PR?COM_GETCHAR?UART

?PR?COM_GETCHAR?UART                             -----    -----      -----    -----      -----    -----
  +--> ?PR?COM_RBUFLEN?UART

?PR?_GETCMD?PROG                                 -----    -----      -----    -----      0071H    0007H
  +--> ?CO?PROG
  +--> ?PR?_STRTOK?STRTOK

?PR?_STRTOK?STRTOK                               -----    -----      -----    -----      0078H    0006H
  +--> ?PR?_STRSPN?STRSPN
  +--> ?PR?_STRPBRK?STRPBRK

?PR?_STRSPN?STRSPN                               -----    -----      -----    -----      007EH    0008H

?PR?_STRPBRK?STRPBRK                             -----    -----      -----    -----      007EH    0009H

?PR?_VALIDARCLAVE?PROG                           -----    -----      -----    -----      0071H    000AH

?PR?DISPLAYCURSOR?PROG                           -----    -----      -----    -----      -----    -----
  +--> ?CO?PROG
  +--> ?PR?PRINTF?PRINTF

?PR?_GETOPTION?PROG                              -----    -----      -----    -----      005AH    000BH
  +--> ?CO?PROG
  +--> ?PR?_STRTOK?STRTOK

?PR?_STRCAT?STRCAT                               -----    -----      -----    -----      005AH    0009H

?PR?_LISTACOMANDOS?PROG                          -----    -----      -----    -----      005AH    0007H

?PR?PROG_ID_CLIENTE?PROG                         -----    -----      -----    -----      005AH    000CH
  +--> ?PR?_RD_EEPROM?EEPROM
  +--> ?CO?PROG
  +--> ?PR?PRINTF?PRINTF
  +--> ?PR?_INGRESADATO?PROG
  +--> ?PR?_ATOI?ATOI
  +--> ?PR?_WR_EEPROM?EEPROM

?PR?_ATOI?ATOI                                   0020H.0  0000H.1    -----    -----      0085H    0005H
  +--> ?PR?_ISSPACE?ISSPACE
  +--> ?PR?_ISDIGIT?ISDIGIT

?PR?PROG_COD_PARK?PROG                           -----    -----      -----    -----      005AH    000CH
  +--> ?PR?_RD_EEPROM?EEPROM
  +--> ?CO?PROG
  +--> ?PR?PRINTF?PRINTF
  +--> ?PR?_INGRESADATO?PROG
  +--> ?PR?_ATOI?ATOI
  +--> ?PR?_WR_EEPROM?EEPROM

?PR?PROG_TIEMPO_GRACIA?PROG                      -----    -----      -----    -----      005AH    000CH
  +--> ?PR?_RD_EEPROM?EEPROM
  +--> ?CO?PROG
  +--> ?PR?PRINTF?PRINTF
  +--> ?PR?_INGRESADATO?PROG
  +--> ?PR?_ATOI?ATOI
BL51 BANKED LINKER/LOCATER V6.22.2.0                                                  10/02/2020  15:54:40  PAGE 10


  +--> ?PR?_WR_EEPROM?EEPROM

?PR?PROG_SIN_COBRO?PROG                          -----    -----      -----    -----      005AH    000CH
  +--> ?PR?_RD_EEPROM?EEPROM
  +--> ?CO?PROG
  +--> ?PR?PRINTF?PRINTF
  +--> ?PR?_INGRESADATO?PROG
  +--> ?PR?_ATOI?ATOI
  +--> ?PR?_WR_EEPROM?EEPROM

?PR?PROG_DEBUG?PROG                              -----    -----      -----    -----      005AH    000CH
  +--> ?PR?_RD_EEPROM?EEPROM
  +--> ?CO?PROG
  +--> ?PR?PRINTF?PRINTF
  +--> ?PR?_INGRESADATO?PROG
  +--> ?PR?_ATOI?ATOI
  +--> ?PR?_WR_EEPROM?EEPROM

?PR?PROG_USE_LPR?PROG                            -----    -----      -----    -----      005AH    000CH
  +--> ?PR?_RD_EEPROM?EEPROM
  +--> ?CO?PROG
  +--> ?PR?PRINTF?PRINTF
  +--> ?PR?_INGRESADATO?PROG
  +--> ?PR?_ATOI?ATOI
  +--> ?PR?_WR_EEPROM?EEPROM

?PR?PROG_COMPARACION_ACTIVA?PROG                 -----    -----      -----    -----      005AH    000CH
  +--> ?PR?_RD_EEPROM?EEPROM
  +--> ?CO?PROG
  +--> ?PR?PRINTF?PRINTF
  +--> ?PR?_INGRESADATO?PROG
  +--> ?PR?_ATOI?ATOI
  +--> ?PR?_WR_EEPROM?EEPROM

?PR?TIPO_PANTALLA?PROG                           -----    -----      -----    -----      005AH    000CH
  +--> ?PR?_RD_EEPROM?EEPROM
  +--> ?CO?PROG
  +--> ?PR?PRINTF?PRINTF
  +--> ?PR?_INGRESADATO?PROG
  +--> ?PR?_ATOI?ATOI
  +--> ?PR?_WR_EEPROM?EEPROM

?PR?DCTO_CAJA?PROG                               -----    -----      -----    -----      005AH    000CH
  +--> ?PR?_RD_EEPROM?EEPROM
  +--> ?CO?PROG
  +--> ?PR?PRINTF?PRINTF
  +--> ?PR?_INGRESADATO?PROG
  +--> ?PR?_ATOI?ATOI
  +--> ?PR?_WR_EEPROM?EEPROM

?PR?PROG_APB_MENSUAL?PROG                        -----    -----      -----    -----      005AH    000CH
  +--> ?PR?_RD_EEPROM?EEPROM
  +--> ?CO?PROG
  +--> ?PR?PRINTF?PRINTF
  +--> ?PR?_INGRESADATO?PROG
  +--> ?PR?_ATOI?ATOI
  +--> ?PR?_WR_EEPROM?EEPROM
BL51 BANKED LINKER/LOCATER V6.22.2.0                                                  10/02/2020  15:54:40  PAGE 11



?PR?PROG_ADDRESS_HIGH_BOARD?PROG                 -----    -----      -----    -----      005AH    000CH
  +--> ?PR?_RD_EEPROM?EEPROM
  +--> ?CO?PROG
  +--> ?PR?PRINTF?PRINTF
  +--> ?PR?_INGRESADATO?PROG
  +--> ?PR?_ATOI?ATOI
  +--> ?PR?_WR_EEPROM?EEPROM

?PR?PROG_HORARIOS?PROG                           -----    -----      -----    -----      005AH    001BH
  +--> ?PR?ADDR_HORARIOS?PROG
  +--> ?CO?PROG
  +--> ?PR?PRINTF?PRINTF
  +--> ?PR?_INGRESADATO?PROG
  +--> ?PR?_ATOI?ATOI
  +--> ?PR?_PROG_HORARIOS_ON_OFF?PROG
  +--> ?PR?_WR_EEPROM?EEPROM
  +--> ?PR?_PROG_HORARIO_DIAS?PROG
  +--> ?PR?_PROG_HORARIO_DESDE_HASTA?PROG
  +--> ?PR?_RD_EEPROM?EEPROM

?PR?ADDR_HORARIOS?PROG                           -----    -----      -----    -----      0088H    000BH

?PR?_PROG_HORARIOS_ON_OFF?PROG                   -----    -----      -----    -----      0075H    0010H
  +--> ?PR?_RD_EEPROM?EEPROM
  +--> ?CO?PROG
  +--> ?PR?PRINTF?PRINTF
  +--> ?PR?_INGRESADATO?PROG
  +--> ?PR?_ATOI?ATOI
  +--> ?PR?_WR_EEPROM?EEPROM

?PR?_PROG_HORARIO_DIAS?PROG                      -----    -----      -----    -----      0075H    000FH
  +--> ?CO?PROG
  +--> ?PR?PRINTF?PRINTF
  +--> ?PR?_INGRESADATO?PROG
  +--> ?PR?_WR_EEPROM?EEPROM
  +--> ?PR?_RD_EEPROM?EEPROM

?PR?_PROG_HORARIO_DESDE_HASTA?PROG               -----    -----      -----    -----      0075H    000CH
  +--> ?CO?PROG
  +--> ?PR?PRINTF?PRINTF
  +--> ?PR?_INGRESADATO?PROG
  +--> ?PR?_WR_EEPROM?EEPROM
  +--> ?PR?_RD_EEPROM?EEPROM

?PR?VER_PROG?PROG                                -----    -----      -----    -----      005AH    0013H
  +--> ?PR?_RD_EEPROM?EEPROM
  +--> ?CO?PROG
  +--> ?PR?PRINTF?PRINTF
  +--> ?PR?VER_HORARIO?PROG
  +--> ?PR?_LEERMEMORIA?EEPROM
  +--> ?PR?_HEX_ASCII?CLOCK

?PR?VER_HORARIO?PROG                             -----    -----      -----    -----      006DH    001BH
  +--> ?PR?ADDR_HORARIOS?PROG
  +--> ?CO?PROG
  +--> ?PR?PRINTF?PRINTF
BL51 BANKED LINKER/LOCATER V6.22.2.0                                                  10/02/2020  15:54:40  PAGE 12


  +--> ?PR?_RD_EEPROM?EEPROM
  +--> ?PR?_VER_HORARIO_DIAS?PROG
  +--> ?PR?_VER_HORARIO_DESDE_HASTA?PROG

?PR?_VER_HORARIO_DIAS?PROG                       -----    -----      -----    -----      0088H    0003H
  +--> ?PR?_RD_EEPROM?EEPROM
  +--> ?CO?PROG
  +--> ?PR?PRINTF?PRINTF

?PR?_VER_HORARIO_DESDE_HASTA?PROG                -----    -----      -----    -----      0088H    0002H
  +--> ?CO?PROG
  +--> ?PR?PRINTF?PRINTF
  +--> ?PR?_RD_EEPROM?EEPROM

?PR?_HEX_ASCII?CLOCK                             -----    -----      -----    -----      0071H    0006H
  +--> ?PR?_HEX_BCD?CLOCK

?PR?SHOW?PROG                                    -----    -----      -----    -----      -----    -----
  +--> ?CO?PROG
  +--> ?PR?PRINTF?PRINTF

?PR?PROG_FECHA_VENCIMIENTO?PROG                  -----    -----      -----    -----      005AH    0017H
  +--> ?PR?_LEERMEMORIA?EEPROM
  +--> ?PR?_HEX_ASCII?CLOCK
  +--> ?CO?PROG
  +--> ?PR?PRINTF?PRINTF
  +--> ?PR?_HASH_ID?PROG
  +--> ?PR?_INGRESADATO?PROG
  +--> ?PR?_GETCMD?PROG
  +--> ?PR?_ESCRIBIRMEMORIA?EEPROM
  +--> ?PR?_VALIDARCLAVE?PROG
  +--> ?PR?_ATOI?ATOI
  +--> ?PR?_WR_EEPROM?EEPROM

?PR?VARIABLE_INICIO?EEPROM                       -----    -----      -----    -----      -----    -----
  +--> ?PR?_RD_EEPROM?EEPROM

?PR?SECUENCIA_INICIO_EXPEDIDOR?VERIFI...         -----    -----      -----    -----      0001H    0001H
  +--> ?PR?_INICIALIZA?LINTECH
  +--> ?PR?TRAMA_VALIDACION_P_N?VERIFICADOR
  +--> ?CO?VERIFICADOR
  +--> ?PR?_DEBUG_TXT_TIBBO?TIBBO
  +--> ?PR?_DEBUGBUFFERMF?TIBBO
  +--> ?PR?DWLOAD_EEPROM?LINTECH

?PR?_INICIALIZA?LINTECH                          -----    -----      -----    -----      0002H    000CH
  +--> ?CO?LINTECH
  +--> ?PR?_DEBUG_TXT_TIBBO?TIBBO
  +--> ?PR?_DEBUGBUFFERMF?TIBBO
  +--> ?PR?_ESCRIBIRCADENASOFT_BUFFER?MAIN

?PR?_DEBUG_TXT_TIBBO?TIBBO                       -----    -----      -----    -----      0041H    0004H
  +--> ?CO?TIBBO
  +--> ?PR?_TX_AUX?TIBBO

?PR?_DEBUGBUFFERMF?TIBBO                         -----    -----      -----    -----      003BH    0006H
  +--> ?CO?TIBBO
BL51 BANKED LINKER/LOCATER V6.22.2.0                                                  10/02/2020  15:54:40  PAGE 13


  +--> ?PR?_DEBUG_TXT_TIBBO?TIBBO
  +--> ?PR?_DEBUG_CHR_TIBBO?TIBBO
  +--> ?PR?_TX_AUX?TIBBO

?PR?_DEBUG_CHR_TIBBO?TIBBO                       -----    -----      -----    -----      -----    -----
  +--> ?PR?_TX_AUX?TIBBO

?PR?_ESCRIBIRCADENASOFT_BUFFER?MAIN              -----    -----      -----    -----      0037H    0006H
  +--> ?PR?_PUTCHAR?MAIN

?PR?DWLOAD_EEPROM?LINTECH                        -----    -----      -----    -----      0002H    0016H
  +--> ?CO?LINTECH
  +--> ?PR?_DEBUG_TXT_TIBBO?TIBBO
  +--> ?PR?_DEBUGBUFFERMF?TIBBO
  +--> ?PR?_ESCRIBIRCADENASOFT_BUFFER?MAIN

?PR?_RECIBE_CMD_MONITOR?ACCESCAN                 -----    -----      -----    -----      0001H    0006H
  +--> ?PR?RX_DATA?TIBBO

?PR?RX_DATA?TIBBO                                -----    -----      -----    -----      -----    -----
  +--> ?PR?TIME_MBIT?TIBBO
  +--> ?PR?TIME_BIT?TIBBO

?PR?SECUENCIAEXPEDIDOR?VERIFICADOR               -----    -----      -----    -----      0001H    0010H
  +--> ?PR?_CARD_INSERCION?LINTECH
  +--> ?PR?TRAMA_VALIDACION_P_N?VERIFICADOR
  +--> ?CO?VERIFICADOR
  +--> ?PR?ERROR_RX_PTO?VERIFICADOR
  +--> ?PR?_CHECK_STATUS?LINTECH
  +--> ?PR?_DEBUG_TXT_TIBBO?TIBBO
  +--> ?PR?_DEBUGBUFFERMF?TIBBO
  +--> ?PR?VALIDASENSORESPASO?IO_SENSORES
  +--> ?PR?_SEND_PORTERR?PTO_PARALELO
  +--> ?PR?_PANTALLALCD?PANTALLAS
  +--> ?PR?_RD_MF?LINTECH
  +--> ?PR?_RESPONDE_LECTURA_TARJETA_SECTOR1...
  +--> ?PR?_RESPONDE_LECTURA_TARJETA_SECTOR1...
  +--> ?PR?_BLOCK_READ_CLOCK_HEX?CLOCK
  +--> ?PR?_RD_EEPROM?EEPROM
  +--> ?PR?DEBUG_DIVIDIR_TEXTO?TIBBO
  +--> ?PR?_DEBUG_CHR_TIBBO?TIBBO
  +--> ?PR?PRINTF?PRINTF
  +--> ?PR?_ANALIZA_TIEMPO?CLOCK
  +--> ?PR?VALIDAR_PAGO?VERIFICADOR
  +--> ?PR?_HORARIOS?VERIFICADOR
  +--> ?PR?_CHECK_FECHAOUT_2?CLOCK
  +--> ?PR?_VALIDA_MISMO_DIA?VERIFICADOR
  +--> ?PR?_RESPONDE_LECTURA_TARJETA_SECTOR1...
  +--> ?PR?_WR_MF?LINTECH
  +--> ?PR?_MOV_CARD?LINTECH
  +--> ?PR?VALIDASENSORES_OUT?IO_SENSORES
  +--> ?PR?_TRAMA_PTO_PARALELO_P?PTO_PARALELO
  +--> ?PR?UNIQUE_IDENTIFIER_UID?LINTECH
  +--> ?PR?_ANALIZA_UID_CARD?VERIFICADOR
  +--> ?PR?LOADVERIFY_EEPROM?LINTECH
  +--> ?PR?POWER_OFF?LINTECH
  +--> ?PR?AUT_CARD_CHECK_STATUS?LINTECH
BL51 BANKED LINKER/LOCATER V6.22.2.0                                                  10/02/2020  15:54:40  PAGE 14



?PR?_CARD_INSERCION?LINTECH                      -----    -----      -----    -----      0011H    000AH
  +--> ?CO?LINTECH
  +--> ?PR?_DEBUG_TXT_TIBBO?TIBBO
  +--> ?PR?_DEBUGBUFFERMF?TIBBO
  +--> ?PR?_ESCRIBIRCADENASOFT_BUFFER?MAIN

?PR?ERROR_RX_PTO?VERIFICADOR                     -----    -----      -----    -----      0011H    0001H
  +--> ?CO?VERIFICADOR
  +--> ?PR?_DEBUG_TXT_TIBBO?TIBBO
  +--> ?PR?_DEBUG_CHR_TIBBO?TIBBO
  +--> ?PR?_DELAY_10MS?DELAY

?PR?_DELAY_10MS?DELAY                            -----    -----      -----    -----      0012H    0004H
  +--> ?PR?_DELAY_1MS?DELAY

?PR?_CHECK_STATUS?LINTECH                        -----    -----      -----    -----      0011H    000BH
  +--> ?CO?LINTECH
  +--> ?PR?_DEBUG_TXT_TIBBO?TIBBO
  +--> ?PR?_DEBUGBUFFERMF?TIBBO
  +--> ?PR?_ESCRIBIRCADENASOFT_BUFFER?MAIN

?PR?VALIDASENSORESPASO?IO_SENSORES               -----    -----      -----    -----      -----    -----
  +--> ?PR?SEL_SENSOR2?IO_SENSORES
  +--> ?PR?VALIDASENSOR?IO_SENSORES
  +--> ?PR?SEL_SENSOR1?IO_SENSORES
  +--> ?PR?SEL_AUTO?IO_SENSORES
  +--> ?CO?IO_SENSORES
  +--> ?PR?_DEBUG_TXT_TIBBO?TIBBO

?PR?_SEND_PORTERR?PTO_PARALELO                   -----    -----      -----    -----      002EH    0006H
  +--> ?PR?PULSO_BUS?PTO_PARALELO
  +--> ?PR?_DELAY_20US?DELAY

?PR?PULSO_BUS?PTO_PARALELO                       -----    -----      -----    -----      -----    -----
  +--> ?PR?_DELAY_20US?DELAY

?PR?_PANTALLALCD?PANTALLAS                       -----    -----      -----    -----      002EH    000AH
  +--> ?CO?PANTALLAS
  +--> ?PR?_INIT_MEMPOOL?INIT_MEM
  +--> ?PR?_MALLOC?MALLOC
  +--> ?PR?_LCD_TXT?PANTALLAS
  +--> ?PR?_STRLEN?STRLEN
  +--> ?PR?_TX_CHRLCD?PANTALLAS
  +--> ?PR?_RASPBERRY_DATA?PANTALLAS
  +--> ?PR?_FREE?FREE

?PR?_MALLOC?MALLOC                               -----    -----      -----    -----      0038H    0006H

?PR?_LCD_TXT?PANTALLAS                           -----    -----      -----    -----      003AH    0005H
  +--> ?PR?_TX_CHRLCD?PANTALLAS

?PR?_TX_CHRLCD?PANTALLAS                         -----    -----      -----    -----      003FH    0002H
  +--> ?PR?_PUTCHAR?MAIN

?PR?_RASPBERRY_DATA?PANTALLAS                    -----    -----      -----    -----      003AH    0004H
  +--> ?PR?_STRLEN?STRLEN
BL51 BANKED LINKER/LOCATER V6.22.2.0                                                  10/02/2020  15:54:40  PAGE 15


  +--> ?PR?_PUTCHAR?MAIN

?PR?_FREE?FREE                                   -----    -----      -----    -----      0038H    0006H

?PR?_RD_MF?LINTECH                               -----    -----      -----    -----      0011H    0012H
  +--> ?CO?LINTECH
  +--> ?PR?_DEBUG_TXT_TIBBO?TIBBO
  +--> ?PR?_DEBUG_CHR_TIBBO?TIBBO
  +--> ?PR?_DEBUGBUFFERMF?TIBBO
  +--> ?PR?_ESCRIBIRCADENASOFT_BUFFER?MAIN

?PR?_RESPONDE_LECTURA_TARJETA_SECTOR1...         -----    -----      -----    -----      0011H    0004H
  +--> ?CO?VERIFICADOR
  +--> ?PR?_DEBUG_TXT_TIBBO?TIBBO
  +--> ?PR?_DEBUGBUFFERMF?TIBBO
  +--> ?PR?_DEBUG_HEXDEC?TIBBO
  +--> ?PR?_DEBUG_CHR_TIBBO?TIBBO
  +--> ?PR?_SEND_PORTERR?PTO_PARALELO
  +--> ?PR?_PANTALLALCD?PANTALLAS

?PR?_DEBUG_HEXDEC?TIBBO                          -----    -----      -----    -----      0015H    0002H
  +--> ?PR?_TX_AUX?TIBBO

?PR?_RESPONDE_LECTURA_TARJETA_SECTOR1...         -----    -----      -----    -----      0011H    0004H
  +--> ?CO?VERIFICADOR
  +--> ?PR?_DEBUG_TXT_TIBBO?TIBBO
  +--> ?PR?_DEBUGBUFFERMF?TIBBO
  +--> ?PR?_DEBUG_CHR_TIBBO?TIBBO
  +--> ?PR?_SEND_PORTERR?PTO_PARALELO
  +--> ?PR?_RD_EEPROM?EEPROM
  +--> ?PR?_PANTALLALCD?PANTALLAS

?PR?DEBUG_DIVIDIR_TEXTO?TIBBO                    -----    -----      -----    -----      -----    -----
  +--> ?CO?TIBBO
  +--> ?PR?_DEBUG_TXT_TIBBO?TIBBO

?PR?_ANALIZA_TIEMPO?CLOCK                        0020H.0  0000H.2    -----    -----      0011H    000FH

?PR?VALIDAR_PAGO?VERIFICADOR                     -----    -----      -----    -----      0011H    0002H
  +--> ?PR?_CHECK_FECHAOUT?CLOCK
  +--> ?CO?VERIFICADOR
  +--> ?PR?_DEBUG_TXT_TIBBO?TIBBO
  +--> ?PR?_SEND_PORTERR?PTO_PARALELO
  +--> ?PR?_PANTALLALCD?PANTALLAS

?PR?_CHECK_FECHAOUT?CLOCK                        -----    -----      -----    -----      0013H    000AH
  +--> ?PR?_BLOCK_READ_CLOCK_HEX?CLOCK
  +--> ?PR?_DEBUG_FECHA_ACTUAL?TIBBO

?PR?_DEBUG_FECHA_ACTUAL?TIBBO                    -----    -----      -----    -----      001DH    0003H
  +--> ?CO?TIBBO
  +--> ?PR?_DEBUG_TXT_TIBBO?TIBBO
  +--> ?PR?_HEX_BCD?CLOCK
  +--> ?PR?_DEBUG_CHR_TIBBO?TIBBO
  +--> ?PR?_TX_AUX?TIBBO

?PR?_HORARIOS?VERIFICADOR                        -----    -----      -----    -----      0011H    0011H
BL51 BANKED LINKER/LOCATER V6.22.2.0                                                  10/02/2020  15:54:40  PAGE 16


  +--> ?PR?ADDR_HORARIOS?PROG
  +--> ?PR?_RD_EEPROM?EEPROM
  +--> ?PR?_LEE_CLK?CLOCK
  +--> ?CO?VERIFICADOR
  +--> ?PR?_DEBUG_TXT_TIBBO?TIBBO
  +--> ?PR?_DEBUG_CHR_TIBBO?TIBBO
  +--> ?PR?_BLOQUE_HORARIO?VERIFICADOR
  +--> ?PR?_PANTALLALCD?PANTALLAS

?PR?_BLOQUE_HORARIO?VERIFICADOR                  -----    -----      -----    -----      0022H    0007H
  +--> ?CO?VERIFICADOR
  +--> ?PR?_DEBUG_TXT_TIBBO?TIBBO
  +--> ?PR?_LEE_CLK?CLOCK
  +--> ?PR?_DEBUG_CHR_TIBBO?TIBBO
  +--> ?PR?_HORA_MAXIMA?VERIFICADOR
  +--> ?PR?_EN_HORARIO?VERIFICADOR
  +--> ?PR?_RD_EEPROM?EEPROM
  +--> ?PR?_SEND_PORTERR?PTO_PARALELO
  +--> ?PR?_PANTALLALCD?PANTALLAS

?PR?_HORA_MAXIMA?VERIFICADOR                     -----    -----      -----    -----      002EH    0008H
  +--> ?PR?_RD_EEPROM?EEPROM
  +--> ?PR?_DEBUG_CHR_TIBBO?TIBBO
  +--> ?CO?VERIFICADOR
  +--> ?PR?_DEBUG_TXT_TIBBO?TIBBO

?PR?_EN_HORARIO?VERIFICADOR                      -----    -----      -----    -----      0029H    0005H
  +--> ?CO?VERIFICADOR
  +--> ?PR?_DEBUG_TXT_TIBBO?TIBBO
  +--> ?PR?_HORA_MAXIMA?VERIFICADOR
  +--> ?PR?_SEND_PORTERR?PTO_PARALELO
  +--> ?PR?_PANTALLALCD?PANTALLAS

?PR?_VALIDA_MISMO_DIA?VERIFICADOR                -----    -----      -----    -----      0011H    0006H
  +--> ?PR?_LEE_CLK?CLOCK
  +--> ?PR?_BCD_HEX?CLOCK

?PR?_RESPONDE_LECTURA_TARJETA_SECTOR1...         -----    -----      -----    -----      0011H    0004H
  +--> ?CO?VERIFICADOR
  +--> ?PR?_DEBUG_TXT_TIBBO?TIBBO
  +--> ?PR?_TRAMA_PTO_PARALELO_NEW?PTO_PARALELO
  +--> ?PR?_ARMAR_TRAMA_PTO_PARALELO_EXPEDID...
  +--> ?PR?_CMD_LPR_SALIDA?ACCESCAN

?PR?_TRAMA_PTO_PARALELO_NEW?PTO_PARALELO         -----    -----      -----    -----      0015H    0026H
  +--> ?PR?_BLOCK_READ_CLOCK_HEX?CLOCK
  +--> ?PR?_SEND_PORT?PTO_PARALELO
  +--> ?PR?DEBUG_DIVIDIR_TEXTO?TIBBO
  +--> ?CO?PTO_PARALELO
  +--> ?PR?_DEBUG_TXT_TIBBO?TIBBO
  +--> ?PR?_DEBUGBUFFERMF?TIBBO

?PR?_SEND_PORT?PTO_PARALELO                      -----    -----      -----    -----      003BH    000AH
  +--> ?PR?PULSO_BUS?PTO_PARALELO
  +--> ?PR?_DELAY_20US?DELAY

?PR?_ARMAR_TRAMA_PTO_PARALELO_EXPEDID...         -----    -----      -----    -----      0015H    0003H
BL51 BANKED LINKER/LOCATER V6.22.2.0                                                  10/02/2020  15:54:40  PAGE 17


  +--> ?PR?_RD_EEPROM?EEPROM
  +--> ?PR?_SEND_PORT?PTO_PARALELO
  +--> ?PR?DEBUG_DIVIDIR_TEXTO?TIBBO
  +--> ?CO?VERIFICADOR
  +--> ?PR?_DEBUG_TXT_TIBBO?TIBBO
  +--> ?PR?_DEBUGBUFFERMF?TIBBO

?PR?_CMD_LPR_SALIDA?ACCESCAN                     -----    -----      -----    -----      0015H    0025H
  +--> ?PR?DIR_BOARD_MONITOR?IO_SENSORES
  +--> ?PR?_BYTEHEX_DECIMAL?CLOCK
  +--> ?PR?_STRLEN?STRLEN
  +--> ?PR?_TWO_BYTEHEX_DECIMAL?CLOCK
  +--> ?PR?_BLOCK_READ_CLOCK_ASCII?CLOCK
  +--> ?PR?_MONITOR_CHR?ACCESCAN

?PR?DIR_BOARD_MONITOR?IO_SENSORES                -----    -----      -----    -----      -----    -----
  +--> ?PR?_RD_EEPROM?EEPROM

?PR?_BYTEHEX_DECIMAL?CLOCK                       -----    -----      -----    -----      003AH    0001H

?PR?_TWO_BYTEHEX_DECIMAL?CLOCK                   -----    -----      -----    -----      003AH    000CH
  +--> ?PR?_POW?POW

?PR?_POW?POW                                     -----    -----      -----    -----      0046H    000AH
  +--> ?PR?LOG?LOG
  +--> ?PR?EXP?EXP

?PR?LOG?LOG                                      0020H.0  0000H.1    -----    -----      0050H    0004H

?PR?_MONITOR_CHR?ACCESCAN                        -----    -----      -----    -----      003AH    0005H
  +--> ?PR?_TX_AUX?TIBBO

?PR?_WR_MF?LINTECH                               -----    -----      -----    -----      0011H    0026H
  +--> ?CO?LINTECH
  +--> ?PR?_DEBUG_TXT_TIBBO?TIBBO
  +--> ?PR?_DEBUG_CHR_TIBBO?TIBBO
  +--> ?PR?DIR_BOARD?IO_SENSORES
  +--> ?PR?_DEBUGBUFFERMF?TIBBO
  +--> ?PR?_ESCRIBIRCADENASOFT_BUFFER?MAIN

?PR?DIR_BOARD?IO_SENSORES                        -----    -----      -----    -----      0037H    0001H
  +--> ?PR?SEL_DIR1?IO_SENSORES
  +--> ?PR?SEL_DIR2?IO_SENSORES
  +--> ?PR?_RD_EEPROM?EEPROM

?PR?_MOV_CARD?LINTECH                            -----    -----      -----    -----      0011H    000CH
  +--> ?CO?LINTECH
  +--> ?PR?_DEBUG_TXT_TIBBO?TIBBO
  +--> ?PR?_DEBUGBUFFERMF?TIBBO
  +--> ?PR?_ESCRIBIRCADENASOFT_BUFFER?MAIN

?PR?VALIDASENSORES_OUT?IO_SENSORES               -----    -----      -----    -----      -----    -----
  +--> ?PR?SEL_SENSOR2?IO_SENSORES
  +--> ?PR?VALIDASENSOR?IO_SENSORES

?PR?_TRAMA_PTO_PARALELO_P?PTO_PARALELO           -----    -----      -----    -----      0011H    0008H
  +--> ?PR?_SEND_PORT?PTO_PARALELO
BL51 BANKED LINKER/LOCATER V6.22.2.0                                                  10/02/2020  15:54:40  PAGE 18


  +--> ?PR?DEBUG_DIVIDIR_TEXTO?TIBBO
  +--> ?PR?_DEBUGBUFFERMF?TIBBO

?PR?UNIQUE_IDENTIFIER_UID?LINTECH                -----    -----      -----    -----      0011H    000BH
  +--> ?CO?LINTECH
  +--> ?PR?_DEBUG_TXT_TIBBO?TIBBO
  +--> ?PR?_DEBUGBUFFERMF?TIBBO
  +--> ?PR?_ESCRIBIRCADENASOFT_BUFFER?MAIN

?PR?_ANALIZA_UID_CARD?VERIFICADOR                -----    -----      -----    -----      0011H    0004H
  +--> ?CO?VERIFICADOR
  +--> ?PR?_DEBUG_TXT_TIBBO?TIBBO
  +--> ?PR?_DEBUGBUFFERMF?TIBBO
  +--> ?PR?_DEBUG_CHR_TIBBO?TIBBO

?PR?LOADVERIFY_EEPROM?LINTECH                    -----    -----      -----    -----      0011H    0010H
  +--> ?CO?LINTECH
  +--> ?PR?_DEBUG_TXT_TIBBO?TIBBO
  +--> ?PR?_DEBUGBUFFERMF?TIBBO
  +--> ?PR?_ESCRIBIRCADENASOFT_BUFFER?MAIN

?PR?POWER_OFF?LINTECH                            -----    -----      -----    -----      0011H    000BH
  +--> ?CO?LINTECH
  +--> ?PR?_DEBUG_TXT_TIBBO?TIBBO
  +--> ?PR?_DEBUGBUFFERMF?TIBBO
  +--> ?PR?_ESCRIBIRCADENASOFT_BUFFER?MAIN

?PR?AUT_CARD_CHECK_STATUS?LINTECH                -----    -----      -----    -----      0011H    000BH
  +--> ?CO?LINTECH
  +--> ?PR?_DEBUG_TXT_TIBBO?TIBBO
  +--> ?PR?_DEBUGBUFFERMF?TIBBO
  +--> ?PR?_ESCRIBIRCADENASOFT_BUFFER?MAIN

?PR?_RECIBE_PORT?PTO_PARALELO                    -----    -----      -----    -----      0001H    0008H
  +--> ?PR?OFF_TIMER0_INTERRUP?MAIN
  +--> ?PR?ON_TIMER0_INTERRUP?MAIN

?PR?_VALIDA_TRAMA_PTO?ACCESCAN                   -----    -----      -----    -----      0001H    000FH
  +--> ?PR?_RD_EEPROM?EEPROM
  +--> ?PR?_VALIDAR_CLK?CLOCK
  +--> ?PR?_BLOCK_WRITE_CLOCK_ASCII?CLOCK
  +--> ?PR?RELOJ_PANTALLA_LCD?PANTALLAS
  +--> ?PR?_PANTALLALCD?PANTALLAS
  +--> ?CO?ACCESCAN
  +--> ?PR?_DEBUG_TXT_TIBBO?TIBBO
  +--> ?PR?_BYTEHEX_DECIMAL?CLOCK
  +--> ?PR?_TWO_BYTEHEX_DECIMAL?CLOCK
  +--> ?PR?VALIDASENSORESPASO?IO_SENSORES
  +--> ?PR?_CMD_LPR_SALIDA_WIEGAND?ACCESCAN
  +--> ?PR?_PANTALLALCD_LINEA_2?PANTALLAS

?PR?_BLOCK_WRITE_CLOCK_ASCII?CLOCK               -----    -----      -----    -----      0010H    0003H
  +--> ?PR?_TWO_ONE?CLOCK
  +--> ?PR?_WR_CLK?CLOCK

?PR?_WR_CLK?CLOCK                                -----    -----      -----    -----      0013H    0002H
  +--> ?PR?_DELAY_20US?DELAY
BL51 BANKED LINKER/LOCATER V6.22.2.0                                                  10/02/2020  15:54:40  PAGE 19


  +--> ?PR?_EB_CLK?CLOCK

?PR?RELOJ_PANTALLA_LCD?PANTALLAS                 -----    -----      -----    -----      0010H    0014H
  +--> ?PR?_BLOCK_READ_CLOCK?CLOCK
  +--> ?PR?_LCD_TXT_NUM_CHAR?PANTALLAS
  +--> ?CO?PANTALLAS
  +--> ?PR?_STRLEN?STRLEN
  +--> ?PR?_BLOCK_READ_CLOCK_RASBERRY?CLOCK
  +--> ?PR?_STRCAT?STRCAT
  +--> ?PR?_RASPBERRY_DATA?PANTALLAS

?PR?_BLOCK_READ_CLOCK?CLOCK                      -----    -----      -----    -----      0024H    0003H
  +--> ?PR?_LEE_CLK?CLOCK

?PR?_LCD_TXT_NUM_CHAR?PANTALLAS                  -----    -----      -----    -----      0024H    0006H
  +--> ?PR?_TX_CHRLCD?PANTALLAS

?PR?_BLOCK_READ_CLOCK_RASBERRY?CLOCK             -----    -----      -----    -----      0024H    0003H
  +--> ?PR?_LEE_CLK?CLOCK

?PR?_CMD_LPR_SALIDA_WIEGAND?ACCESCAN             -----    -----      -----    -----      0010H    0022H
  +--> ?PR?DIR_BOARD_MONITOR?IO_SENSORES
  +--> ?PR?_BLOCK_READ_CLOCK_ASCII?CLOCK
  +--> ?PR?_MONITOR_CHR?ACCESCAN

?PR?_PANTALLALCD_LINEA_2?PANTALLAS               -----    -----      -----    -----      0010H    002AH
  +--> ?CO?PANTALLAS
  +--> ?PR?_LCD_TXT?PANTALLAS
  +--> ?PR?_STRLEN?STRLEN
  +--> ?PR?_TX_CHRLCD?PANTALLAS
  +--> ?PR?_STRCAT?STRCAT
  +--> ?PR?_RASPBERRY_DATA?PANTALLAS

?PR?_DEBUG_PTO_PARALELO?TIBBO                    -----    -----      -----    -----      0001H    0004H
  +--> ?CO?TIBBO
  +--> ?PR?_DEBUG_TXT_TIBBO?TIBBO
  +--> ?PR?_DEBUGBUFFERMF?TIBBO
  +--> ?PR?_DEBUG_CHR_TIBBO?TIBBO
  +--> ?PR?DEBUG_DIVIDIR_TEXTO?TIBBO

?PR?MSJ_LCD_INFORMATIVO?IO_SENSORES              -----    -----      -----    -----      0001H    0001H
  +--> ?PR?SEL_FUNCION?IO_SENSORES
  +--> ?PR?LOAD_AND_SEND_INFO_RELOJ?PTO_PARA...
  +--> ?PR?LOAD_AND_SEND_ID_COD?PTO_PARALELO
  +--> ?PR?_RD_EEPROM?EEPROM
  +--> ?PR?_SEND_PORTERR?PTO_PARALELO

?PR?LOAD_AND_SEND_INFO_RELOJ?PTO_PARA...         -----    -----      -----    -----      0002H    000BH
  +--> ?PR?_BLOCK_READ_CLOCK?CLOCK
  +--> ?PR?_LEE_CLK?CLOCK
  +--> ?PR?_SEND_PORT?PTO_PARALELO

?PR?LOAD_AND_SEND_ID_COD?PTO_PARALELO            -----    -----      -----    -----      0002H    0011H
  +--> ?CO?PTO_PARALELO
  +--> ?PR?PRINTF?PRINTF
  +--> ?PR?_SEND_PORT?PTO_PARALELO

BL51 BANKED LINKER/LOCATER V6.22.2.0                                                  10/02/2020  15:54:40  PAGE 20




SYMBOL TABLE OF MODULE:  .\Objects\verificador_v_01_raspberry (MAIN)

  VALUE           TYPE          NAME
  ----------------------------------

  -------         MODULE        MAIN
  C:0000H         SYMBOL        _ICE_DUMMY_
  D:0080H         PUBLIC        P0
  D:0090H         PUBLIC        P1
  C:AA96H         PUBLIC        timer0_int
  D:00B0H         PUBLIC        P3
  B:00A8H.7       PUBLIC        EA
  C:AE78H         PUBLIC        off_Timer0_Interrup
  X:010CH         PUBLIC        ValTimeOutCom
  X:010DH         PUBLIC        Buffer_Rta_Lintech
  X:013FH         PUBLIC        Timer_wait
  X:0140H         PUBLIC        g_cContByteRx
  B:0080H.0       PUBLIC        rx_ip
  B:0080H.3       PUBLIC        Atascado
  C:9B9EH         PUBLIC        main
  X:0141H         PUBLIC        Timer_tivo
  B:0090H.7       PUBLIC        lock
  I:0022H         PUBLIC        rbuf
  C:AE69H         PUBLIC        on_Timer0_Interrup
  I:0054H         PUBLIC        tbuf
  B:0090H.1       PUBLIC        DataIn
  D:0089H         PUBLIC        TMOD
  X:0143H         PUBLIC        Debug_Tibbo
  B:0021H.1       PUBLIC        prto_ready
  X:0144H         PUBLIC        Raspberry
  X:0145H         PUBLIC        SIN_COBRO
  X:0147H         PUBLIC        Tipo_Vehiculo
  B:00B0H.3       PUBLIC        busy
  C:ADDBH         PUBLIC        ini_timer
  B:00A8H.1       PUBLIC        ET0
  B:0088H.5       PUBLIC        TF0
  X:0148H         PUBLIC        COMPARACION_ACTIVA
  D:008CH         PUBLIC        TH0
  X:0149H         PUBLIC        ACK
  X:014AH         PUBLIC        g_cEstadoComSoft
  D:008AH         PUBLIC        TL0
  B:0088H.4       PUBLIC        TR0
  C:ADEBH         PUBLIC        inicia_board
  X:014BH         PUBLIC        T_GRACIA
  X:014DH         PUBLIC        COD_PARK
  B:0080H.7       PUBLIC        sel_com
  X:014FH         PUBLIC        STX_LINTECH
  C:AE0AH         PUBLIC        _getkey
  X:0150H         PUBLIC        g_cEstadoComSeqMF
  X:0151H         PUBLIC        ETX
  X:0152H         PUBLIC        ID_CLIENTE
  C:A64DH         PUBLIC        _EscribirCadenaSoft_buffer
  B:0021H.2       PUBLIC        buffer_ready
  C:A92DH         PUBLIC        _putchar
  B:0021H.3       PUBLIC        placa_ready
BL51 BANKED LINKER/LOCATER V6.22.2.0                                                  10/02/2020  15:54:40  PAGE 21


  -------         PROC          TIMER0_INT
  C:AA96H         LINE#         13
  C:AA9CH         LINE#         15
  C:AAA4H         LINE#         16
  C:AAA4H         LINE#         17
  C:AAA6H         LINE#         18
  C:AAA8H         LINE#         19
  C:AAAAH         LINE#         21
  C:AAAAH         LINE#         22
  C:AAB0H         LINE#         23
  C:AAB6H         LINE#         24
  C:AAC4H         LINE#         25
  C:AAC6H         LINE#         26
  C:AAC6H         LINE#         27
  -------         ENDPROC       TIMER0_INT
  -------         PROC          INI_TIMER
  C:ADDBH         LINE#         30
  C:ADDBH         LINE#         31
  C:ADDBH         LINE#         33
  C:ADE3H         LINE#         35
  C:ADE6H         LINE#         36
  C:ADE8H         LINE#         37
  C:ADEAH         LINE#         39
  -------         ENDPROC       INI_TIMER
  -------         PROC          ON_TIMER0_INTERRUP
  C:AE69H         LINE#         42
  C:AE69H         LINE#         43
  C:AE69H         LINE#         44
  C:AE6BH         LINE#         45
  C:AE6DH         LINE#         47
  -------         ENDPROC       ON_TIMER0_INTERRUP
  -------         PROC          OFF_TIMER0_INTERRUP
  C:AE78H         LINE#         50
  C:AE78H         LINE#         51
  C:AE78H         LINE#         52
  C:AE7AH         LINE#         54
  -------         ENDPROC       OFF_TIMER0_INTERRUP
  -------         PROC          _GETKEY
  -------         DO            
  D:0006H         SYMBOL        k
  -------         ENDDO         
  C:AE0AH         LINE#         62
  C:AE0AH         LINE#         63
  C:AE0AH         LINE#         67
  C:AE0AH         LINE#         68
  C:AE0DH         LINE#         69
  C:AE0DH         LINE#         70
  C:AE15H         LINE#         72
  C:AE15H         LINE#         73
  -------         ENDPROC       _GETKEY
  -------         PROC          _PUTCHAR
  X:00E0H         SYMBOL        c
  -------         DO            
  X:00E1H         SYMBOL        i
  -------         ENDDO         
  C:A92DH         LINE#         77
  C:A932H         LINE#         78
BL51 BANKED LINKER/LOCATER V6.22.2.0                                                  10/02/2020  15:54:40  PAGE 22


  C:A932H         LINE#         81
  C:A941H         LINE#         82
  C:A941H         LINE#         83
  C:A957H         LINE#         84
  C:A957H         LINE#         86
  C:A965H         LINE#         87
  C:A965H         LINE#         89
  C:A96AH         LINE#         90
  -------         ENDPROC       _PUTCHAR
  -------         PROC          _ESCRIBIRCADENASOFT_BUFFER
  X:0037H         SYMBOL        buffer
  X:003AH         SYMBOL        tamano_cadena
  -------         DO            
  X:003BH         SYMBOL        i
  X:003CH         SYMBOL        d
  -------         ENDDO         
  C:A64DH         LINE#         94
  C:A65BH         LINE#         95
  C:A65BH         LINE#         97
  C:A669H         LINE#         98
  C:A669H         LINE#         99
  C:A680H         LINE#         100
  C:A68AH         LINE#         101
  C:A692H         LINE#         102
  -------         ENDPROC       _ESCRIBIRCADENASOFT_BUFFER
  -------         PROC          INICIA_BOARD
  C:ADEBH         LINE#         139
  C:ADEBH         LINE#         140
  C:ADEBH         LINE#         141
  C:ADEEH         LINE#         142
  C:ADF1H         LINE#         143
  C:ADF4H         LINE#         144
  C:ADF6H         LINE#         145
  C:ADF8H         LINE#         146
  C:ADFAH         LINE#         148
  -------         ENDPROC       INICIA_BOARD
  -------         PROC          MAIN
  -------         DO            
  X:00E4H         SYMBOL        buffer
  X:0000H         SYMBOL        Length_trama
  -------         ENDDO         
  C:9B9EH         LINE#         158
  C:9B9EH         LINE#         159
  C:9B9EH         LINE#         167
  C:9BA1H         LINE#         168
  C:9BA4H         LINE#         169
  C:9BA7H         LINE#         170
  C:9BAAH         LINE#         171
  C:9BADH         LINE#         172
  C:9BAFH         LINE#         174
  C:9BB2H         LINE#         175
  C:9BB9H         LINE#         176
  C:9BBCH         LINE#         177
  C:9BC1H         LINE#         179
  C:9BC4H         LINE#         181
  C:9BC7H         LINE#         182
  C:9BC7H         LINE#         183
BL51 BANKED LINKER/LOCATER V6.22.2.0                                                  10/02/2020  15:54:40  PAGE 23


  C:9BCAH         LINE#         184
  C:9BCAH         LINE#         185
  C:9BCDH         LINE#         186
  C:9BD3H         LINE#         187
  C:9BD9H         LINE#         189
  C:9BD9H         LINE#         190
  C:9BD9H         LINE#         192
  C:9BDCH         LINE#         194
  C:9BDCH         LINE#         195
  C:9BDFH         LINE#         196
  C:9BDFH         LINE#         198
  C:9BEDH         LINE#         201
  C:9BEDH         LINE#         203
  C:9BF0H         LINE#         205
  C:9BF3H         LINE#         206
  C:9BF3H         LINE#         209
  C:9C02H         LINE#         212
  C:9C0BH         LINE#         215
  C:9C19H         LINE#         218
  C:9C19H         LINE#         220
  C:9C1BH         LINE#         222
  C:9C1BH         LINE#         223
  C:9C1EH         LINE#         224
  C:9C1EH         LINE#         225
  C:9C21H         LINE#         229
  -------         ENDPROC       MAIN
  -------         ENDMOD        MAIN

  -------         MODULE        ACCESCAN
  C:0000H         SYMBOL        _ICE_DUMMY_
  D:0080H         PUBLIC        P0
  D:0090H         PUBLIC        P1
  I:0011H         PUBLIC        placa
  B:0080H.2       PUBLIC        led_err_imp
  C:A82CH         PUBLIC        _Monitor_chr
  C:5E9BH         PUBLIC        _Cmd_LPR_Salida
  B:0080H.3       PUBLIC        Atascado
  B:0080H.0       PUBLIC        rx_ip
  B:0090H.7       PUBLIC        lock
  X:028CH         PUBLIC        USE_LPR
  C:45B0H         PUBLIC        _Valida_Trama_Pto
  C:9473H         PUBLIC        _recibe_cmd_Monitor
  C:8674H         PUBLIC        _Cmd_LPR_Salida_wiegand
  -------         PROC          _VALIDA_TRAMA_PTO
  X:0001H         SYMBOL        buffer
  X:0004H         SYMBOL        length_trama
  -------         DO            
  X:028BH         SYMBOL        cont
  X:0005H         SYMBOL        buff
  -------         ENDDO         
  C:45B0H         LINE#         122
  C:45BEH         LINE#         123
  C:45BEH         LINE#         127
  C:45CCH         LINE#         129
  C:4603H         LINE#         130
  C:4603H         LINE#         131
  C:4618H         LINE#         132
BL51 BANKED LINKER/LOCATER V6.22.2.0                                                  10/02/2020  15:54:40  PAGE 24


  C:4618H         LINE#         133
  C:462BH         LINE#         135
  C:462EH         LINE#         137
  C:462EH         LINE#         139
  C:462EH         LINE#         141
  C:4640H         LINE#         142
  C:4640H         LINE#         143
  C:4646H         LINE#         144
  C:4653H         LINE#         145
  C:4653H         LINE#         146
  C:4658H         LINE#         147
  C:465AH         LINE#         148
  C:465FH         LINE#         149
  C:4661H         LINE#         150
  C:4663H         LINE#         151
  C:4667H         LINE#         152
  C:4667H         LINE#         153
  C:4668H         LINE#         155
  C:4680H         LINE#         156
  C:4680H         LINE#         158
  C:468DH         LINE#         159
  C:468DH         LINE#         160
  C:468FH         LINE#         161
  C:4691H         LINE#         162
  C:4693H         LINE#         163
  C:4695H         LINE#         164
  C:4695H         LINE#         166
  C:46BBH         LINE#         167
  C:46BBH         LINE#         168
  C:46BFH         LINE#         169
  C:46C4H         LINE#         170
  C:46CDH         LINE#         171
  C:46D2H         LINE#         172
  C:46D2H         LINE#         175
  C:46D3H         LINE#         178
  C:46E5H         LINE#         179
  C:46E5H         LINE#         180
  C:46E7H         LINE#         181
  C:46EAH         LINE#         183
  C:46FCH         LINE#         184
  C:46FCH         LINE#         185
  C:46FEH         LINE#         186
  C:4701H         LINE#         188
  C:471BH         LINE#         189
  C:471BH         LINE#         190
  C:471DH         LINE#         191
  C:4720H         LINE#         194
  C:473AH         LINE#         195
  C:473AH         LINE#         196
  C:473CH         LINE#         197
  C:473EH         LINE#         200
  C:4758H         LINE#         201
  C:4758H         LINE#         202
  C:475AH         LINE#         203
  C:475CH         LINE#         207
  C:4776H         LINE#         208
  C:4776H         LINE#         209
BL51 BANKED LINKER/LOCATER V6.22.2.0                                                  10/02/2020  15:54:40  PAGE 25


  C:4778H         LINE#         210
  C:477AH         LINE#         213
  C:4794H         LINE#         214
  C:4794H         LINE#         215
  C:4796H         LINE#         216
  C:4798H         LINE#         218
  C:47B2H         LINE#         219
  C:47B2H         LINE#         220
  C:47B7H         LINE#         221
  C:47B7H         LINE#         223
  C:47E7H         LINE#         224
  C:47E7H         LINE#         225
  C:47F5H         LINE#         226
  C:47F8H         LINE#         229
  C:483BH         LINE#         230
  C:483BH         LINE#         232
  C:4850H         LINE#         233
  C:4856H         LINE#         234
  C:4880H         LINE#         237
  C:4888H         LINE#         238
  C:4888H         LINE#         241
  C:488FH         LINE#         242
  C:488FH         LINE#         243
  C:4894H         LINE#         244
  C:4894H         LINE#         245
  C:4896H         LINE#         247
  C:4896H         LINE#         248
  C:489FH         LINE#         249
  C:48A7H         LINE#         250
  C:48A7H         LINE#         255
  C:48A9H         LINE#         258
  C:48A9H         LINE#         261
  C:48B0H         LINE#         262
  C:48B0H         LINE#         263
  C:48B5H         LINE#         264
  C:48B5H         LINE#         265
  C:48C0H         LINE#         269
  C:48C0H         LINE#         270
  C:48C0H         LINE#         272
  -------         ENDPROC       _VALIDA_TRAMA_PTO
  -------         PROC          _RECIBE_CMD_MONITOR
  X:0001H         SYMBOL        buffer_cmd
  -------         DO            
  X:0004H         SYMBOL        j
  X:0005H         SYMBOL        NumDatos
  D:0005H         SYMBOL        time_out
  X:0006H         SYMBOL        MaxChrRx
  D:0006H         SYMBOL        contador
  -------         ENDDO         
  C:9473H         LINE#         278
  C:947EH         LINE#         279
  C:947EH         LINE#         283
  C:9483H         LINE#         284
  C:9487H         LINE#         286
  C:948FH         LINE#         287
  C:948FH         LINE#         288
  C:94A0H         LINE#         289
BL51 BANKED LINKER/LOCATER V6.22.2.0                                                  10/02/2020  15:54:40  PAGE 26


  C:94A0H         LINE#         290
  C:94A3H         LINE#         291
  C:94A4H         LINE#         292
  C:94AAH         LINE#         293
  C:94AAH         LINE#         294
  C:94AFH         LINE#         295
  C:94B8H         LINE#         296
  C:94B8H         LINE#         297
  C:94BAH         LINE#         298
  C:94C2H         LINE#         299
  C:94C2H         LINE#         300
  C:94C4H         LINE#         301
  C:94C9H         LINE#         302
  C:94CFH         LINE#         303
  C:94E1H         LINE#         304
  C:94EBH         LINE#         305
  C:94F3H         LINE#         307
  C:9502H         LINE#         310
  C:9502H         LINE#         311
  C:9507H         LINE#         312
  -------         ENDPROC       _RECIBE_CMD_MONITOR
  -------         PROC          _MONITOR_CHR
  X:003AH         SYMBOL        str
  X:003DH         SYMBOL        num_char
  -------         DO            
  X:003EH         SYMBOL        j
  -------         ENDDO         
  C:A82CH         LINE#         367
  C:A83AH         LINE#         368
  C:A83AH         LINE#         370
  C:A848H         LINE#         371
  C:A848H         LINE#         372
  C:A85AH         LINE#         373
  C:A864H         LINE#         374
  C:A86CH         LINE#         375
  -------         ENDPROC       _MONITOR_CHR
  -------         PROC          _CMD_LPR_SALIDA_WIEGAND
  X:0010H         SYMBOL        buffer
  -------         DO            
  X:0013H         SYMBOL        Buffer_Lpr
  X:0031H         SYMBOL        j
  -------         ENDDO         
  C:8674H         LINE#         380
  C:867FH         LINE#         381
  C:867FH         LINE#         383
  C:8685H         LINE#         384
  C:868AH         LINE#         385
  C:8692H         LINE#         386
  C:8696H         LINE#         387
  C:869FH         LINE#         388
  C:869FH         LINE#         389
  C:86B0H         LINE#         390
  C:86B2H         LINE#         392
  C:86B2H         LINE#         393
  C:86C3H         LINE#         394
  C:86C3H         LINE#         398
  C:86DAH         LINE#         399
BL51 BANKED LINKER/LOCATER V6.22.2.0                                                  10/02/2020  15:54:40  PAGE 27


  C:86DAH         LINE#         400
  C:86E9H         LINE#         401
  C:86F3H         LINE#         403
  C:86FBH         LINE#         404
  C:870FH         LINE#         406
  C:871FH         LINE#         407
  C:8730H         LINE#         408
  C:873DH         LINE#         412
  -------         ENDPROC       _CMD_LPR_SALIDA_WIEGAND
  -------         PROC          _CMD_LPR_SALIDA
  X:0015H         SYMBOL        buffer_S1_B0
  X:0018H         SYMBOL        buffer_S1_B
  -------         DO            
  X:001BH         SYMBOL        Buffer_Lpr
  X:0039H         SYMBOL        j
  -------         ENDDO         
  C:5E9BH         LINE#         417
  C:5EA6H         LINE#         418
  C:5EA6H         LINE#         422
  C:5EACH         LINE#         423
  C:5EB1H         LINE#         424
  C:5EB9H         LINE#         425
  C:5EBDH         LINE#         429
  C:5EC6H         LINE#         430
  C:5EC6H         LINE#         431
  C:5ED7H         LINE#         432
  C:5ED9H         LINE#         434
  C:5ED9H         LINE#         435
  C:5EEAH         LINE#         436
  C:5EEAH         LINE#         437
  C:5F02H         LINE#         438
  C:5F02H         LINE#         439
  C:5F17H         LINE#         440
  C:5F25H         LINE#         441
  C:5F33H         LINE#         442
  C:5F3FH         LINE#         443
  C:5F4DH         LINE#         444
  C:5F86H         LINE#         446
  C:5F88H         LINE#         448
  C:5F88H         LINE#         452
  C:5F88H         LINE#         454
  C:5FAAH         LINE#         455
  C:5FB4H         LINE#         456
  C:5FC4H         LINE#         458
  C:5FD7H         LINE#         459
  C:5FD7H         LINE#         461
  C:5FE5H         LINE#         464
  C:5FF3H         LINE#         468
  C:6000H         LINE#         470
  C:600EH         LINE#         472
  C:601FH         LINE#         475
  C:6033H         LINE#         477
  -------         ENDPROC       _CMD_LPR_SALIDA
  -------         ENDMOD        ACCESCAN

  -------         MODULE        CLOCK
  C:0000H         SYMBOL        _ICE_DUMMY_
BL51 BANKED LINKER/LOCATER V6.22.2.0                                                  10/02/2020  15:54:40  PAGE 28


  C:A8A1H         PUBLIC        _two_one
  D:0090H         PUBLIC        P1
  C:7505H         PUBLIC        _validar_clk
  C:AB57H         PUBLIC        _wr_clk
  C:6337H         PUBLIC        _check_fechaOut
  B:00D0H.7       PUBLIC        CY
  C:0003H         PUBLIC        p_ck
  C:8BE3H         PUBLIC        _check_fechaOut_2
  C:9508H         PUBLIC        _hex_ascii
  X:028DH         PUBLIC        data_clk
  C:AE32H         PUBLIC        cond_ini_clock
  C:88E1H         PUBLIC        _Block_read_Clock
  B:0090H.4       PUBLIC        sck
  C:900CH         PUBLIC        _Block_read_Clock_Hex
  C:64B0H         PUBLIC        _Block_read_clock_ascii
  C:A987H         PUBLIC        _hex_bcd
  C:ACD7H         PUBLIC        _bcd_hex
  C:A37BH         PUBLIC        _ByteHex_Decimal
  C:9754H         PUBLIC        _lee_clk
  C:3027H         PUBLIC        _analiza_tiempo
  B:0090H.5       PUBLIC        io
  C:97DAH         PUBLIC        _Block_write_clock_ascii
  B:0090H.6       PUBLIC        rst
  C:A8EEH         PUBLIC        _eb_clk
  C:5B19H         PUBLIC        _Block_read_Clock_Rasberry
  C:48C1H         PUBLIC        _Two_ByteHex_Decimal
  -------         PROC          P_CK
  C:0003H         LINE#         40
  C:0003H         LINE#         41
  C:0003H         LINE#         42
  C:0005H         LINE#         43
  C:0008H         LINE#         44
  C:000AH         LINE#         45
  -------         ENDPROC       P_CK
  -------         PROC          _EB_CLK
  X:00C8H         SYMBOL        dir_clk
  -------         DO            
  X:00C9H         SYMBOL        nbits
  -------         ENDDO         
  C:A8EEH         LINE#         47
  C:A8F3H         LINE#         49
  C:A8F8H         LINE#         50
  C:A8F8H         LINE#         51
  C:A901H         LINE#         52
  C:A904H         LINE#         53
  C:A904H         LINE#         54
  C:A906H         LINE#         55
  C:A908H         LINE#         57
  C:A908H         LINE#         58
  C:A90AH         LINE#         59
  C:A90AH         LINE#         60
  C:A90DH         LINE#         61
  C:A92CH         LINE#         62
  -------         ENDPROC       _EB_CLK
  C:974BH         SYMBOL        L?0180
  -------         PROC          L?0179
  -------         ENDPROC       L?0179
BL51 BANKED LINKER/LOCATER V6.22.2.0                                                  10/02/2020  15:54:40  PAGE 29


  C:974BH         SYMBOL        L?0180
  -------         PROC          _LEE_CLK
  X:00C5H         SYMBOL        dir_clk
  -------         DO            
  X:00C6H         SYMBOL        nbits
  -------         ENDDO         
  C:9754H         LINE#         64
  C:9759H         LINE#         66
  C:975BH         LINE#         67
  C:9762H         LINE#         68
  C:976AH         LINE#         69
  C:9783H         LINE#         70
  C:9783H         LINE#         71
  C:9786H         LINE#         72
  C:9786H         LINE#         73
  C:978DH         LINE#         74
  C:9797H         LINE#         75
  C:979CH         LINE#         76
  C:979CH         LINE#         77
  C:979CH         LINE#         78
  C:979FH         LINE#         79
  C:979FH         LINE#         80
  C:97A6H         LINE#         81
  C:97B7H         LINE#         82
  C:97B7H         LINE#         83
  C:97BFH         LINE#         84
  C:97BFH         LINE#         85
  C:97BFH         LINE#         86
  C:97C2H         LINE#         87
  C:97D2H         LINE#         88
  C:97D4H         LINE#         89
  C:97D9H         LINE#         90
  -------         ENDPROC       _LEE_CLK
  -------         PROC          _WR_CLK
  X:0013H         SYMBOL        dir_clk
  X:0014H         SYMBOL        byte
  C:AB57H         LINE#         92
  C:AB5FH         LINE#         93
  C:AB61H         LINE#         94
  C:AB68H         LINE#         95
  C:AB70H         LINE#         96
  C:AB79H         LINE#         97
  C:AB7CH         LINE#         98
  C:AB7EH         LINE#         100
  -------         ENDPROC       _WR_CLK
  C:A86DH         SYMBOL        L?0175
  C:A88BH         SYMBOL        L?0176
  -------         PROC          L?0174
  -------         ENDPROC       L?0174
  C:A86DH         SYMBOL        L?0175
  C:A88BH         SYMBOL        L?0176
  -------         PROC          _TWO_ONE
  D:0007H         SYMBOL        byte_h
  D:0005H         SYMBOL        byte_l
  -------         DO            
  D:0007H         SYMBOL        byte_out
  -------         ENDDO         
BL51 BANKED LINKER/LOCATER V6.22.2.0                                                  10/02/2020  15:54:40  PAGE 30


  C:A8A1H         LINE#         102
  C:A8A1H         LINE#         103
  C:A8A1H         LINE#         105
  C:A8A4H         LINE#         106
  C:A8A8H         LINE#         107
  C:A8ABH         LINE#         108
  C:A8ADH         LINE#         109
  C:A8ADH         LINE#         110
  -------         ENDPROC       _TWO_ONE
  -------         PROC          _VALIDAR_CLK
  D:0001H         SYMBOL        datos_clock
  -------         DO            
  D:0007H         SYMBOL        validador
  -------         ENDDO         
  C:7505H         LINE#         114
  C:7505H         LINE#         115
  C:7505H         LINE#         116
  C:7507H         LINE#         119
  C:751CH         LINE#         120
  C:751CH         LINE#         122
  C:7534H         LINE#         123
  C:7534H         LINE#         125
  C:754CH         LINE#         126
  C:754CH         LINE#         127
  C:7564H         LINE#         128
  C:7564H         LINE#         129
  C:757CH         LINE#         130
  C:757CH         LINE#         131
  C:7591H         LINE#         132
  C:7591H         LINE#         133
  C:75A3H         LINE#         134
  C:75A3H         LINE#         135
  C:75B5H         LINE#         136
  C:75B5H         LINE#         137
  C:75C7H         LINE#         138
  C:75C7H         LINE#         139
  C:75D9H         LINE#         140
  C:75D9H         LINE#         141
  C:75EBH         LINE#         142
  C:75EBH         LINE#         143
  C:75FBH         LINE#         144
  C:75FBH         LINE#         145
  C:75FBH         LINE#         146
  C:75FBH         LINE#         147
  C:75FCH         LINE#         149
  C:75FCH         LINE#         150
  C:75FEH         LINE#         151
  C:75FEH         LINE#         152
  C:75FFH         LINE#         154
  C:75FFH         LINE#         155
  C:7601H         LINE#         157
  C:7601H         LINE#         158
  C:7602H         LINE#         160
  C:7602H         LINE#         161
  C:7604H         LINE#         163
  C:7604H         LINE#         165
  C:7605H         LINE#         167
BL51 BANKED LINKER/LOCATER V6.22.2.0                                                  10/02/2020  15:54:40  PAGE 31


  C:7605H         LINE#         168
  C:7607H         LINE#         170
  C:7607H         LINE#         171
  C:7608H         LINE#         173
  C:7608H         LINE#         174
  C:760AH         LINE#         176
  C:760AH         LINE#         177
  C:760BH         LINE#         179
  C:760BH         LINE#         180
  C:760DH         LINE#         182
  C:760DH         LINE#         183
  C:760EH         LINE#         185
  C:760EH         LINE#         186
  C:7610H         LINE#         188
  C:7610H         LINE#         189
  C:7610H         LINE#         191
  C:7611H         LINE#         193
  C:7611H         LINE#         194
  C:7613H         LINE#         196
  C:7613H         LINE#         198
  C:7614H         LINE#         201
  C:7614H         LINE#         202
  C:7616H         LINE#         204
  C:7616H         LINE#         206
  C:7617H         LINE#         209
  C:7617H         LINE#         210
  C:7619H         LINE#         212
  C:7619H         LINE#         214
  C:7619H         LINE#         216
  -------         ENDPROC       _VALIDAR_CLK
  -------         PROC          _BLOCK_WRITE_CLOCK_ASCII
  X:0010H         SYMBOL        datos_clock
  C:97DAH         LINE#         222
  C:97E5H         LINE#         224
  C:97E5H         LINE#         228
  C:97EFH         LINE#         229
  C:97EFH         LINE#         230
  C:97EFH         LINE#         231
  C:97EFH         LINE#         233
  C:97F9H         LINE#         234
  C:9803H         LINE#         235
  C:980DH         LINE#         236
  C:980DH         LINE#         237
  C:980DH         LINE#         238
  C:980DH         LINE#         240
  C:9817H         LINE#         241
  C:9817H         LINE#         242
  C:9817H         LINE#         243
  C:9817H         LINE#         245
  C:9821H         LINE#         246
  C:9821H         LINE#         247
  C:9821H         LINE#         248
  C:9821H         LINE#         250
  C:982BH         LINE#         251
  C:982BH         LINE#         252
  C:982BH         LINE#         253
  C:982BH         LINE#         255
BL51 BANKED LINKER/LOCATER V6.22.2.0                                                  10/02/2020  15:54:40  PAGE 32


  C:9835H         LINE#         256
  C:983FH         LINE#         257
  C:9849H         LINE#         258
  C:9853H         LINE#         260
  -------         ENDPROC       _BLOCK_WRITE_CLOCK_ASCII
  -------         PROC          _BCD_HEX
  D:0007H         SYMBOL        l_data
  -------         DO            
  D:0006H         SYMBOL        temp
  D:0005H         SYMBOL        j
  -------         ENDDO         
  C:ACD7H         LINE#         266
  C:ACD7H         LINE#         267
  C:ACD7H         LINE#         269
  C:ACD9H         LINE#         270
  C:ACDDH         LINE#         271
  C:ACE0H         LINE#         272
  C:ACE2H         LINE#         273
  C:ACE2H         LINE#         274
  C:ACE6H         LINE#         275
  C:ACEDH         LINE#         276
  C:ACEDH         LINE#         277
  C:ACF1H         LINE#         278
  C:ACF4H         LINE#         279
  C:ACF4H         LINE#         280
  C:ACF4H         LINE#         281
  -------         ENDPROC       _BCD_HEX
  C:A978H         SYMBOL        L?0178
  -------         PROC          L?0177
  -------         ENDPROC       L?0177
  C:A978H         SYMBOL        L?0178
  -------         PROC          _HEX_BCD
  D:0007H         SYMBOL        byte
  -------         DO            
  D:0006H         SYMBOL        nibble_h
  D:0005H         SYMBOL        nibble_l
  D:0004H         SYMBOL        k
  D:0007H         SYMBOL        byte_out
  -------         ENDDO         
  C:A987H         LINE#         285
  C:A987H         LINE#         286
  C:A987H         LINE#         291
  C:A989H         LINE#         292
  C:A98AH         LINE#         294
  C:A990H         LINE#         295
  C:A990H         LINE#         296
  C:A991H         LINE#         297
[...]
  X:0013H         SYMBOL        g_scArrTxComSoft
  -------         ENDDO         
  C:8216H         LINE#         255
  C:821BH         LINE#         256
  C:821BH         LINE#         259
  C:821EH         LINE#         261
  C:823EH         LINE#         262
  C:823EH         LINE#         263
  C:8245H         LINE#         264
  C:8245H         LINE#         265
  C:824BH         LINE#         266
  C:824DH         LINE#         267
  C:8254H         LINE#         268
  C:8254H         LINE#         269
  C:825AH         LINE#         270
  C:825CH         LINE#         271
  C:8263H         LINE#         272
  C:8263H         LINE#         273
  C:8269H         LINE#         274
  C:826BH         LINE#         275
  C:8272H         LINE#         276
  C:8272H         LINE#         277
  C:8278H         LINE#         278
  C:827AH         LINE#         279
  C:8281H         LINE#         280
  C:8281H         LINE#         281
  C:828AH         LINE#         282
  C:828AH         LINE#         284
  C:8290H         LINE#         285
  C:8293H         LINE#         286
BL51 BANKED LINKER/LOCATER V6.22.2.0                                                  10/02/2020  15:54:40  PAGE 120


  C:8295H         LINE#         287
  C:8299H         LINE#         288
  C:829DH         LINE#         289
  C:82A1H         LINE#         290
  C:82A9H         LINE#         291
  C:82ADH         LINE#         292
  C:82B9H         LINE#         293
  C:82B9H         LINE#         294
  C:82CDH         LINE#         295
  C:82D0H         LINE#         296
  C:82D8H         LINE#         297
  C:82DAH         LINE#         298
  C:82DFH         LINE#         299
  C:82EEH         LINE#         300
  C:82F9H         LINE#         301
  C:82FFH         LINE#         302
  C:82FFH         LINE#         304
  -------         ENDPROC       _MOV_CARD
  -------         PROC          AUT_CARD_CHECK_STATUS
  -------         DO            
  D:0003H         SYMBOL        j
  X:0011H         SYMBOL        bcc
  X:0012H         SYMBOL        g_scArrTxComSoft
  -------         ENDDO         
  C:9E28H         LINE#         310
  C:9E28H         LINE#         311
  C:9E28H         LINE#         314
  C:9E2DH         LINE#         316
  C:9E36H         LINE#         318
  C:9E3CH         LINE#         319
  C:9E3FH         LINE#         320
  C:9E41H         LINE#         321
  C:9E45H         LINE#         322
  C:9E49H         LINE#         323
  C:9E4DH         LINE#         324
  C:9E51H         LINE#         325
  C:9E55H         LINE#         326
  C:9E61H         LINE#         327
  C:9E61H         LINE#         328
  C:9E75H         LINE#         329
  C:9E78H         LINE#         330
  C:9E80H         LINE#         331
  C:9E82H         LINE#         332
  C:9E87H         LINE#         333
  C:9E96H         LINE#         334
  C:9EA1H         LINE#         335
  C:9EA7H         LINE#         336
  -------         ENDPROC       AUT_CARD_CHECK_STATUS
  -------         PROC          DWLOAD_EEPROM
  -------         DO            
  D:0003H         SYMBOL        j
  X:0002H         SYMBOL        bcc
  X:0003H         SYMBOL        g_scArrTxComSoft
  -------         ENDDO         
  C:8F63H         LINE#         342
  C:8F63H         LINE#         343
  C:8F63H         LINE#         346
BL51 BANKED LINKER/LOCATER V6.22.2.0                                                  10/02/2020  15:54:40  PAGE 121


  C:8F68H         LINE#         347
  C:8F71H         LINE#         349
  C:8F77H         LINE#         350
  C:8F7AH         LINE#         351
  C:8F7CH         LINE#         352
  C:8F80H         LINE#         353
  C:8F84H         LINE#         354
  C:8F88H         LINE#         355
  C:8F8CH         LINE#         356
  C:8F8FH         LINE#         357
  C:8F93H         LINE#         358
  C:8F96H         LINE#         359
  C:8F99H         LINE#         360
  C:8F9DH         LINE#         361
  C:8FA1H         LINE#         362
  C:8FA5H         LINE#         363
  C:8FA9H         LINE#         364
  C:8FADH         LINE#         365
  C:8FB1H         LINE#         366
  C:8FB5H         LINE#         367
  C:8FB9H         LINE#         369
  C:8FC5H         LINE#         370
  C:8FC5H         LINE#         371
  C:8FD9H         LINE#         372
  C:8FDCH         LINE#         373
  C:8FE4H         LINE#         374
  C:8FE6H         LINE#         375
  C:8FEBH         LINE#         376
  C:8FFAH         LINE#         377
  C:9005H         LINE#         378
  C:900BH         LINE#         379
  -------         ENDPROC       DWLOAD_EEPROM
  -------         PROC          LOADVERIFY_EEPROM
  -------         DO            
  D:0003H         SYMBOL        j
  X:0011H         SYMBOL        bcc
  X:0012H         SYMBOL        g_scArrTxComSoft
  -------         ENDDO         
  C:962AH         LINE#         385
  C:962AH         LINE#         386
  C:962AH         LINE#         389
  C:962FH         LINE#         390
  C:9638H         LINE#         393
  C:963EH         LINE#         394
  C:9641H         LINE#         395
  C:9643H         LINE#         396
  C:9647H         LINE#         397
  C:964BH         LINE#         398
  C:964FH         LINE#         399
  C:9653H         LINE#         400
  C:9656H         LINE#         401
  C:965AH         LINE#         402
  C:965DH         LINE#         403
  C:9660H         LINE#         404
  C:9664H         LINE#         405
  C:9668H         LINE#         409
  C:9674H         LINE#         410
BL51 BANKED LINKER/LOCATER V6.22.2.0                                                  10/02/2020  15:54:40  PAGE 122


  C:9674H         LINE#         411
  C:9688H         LINE#         412
  C:968BH         LINE#         413
  C:9693H         LINE#         414
  C:9695H         LINE#         415
  C:969AH         LINE#         416
  C:96A9H         LINE#         417
  C:96B4H         LINE#         418
  C:96BAH         LINE#         420
  -------         ENDPROC       LOADVERIFY_EEPROM
  -------         PROC          _RD_MF
  X:0011H         SYMBOL        Sector
  X:0012H         SYMBOL        Bloque
  -------         DO            
  D:0003H         SYMBOL        j
  X:0013H         SYMBOL        bcc
  X:0014H         SYMBOL        g_scArrTxComSoft
  -------         ENDDO         
  C:89A6H         LINE#         426
  C:89AEH         LINE#         427
  C:89AEH         LINE#         431
  C:89B1H         LINE#         433
  C:89BAH         LINE#         434
  C:89C2H         LINE#         436
  C:89CBH         LINE#         437
  C:89D3H         LINE#         438
  C:89DCH         LINE#         441
  C:89E2H         LINE#         442
  C:89E5H         LINE#         443
  C:89E7H         LINE#         444
  C:89EBH         LINE#         445
  C:89EFH         LINE#         446
  C:89F3H         LINE#         447
  C:89F7H         LINE#         448
  C:89FAH         LINE#         449
  C:89FEH         LINE#         450
  C:8A06H         LINE#         451
  C:8A0EH         LINE#         452
  C:8A12H         LINE#         453
  C:8A16H         LINE#         455
  C:8A22H         LINE#         456
  C:8A22H         LINE#         457
  C:8A36H         LINE#         458
  C:8A39H         LINE#         459
  C:8A41H         LINE#         462
  C:8A43H         LINE#         463
  C:8A48H         LINE#         464
  C:8A57H         LINE#         465
  C:8A62H         LINE#         466
  C:8A68H         LINE#         468
  -------         ENDPROC       _RD_MF
  -------         PROC          _WR_MF
  X:0011H         SYMBOL        Sector
  X:0012H         SYMBOL        Bloque
  X:0013H         SYMBOL        buffer
  -------         DO            
  X:0016H         SYMBOL        j
BL51 BANKED LINKER/LOCATER V6.22.2.0                                                  10/02/2020  15:54:40  PAGE 123


  X:0017H         SYMBOL        bcc
  X:0018H         SYMBOL        g_scArrTxComSoft
  -------         ENDDO         
  C:61BCH         LINE#         475
  C:61CDH         LINE#         477
  C:61CDH         LINE#         480
  C:61D2H         LINE#         482
  C:61DBH         LINE#         483
  C:61E3H         LINE#         485
  C:61ECH         LINE#         486
  C:61F4H         LINE#         487
  C:61FDH         LINE#         489
  C:6203H         LINE#         490
  C:6206H         LINE#         491
  C:6208H         LINE#         492
  C:620CH         LINE#         494
  C:6210H         LINE#         495
  C:6214H         LINE#         496
  C:6218H         LINE#         497
  C:621BH         LINE#         498
  C:621FH         LINE#         499
  C:6228H         LINE#         500
  C:6230H         LINE#         501
  C:6234H         LINE#         503
  C:6239H         LINE#         504
  C:6239H         LINE#         509
  C:623CH         LINE#         510
  C:623EH         LINE#         511
  C:6240H         LINE#         512
  C:6242H         LINE#         513
  C:6244H         LINE#         518
  C:6246H         LINE#         519
  C:6248H         LINE#         520
  C:624AH         LINE#         525
  C:625FH         LINE#         526
  C:625FH         LINE#         527
  C:6260H         LINE#         528
  C:6262H         LINE#         530
  C:6262H         LINE#         531
  C:6277H         LINE#         532
  C:6277H         LINE#         536
  C:6281H         LINE#         541
  C:6294H         LINE#         542
  C:6294H         LINE#         543
  C:6294H         LINE#         544
  C:6294H         LINE#         546
  C:6294H         LINE#         547
  C:629AH         LINE#         548
  C:629AH         LINE#         553
  C:629FH         LINE#         554
  C:62A1H         LINE#         555
  C:62A3H         LINE#         556
  C:62A5H         LINE#         557
  C:62A7H         LINE#         559
  C:62A9H         LINE#         561
  C:62A9H         LINE#         562
  C:62BDH         LINE#         563
BL51 BANKED LINKER/LOCATER V6.22.2.0                                                  10/02/2020  15:54:40  PAGE 124


  C:62BDH         LINE#         564
  C:62C9H         LINE#         565
  C:62D1H         LINE#         566
  C:62D1H         LINE#         571
  C:62D7H         LINE#         573
  C:62EAH         LINE#         574
  C:62EAH         LINE#         575
  C:62FFH         LINE#         576
  C:6307H         LINE#         577
  C:630FH         LINE#         580
  C:6311H         LINE#         581
  C:6316H         LINE#         582
  C:6325H         LINE#         583
  C:6330H         LINE#         584
  C:6336H         LINE#         586
  -------         ENDPROC       _WR_MF
  -------         PROC          UNIQUE_IDENTIFIER_UID
  -------         DO            
  D:0003H         SYMBOL        j
  X:0011H         SYMBOL        bcc
  X:0012H         SYMBOL        g_scArrTxComSoft
  -------         ENDDO         
  C:9A8FH         LINE#         591
  C:9A8FH         LINE#         592
  C:9A8FH         LINE#         595
  C:9A94H         LINE#         597
  C:9A9DH         LINE#         599
  C:9AA3H         LINE#         600
  C:9AA6H         LINE#         601
  C:9AA8H         LINE#         602
  C:9AACH         LINE#         603
  C:9AB0H         LINE#         604
  C:9AB4H         LINE#         605
  C:9AB8H         LINE#         606
  C:9ABCH         LINE#         607
  C:9AC0H         LINE#         608
  C:9AC4H         LINE#         609
  C:9AD0H         LINE#         610
  C:9AD0H         LINE#         611
  C:9AE4H         LINE#         612
  C:9AE7H         LINE#         613
  C:9AEFH         LINE#         614
  C:9AF1H         LINE#         615
  C:9AF6H         LINE#         616
  C:9B05H         LINE#         617
  C:9B10H         LINE#         618
  C:9B16H         LINE#         619
  -------         ENDPROC       UNIQUE_IDENTIFIER_UID
  -------         PROC          POWER_OFF
  -------         DO            
  D:0003H         SYMBOL        j
  X:0011H         SYMBOL        bcc
  X:0012H         SYMBOL        g_scArrTxComSoft
  -------         ENDDO         
  C:9EA8H         LINE#         620
  C:9EA8H         LINE#         621
  C:9EA8H         LINE#         624
BL51 BANKED LINKER/LOCATER V6.22.2.0                                                  10/02/2020  15:54:40  PAGE 125


  C:9EADH         LINE#         626
  C:9EB6H         LINE#         628
  C:9EBCH         LINE#         629
  C:9EBFH         LINE#         630
  C:9EC1H         LINE#         631
  C:9EC5H         LINE#         632
  C:9EC9H         LINE#         633
  C:9ECDH         LINE#         634
  C:9ED1H         LINE#         635
  C:9ED5H         LINE#         636
  C:9EE1H         LINE#         637
  C:9EE1H         LINE#         638
  C:9EF5H         LINE#         639
  C:9EF8H         LINE#         640
  C:9F00H         LINE#         641
  C:9F02H         LINE#         642
  C:9F07H         LINE#         643
  C:9F16H         LINE#         644
  C:9F21H         LINE#         645
  C:9F27H         LINE#         648
  -------         ENDPROC       POWER_OFF
  -------         ENDMOD        LINTECH

  -------         MODULE        ?C?FPADD
  C:1D79H         PUBLIC        ?C?FPADD
  C:1D75H         PUBLIC        ?C?FPSUB
  -------         ENDMOD        ?C?FPADD

  -------         MODULE        ?C?FPMUL
  C:1E6AH         PUBLIC        ?C?FPMUL
  -------         ENDMOD        ?C?FPMUL

  -------         MODULE        ?C?FCAST
  C:1F7AH         PUBLIC        ?C?FCASTC
  C:1F75H         PUBLIC        ?C?FCASTI
  C:1F70H         PUBLIC        ?C?FCASTL
  -------         ENDMOD        ?C?FCAST

  -------         MODULE        ?C?CASTF
  C:1FAEH         PUBLIC        ?C?CASTF
  -------         ENDMOD        ?C?CASTF

  -------         MODULE        PRINTF
  X:00B0H         PUBLIC        ?_PRINTF?BYTE
  X:00B0H         PUBLIC        ?_SPRINTF?BYTE
  C:35C9H         PUBLIC        _PRINTF
  C:35C3H         PUBLIC        _SPRINTF
  -------         ENDMOD        PRINTF

  -------         MODULE        POW
  X:0046H         PUBLIC        ?_pow?BYTE
  C:661FH         PUBLIC        _pow
  -------         ENDMOD        POW

  -------         MODULE        ?C?CHKFLOAT
  C:202FH         PUBLIC        ?C?CHKFLOAT
  -------         ENDMOD        ?C?CHKFLOAT
BL51 BANKED LINKER/LOCATER V6.22.2.0                                                  10/02/2020  15:54:40  PAGE 126



  -------         MODULE        ?C?FPCMP
  C:204BH         PUBLIC        ?C?FPCMP
  C:2049H         PUBLIC        ?C?FPCMP3
  -------         ENDMOD        ?C?FPCMP

  -------         MODULE        ?C?FPNEG
  C:20C2H         PUBLIC        ?C?FPNEG
  -------         ENDMOD        ?C?FPNEG

  -------         MODULE        ?C?FPROUND
  C:20D3H         PUBLIC        ?C?FPROUND
  -------         ENDMOD        ?C?FPROUND

  -------         MODULE        ?C?FPCONVERT
  C:2110H         PUBLIC        ?C?FPCONVERT
  -------         ENDMOD        ?C?FPCONVERT

  -------         MODULE        EXP
  C:9411H         PUBLIC        _EXP
  -------         ENDMOD        EXP

  -------         MODULE        LOG
  C:70B5H         PUBLIC        _LOG
  C:70B1H         PUBLIC        _LOG10
  -------         ENDMOD        LOG

  -------         MODULE        ?C?FPDIV
  C:2218H         PUBLIC        ?C?FPDIV
  -------         ENDMOD        ?C?FPDIV

  -------         MODULE        ?C?FTNPWR
  C:22E5H         PUBLIC        ?C?FTNPWR
  -------         ENDMOD        ?C?FTNPWR

  -------         MODULE        ?C?COPY
  C:2442H         PUBLIC        ?C?COPY
  -------         ENDMOD        ?C?COPY

  -------         MODULE        ?C?CLDPTR
  C:2468H         PUBLIC        ?C?CLDPTR
  -------         ENDMOD        ?C?CLDPTR

  -------         MODULE        ?C?CLDOPTR
  C:2481H         PUBLIC        ?C?CLDOPTR
  -------         ENDMOD        ?C?CLDOPTR

  -------         MODULE        ?C?CSTPTR
  C:24AEH         PUBLIC        ?C?CSTPTR
  -------         ENDMOD        ?C?CSTPTR

  -------         MODULE        ?C?CSTOPTR
  C:24C0H         PUBLIC        ?C?CSTOPTR
  -------         ENDMOD        ?C?CSTOPTR

  -------         MODULE        ?C?IMUL
  C:24E2H         PUBLIC        ?C?IMUL
BL51 BANKED LINKER/LOCATER V6.22.2.0                                                  10/02/2020  15:54:40  PAGE 127


  -------         ENDMOD        ?C?IMUL

  -------         MODULE        ?C?UIDIV
  C:24F4H         PUBLIC        ?C?UIDIV
  -------         ENDMOD        ?C?UIDIV

  -------         MODULE        ?C?IILDX
  C:2549H         PUBLIC        ?C?IILDX
  -------         ENDMOD        ?C?IILDX

  -------         MODULE        ?C?LNEG
  C:255FH         PUBLIC        ?C?LNEG
  -------         ENDMOD        ?C?LNEG

  -------         MODULE        ?C?ULCMP
  C:256DH         PUBLIC        ?C?ULCMP
  -------         ENDMOD        ?C?ULCMP

  -------         MODULE        ?C?LLDCODE
  C:257EH         PUBLIC        ?C?LLDCODE
  -------         ENDMOD        ?C?LLDCODE

  -------         MODULE        ?C?LLDXDATA0
  C:258EH         PUBLIC        ?C?LLDXDATA0
  -------         ENDMOD        ?C?LLDXDATA0

  -------         MODULE        ?C?LLDCODE0
  C:259AH         PUBLIC        ?C?LLDCODE0
  -------         ENDMOD        ?C?LLDCODE0

  -------         MODULE        ?C?LSTXDATA
  C:25AAH         PUBLIC        ?C?LSTXDATA
  -------         ENDMOD        ?C?LSTXDATA

  -------         MODULE        ?C?LSTKXDATA
  C:25B6H         PUBLIC        ?C?LSTKXDATA
  -------         ENDMOD        ?C?LSTKXDATA

  -------         MODULE        ?C?PLDIXDATA
  C:25E7H         PUBLIC        ?C?PLDIXDATA
  -------         ENDMOD        ?C?PLDIXDATA

  -------         MODULE        ?C?PSTXDATA
  C:25FEH         PUBLIC        ?C?PSTXDATA
  -------         ENDMOD        ?C?PSTXDATA

  -------         MODULE        ?C?CCASE
  C:2607H         PUBLIC        ?C?CCASE
  -------         ENDMOD        ?C?CCASE

  -------         MODULE        STRCAT
  X:005AH         PUBLIC        ?_strcat?BYTE
  C:A248H         PUBLIC        _strcat
  -------         ENDMOD        STRCAT

  -------         MODULE        ?C?STRCMP
  C:27ABH         PUBLIC        ?C?STRCMP
BL51 BANKED LINKER/LOCATER V6.22.2.0                                                  10/02/2020  15:54:40  PAGE 128


  -------         ENDMOD        ?C?STRCMP

  -------         MODULE        ?C?STRCPY
  C:2894H         PUBLIC        ?C?STRCPY
  -------         ENDMOD        ?C?STRCPY

  -------         MODULE        STRLEN
  C:000EH         PUBLIC        _STRLEN
  -------         ENDMOD        STRLEN

  -------         MODULE        STRTOK
  X:0078H         PUBLIC        ?_strtok?BYTE
  C:8300H         PUBLIC        _strtok
  -------         ENDMOD        STRTOK

  -------         MODULE        ATOI
  C:84C2H         PUBLIC        _atoi
  -------         ENDMOD        ATOI

  -------         MODULE        MALLOC
  C:874AH         PUBLIC        _malloc
  -------         ENDMOD        MALLOC

  -------         MODULE        INIT_MEM
  X:027AH         PUBLIC        __mem_avail__
  C:A9E5H         PUBLIC        _init_mempool
  -------         ENDMOD        INIT_MEM

  -------         MODULE        FREE
  C:6CCDH         PUBLIC        _free
  -------         ENDMOD        FREE

  -------         MODULE        ?C?ILDIX
  C:28B1H         PUBLIC        ?C?ILDIX
  -------         ENDMOD        ?C?ILDIX

  -------         MODULE        ISDIGIT
  C:ADFBH         PUBLIC        _isdigit
  -------         ENDMOD        ISDIGIT

  -------         MODULE        ISSPACE
  C:AD5BH         PUBLIC        _isspace
  -------         ENDMOD        ISSPACE

  -------         MODULE        STRSPN
  X:007EH         PUBLIC        ?_strspn?BYTE
  C:9C23H         PUBLIC        _strspn
  -------         ENDMOD        STRSPN

  -------         MODULE        STRPBRK
  X:007EH         PUBLIC        ?_strpbrk?BYTE
  C:9CA7H         PUBLIC        _strpbrk
  -------         ENDMOD        STRPBRK

Program Size: data=128.7 xdata=655 code=44668
LINK/LOCATE RUN COMPLETE.  0 WARNING(S),  0 ERROR(S)
