BL51 BANKED LINKER/LOCATER V6.22.2.0                                                    11/04/2020  14:30:49  PAGE 1


BL51 BANKED LINKER/LOCATER V6.22.2.0, INVOKED BY:
C:\KEIL_V5\C51\BIN\BL51.EXE .\Objects\main.obj, .\Objects\Accescan.obj, .\Objects\Clock.obj, .\Objects\delay.obj, .\Obje
>> cts\eeprom.obj, .\Objects\io_sensores.obj, .\Objects\pantallas.obj, .\Objects\prog.obj, .\Objects\pto_paralelo.obj, .
>> \Objects\tibbo.obj, .\Objects\uart.obj, .\Objects\verificador.obj, .\Objects\lintech.obj TO .\Objects\verificador_v_0
>> 1_raspberry PRINT (.\Listings\verificador_v_01_raspberry.m51) RAMSIZE (256)


MEMORY MODEL: LARGE WITH FLOATING POINT ARITHMETIC


INPUT MODULES INCLUDED:
  .\Objects\main.obj (MAIN)
  .\Objects\Accescan.obj (ACCESCAN)
  .\Objects\Clock.obj (CLOCK)
  .\Objects\delay.obj (DELAY)
  .\Objects\eeprom.obj (EEPROM)
  .\Objects\io_sensores.obj (IO_SENSORES)
  .\Objects\pantallas.obj (PANTALLAS)
  .\Objects\prog.obj (PROG)
  .\Objects\pto_paralelo.obj (PTO_PARALELO)
  .\Objects\tibbo.obj (TIBBO)
  .\Objects\uart.obj (UART)
  .\Objects\verificador.obj (VERIFICADOR)
  .\Objects\lintech.obj (LINTECH)
  C:\KEIL_V5\C51\LIB\C51FPL.LIB (?C?FPADD)
  C:\KEIL_V5\C51\LIB\C51FPL.LIB (?C?FPMUL)
  C:\KEIL_V5\C51\LIB\C51FPL.LIB (?C?FCAST)
  C:\KEIL_V5\C51\LIB\C51FPL.LIB (?C?CASTF)
  C:\KEIL_V5\C51\LIB\C51FPL.LIB (PRINTF)
  C:\KEIL_V5\C51\LIB\C51FPL.LIB (POW)
  C:\KEIL_V5\C51\LIB\C51FPL.LIB (?C?FPGETOPN)
  C:\KEIL_V5\C51\LIB\C51FPL.LIB (?C?CHKFLOAT)
  C:\KEIL_V5\C51\LIB\C51FPL.LIB (?C?FPCMP)
  C:\KEIL_V5\C51\LIB\C51FPL.LIB (?C?FPNEG)
  C:\KEIL_V5\C51\LIB\C51FPL.LIB (?C?FPROUND)
  C:\KEIL_V5\C51\LIB\C51FPL.LIB (?C?FPCONVERT)
  C:\KEIL_V5\C51\LIB\C51FPL.LIB (EXP)
  C:\KEIL_V5\C51\LIB\C51FPL.LIB (LOG)
  C:\KEIL_V5\C51\LIB\C51FPL.LIB (?C?FPDIV)
  C:\KEIL_V5\C51\LIB\C51FPL.LIB (?C?FTNPWR)
  C:\KEIL_V5\C51\LIB\C51FPL.LIB (?C?FPSERIES)
  C:\KEIL_V5\C51\LIB\C51L.LIB (?C_STARTUP)
  C:\KEIL_V5\C51\LIB\C51L.LIB (?C?COPY)
  C:\KEIL_V5\C51\LIB\C51L.LIB (?C?CLDPTR)
  C:\KEIL_V5\C51\LIB\C51L.LIB (?C?CLDOPTR)
  C:\KEIL_V5\C51\LIB\C51L.LIB (?C?CSTPTR)
  C:\KEIL_V5\C51\LIB\C51L.LIB (?C?CSTOPTR)
  C:\KEIL_V5\C51\LIB\C51L.LIB (?C?IMUL)
  C:\KEIL_V5\C51\LIB\C51L.LIB (?C?UIDIV)
  C:\KEIL_V5\C51\LIB\C51L.LIB (?C?IILDX)
  C:\KEIL_V5\C51\LIB\C51L.LIB (?C?LNEG)
  C:\KEIL_V5\C51\LIB\C51L.LIB (?C?ULCMP)
  C:\KEIL_V5\C51\LIB\C51L.LIB (?C?LLDCODE)
  C:\KEIL_V5\C51\LIB\C51L.LIB (?C?LLDXDATA0)
  C:\KEIL_V5\C51\LIB\C51L.LIB (?C?LLDCODE0)
  C:\KEIL_V5\C51\LIB\C51L.LIB (?C?LSTXDATA)
  C:\KEIL_V5\C51\LIB\C51L.LIB (?C?LSTKXDATA)
  C:\KEIL_V5\C51\LIB\C51L.LIB (?C?PLDIXDATA)
BL51 BANKED LINKER/LOCATER V6.22.2.0                                                  11/04/2020  14:30:49  PAGE 2


  C:\KEIL_V5\C51\LIB\C51L.LIB (?C?PSTXDATA)
  C:\KEIL_V5\C51\LIB\C51L.LIB (?C?CCASE)
  C:\KEIL_V5\C51\LIB\C51L.LIB (STRCAT)
  C:\KEIL_V5\C51\LIB\C51L.LIB (?C?STRCMP)
  C:\KEIL_V5\C51\LIB\C51L.LIB (?C?STRCPY)
  C:\KEIL_V5\C51\LIB\C51L.LIB (STRLEN)
  C:\KEIL_V5\C51\LIB\C51L.LIB (STRTOK)
  C:\KEIL_V5\C51\LIB\C51L.LIB (ATOI)
  C:\KEIL_V5\C51\LIB\C51L.LIB (MALLOC)
  C:\KEIL_V5\C51\LIB\C51L.LIB (INIT_MEM)
  C:\KEIL_V5\C51\LIB\C51L.LIB (FREE)
  C:\KEIL_V5\C51\LIB\C51L.LIB (?C_INIT)
  C:\KEIL_V5\C51\LIB\C51L.LIB (?C?ILDIX)
  C:\KEIL_V5\C51\LIB\C51L.LIB (ISDIGIT)
  C:\KEIL_V5\C51\LIB\C51L.LIB (ISSPACE)
  C:\KEIL_V5\C51\LIB\C51L.LIB (STRSPN)
  C:\KEIL_V5\C51\LIB\C51L.LIB (STRPBRK)


LINK MAP OF MODULE:  .\Objects\verificador_v_01_raspberry (MAIN)


            TYPE    BASE      LENGTH    RELOCATION   SEGMENT NAME
            -----------------------------------------------------

            * * * * * * *   D A T A   M E M O R Y   * * * * * * *
            REG     0000H     0008H     ABSOLUTE     "REG BANK 0"
            DATA    0008H     0005H     UNIT         _DATA_GROUP_
            DATA    000DH     0004H     UNIT         ?DT?UART
            IDATA   0011H     0009H     UNIT         ?ID?ACCESCAN
                    001AH     0006H                  *** GAP ***
            BIT     0020H.0   0001H.1   UNIT         _BIT_GROUP_
            BIT     0021H.1   0000H.3   UNIT         ?BI?MAIN
            BIT     0021H.4   0000H.2   UNIT         ?BI?UART
            BIT     0021H.6   0000H.1   UNIT         ?BI?EEPROM
                    0021H.7   0000H.1                *** GAP ***
            IDATA   0022H     0064H     UNIT         ?ID?MAIN
            IDATA   0086H     0001H     UNIT         ?STACK

            * * * * * * *  X D A T A   M E M O R Y  * * * * * * *
            XDATA   0000H     00E4H     UNIT         _XDATA_GROUP_
            XDATA   00E4H     0070H     UNIT         ?XD?MAIN
            XDATA   0154H     0066H     UNIT         ?XD?VERIFICADOR
            XDATA   01BAH     0051H     UNIT         ?XD?PANTALLAS
            XDATA   020BH     0051H     UNIT         ?XD?PROG
            XDATA   025CH     001EH     UNIT         ?XD?PTO_PARALELO
            XDATA   027AH     0008H     UNIT         ?XD?INIT_MEM
            XDATA   0282H     0003H     UNIT         ?XD?EEPROM
            XDATA   0285H     0003H     UNIT         ?XD?UART
            XDATA   0288H     0003H     UNIT         ?XD?STRTOK
            XDATA   028BH     0002H     UNIT         ?XD?ACCESCAN
            XDATA   028DH     0001H     UNIT         ?XD?CLOCK
            XDATA   028EH     0001H     UNIT         ?XD?IO_SENSORES

            * * * * * * *   C O D E   M E M O R Y   * * * * * * *
            CODE    0000H     0003H     ABSOLUTE     
            CODE    0003H     0008H     UNIT         ?PR?P_CK?CLOCK
BL51 BANKED LINKER/LOCATER V6.22.2.0                                                  11/04/2020  14:30:49  PAGE 3


            CODE    000BH     0003H     ABSOLUTE     
            CODE    000EH     0015H     UNIT         ?PR?_STRLEN?STRLEN
            CODE    0023H     0003H     ABSOLUTE     
            CODE    0026H     116CH     UNIT         ?CO?PROG
            CODE    1192H     0C36H     UNIT         ?PR?SECUENCIAEXPEDIDOR?VERIFICADOR
            CODE    1DC8H     0B55H     UNIT         ?C?LIB_CODE
            CODE    291DH     0775H     UNIT         ?CO?VERIFICADOR
            CODE    3092H     0537H     UNIT         ?PR?_ANALIZA_TIEMPO?CLOCK
            CODE    35C9H     0483H     UNIT         ?PR?PRINTF?PRINTF
            CODE    3A4CH     046CH     UNIT         ?CO?PANTALLAS
            CODE    3EB8H     03D5H     UNIT         ?PR?_PANTALLALCD?PANTALLAS
            CODE    428DH     038EH     UNIT         ?PR?VER_PROG?PROG
            CODE    461BH     0311H     UNIT         ?PR?_VALIDA_TRAMA_PTO?ACCESCAN
            CODE    492CH     02D0H     UNIT         ?PR?_TWO_BYTEHEX_DECIMAL?CLOCK
            CODE    4BFCH     02CDH     UNIT         ?PR?_TRAMA_PTO_PARALELO_NEW?PTO_PARALELO
            CODE    4EC9H     02B7H     UNIT         ?PR?_PROG_HORARIO_DIAS?PROG
            CODE    5180H     021AH     UNIT         ?PR?MENU?PROG
            CODE    539AH     020FH     UNIT         ?PR?_HASH_ID?PROG
            CODE    55A9H     01FAH     UNIT         ?PR?_PROG_HORARIO_DESDE_HASTA?PROG
            CODE    57A3H     01F5H     UNIT         ?PR?PROG_FECHA_VENCIMIENTO?PROG
            CODE    5998H     01ECH     UNIT         ?PR?_RESPONDE_LECTURA_TARJETA_SECTOR1_BLOQUE2?VERIFICADOR
            CODE    5B84H     01CFH     UNIT         ?PR?_BLOCK_READ_CLOCK_RASBERRY?CLOCK
            CODE    5D53H     01B3H     UNIT         ?PR?COM_ISR?UART
            CODE    5F06H     01A6H     UNIT         ?PR?_CMD_LPR_SALIDA?ACCESCAN
            CODE    60ACH     017BH     UNIT         ?PR?_RESPONDE_LECTURA_TARJETA_SECTOR1_BLOQUE1?VERIFICADOR
            CODE    6227H     017BH     UNIT         ?PR?_WR_MF?LINTECH
            CODE    63A2H     0179H     UNIT         ?PR?_CHECK_FECHAOUT?CLOCK
            CODE    651BH     016FH     UNIT         ?PR?_BLOCK_READ_CLOCK_ASCII?CLOCK
            CODE    668AH     0166H     UNIT         ?PR?_POW?POW
            CODE    67F0H     0162H     UNIT         ?PR?_PANTALLALCD_LINEA_2?PANTALLAS
            CODE    6952H     0161H     UNIT         ?CO?LINTECH
            CODE    6AB3H     0145H     UNIT         ?PR?PROG_HORARIOS?PROG
            CODE    6BF8H     0140H     UNIT         ?PR?SECUENCIA_INICIO_EXPEDIDOR?VERIFICADOR
            CODE    6D38H     013FH     UNIT         ?PR?_FREE?FREE
            CODE    6E77H     013EH     UNIT         ?PR?PROG_SIN_COBRO?PROG
            CODE    6FB5H     0137H     UNIT         ?PR?VER_HORARIO?PROG
            CODE    70ECH     0129H     UNIT         ?PR?LOG?LOG
            CODE    7215H     0128H     UNIT         ?PR?_VER_HORARIO_DIAS?PROG
            CODE    733DH     011AH     UNIT         ?PR?_PROG_HORARIOS_ON_OFF?PROG
            CODE    7457H     0119H     UNIT         ?PR?_VER_HORARIO_DESDE_HASTA?PROG
            CODE    7570H     0115H     UNIT         ?PR?_VALIDAR_CLK?CLOCK
            CODE    7685H     0110H     UNIT         ?PR?LOAD_AND_SEND_ID_COD?PTO_PARALELO
            CODE    7795H     010FH     UNIT         ?PR?_RESPONDE_LECTURA_TARJETA_SECTOR1_BLOQUE0?VERIFICADOR
            CODE    78A4H     0103H     UNIT         ?PR?_BLOQUE_HORARIO?VERIFICADOR
            CODE    79A7H     00FFH     UNIT         ?PR?_TRAMA_PTO_PARALELO_P?PTO_PARALELO
            CODE    7AA6H     00FEH     UNIT         ?PR?_ARMAR_TRAMA_PTO_PARALELO_EXPEDIDOR_MENSUAL?VERIFICADOR
            CODE    7BA4H     00FCH     UNIT         ?PR?PROG_DEBUG?PROG
            CODE    7CA0H     00FCH     UNIT         ?PR?PROG_USE_LPR?PROG
            CODE    7D9CH     00FCH     UNIT         ?PR?PROG_COMPARACION_ACTIVA?PROG
            CODE    7E98H     00FCH     UNIT         ?PR?TIPO_PANTALLA?PROG
            CODE    7F94H     00FCH     UNIT         ?PR?DCTO_CAJA?PROG
            CODE    8090H     00FCH     UNIT         ?PR?PROG_APB_MENSUAL?PROG
            CODE    818CH     00F5H     UNIT         ?PR?_HORARIOS?VERIFICADOR
            CODE    8281H     00EAH     UNIT         ?PR?_MOV_CARD?LINTECH
            CODE    836BH     00E4H     UNIT         ?PR?_STRTOK?STRTOK
            CODE    844FH     00DEH     UNIT         ?PR?PROG_ADDRESS_HIGH_BOARD?PROG
            CODE    852DH     00DBH     UNIT         ?PR?_ATOI?ATOI
BL51 BANKED LINKER/LOCATER V6.22.2.0                                                  11/04/2020  14:30:49  PAGE 4


            CODE    8608H     00D7H     UNIT         ?PR?_ANALIZA_UID_CARD?VERIFICADOR
            CODE    86DFH     00D6H     UNIT         ?PR?_CMD_LPR_SALIDA_WIEGAND?ACCESCAN
            CODE    87B5H     00D1H     UNIT         ?PR?_MALLOC?MALLOC
            CODE    8886H     00C6H     UNIT         ?C_INITSEG
            CODE    894CH     00C5H     UNIT         ?PR?_BLOCK_READ_CLOCK?CLOCK
            CODE    8A11H     00C3H     UNIT         ?PR?_RD_MF?LINTECH
            CODE    8AD4H     00BDH     UNIT         ?PR?PROG_COD_PARK?PROG
            CODE    8B91H     00BDH     UNIT         ?PR?PROG_TIEMPO_GRACIA?PROG
            CODE    8C4EH     00BBH     UNIT         ?PR?_CHECK_FECHAOUT_2?CLOCK
            CODE    8D09H     00B6H     UNIT         ?PR?PROG_ID_CLIENTE?PROG
            CODE    8DBFH     00B4H     UNIT         ?PR?_SEND_PORT?PTO_PARALELO
            CODE    8E73H     00AFH     UNIT         ?PR?ERROR_RX_PTO?VERIFICADOR
            CODE    8F22H     00ACH     UNIT         ?PR?_HORA_MAXIMA?VERIFICADOR
            CODE    8FCEH     00A9H     UNIT         ?PR?DWLOAD_EEPROM?LINTECH
            CODE    9077H     00A7H     UNIT         ?PR?_BLOCK_READ_CLOCK_HEX?CLOCK
            CODE    911EH     00A7H     UNIT         ?CO?TIBBO
            CODE    91C5H     00A6H     UNIT         ?PR?_DEBUG_FECHA_ACTUAL?TIBBO
            CODE    926BH     00A0H     UNIT         ?CO?IO_SENSORES
            CODE    930BH     009DH     UNIT         ?PR?_INICIALIZA?LINTECH
            CODE    93A8H     009CH     UNIT         ?PR?_RECIBE_PORT?PTO_PARALELO
            CODE    9444H     009AH     UNIT         ?PR?EXP?EXP
            CODE    94DEH     0095H     UNIT         ?PR?_RECIBE_CMD_MONITOR?ACCESCAN
            CODE    9573H     0091H     UNIT         ?PR?_HEX_ASCII?CLOCK
            CODE    9604H     0091H     UNIT         ?PR?_CARD_INSERCION?LINTECH
            CODE    9695H     0091H     UNIT         ?PR?LOADVERIFY_EEPROM?LINTECH
            CODE    9726H     0090H     UNIT         ?PR?_GETOPTION?PROG
            CODE    97B6H     008FH     UNIT         ?PR?_LEE_CLK?CLOCK
            CODE    9845H     008FH     UNIT         ?PR?_BLOCK_WRITE_CLOCK_ASCII?CLOCK
            CODE    98D4H     008CH     UNIT         ?C_C51STARTUP
            CODE    9960H     008AH     UNIT         ?PR?_EN_HORARIO?VERIFICADOR
            CODE    99EAH     0088H     UNIT         ?PR?_SEND_PORTERR?PTO_PARALELO
            CODE    9A72H     0088H     UNIT         ?PR?RX_DATA?TIBBO
            CODE    9AFAH     0088H     UNIT         ?PR?UNIQUE_IDENTIFIER_UID?LINTECH
            CODE    9B82H     0087H     UNIT         ?PR?SHOW?PROG
            CODE    9C09H     0085H     UNIT         ?PR?MAIN?MAIN
            CODE    9C8EH     0084H     UNIT         ?PR?_STRSPN?STRSPN
            CODE    9D12H     0081H     UNIT         ?PR?_STRPBRK?STRPBRK
            CODE    9D93H     0080H     UNIT         ?PR?MSJ_LCD_INFORMATIVO?IO_SENSORES
            CODE    9E13H     0080H     UNIT         ?PR?_INGRESADATO?PROG
            CODE    9E93H     0080H     UNIT         ?PR?AUT_CARD_CHECK_STATUS?LINTECH
            CODE    9F13H     0080H     UNIT         ?PR?POWER_OFF?LINTECH
            CODE    9F93H     007CH     UNIT         ?PR?_CHECK_STATUS?LINTECH
            CODE    A00FH     0077H     UNIT         ?PR?RELOJ_PANTALLA_LCD?PANTALLAS
            CODE    A086H     0073H     UNIT         ?PR?VALIDASENSORESPASO?IO_SENSORES
            CODE    A0F9H     0073H     UNIT         ?PR?_DEBUGBUFFERMF?TIBBO
            CODE    A16CH     006FH     UNIT         ?PR?_ESCRIBIRMEMORIA?EEPROM
            CODE    A1DBH     006DH     UNIT         ?PR?VALIDAR_PAGO?VERIFICADOR
            CODE    A248H     006BH     UNIT         ?PR?_VALIDA_MISMO_DIA?VERIFICADOR
            CODE    A2B3H     006BH     UNIT         ?PR?_STRCAT?STRCAT
            CODE    A31EH     0066H     UNIT         ?PR?_LEERMEMORIA?EEPROM
            CODE    A384H     0062H     UNIT         ?PR?_LISTACOMANDOS?PROG
            CODE    A3E6H     005EH     UNIT         ?PR?_BYTEHEX_DECIMAL?CLOCK
            CODE    A444H     0059H     UNIT         ?PR?_RASPBERRY_DATA?PANTALLAS
            CODE    A49DH     0056H     UNIT         ?PR?_WR_EEPROM?EEPROM
            CODE    A4F3H     0056H     UNIT         ?PR?VARIABLE_INICIO?EEPROM
            CODE    A549H     004DH     UNIT         ?PR?L_D_M?EEPROM
            CODE    A596H     004BH     UNIT         ?PR?_TX_AUX?TIBBO
BL51 BANKED LINKER/LOCATER V6.22.2.0                                                  11/04/2020  14:30:49  PAGE 5


            CODE    A5E1H     0048H     UNIT         ?PR?FIRST_CLAVE?PROG
            CODE    A629H     0048H     UNIT         ?PR?_DEBUG_PTO_PARALELO?TIBBO
            CODE    A671H     0047H     UNIT         ?PR?_DEBUG_CHR_TIBBO?TIBBO
            CODE    A6B8H     0046H     UNIT         ?PR?_ESCRIBIRCADENASOFT_BUFFER?MAIN
            CODE    A6FEH     0046H     UNIT         ?PR?_LCD_TXT_NUM_CHAR?PANTALLAS
            CODE    A744H     0046H     UNIT         ?PR?_DEBUG_HEXDEC?TIBBO
            CODE    A78AH     0044H     UNIT         ?PR?_LCD_TXT?PANTALLAS
            CODE    A7CEH     0044H     UNIT         ?PR?_DEBUG_TXT_TIBBO?TIBBO
            CODE    A812H     0043H     UNIT         ?PR?DIR_BOARD?IO_SENSORES
            CODE    A855H     0042H     UNIT         ?PR?_VALIDARCLAVE?PROG
            CODE    A897H     0041H     UNIT         ?PR?_MONITOR_CHR?ACCESCAN
            CODE    A8D8H     0041H     UNIT         ?PR?_TWO_ONE?CLOCK
            CODE    A919H     0040H     UNIT         ?PR?_GETCMD?PROG
            CODE    A959H     003FH     UNIT         ?PR?_EB_CLK?CLOCK
            CODE    A998H     003EH     UNIT         ?PR?_PUTCHAR?MAIN
            CODE    A9D6H     003DH     UNIT         ?PR?_HEX_BCD?CLOCK
            CODE    AA13H     003DH     UNIT         ?PR?_RD_EEPROM?EEPROM
            CODE    AA50H     003CH     UNIT         ?PR?_INIT_MEMPOOL?INIT_MEM
            CODE    AA8CH     003BH     UNIT         ?PR?_COM_PUTCHAR?UART
            CODE    AAC7H     003AH     UNIT         ?PR?_DELAY_10MS?DELAY
            CODE    AB01H     0037H     UNIT         ?PR?TIMER0_INT?MAIN
            CODE    AB38H     0034H     UNIT         ?PR?ADDR_HORARIOS?PROG
            CODE    AB6CH     002CH     UNIT         ?PR?LOAD_AND_SEND_INFO_RELOJ?PTO_PARALELO
            CODE    AB98H     002AH     UNIT         ?PR?COM_INITIALIZE?UART
            CODE    ABC2H     0028H     UNIT         ?PR?_WR_CLK?CLOCK
            CODE    ABEAH     0028H     UNIT         ?PR?COM_BAUDRATE?UART
            CODE    AC12H     0027H     UNIT         ?PR?_TX_CHRLCD?PANTALLAS
            CODE    AC39H     0026H     UNIT         ?PR?COM_GETCHAR?UART
            CODE    AC5FH     0024H     UNIT         ?PR?TRAMA_VALIDACION_P_N?VERIFICADOR
            CODE    AC83H     0022H     UNIT         ?PR?_E_D_M?EEPROM
            CODE    ACA5H     0020H     UNIT         ?PR?ACKD?EEPROM
            CODE    ACC5H     0020H     UNIT         ?PR?ACK_LECT?EEPROM
            CODE    ACE5H     001FH     UNIT         ?PR?VALIDASENSOR?IO_SENSORES
            CODE    AD04H     001FH     UNIT         ?PR?VALIDASENSORES_OUT?IO_SENSORES
            CODE    AD23H     001FH     UNIT         ?PR?TIME_BIT?TIBBO
            CODE    AD42H     001EH     UNIT         ?PR?_BCD_HEX?CLOCK
            CODE    AD60H     001DH     UNIT         ?CO?PTO_PARALELO
            CODE    AD7DH     001BH     UNIT         ?PR?_DELAY_1MS?DELAY
            CODE    AD98H     0017H     UNIT         ?PR?DISPLAYCURSOR?PROG
            CODE    ADAFH     0017H     UNIT         ?PR?TIME_MBIT?TIBBO
            CODE    ADC6H     0016H     UNIT         ?PR?DIR_BOARD_MONITOR?IO_SENSORES
            CODE    ADDCH     0014H     UNIT         ?PR?_ISSPACE?ISSPACE
            CODE    ADF0H     0012H     UNIT         ?PR?_DELAY_20US?DELAY
            CODE    AE02H     0012H     UNIT         ?PR?START?EEPROM
            CODE    AE14H     0012H     UNIT         ?PR?PULSO_BUS?PTO_PARALELO
            CODE    AE26H     0012H     UNIT         ?PR?COM_RBUFLEN?UART
            CODE    AE38H     0012H     UNIT         ?PR?COM_TBUFLEN?UART
            CODE    AE4AH     0010H     UNIT         ?PR?INI_TIMER?MAIN
            CODE    AE5AH     0010H     UNIT         ?PR?INICIA_BOARD?MAIN
            CODE    AE6AH     000FH     UNIT         ?PR?_ISDIGIT?ISDIGIT
            CODE    AE79H     000CH     UNIT         ?PR?_GETKEY?MAIN
            CODE    AE85H     000AH     UNIT         ?PR?COND_INI_PTO?PTO_PARALELO
            CODE    AE8FH     0009H     UNIT         ?PR?STOP?EEPROM
            CODE    AE98H     0009H     UNIT         ?PR?DEBUG_DIVIDIR_TEXTO?TIBBO
            CODE    AEA1H     0007H     UNIT         ?PR?COND_INI_CLOCK?CLOCK
            CODE    AEA8H     0007H     UNIT         ?PR?SEL_FUNCION?IO_SENSORES
            CODE    AEAFH     0007H     UNIT         ?PR?SEL_AUTO?IO_SENSORES
BL51 BANKED LINKER/LOCATER V6.22.2.0                                                  11/04/2020  14:30:49  PAGE 6


            CODE    AEB6H     0007H     UNIT         ?PR?SEL_SENSOR2?IO_SENSORES
            CODE    AEBDH     0007H     UNIT         ?PR?SEL_SENSOR1?IO_SENSORES
            CODE    AEC4H     0007H     UNIT         ?PR?SEL_DIR1?IO_SENSORES
            CODE    AECBH     0007H     UNIT         ?PR?SEL_DIR2?IO_SENSORES
            CODE    AED2H     0006H     UNIT         ?PR?P_ME?EEPROM
            CODE    AED8H     0005H     UNIT         ?PR?ON_TIMER0_INTERRUP?MAIN
            CODE    AEDDH     0005H     UNIT         ?CO?ACCESCAN
            CODE    AEE2H     0005H     UNIT         ?PR?COND_INI_TIBBO?TIBBO
            CODE    AEE7H     0003H     UNIT         ?PR?OFF_TIMER0_INTERRUP?MAIN
            CODE    AEEAH     0001H     UNIT         ?PR?DELAY?DELAY



OVERLAY MAP OF MODULE:   .\Objects\verificador_v_01_raspberry (MAIN)


SEGMENT                                             BIT_GROUP          DATA_GROUP          XDATA_GROUP
  +--> CALLED SEGMENT                            START    LENGTH     START    LENGTH     START    LENGTH
--------------------------------------------------------------------------------------------------------
?C_C51STARTUP                                    -----    -----      -----    -----      -----    -----
  +--> ?PR?MAIN?MAIN
  +--> ?C_INITSEG

?PR?MAIN?MAIN                                    -----    -----      -----    -----      0000H    0001H
  +--> ?PR?INI_TIMER?MAIN
  +--> ?PR?ON_TIMER0_INTERRUP?MAIN
  +--> ?PR?COM_INITIALIZE?UART
  +--> ?PR?COM_BAUDRATE?UART
  +--> ?PR?INICIA_BOARD?MAIN
  +--> ?PR?TIME_BIT?TIBBO
  +--> ?PR?_DELAY_20US?DELAY
  +--> ?PR?TIME_MBIT?TIBBO
  +--> ?PR?_TX_AUX?TIBBO
  +--> ?PR?SEL_FUNCION?IO_SENSORES
  +--> ?PR?MENU?PROG
  +--> ?PR?VARIABLE_INICIO?EEPROM
  +--> ?PR?SECUENCIA_INICIO_EXPEDIDOR?VERIFI...
  +--> ?PR?_RECIBE_CMD_MONITOR?ACCESCAN
  +--> ?PR?SECUENCIAEXPEDIDOR?VERIFICADOR
  +--> ?PR?_RECIBE_PORT?PTO_PARALELO
  +--> ?PR?_VALIDA_TRAMA_PTO?ACCESCAN
  +--> ?PR?_DEBUG_PTO_PARALELO?TIBBO
  +--> ?PR?MSJ_LCD_INFORMATIVO?IO_SENSORES

?PR?COM_INITIALIZE?UART                          -----    -----      -----    -----      -----    -----
  +--> ?PR?COM_BAUDRATE?UART

?PR?INICIA_BOARD?MAIN                            -----    -----      -----    -----      -----    -----
  +--> ?PR?COND_INI_TIBBO?TIBBO
  +--> ?PR?COND_INI_CLOCK?CLOCK
  +--> ?PR?COND_INI_PTO?PTO_PARALELO

?PR?_TX_AUX?TIBBO                                -----    -----      -----    -----      -----    -----
  +--> ?PR?TIME_BIT?TIBBO

?PR?MENU?PROG                                    -----    -----      -----    -----      0001H    0059H
  +--> ?CO?PROG
BL51 BANKED LINKER/LOCATER V6.22.2.0                                                  11/04/2020  14:30:49  PAGE 7


  +--> ?PR?PRINTF?PRINTF
  +--> ?PR?_RD_EEPROM?EEPROM
  +--> ?PR?FIRST_CLAVE?PROG
  +--> ?PR?_WR_EEPROM?EEPROM
  +--> ?PR?_LEERMEMORIA?EEPROM
  +--> ?PR?_HASH_ID?PROG
  +--> ?PR?_INGRESADATO?PROG
  +--> ?PR?_GETCMD?PROG
  +--> ?PR?_ESCRIBIRMEMORIA?EEPROM
  +--> ?PR?_VALIDARCLAVE?PROG
  +--> ?PR?DISPLAYCURSOR?PROG
  +--> ?PR?_STRLEN?STRLEN
  +--> ?PR?_GETOPTION?PROG
  +--> ?PR?_STRCAT?STRCAT
  +--> ?PR?_LISTACOMANDOS?PROG
  +--> ?PR?PROG_ID_CLIENTE?PROG
  +--> ?PR?PROG_COD_PARK?PROG
  +--> ?PR?PROG_TIEMPO_GRACIA?PROG
  +--> ?PR?PROG_SIN_COBRO?PROG
  +--> ?PR?PROG_DEBUG?PROG
  +--> ?PR?PROG_USE_LPR?PROG
  +--> ?PR?PROG_COMPARACION_ACTIVA?PROG
  +--> ?PR?TIPO_PANTALLA?PROG
  +--> ?PR?DCTO_CAJA?PROG
  +--> ?PR?PROG_APB_MENSUAL?PROG
  +--> ?PR?PROG_ADDRESS_HIGH_BOARD?PROG
  +--> ?PR?PROG_HORARIOS?PROG
  +--> ?PR?VER_PROG?PROG
  +--> ?PR?SHOW?PROG
  +--> ?PR?PROG_FECHA_VENCIMIENTO?PROG

?PR?PRINTF?PRINTF                                0020H.0  0001H.1    0008H    0005H      00B0H    0030H
  +--> ?PR?_PUTCHAR?MAIN

?PR?_PUTCHAR?MAIN                                -----    -----      -----    -----      00E0H    0003H
  +--> ?PR?_COM_PUTCHAR?UART

?PR?_COM_PUTCHAR?UART                            -----    -----      -----    -----      00E3H    0001H
  +--> ?PR?COM_TBUFLEN?UART

?PR?_RD_EEPROM?EEPROM                            -----    -----      -----    -----      -----    -----
  +--> ?PR?START?EEPROM
  +--> ?PR?ACK_LECT?EEPROM
  +--> ?PR?_E_D_M?EEPROM
  +--> ?PR?ACKD?EEPROM
  +--> ?PR?L_D_M?EEPROM
  +--> ?PR?STOP?EEPROM

?PR?ACK_LECT?EEPROM                              -----    -----      -----    -----      -----    -----
  +--> ?PR?_E_D_M?EEPROM

?PR?_E_D_M?EEPROM                                -----    -----      -----    -----      -----    -----
  +--> ?PR?P_ME?EEPROM

?PR?ACKD?EEPROM                                  -----    -----      -----    -----      -----    -----
  +--> ?PR?_E_D_M?EEPROM

BL51 BANKED LINKER/LOCATER V6.22.2.0                                                  11/04/2020  14:30:49  PAGE 8


?PR?FIRST_CLAVE?PROG                             -----    -----      -----    -----      005AH    000BH
  +--> ?PR?_BLOCK_READ_CLOCK_ASCII?CLOCK
  +--> ?PR?_HASH_ID?PROG
  +--> ?PR?_ESCRIBIRMEMORIA?EEPROM

?PR?_BLOCK_READ_CLOCK_ASCII?CLOCK                -----    -----      -----    -----      0065H    0003H
  +--> ?PR?_LEE_CLK?CLOCK

?PR?_LEE_CLK?CLOCK                               -----    -----      -----    -----      00C5H    0003H
  +--> ?PR?_DELAY_20US?DELAY
  +--> ?PR?_EB_CLK?CLOCK
  +--> ?PR?P_CK?CLOCK

?PR?_EB_CLK?CLOCK                                -----    -----      -----    -----      00C8H    0003H
  +--> ?PR?P_CK?CLOCK

?PR?P_CK?CLOCK                                   -----    -----      -----    -----      -----    -----
  +--> ?PR?DELAY?DELAY

?PR?_HASH_ID?PROG                                -----    -----      -----    -----      0071H    003FH
  +--> ?CO?PROG
  +--> ?PR?_LEERMEMORIA?EEPROM
  +--> ?PR?_CHECK_FECHAOUT_2?CLOCK
  +--> ?PR?PRINTF?PRINTF
  +--> ?PR?_STRLEN?STRLEN

?PR?_LEERMEMORIA?EEPROM                          -----    -----      -----    -----      00B0H    0005H
  +--> ?PR?_RD_EEPROM?EEPROM

?PR?_CHECK_FECHAOUT_2?CLOCK                      -----    -----      -----    -----      00B0H    0012H
  +--> ?PR?_BLOCK_READ_CLOCK_HEX?CLOCK

?PR?_BLOCK_READ_CLOCK_HEX?CLOCK                  -----    -----      -----    -----      00C2H    0003H
  +--> ?PR?_LEE_CLK?CLOCK
  +--> ?PR?_BCD_HEX?CLOCK

?PR?_ESCRIBIRMEMORIA?EEPROM                      -----    -----      -----    -----      0071H    0005H
  +--> ?PR?_WR_EEPROM?EEPROM

?PR?_WR_EEPROM?EEPROM                            -----    -----      -----    -----      -----    -----
  +--> ?PR?START?EEPROM
  +--> ?PR?ACKD?EEPROM
  +--> ?PR?_E_D_M?EEPROM
  +--> ?PR?STOP?EEPROM
  +--> ?PR?_DELAY_1MS?DELAY
  +--> ?PR?_DELAY_20US?DELAY

?PR?_DELAY_1MS?DELAY                             -----    -----      -----    -----      -----    -----
  +--> ?PR?_DELAY_20US?DELAY

?PR?_INGRESADATO?PROG                            -----    -----      -----    -----      0085H    0004H
  +--> ?PR?_GETKEY?MAIN
  +--> ?CO?PROG
  +--> ?PR?PRINTF?PRINTF
  +--> ?PR?_PUTCHAR?MAIN

?PR?_GETKEY?MAIN                                 -----    -----      -----    -----      -----    -----
BL51 BANKED LINKER/LOCATER V6.22.2.0                                                  11/04/2020  14:30:49  PAGE 9


  +--> ?PR?COM_GETCHAR?UART

?PR?COM_GETCHAR?UART                             -----    -----      -----    -----      -----    -----
  +--> ?PR?COM_RBUFLEN?UART

?PR?_GETCMD?PROG                                 -----    -----      -----    -----      0071H    0007H
  +--> ?CO?PROG
  +--> ?PR?_STRTOK?STRTOK

?PR?_STRTOK?STRTOK                               -----    -----      -----    -----      0078H    0006H
  +--> ?PR?_STRSPN?STRSPN
  +--> ?PR?_STRPBRK?STRPBRK

?PR?_STRSPN?STRSPN                               -----    -----      -----    -----      007EH    0008H

?PR?_STRPBRK?STRPBRK                             -----    -----      -----    -----      007EH    0009H

?PR?_VALIDARCLAVE?PROG                           -----    -----      -----    -----      0071H    000AH

?PR?DISPLAYCURSOR?PROG                           -----    -----      -----    -----      -----    -----
  +--> ?CO?PROG
  +--> ?PR?PRINTF?PRINTF

?PR?_GETOPTION?PROG                              -----    -----      -----    -----      005AH    000BH
  +--> ?CO?PROG
  +--> ?PR?_STRTOK?STRTOK

?PR?_STRCAT?STRCAT                               -----    -----      -----    -----      005AH    0009H

?PR?_LISTACOMANDOS?PROG                          -----    -----      -----    -----      005AH    0007H

?PR?PROG_ID_CLIENTE?PROG                         -----    -----      -----    -----      005AH    000CH
  +--> ?PR?_RD_EEPROM?EEPROM
  +--> ?CO?PROG
  +--> ?PR?PRINTF?PRINTF
  +--> ?PR?_INGRESADATO?PROG
  +--> ?PR?_ATOI?ATOI
  +--> ?PR?_WR_EEPROM?EEPROM

?PR?_ATOI?ATOI                                   0020H.0  0000H.1    -----    -----      0085H    0005H
  +--> ?PR?_ISSPACE?ISSPACE
  +--> ?PR?_ISDIGIT?ISDIGIT

?PR?PROG_COD_PARK?PROG                           -----    -----      -----    -----      005AH    000CH
  +--> ?PR?_RD_EEPROM?EEPROM
  +--> ?CO?PROG
  +--> ?PR?PRINTF?PRINTF
  +--> ?PR?_INGRESADATO?PROG
  +--> ?PR?_ATOI?ATOI
  +--> ?PR?_WR_EEPROM?EEPROM

?PR?PROG_TIEMPO_GRACIA?PROG                      -----    -----      -----    -----      005AH    000CH
  +--> ?PR?_RD_EEPROM?EEPROM
  +--> ?CO?PROG
  +--> ?PR?PRINTF?PRINTF
  +--> ?PR?_INGRESADATO?PROG
  +--> ?PR?_ATOI?ATOI
BL51 BANKED LINKER/LOCATER V6.22.2.0                                                  11/04/2020  14:30:49  PAGE 10


  +--> ?PR?_WR_EEPROM?EEPROM

?PR?PROG_SIN_COBRO?PROG                          -----    -----      -----    -----      005AH    000CH
  +--> ?PR?_RD_EEPROM?EEPROM
  +--> ?CO?PROG
  +--> ?PR?PRINTF?PRINTF
  +--> ?PR?_INGRESADATO?PROG
  +--> ?PR?_ATOI?ATOI
  +--> ?PR?_WR_EEPROM?EEPROM

?PR?PROG_DEBUG?PROG                              -----    -----      -----    -----      005AH    000CH
  +--> ?PR?_RD_EEPROM?EEPROM
  +--> ?CO?PROG
  +--> ?PR?PRINTF?PRINTF
  +--> ?PR?_INGRESADATO?PROG
  +--> ?PR?_ATOI?ATOI
  +--> ?PR?_WR_EEPROM?EEPROM

?PR?PROG_USE_LPR?PROG                            -----    -----      -----    -----      005AH    000CH
  +--> ?PR?_RD_EEPROM?EEPROM
  +--> ?CO?PROG
  +--> ?PR?PRINTF?PRINTF
  +--> ?PR?_INGRESADATO?PROG
  +--> ?PR?_ATOI?ATOI
  +--> ?PR?_WR_EEPROM?EEPROM

?PR?PROG_COMPARACION_ACTIVA?PROG                 -----    -----      -----    -----      005AH    000CH
  +--> ?PR?_RD_EEPROM?EEPROM
  +--> ?CO?PROG
  +--> ?PR?PRINTF?PRINTF
  +--> ?PR?_INGRESADATO?PROG
  +--> ?PR?_ATOI?ATOI
  +--> ?PR?_WR_EEPROM?EEPROM

?PR?TIPO_PANTALLA?PROG                           -----    -----      -----    -----      005AH    000CH
  +--> ?PR?_RD_EEPROM?EEPROM
  +--> ?CO?PROG
  +--> ?PR?PRINTF?PRINTF
  +--> ?PR?_INGRESADATO?PROG
  +--> ?PR?_ATOI?ATOI
  +--> ?PR?_WR_EEPROM?EEPROM

?PR?DCTO_CAJA?PROG                               -----    -----      -----    -----      005AH    000CH
  +--> ?PR?_RD_EEPROM?EEPROM
  +--> ?CO?PROG
  +--> ?PR?PRINTF?PRINTF
  +--> ?PR?_INGRESADATO?PROG
  +--> ?PR?_ATOI?ATOI
  +--> ?PR?_WR_EEPROM?EEPROM

?PR?PROG_APB_MENSUAL?PROG                        -----    -----      -----    -----      005AH    000CH
  +--> ?PR?_RD_EEPROM?EEPROM
  +--> ?CO?PROG
  +--> ?PR?PRINTF?PRINTF
  +--> ?PR?_INGRESADATO?PROG
  +--> ?PR?_ATOI?ATOI
  +--> ?PR?_WR_EEPROM?EEPROM
BL51 BANKED LINKER/LOCATER V6.22.2.0                                                  11/04/2020  14:30:49  PAGE 11



?PR?PROG_ADDRESS_HIGH_BOARD?PROG                 -----    -----      -----    -----      005AH    000CH
  +--> ?PR?_RD_EEPROM?EEPROM
  +--> ?CO?PROG
  +--> ?PR?PRINTF?PRINTF
  +--> ?PR?_INGRESADATO?PROG
  +--> ?PR?_ATOI?ATOI
  +--> ?PR?_WR_EEPROM?EEPROM

?PR?PROG_HORARIOS?PROG                           -----    -----      -----    -----      005AH    001BH
  +--> ?PR?ADDR_HORARIOS?PROG
  +--> ?CO?PROG
  +--> ?PR?PRINTF?PRINTF
  +--> ?PR?_INGRESADATO?PROG
  +--> ?PR?_ATOI?ATOI
  +--> ?PR?_PROG_HORARIOS_ON_OFF?PROG
  +--> ?PR?_WR_EEPROM?EEPROM
  +--> ?PR?_PROG_HORARIO_DIAS?PROG
  +--> ?PR?_PROG_HORARIO_DESDE_HASTA?PROG
  +--> ?PR?_RD_EEPROM?EEPROM

?PR?ADDR_HORARIOS?PROG                           -----    -----      -----    -----      0088H    000BH

?PR?_PROG_HORARIOS_ON_OFF?PROG                   -----    -----      -----    -----      0075H    0010H
  +--> ?PR?_RD_EEPROM?EEPROM
  +--> ?CO?PROG
  +--> ?PR?PRINTF?PRINTF
  +--> ?PR?_INGRESADATO?PROG
  +--> ?PR?_ATOI?ATOI
  +--> ?PR?_WR_EEPROM?EEPROM

?PR?_PROG_HORARIO_DIAS?PROG                      -----    -----      -----    -----      0075H    000FH
  +--> ?CO?PROG
  +--> ?PR?PRINTF?PRINTF
  +--> ?PR?_INGRESADATO?PROG
  +--> ?PR?_WR_EEPROM?EEPROM
  +--> ?PR?_RD_EEPROM?EEPROM

?PR?_PROG_HORARIO_DESDE_HASTA?PROG               -----    -----      -----    -----      0075H    000CH
  +--> ?CO?PROG
  +--> ?PR?PRINTF?PRINTF
  +--> ?PR?_INGRESADATO?PROG
  +--> ?PR?_WR_EEPROM?EEPROM
  +--> ?PR?_RD_EEPROM?EEPROM

?PR?VER_PROG?PROG                                -----    -----      -----    -----      005AH    0013H
  +--> ?PR?_RD_EEPROM?EEPROM
  +--> ?CO?PROG
  +--> ?PR?PRINTF?PRINTF
  +--> ?PR?VER_HORARIO?PROG
  +--> ?PR?_LEERMEMORIA?EEPROM
  +--> ?PR?_HEX_ASCII?CLOCK

?PR?VER_HORARIO?PROG                             -----    -----      -----    -----      006DH    001BH
  +--> ?PR?ADDR_HORARIOS?PROG
  +--> ?CO?PROG
  +--> ?PR?PRINTF?PRINTF
BL51 BANKED LINKER/LOCATER V6.22.2.0                                                  11/04/2020  14:30:49  PAGE 12


  +--> ?PR?_RD_EEPROM?EEPROM
  +--> ?PR?_VER_HORARIO_DIAS?PROG
  +--> ?PR?_VER_HORARIO_DESDE_HASTA?PROG

?PR?_VER_HORARIO_DIAS?PROG                       -----    -----      -----    -----      0088H    0003H
  +--> ?PR?_RD_EEPROM?EEPROM
  +--> ?CO?PROG
  +--> ?PR?PRINTF?PRINTF

?PR?_VER_HORARIO_DESDE_HASTA?PROG                -----    -----      -----    -----      0088H    0002H
  +--> ?CO?PROG
  +--> ?PR?PRINTF?PRINTF
  +--> ?PR?_RD_EEPROM?EEPROM

?PR?_HEX_ASCII?CLOCK                             -----    -----      -----    -----      0071H    0006H
  +--> ?PR?_HEX_BCD?CLOCK

?PR?SHOW?PROG                                    -----    -----      -----    -----      -----    -----
  +--> ?CO?PROG
  +--> ?PR?PRINTF?PRINTF

?PR?PROG_FECHA_VENCIMIENTO?PROG                  -----    -----      -----    -----      005AH    0017H
  +--> ?PR?_LEERMEMORIA?EEPROM
  +--> ?PR?_HEX_ASCII?CLOCK
  +--> ?CO?PROG
  +--> ?PR?PRINTF?PRINTF
  +--> ?PR?_HASH_ID?PROG
  +--> ?PR?_INGRESADATO?PROG
  +--> ?PR?_GETCMD?PROG
  +--> ?PR?_ESCRIBIRMEMORIA?EEPROM
  +--> ?PR?_VALIDARCLAVE?PROG
  +--> ?PR?_ATOI?ATOI
  +--> ?PR?_WR_EEPROM?EEPROM

?PR?VARIABLE_INICIO?EEPROM                       -----    -----      -----    -----      -----    -----
  +--> ?PR?_RD_EEPROM?EEPROM

?PR?SECUENCIA_INICIO_EXPEDIDOR?VERIFI...         -----    -----      -----    -----      0001H    0001H
  +--> ?PR?_INICIALIZA?LINTECH
  +--> ?PR?TRAMA_VALIDACION_P_N?VERIFICADOR
  +--> ?CO?VERIFICADOR
  +--> ?PR?_DEBUG_TXT_TIBBO?TIBBO
  +--> ?PR?_DEBUGBUFFERMF?TIBBO
  +--> ?PR?DWLOAD_EEPROM?LINTECH

?PR?_INICIALIZA?LINTECH                          -----    -----      -----    -----      0002H    000CH
  +--> ?CO?LINTECH
  +--> ?PR?_DEBUG_TXT_TIBBO?TIBBO
  +--> ?PR?_DEBUGBUFFERMF?TIBBO
  +--> ?PR?_ESCRIBIRCADENASOFT_BUFFER?MAIN

?PR?_DEBUG_TXT_TIBBO?TIBBO                       -----    -----      -----    -----      0041H    0004H
  +--> ?CO?TIBBO
  +--> ?PR?_TX_AUX?TIBBO

?PR?_DEBUGBUFFERMF?TIBBO                         -----    -----      -----    -----      003BH    0006H
  +--> ?CO?TIBBO
BL51 BANKED LINKER/LOCATER V6.22.2.0                                                  11/04/2020  14:30:49  PAGE 13


  +--> ?PR?_DEBUG_TXT_TIBBO?TIBBO
  +--> ?PR?_DEBUG_CHR_TIBBO?TIBBO
  +--> ?PR?_TX_AUX?TIBBO

?PR?_DEBUG_CHR_TIBBO?TIBBO                       -----    -----      -----    -----      -----    -----
  +--> ?PR?_TX_AUX?TIBBO

?PR?_ESCRIBIRCADENASOFT_BUFFER?MAIN              -----    -----      -----    -----      0037H    0006H
  +--> ?PR?_PUTCHAR?MAIN

?PR?DWLOAD_EEPROM?LINTECH                        -----    -----      -----    -----      0002H    0016H
  +--> ?CO?LINTECH
  +--> ?PR?_DEBUG_TXT_TIBBO?TIBBO
  +--> ?PR?_DEBUGBUFFERMF?TIBBO
  +--> ?PR?_ESCRIBIRCADENASOFT_BUFFER?MAIN

?PR?_RECIBE_CMD_MONITOR?ACCESCAN                 -----    -----      -----    -----      0001H    0006H
  +--> ?PR?RX_DATA?TIBBO

?PR?RX_DATA?TIBBO                                -----    -----      -----    -----      -----    -----
  +--> ?PR?TIME_MBIT?TIBBO
  +--> ?PR?TIME_BIT?TIBBO

?PR?SECUENCIAEXPEDIDOR?VERIFICADOR               -----    -----      -----    -----      0001H    0010H
  +--> ?PR?_CARD_INSERCION?LINTECH
  +--> ?PR?TRAMA_VALIDACION_P_N?VERIFICADOR
  +--> ?CO?VERIFICADOR
  +--> ?PR?ERROR_RX_PTO?VERIFICADOR
  +--> ?PR?_CHECK_STATUS?LINTECH
  +--> ?PR?_DEBUG_TXT_TIBBO?TIBBO
  +--> ?PR?_DEBUGBUFFERMF?TIBBO
  +--> ?PR?VALIDASENSORESPASO?IO_SENSORES
  +--> ?PR?_SEND_PORTERR?PTO_PARALELO
  +--> ?PR?_PANTALLALCD?PANTALLAS
  +--> ?PR?_RD_MF?LINTECH
  +--> ?PR?_RESPONDE_LECTURA_TARJETA_SECTOR1...
  +--> ?PR?_RESPONDE_LECTURA_TARJETA_SECTOR1...
  +--> ?PR?_BLOCK_READ_CLOCK_HEX?CLOCK
  +--> ?PR?_RD_EEPROM?EEPROM
  +--> ?PR?DEBUG_DIVIDIR_TEXTO?TIBBO
  +--> ?PR?_DEBUG_CHR_TIBBO?TIBBO
  +--> ?PR?PRINTF?PRINTF
  +--> ?PR?_ANALIZA_TIEMPO?CLOCK
  +--> ?PR?VALIDAR_PAGO?VERIFICADOR
  +--> ?PR?_HORARIOS?VERIFICADOR
  +--> ?PR?_CHECK_FECHAOUT_2?CLOCK
  +--> ?PR?_VALIDA_MISMO_DIA?VERIFICADOR
  +--> ?PR?_RESPONDE_LECTURA_TARJETA_SECTOR1...
  +--> ?PR?_WR_MF?LINTECH
  +--> ?PR?_MOV_CARD?LINTECH
  +--> ?PR?VALIDASENSORES_OUT?IO_SENSORES
  +--> ?PR?_TRAMA_PTO_PARALELO_P?PTO_PARALELO
  +--> ?PR?UNIQUE_IDENTIFIER_UID?LINTECH
  +--> ?PR?_ANALIZA_UID_CARD?VERIFICADOR
  +--> ?PR?LOADVERIFY_EEPROM?LINTECH
  +--> ?PR?POWER_OFF?LINTECH
  +--> ?PR?AUT_CARD_CHECK_STATUS?LINTECH
BL51 BANKED LINKER/LOCATER V6.22.2.0                                                  11/04/2020  14:30:49  PAGE 14



?PR?_CARD_INSERCION?LINTECH                      -----    -----      -----    -----      0011H    000AH
  +--> ?CO?LINTECH
  +--> ?PR?_DEBUG_TXT_TIBBO?TIBBO
  +--> ?PR?_DEBUGBUFFERMF?TIBBO
  +--> ?PR?_ESCRIBIRCADENASOFT_BUFFER?MAIN

?PR?ERROR_RX_PTO?VERIFICADOR                     -----    -----      -----    -----      0011H    0001H
  +--> ?CO?VERIFICADOR
  +--> ?PR?_DEBUG_TXT_TIBBO?TIBBO
  +--> ?PR?_DEBUG_CHR_TIBBO?TIBBO
  +--> ?PR?_DELAY_10MS?DELAY

?PR?_DELAY_10MS?DELAY                            -----    -----      -----    -----      0012H    0004H
  +--> ?PR?_DELAY_1MS?DELAY

?PR?_CHECK_STATUS?LINTECH                        -----    -----      -----    -----      0011H    000BH
  +--> ?CO?LINTECH
  +--> ?PR?_DEBUG_TXT_TIBBO?TIBBO
  +--> ?PR?_DEBUGBUFFERMF?TIBBO
  +--> ?PR?_ESCRIBIRCADENASOFT_BUFFER?MAIN

?PR?VALIDASENSORESPASO?IO_SENSORES               -----    -----      -----    -----      -----    -----
  +--> ?PR?SEL_SENSOR2?IO_SENSORES
  +--> ?PR?VALIDASENSOR?IO_SENSORES
  +--> ?PR?SEL_SENSOR1?IO_SENSORES
  +--> ?PR?SEL_AUTO?IO_SENSORES
  +--> ?CO?IO_SENSORES
  +--> ?PR?_DEBUG_TXT_TIBBO?TIBBO

?PR?_SEND_PORTERR?PTO_PARALELO                   -----    -----      -----    -----      002EH    0006H
  +--> ?PR?PULSO_BUS?PTO_PARALELO
  +--> ?PR?_DELAY_20US?DELAY

?PR?PULSO_BUS?PTO_PARALELO                       -----    -----      -----    -----      -----    -----
  +--> ?PR?_DELAY_20US?DELAY

?PR?_PANTALLALCD?PANTALLAS                       -----    -----      -----    -----      002EH    000AH
  +--> ?CO?PANTALLAS
  +--> ?PR?_INIT_MEMPOOL?INIT_MEM
  +--> ?PR?_MALLOC?MALLOC
  +--> ?PR?_LCD_TXT?PANTALLAS
  +--> ?PR?_STRLEN?STRLEN
  +--> ?PR?_TX_CHRLCD?PANTALLAS
  +--> ?PR?_RASPBERRY_DATA?PANTALLAS
  +--> ?PR?_FREE?FREE

?PR?_MALLOC?MALLOC                               -----    -----      -----    -----      0038H    0006H

?PR?_LCD_TXT?PANTALLAS                           -----    -----      -----    -----      003AH    0005H
  +--> ?PR?_TX_CHRLCD?PANTALLAS

?PR?_TX_CHRLCD?PANTALLAS                         -----    -----      -----    -----      003FH    0002H
  +--> ?PR?_PUTCHAR?MAIN

?PR?_RASPBERRY_DATA?PANTALLAS                    -----    -----      -----    -----      003AH    0004H
  +--> ?PR?_STRLEN?STRLEN
BL51 BANKED LINKER/LOCATER V6.22.2.0                                                  11/04/2020  14:30:49  PAGE 15


  +--> ?PR?_PUTCHAR?MAIN

?PR?_FREE?FREE                                   -----    -----      -----    -----      0038H    0006H

?PR?_RD_MF?LINTECH                               -----    -----      -----    -----      0011H    0012H
  +--> ?CO?LINTECH
  +--> ?PR?_DEBUG_TXT_TIBBO?TIBBO
  +--> ?PR?_DEBUG_CHR_TIBBO?TIBBO
  +--> ?PR?_DEBUGBUFFERMF?TIBBO
  +--> ?PR?_ESCRIBIRCADENASOFT_BUFFER?MAIN

?PR?_RESPONDE_LECTURA_TARJETA_SECTOR1...         -----    -----      -----    -----      0011H    0004H
  +--> ?CO?VERIFICADOR
  +--> ?PR?_DEBUG_TXT_TIBBO?TIBBO
  +--> ?PR?_DEBUGBUFFERMF?TIBBO
  +--> ?PR?_DEBUG_HEXDEC?TIBBO
  +--> ?PR?_DEBUG_CHR_TIBBO?TIBBO
  +--> ?PR?_SEND_PORTERR?PTO_PARALELO
  +--> ?PR?_PANTALLALCD?PANTALLAS

?PR?_DEBUG_HEXDEC?TIBBO                          -----    -----      -----    -----      0015H    0002H
  +--> ?PR?_TX_AUX?TIBBO

?PR?_RESPONDE_LECTURA_TARJETA_SECTOR1...         -----    -----      -----    -----      0011H    0004H
  +--> ?CO?VERIFICADOR
  +--> ?PR?_DEBUG_TXT_TIBBO?TIBBO
  +--> ?PR?_DEBUGBUFFERMF?TIBBO
  +--> ?PR?_DEBUG_CHR_TIBBO?TIBBO
  +--> ?PR?_SEND_PORTERR?PTO_PARALELO
  +--> ?PR?_RD_EEPROM?EEPROM
  +--> ?PR?_PANTALLALCD?PANTALLAS

?PR?DEBUG_DIVIDIR_TEXTO?TIBBO                    -----    -----      -----    -----      -----    -----
  +--> ?CO?TIBBO
  +--> ?PR?_DEBUG_TXT_TIBBO?TIBBO

?PR?_ANALIZA_TIEMPO?CLOCK                        0020H.0  0000H.2    -----    -----      0011H    000FH

?PR?VALIDAR_PAGO?VERIFICADOR                     -----    -----      -----    -----      0011H    0002H
  +--> ?PR?_CHECK_FECHAOUT?CLOCK
  +--> ?CO?VERIFICADOR
  +--> ?PR?_DEBUG_TXT_TIBBO?TIBBO
  +--> ?PR?_SEND_PORTERR?PTO_PARALELO
  +--> ?PR?_PANTALLALCD?PANTALLAS

?PR?_CHECK_FECHAOUT?CLOCK                        -----    -----      -----    -----      0013H    000AH
  +--> ?PR?_BLOCK_READ_CLOCK_HEX?CLOCK
  +--> ?PR?_DEBUG_FECHA_ACTUAL?TIBBO

?PR?_DEBUG_FECHA_ACTUAL?TIBBO                    -----    -----      -----    -----      001DH    0003H
  +--> ?CO?TIBBO
  +--> ?PR?_DEBUG_TXT_TIBBO?TIBBO
  +--> ?PR?_HEX_BCD?CLOCK
  +--> ?PR?_DEBUG_CHR_TIBBO?TIBBO
  +--> ?PR?_TX_AUX?TIBBO

?PR?_HORARIOS?VERIFICADOR                        -----    -----      -----    -----      0011H    0011H
BL51 BANKED LINKER/LOCATER V6.22.2.0                                                  11/04/2020  14:30:49  PAGE 16


  +--> ?PR?ADDR_HORARIOS?PROG
  +--> ?PR?_RD_EEPROM?EEPROM
  +--> ?PR?_LEE_CLK?CLOCK
  +--> ?CO?VERIFICADOR
  +--> ?PR?_DEBUG_TXT_TIBBO?TIBBO
  +--> ?PR?_DEBUG_CHR_TIBBO?TIBBO
  +--> ?PR?_BLOQUE_HORARIO?VERIFICADOR
  +--> ?PR?_PANTALLALCD?PANTALLAS

?PR?_BLOQUE_HORARIO?VERIFICADOR                  -----    -----      -----    -----      0022H    0007H
  +--> ?CO?VERIFICADOR
  +--> ?PR?_DEBUG_TXT_TIBBO?TIBBO
  +--> ?PR?_LEE_CLK?CLOCK
  +--> ?PR?_DEBUG_CHR_TIBBO?TIBBO
  +--> ?PR?_HORA_MAXIMA?VERIFICADOR
  +--> ?PR?_EN_HORARIO?VERIFICADOR
  +--> ?PR?_RD_EEPROM?EEPROM
  +--> ?PR?_SEND_PORTERR?PTO_PARALELO
  +--> ?PR?_PANTALLALCD?PANTALLAS

?PR?_HORA_MAXIMA?VERIFICADOR                     -----    -----      -----    -----      002EH    0008H
  +--> ?PR?_RD_EEPROM?EEPROM
  +--> ?PR?_DEBUG_CHR_TIBBO?TIBBO
  +--> ?CO?VERIFICADOR
  +--> ?PR?_DEBUG_TXT_TIBBO?TIBBO

?PR?_EN_HORARIO?VERIFICADOR                      -----    -----      -----    -----      0029H    0005H
  +--> ?CO?VERIFICADOR
  +--> ?PR?_DEBUG_TXT_TIBBO?TIBBO
  +--> ?PR?_HORA_MAXIMA?VERIFICADOR
  +--> ?PR?_SEND_PORTERR?PTO_PARALELO
  +--> ?PR?_PANTALLALCD?PANTALLAS

?PR?_VALIDA_MISMO_DIA?VERIFICADOR                -----    -----      -----    -----      0011H    0006H
  +--> ?PR?_LEE_CLK?CLOCK
  +--> ?PR?_BCD_HEX?CLOCK

?PR?_RESPONDE_LECTURA_TARJETA_SECTOR1...         -----    -----      -----    -----      0011H    0004H
  +--> ?CO?VERIFICADOR
  +--> ?PR?_DEBUG_TXT_TIBBO?TIBBO
  +--> ?PR?_TRAMA_PTO_PARALELO_NEW?PTO_PARALELO
  +--> ?PR?_ARMAR_TRAMA_PTO_PARALELO_EXPEDID...
  +--> ?PR?_CMD_LPR_SALIDA?ACCESCAN

?PR?_TRAMA_PTO_PARALELO_NEW?PTO_PARALELO         -----    -----      -----    -----      0015H    0026H
  +--> ?PR?_BLOCK_READ_CLOCK_HEX?CLOCK
  +--> ?PR?_SEND_PORT?PTO_PARALELO
  +--> ?PR?DEBUG_DIVIDIR_TEXTO?TIBBO
  +--> ?CO?PTO_PARALELO
  +--> ?PR?_DEBUG_TXT_TIBBO?TIBBO
  +--> ?PR?_DEBUGBUFFERMF?TIBBO

?PR?_SEND_PORT?PTO_PARALELO                      -----    -----      -----    -----      003BH    000AH
  +--> ?PR?PULSO_BUS?PTO_PARALELO
  +--> ?PR?_DELAY_20US?DELAY

?PR?_ARMAR_TRAMA_PTO_PARALELO_EXPEDID...         -----    -----      -----    -----      0015H    0003H
BL51 BANKED LINKER/LOCATER V6.22.2.0                                                  11/04/2020  14:30:49  PAGE 17


  +--> ?PR?_RD_EEPROM?EEPROM
  +--> ?PR?_SEND_PORT?PTO_PARALELO
  +--> ?PR?DEBUG_DIVIDIR_TEXTO?TIBBO
  +--> ?CO?VERIFICADOR
  +--> ?PR?_DEBUG_TXT_TIBBO?TIBBO
  +--> ?PR?_DEBUGBUFFERMF?TIBBO

?PR?_CMD_LPR_SALIDA?ACCESCAN                     -----    -----      -----    -----      0015H    0025H
  +--> ?PR?DIR_BOARD_MONITOR?IO_SENSORES
  +--> ?PR?_BYTEHEX_DECIMAL?CLOCK
  +--> ?PR?_STRLEN?STRLEN
  +--> ?PR?_TWO_BYTEHEX_DECIMAL?CLOCK
  +--> ?PR?_BLOCK_READ_CLOCK_ASCII?CLOCK
  +--> ?PR?_MONITOR_CHR?ACCESCAN

?PR?DIR_BOARD_MONITOR?IO_SENSORES                -----    -----      -----    -----      -----    -----
  +--> ?PR?_RD_EEPROM?EEPROM

?PR?_BYTEHEX_DECIMAL?CLOCK                       -----    -----      -----    -----      003AH    0001H

?PR?_TWO_BYTEHEX_DECIMAL?CLOCK                   -----    -----      -----    -----      003AH    000CH
  +--> ?PR?_POW?POW

?PR?_POW?POW                                     -----    -----      -----    -----      0046H    000AH
  +--> ?PR?LOG?LOG
  +--> ?PR?EXP?EXP

?PR?LOG?LOG                                      0020H.0  0000H.1    -----    -----      0050H    0004H

?PR?_MONITOR_CHR?ACCESCAN                        -----    -----      -----    -----      003AH    0005H
  +--> ?PR?_TX_AUX?TIBBO

?PR?_WR_MF?LINTECH                               -----    -----      -----    -----      0011H    0026H
  +--> ?CO?LINTECH
  +--> ?PR?_DEBUG_TXT_TIBBO?TIBBO
  +--> ?PR?_DEBUG_CHR_TIBBO?TIBBO
  +--> ?PR?DIR_BOARD?IO_SENSORES
  +--> ?PR?_DEBUGBUFFERMF?TIBBO
  +--> ?PR?_ESCRIBIRCADENASOFT_BUFFER?MAIN

?PR?DIR_BOARD?IO_SENSORES                        -----    -----      -----    -----      0037H    0001H
  +--> ?PR?SEL_DIR1?IO_SENSORES
  +--> ?PR?SEL_DIR2?IO_SENSORES
  +--> ?PR?_RD_EEPROM?EEPROM

?PR?_MOV_CARD?LINTECH                            -----    -----      -----    -----      0011H    000CH
  +--> ?CO?LINTECH
  +--> ?PR?_DEBUG_TXT_TIBBO?TIBBO
  +--> ?PR?_DEBUGBUFFERMF?TIBBO
  +--> ?PR?_ESCRIBIRCADENASOFT_BUFFER?MAIN

?PR?VALIDASENSORES_OUT?IO_SENSORES               -----    -----      -----    -----      -----    -----
  +--> ?PR?SEL_SENSOR2?IO_SENSORES
  +--> ?PR?VALIDASENSOR?IO_SENSORES

?PR?_TRAMA_PTO_PARALELO_P?PTO_PARALELO           -----    -----      -----    -----      0011H    0008H
  +--> ?PR?_SEND_PORT?PTO_PARALELO
BL51 BANKED LINKER/LOCATER V6.22.2.0                                                  11/04/2020  14:30:49  PAGE 18


  +--> ?PR?DEBUG_DIVIDIR_TEXTO?TIBBO
  +--> ?PR?_DEBUGBUFFERMF?TIBBO

?PR?UNIQUE_IDENTIFIER_UID?LINTECH                -----    -----      -----    -----      0011H    000BH
  +--> ?CO?LINTECH
  +--> ?PR?_DEBUG_TXT_TIBBO?TIBBO
  +--> ?PR?_DEBUGBUFFERMF?TIBBO
  +--> ?PR?_ESCRIBIRCADENASOFT_BUFFER?MAIN

?PR?_ANALIZA_UID_CARD?VERIFICADOR                -----    -----      -----    -----      0011H    0004H
  +--> ?CO?VERIFICADOR
  +--> ?PR?_DEBUG_TXT_TIBBO?TIBBO
  +--> ?PR?_DEBUGBUFFERMF?TIBBO
  +--> ?PR?_DEBUG_CHR_TIBBO?TIBBO

?PR?LOADVERIFY_EEPROM?LINTECH                    -----    -----      -----    -----      0011H    0010H
  +--> ?CO?LINTECH
  +--> ?PR?_DEBUG_TXT_TIBBO?TIBBO
  +--> ?PR?_DEBUGBUFFERMF?TIBBO
  +--> ?PR?_ESCRIBIRCADENASOFT_BUFFER?MAIN

?PR?POWER_OFF?LINTECH                            -----    -----      -----    -----      0011H    000BH
  +--> ?CO?LINTECH
  +--> ?PR?_DEBUG_TXT_TIBBO?TIBBO
  +--> ?PR?_DEBUGBUFFERMF?TIBBO
  +--> ?PR?_ESCRIBIRCADENASOFT_BUFFER?MAIN

?PR?AUT_CARD_CHECK_STATUS?LINTECH                -----    -----      -----    -----      0011H    000BH
  +--> ?CO?LINTECH
  +--> ?PR?_DEBUG_TXT_TIBBO?TIBBO
  +--> ?PR?_DEBUGBUFFERMF?TIBBO
  +--> ?PR?_ESCRIBIRCADENASOFT_BUFFER?MAIN

?PR?_RECIBE_PORT?PTO_PARALELO                    -----    -----      -----    -----      0001H    0008H
  +--> ?PR?OFF_TIMER0_INTERRUP?MAIN
  +--> ?PR?ON_TIMER0_INTERRUP?MAIN

?PR?_VALIDA_TRAMA_PTO?ACCESCAN                   -----    -----      -----    -----      0001H    000FH
  +--> ?PR?_RD_EEPROM?EEPROM
  +--> ?PR?_VALIDAR_CLK?CLOCK
  +--> ?PR?_BLOCK_WRITE_CLOCK_ASCII?CLOCK
  +--> ?PR?RELOJ_PANTALLA_LCD?PANTALLAS
  +--> ?PR?_PANTALLALCD?PANTALLAS
  +--> ?CO?ACCESCAN
  +--> ?PR?_DEBUG_TXT_TIBBO?TIBBO
  +--> ?PR?_BYTEHEX_DECIMAL?CLOCK
  +--> ?PR?_TWO_BYTEHEX_DECIMAL?CLOCK
  +--> ?PR?VALIDASENSORESPASO?IO_SENSORES
  +--> ?PR?_CMD_LPR_SALIDA_WIEGAND?ACCESCAN
  +--> ?PR?_PANTALLALCD_LINEA_2?PANTALLAS

?PR?_BLOCK_WRITE_CLOCK_ASCII?CLOCK               -----    -----      -----    -----      0010H    0003H
  +--> ?PR?_TWO_ONE?CLOCK
  +--> ?PR?_WR_CLK?CLOCK

?PR?_WR_CLK?CLOCK                                -----    -----      -----    -----      0013H    0002H
  +--> ?PR?_DELAY_20US?DELAY
BL51 BANKED LINKER/LOCATER V6.22.2.0                                                  11/04/2020  14:30:49  PAGE 19


  +--> ?PR?_EB_CLK?CLOCK

?PR?RELOJ_PANTALLA_LCD?PANTALLAS                 -----    -----      -----    -----      0010H    0014H
  +--> ?PR?_BLOCK_READ_CLOCK?CLOCK
  +--> ?PR?_LCD_TXT_NUM_CHAR?PANTALLAS
  +--> ?CO?PANTALLAS
  +--> ?PR?_STRLEN?STRLEN
  +--> ?PR?_BLOCK_READ_CLOCK_RASBERRY?CLOCK
  +--> ?PR?_STRCAT?STRCAT
  +--> ?PR?_RASPBERRY_DATA?PANTALLAS

?PR?_BLOCK_READ_CLOCK?CLOCK                      -----    -----      -----    -----      0024H    0003H
  +--> ?PR?_LEE_CLK?CLOCK

?PR?_LCD_TXT_NUM_CHAR?PANTALLAS                  -----    -----      -----    -----      0024H    0006H
  +--> ?PR?_TX_CHRLCD?PANTALLAS

?PR?_BLOCK_READ_CLOCK_RASBERRY?CLOCK             -----    -----      -----    -----      0024H    0003H
  +--> ?PR?_LEE_CLK?CLOCK

?PR?_CMD_LPR_SALIDA_WIEGAND?ACCESCAN             -----    -----      -----    -----      0010H    0022H
  +--> ?PR?DIR_BOARD_MONITOR?IO_SENSORES
  +--> ?PR?_BLOCK_READ_CLOCK_ASCII?CLOCK
  +--> ?PR?_MONITOR_CHR?ACCESCAN

?PR?_PANTALLALCD_LINEA_2?PANTALLAS               -----    -----      -----    -----      0010H    002AH
  +--> ?CO?PANTALLAS
  +--> ?PR?_LCD_TXT?PANTALLAS
  +--> ?PR?_STRLEN?STRLEN
  +--> ?PR?_TX_CHRLCD?PANTALLAS
  +--> ?PR?_STRCAT?STRCAT
  +--> ?PR?_RASPBERRY_DATA?PANTALLAS

?PR?_DEBUG_PTO_PARALELO?TIBBO                    -----    -----      -----    -----      0001H    0004H
  +--> ?CO?TIBBO
  +--> ?PR?_DEBUG_TXT_TIBBO?TIBBO
  +--> ?PR?_DEBUGBUFFERMF?TIBBO
  +--> ?PR?_DEBUG_CHR_TIBBO?TIBBO
  +--> ?PR?DEBUG_DIVIDIR_TEXTO?TIBBO

?PR?MSJ_LCD_INFORMATIVO?IO_SENSORES              -----    -----      -----    -----      0001H    0001H
  +--> ?PR?SEL_FUNCION?IO_SENSORES
  +--> ?PR?LOAD_AND_SEND_INFO_RELOJ?PTO_PARA...
  +--> ?PR?LOAD_AND_SEND_ID_COD?PTO_PARALELO
  +--> ?PR?_RD_EEPROM?EEPROM
  +--> ?PR?_SEND_PORTERR?PTO_PARALELO

?PR?LOAD_AND_SEND_INFO_RELOJ?PTO_PARA...         -----    -----      -----    -----      0002H    000BH
  +--> ?PR?_BLOCK_READ_CLOCK?CLOCK
  +--> ?PR?_LEE_CLK?CLOCK
  +--> ?PR?_SEND_PORT?PTO_PARALELO

?PR?LOAD_AND_SEND_ID_COD?PTO_PARALELO            -----    -----      -----    -----      0002H    0011H
  +--> ?CO?PTO_PARALELO
  +--> ?PR?PRINTF?PRINTF
  +--> ?PR?_SEND_PORT?PTO_PARALELO

BL51 BANKED LINKER/LOCATER V6.22.2.0                                                  11/04/2020  14:30:49  PAGE 20




SYMBOL TABLE OF MODULE:  .\Objects\verificador_v_01_raspberry (MAIN)

  VALUE           TYPE          NAME
  ----------------------------------

  -------         MODULE        MAIN
  C:0000H         SYMBOL        _ICE_DUMMY_
  D:0080H         PUBLIC        P0
  D:0090H         PUBLIC        P1
  C:AB01H         PUBLIC        timer0_int
  D:00B0H         PUBLIC        P3
  B:00A8H.7       PUBLIC        EA
  C:AEE7H         PUBLIC        off_Timer0_Interrup
  X:010CH         PUBLIC        ValTimeOutCom
  X:010DH         PUBLIC        Buffer_Rta_Lintech
  X:013FH         PUBLIC        Timer_wait
  X:0140H         PUBLIC        g_cContByteRx
  B:0080H.0       PUBLIC        rx_ip
  B:0080H.3       PUBLIC        Atascado
  C:9C09H         PUBLIC        main
  X:0141H         PUBLIC        Timer_tivo
  B:0090H.7       PUBLIC        lock
  I:0022H         PUBLIC        rbuf
  C:AED8H         PUBLIC        on_Timer0_Interrup
  I:0054H         PUBLIC        tbuf
  B:0090H.1       PUBLIC        DataIn
  D:0089H         PUBLIC        TMOD
  X:0143H         PUBLIC        Debug_Tibbo
  B:0021H.1       PUBLIC        prto_ready
  X:0144H         PUBLIC        Raspberry
  X:0145H         PUBLIC        SIN_COBRO
  X:0147H         PUBLIC        Tipo_Vehiculo
  B:00B0H.3       PUBLIC        busy
  C:AE4AH         PUBLIC        ini_timer
  B:00A8H.1       PUBLIC        ET0
  B:0088H.5       PUBLIC        TF0
  X:0148H         PUBLIC        COMPARACION_ACTIVA
  D:008CH         PUBLIC        TH0
  X:0149H         PUBLIC        ACK
  X:014AH         PUBLIC        g_cEstadoComSoft
  D:008AH         PUBLIC        TL0
  B:0088H.4       PUBLIC        TR0
  C:AE5AH         PUBLIC        inicia_board
  X:014BH         PUBLIC        T_GRACIA
  X:014DH         PUBLIC        COD_PARK
  B:0080H.7       PUBLIC        sel_com
  X:014FH         PUBLIC        STX_LINTECH
  C:AE79H         PUBLIC        _getkey
  X:0150H         PUBLIC        g_cEstadoComSeqMF
  X:0151H         PUBLIC        ETX
  X:0152H         PUBLIC        ID_CLIENTE
  C:A6B8H         PUBLIC        _EscribirCadenaSoft_buffer
  B:0021H.2       PUBLIC        buffer_ready
  C:A998H         PUBLIC        _putchar
  B:0021H.3       PUBLIC        placa_ready
BL51 BANKED LINKER/LOCATER V6.22.2.0                                                  11/04/2020  14:30:49  PAGE 21


  -------         PROC          TIMER0_INT
  C:AB01H         LINE#         13
  C:AB07H         LINE#         15
  C:AB0FH         LINE#         16
  C:AB0FH         LINE#         17
  C:AB11H         LINE#         18
  C:AB13H         LINE#         19
  C:AB15H         LINE#         21
  C:AB15H         LINE#         22
  C:AB1BH         LINE#         23
  C:AB21H         LINE#         24
  C:AB2FH         LINE#         25
  C:AB31H         LINE#         26
  C:AB31H         LINE#         27
  -------         ENDPROC       TIMER0_INT
  -------         PROC          INI_TIMER
  C:AE4AH         LINE#         30
  C:AE4AH         LINE#         31
  C:AE4AH         LINE#         33
  C:AE52H         LINE#         35
  C:AE55H         LINE#         36
  C:AE57H         LINE#         37
  C:AE59H         LINE#         39
  -------         ENDPROC       INI_TIMER
  -------         PROC          ON_TIMER0_INTERRUP
  C:AED8H         LINE#         42
  C:AED8H         LINE#         43
  C:AED8H         LINE#         44
  C:AEDAH         LINE#         45
  C:AEDCH         LINE#         47
  -------         ENDPROC       ON_TIMER0_INTERRUP
  -------         PROC          OFF_TIMER0_INTERRUP
  C:AEE7H         LINE#         50
  C:AEE7H         LINE#         51
  C:AEE7H         LINE#         52
  C:AEE9H         LINE#         54
  -------         ENDPROC       OFF_TIMER0_INTERRUP
  -------         PROC          _GETKEY
  -------         DO            
  D:0006H         SYMBOL        k
  -------         ENDDO         
  C:AE79H         LINE#         62
  C:AE79H         LINE#         63
  C:AE79H         LINE#         67
  C:AE79H         LINE#         68
  C:AE7CH         LINE#         69
  C:AE7CH         LINE#         70
  C:AE84H         LINE#         72
  C:AE84H         LINE#         73
  -------         ENDPROC       _GETKEY
  -------         PROC          _PUTCHAR
  X:00E0H         SYMBOL        c
  -------         DO            
  X:00E1H         SYMBOL        i
  -------         ENDDO         
  C:A998H         LINE#         77
  C:A99DH         LINE#         78
BL51 BANKED LINKER/LOCATER V6.22.2.0                                                  11/04/2020  14:30:49  PAGE 22


  C:A99DH         LINE#         81
  C:A9ACH         LINE#         82
  C:A9ACH         LINE#         83
  C:A9C2H         LINE#         84
  C:A9C2H         LINE#         86
  C:A9D0H         LINE#         87
  C:A9D0H         LINE#         89
  C:A9D5H         LINE#         90
  -------         ENDPROC       _PUTCHAR
  -------         PROC          _ESCRIBIRCADENASOFT_BUFFER
  X:0037H         SYMBOL        buffer
  X:003AH         SYMBOL        tamano_cadena
  -------         DO            
  X:003BH         SYMBOL        i
  X:003CH         SYMBOL        d
  -------         ENDDO         
  C:A6B8H         LINE#         94
  C:A6C6H         LINE#         95
  C:A6C6H         LINE#         97
  C:A6D4H         LINE#         98
  C:A6D4H         LINE#         99
  C:A6EBH         LINE#         100
  C:A6F5H         LINE#         101
  C:A6FDH         LINE#         102
  -------         ENDPROC       _ESCRIBIRCADENASOFT_BUFFER
  -------         PROC          INICIA_BOARD
  C:AE5AH         LINE#         139
  C:AE5AH         LINE#         140
  C:AE5AH         LINE#         141
  C:AE5DH         LINE#         142
  C:AE60H         LINE#         143
  C:AE63H         LINE#         144
  C:AE65H         LINE#         145
  C:AE67H         LINE#         146
  C:AE69H         LINE#         148
  -------         ENDPROC       INICIA_BOARD
  -------         PROC          MAIN
  -------         DO            
  X:00E4H         SYMBOL        buffer
  X:0000H         SYMBOL        Length_trama
  -------         ENDDO         
  C:9C09H         LINE#         158
  C:9C09H         LINE#         159
  C:9C09H         LINE#         167
  C:9C0CH         LINE#         168
  C:9C0FH         LINE#         169
  C:9C12H         LINE#         170
  C:9C15H         LINE#         171
  C:9C18H         LINE#         172
  C:9C1AH         LINE#         174
  C:9C1DH         LINE#         175
  C:9C24H         LINE#         176
  C:9C27H         LINE#         177
  C:9C2CH         LINE#         179
  C:9C2FH         LINE#         181
  C:9C32H         LINE#         182
  C:9C32H         LINE#         183
BL51 BANKED LINKER/LOCATER V6.22.2.0                                                  11/04/2020  14:30:49  PAGE 23


  C:9C35H         LINE#         184
  C:9C35H         LINE#         185
  C:9C38H         LINE#         186
  C:9C3EH         LINE#         187
  C:9C44H         LINE#         189
  C:9C44H         LINE#         190
  C:9C44H         LINE#         192
  C:9C47H         LINE#         194
  C:9C47H         LINE#         195
  C:9C4AH         LINE#         196
  C:9C4AH         LINE#         198
  C:9C58H         LINE#         201
  C:9C58H         LINE#         203
  C:9C5BH         LINE#         205
  C:9C5EH         LINE#         206
  C:9C5EH         LINE#         209
  C:9C6DH         LINE#         212
  C:9C76H         LINE#         215
  C:9C84H         LINE#         218
  C:9C84H         LINE#         220
  C:9C86H         LINE#         222
  C:9C86H         LINE#         223
  C:9C89H         LINE#         224
  C:9C89H         LINE#         225
  C:9C8CH         LINE#         229
  -------         ENDPROC       MAIN
  -------         ENDMOD        MAIN

  -------         MODULE        ACCESCAN
  C:0000H         SYMBOL        _ICE_DUMMY_
  D:0080H         PUBLIC        P0
  D:0090H         PUBLIC        P1
  I:0011H         PUBLIC        placa
  B:0080H.2       PUBLIC        led_err_imp
  C:A897H         PUBLIC        _Monitor_chr
  C:5F06H         PUBLIC        _Cmd_LPR_Salida
  B:0080H.3       PUBLIC        Atascado
  B:0080H.0       PUBLIC        rx_ip
  B:0090H.7       PUBLIC        lock
  X:028CH         PUBLIC        USE_LPR
  C:461BH         PUBLIC        _Valida_Trama_Pto
  C:94DEH         PUBLIC        _recibe_cmd_Monitor
  C:86DFH         PUBLIC        _Cmd_LPR_Salida_wiegand
  -------         PROC          _VALIDA_TRAMA_PTO
  X:0001H         SYMBOL        buffer
  X:0004H         SYMBOL        length_trama
  -------         DO            
  X:028BH         SYMBOL        cont
  X:0005H         SYMBOL        buff
  -------         ENDDO         
  C:461BH         LINE#         122
  C:4629H         LINE#         123
  C:4629H         LINE#         127
  C:4637H         LINE#         129
  C:466EH         LINE#         130
  C:466EH         LINE#         131
  C:4683H         LINE#         132
BL51 BANKED LINKER/LOCATER V6.22.2.0                                                  11/04/2020  14:30:49  PAGE 24


  C:4683H         LINE#         133
  C:4696H         LINE#         135
  C:4699H         LINE#         137
  C:4699H         LINE#         139
  C:4699H         LINE#         141
  C:46ABH         LINE#         142
  C:46ABH         LINE#         143
  C:46B1H         LINE#         144
  C:46BEH         LINE#         145
  C:46BEH         LINE#         146
  C:46C3H         LINE#         147
  C:46C5H         LINE#         148
  C:46CAH         LINE#         149
  C:46CCH         LINE#         150
  C:46CEH         LINE#         151
  C:46D2H         LINE#         152
  C:46D2H         LINE#         153
  C:46D3H         LINE#         155
  C:46EBH         LINE#         156
  C:46EBH         LINE#         158
  C:46F8H         LINE#         159
  C:46F8H         LINE#         160
  C:46FAH         LINE#         161
  C:46FCH         LINE#         162
  C:46FEH         LINE#         163
  C:4700H         LINE#         164
  C:4700H         LINE#         166
  C:4726H         LINE#         167
  C:4726H         LINE#         168
  C:472AH         LINE#         169
  C:472FH         LINE#         170
  C:4738H         LINE#         171
  C:473DH         LINE#         172
  C:473DH         LINE#         175
  C:473EH         LINE#         178
  C:4750H         LINE#         179
  C:4750H         LINE#         180
  C:4752H         LINE#         181
  C:4755H         LINE#         183
  C:4767H         LINE#         184
  C:4767H         LINE#         185
  C:4769H         LINE#         186
  C:476CH         LINE#         188
  C:4786H         LINE#         189
  C:4786H         LINE#         190
  C:4788H         LINE#         191
  C:478BH         LINE#         194
  C:47A5H         LINE#         195
  C:47A5H         LINE#         196
  C:47A7H         LINE#         197
  C:47A9H         LINE#         200
  C:47C3H         LINE#         201
  C:47C3H         LINE#         202
  C:47C5H         LINE#         203
  C:47C7H         LINE#         207
  C:47E1H         LINE#         208
  C:47E1H         LINE#         209
BL51 BANKED LINKER/LOCATER V6.22.2.0                                                  11/04/2020  14:30:49  PAGE 25


  C:47E3H         LINE#         210
  C:47E5H         LINE#         213
  C:47FFH         LINE#         214
  C:47FFH         LINE#         215
  C:4801H         LINE#         216
  C:4803H         LINE#         218
  C:481DH         LINE#         219
  C:481DH         LINE#         220
  C:4822H         LINE#         221
  C:4822H         LINE#         223
  C:4852H         LINE#         224
  C:4852H         LINE#         225
  C:4860H         LINE#         226
  C:4863H         LINE#         229
  C:48A6H         LINE#         230
  C:48A6H         LINE#         232
  C:48BBH         LINE#         233
  C:48C1H         LINE#         234
  C:48EBH         LINE#         237
  C:48F3H         LINE#         238
  C:48F3H         LINE#         241
  C:48FAH         LINE#         242
  C:48FAH         LINE#         243
  C:48FFH         LINE#         244
  C:48FFH         LINE#         245
  C:4901H         LINE#         247
  C:4901H         LINE#         248
  C:490AH         LINE#         249
  C:4912H         LINE#         250
  C:4912H         LINE#         255
  C:4914H         LINE#         258
  C:4914H         LINE#         261
  C:491BH         LINE#         262
  C:491BH         LINE#         263
  C:4920H         LINE#         264
  C:4920H         LINE#         265
  C:492BH         LINE#         269
  C:492BH         LINE#         270
  C:492BH         LINE#         272
  -------         ENDPROC       _VALIDA_TRAMA_PTO
  -------         PROC          _RECIBE_CMD_MONITOR
  X:0001H         SYMBOL        buffer_cmd
  -------         DO            
  X:0004H         SYMBOL        j
  X:0005H         SYMBOL        NumDatos
  D:0005H         SYMBOL        time_out
  X:0006H         SYMBOL        MaxChrRx
  D:0006H         SYMBOL        contador
  -------         ENDDO         
  C:94DEH         LINE#         278
  C:94E9H         LINE#         279
  C:94E9H         LINE#         283
  C:94EEH         LINE#         284
  C:94F2H         LINE#         286
  C:94FAH         LINE#         287
  C:94FAH         LINE#         288
  C:950BH         LINE#         289
BL51 BANKED LINKER/LOCATER V6.22.2.0                                                  11/04/2020  14:30:49  PAGE 26


  C:950BH         LINE#         290
  C:950EH         LINE#         291
  C:950FH         LINE#         292
  C:9515H         LINE#         293
  C:9515H         LINE#         294
  C:951AH         LINE#         295
  C:9523H         LINE#         296
  C:9523H         LINE#         297
  C:9525H         LINE#         298
  C:952DH         LINE#         299
  C:952DH         LINE#         300
  C:952FH         LINE#         301
  C:9534H         LINE#         302
  C:953AH         LINE#         303
  C:954CH         LINE#         304
  C:9556H         LINE#         305
  C:955EH         LINE#         307
  C:956DH         LINE#         310
  C:956DH         LINE#         311
  C:9572H         LINE#         312
  -------         ENDPROC       _RECIBE_CMD_MONITOR
  -------         PROC          _MONITOR_CHR
  X:003AH         SYMBOL        str
  X:003DH         SYMBOL        num_char
  -------         DO            
  X:003EH         SYMBOL        j
  -------         ENDDO         
  C:A897H         LINE#         367
  C:A8A5H         LINE#         368
  C:A8A5H         LINE#         370
  C:A8B3H         LINE#         371
  C:A8B3H         LINE#         372
  C:A8C5H         LINE#         373
  C:A8CFH         LINE#         374
  C:A8D7H         LINE#         375
  -------         ENDPROC       _MONITOR_CHR
  -------         PROC          _CMD_LPR_SALIDA_WIEGAND
  X:0010H         SYMBOL        buffer
  -------         DO            
  X:0013H         SYMBOL        Buffer_Lpr
  X:0031H         SYMBOL        j
  -------         ENDDO         
  C:86DFH         LINE#         380
  C:86EAH         LINE#         381
  C:86EAH         LINE#         383
  C:86F0H         LINE#         384
  C:86F5H         LINE#         385
  C:86FDH         LINE#         386
  C:8701H         LINE#         387
  C:870AH         LINE#         388
  C:870AH         LINE#         389
  C:871BH         LINE#         390
  C:871DH         LINE#         392
  C:871DH         LINE#         393
  C:872EH         LINE#         394
  C:872EH         LINE#         398
  C:8745H         LINE#         399
BL51 BANKED LINKER/LOCATER V6.22.2.0                                                  11/04/2020  14:30:49  PAGE 27


  C:8745H         LINE#         400
  C:8754H         LINE#         401
  C:875EH         LINE#         403
  C:8766H         LINE#         404
  C:877AH         LINE#         406
  C:878AH         LINE#         407
  C:879BH         LINE#         408
  C:87A8H         LINE#         412
  -------         ENDPROC       _CMD_LPR_SALIDA_WIEGAND
  -------         PROC          _CMD_LPR_SALIDA
  X:0015H         SYMBOL        buffer_S1_B0
  X:0018H         SYMBOL        buffer_S1_B
  -------         DO            
  X:001BH         SYMBOL        Buffer_Lpr
  X:0039H         SYMBOL        j
  -------         ENDDO         
  C:5F06H         LINE#         417
  C:5F11H         LINE#         418
  C:5F11H         LINE#         422
  C:5F17H         LINE#         423
  C:5F1CH         LINE#         424
  C:5F24H         LINE#         425
  C:5F28H         LINE#         429
  C:5F31H         LINE#         430
  C:5F31H         LINE#         431
  C:5F42H         LINE#         432
  C:5F44H         LINE#         434
  C:5F44H         LINE#         435
  C:5F55H         LINE#         436
  C:5F55H         LINE#         437
  C:5F6DH         LINE#         438
  C:5F6DH         LINE#         439
  C:5F82H         LINE#         440
  C:5F90H         LINE#         441
  C:5F9EH         LINE#         442
  C:5FAAH         LINE#         443
  C:5FB8H         LINE#         444
  C:5FF1H         LINE#         446
  C:5FF3H         LINE#         448
  C:5FF3H         LINE#         452
  C:5FF3H         LINE#         454
  C:6015H         LINE#         455
  C:601FH         LINE#         456
  C:602FH         LINE#         458
  C:6042H         LINE#         459
  C:6042H         LINE#         461
  C:6050H         LINE#         464
  C:605EH         LINE#         468
  C:606BH         LINE#         470
  C:6079H         LINE#         472
  C:608AH         LINE#         475
  C:609EH         LINE#         477
  -------         ENDPROC       _CMD_LPR_SALIDA
  -------         ENDMOD        ACCESCAN

  -------         MODULE        CLOCK
  C:0000H         SYMBOL        _ICE_DUMMY_
BL51 BANKED LINKER/LOCATER V6.22.2.0                                                  11/04/2020  14:30:49  PAGE 28


  C:A90CH         PUBLIC        _two_one
  D:0090H         PUBLIC        P1
  C:7570H         PUBLIC        _validar_clk
  C:ABC2H         PUBLIC        _wr_clk
  C:63A2H         PUBLIC        _check_fechaOut
  B:00D0H.7       PUBLIC        CY
  C:0003H         PUBLIC        p_ck
  C:8C4EH         PUBLIC        _check_fechaOut_2
  C:9573H         PUBLIC        _hex_ascii
  X:028DH         PUBLIC        data_clk
  C:AEA1H         PUBLIC        cond_ini_clock
  C:894CH         PUBLIC        _Block_read_Clock
  B:0090H.4       PUBLIC        sck
  C:9077H         PUBLIC        _Block_read_Clock_Hex
  C:651BH         PUBLIC        _Block_read_clock_ascii
  C:A9F2H         PUBLIC        _hex_bcd
  C:AD42H         PUBLIC        _bcd_hex
  C:A3E6H         PUBLIC        _ByteHex_Decimal
  C:97BFH         PUBLIC        _lee_clk
  C:3092H         PUBLIC        _analiza_tiempo
  B:0090H.5       PUBLIC        io
  C:9845H         PUBLIC        _Block_write_clock_ascii
  B:0090H.6       PUBLIC        rst
  C:A959H         PUBLIC        _eb_clk
  C:5B84H         PUBLIC        _Block_read_Clock_Rasberry
  C:492CH         PUBLIC        _Two_ByteHex_Decimal
  -------         PROC          P_CK
  C:0003H         LINE#         40
  C:0003H         LINE#         41
  C:0003H         LINE#         42
  C:0005H         LINE#         43
  C:0008H         LINE#         44
  C:000AH         LINE#         45
  -------         ENDPROC       P_CK
  -------         PROC          _EB_CLK
  X:00C8H         SYMBOL        dir_clk
  -------         DO            
  X:00C9H         SYMBOL        nbits
  -------         ENDDO         
  C:A959H         LINE#         47
  C:A95EH         LINE#         49
  C:A963H         LINE#         50
  C:A963H         LINE#         51
  C:A96CH         LINE#         52
  C:A96FH         LINE#         53
  C:A96FH         LINE#         54
  C:A971H         LINE#         55
  C:A973H         LINE#         57
  C:A973H         LINE#         58
  C:A975H         LINE#         59
  C:A975H         LINE#         60
  C:A978H         LINE#         61
  C:A997H         LINE#         62
  -------         ENDPROC       _EB_CLK
  C:97B6H         SYMBOL        L?0180
  -------         PROC          L?0179
  -------         ENDPROC       L?0179
BL51 BANKED LINKER/LOCATER V6.22.2.0                                                  11/04/2020  14:30:49  PAGE 29


  C:97B6H         SYMBOL        L?0180
  -------         PROC          _LEE_CLK
  X:00C5H         SYMBOL        dir_clk
  -------         DO            
  X:00C6H         SYMBOL        nbits
  -------         ENDDO         
  C:97BFH         LINE#         64
  C:97C4H         LINE#         66
  C:97C6H         LINE#         67
  C:97CDH         LINE#         68
  C:97D5H         LINE#         69
  C:97EEH         LINE#         70
  C:97EEH         LINE#         71
  C:97F1H         LINE#         72
  C:97F1H         LINE#         73
  C:97F8H         LINE#         74
  C:9802H         LINE#         75
  C:9807H         LINE#         76
  C:9807H         LINE#         77
  C:9807H         LINE#         78
  C:980AH         LINE#         79
  C:980AH         LINE#         80
  C:9811H         LINE#         81
  C:9822H         LINE#         82
  C:9822H         LINE#         83
  C:982AH         LINE#         84
  C:982AH         LINE#         85
  C:982AH         LINE#         86
  C:982DH         LINE#         87
  C:983DH         LINE#         88
  C:983FH         LINE#         89
  C:9844H         LINE#         90
  -------         ENDPROC       _LEE_CLK
  -------         PROC          _WR_CLK
  X:0013H         SYMBOL        dir_clk
  X:0014H         SYMBOL        byte
  C:ABC2H         LINE#         92
  C:ABCAH         LINE#         93
  C:ABCCH         LINE#         94
  C:ABD3H         LINE#         95
  C:ABDBH         LINE#         96
  C:ABE4H         LINE#         97
  C:ABE7H         LINE#         98
  C:ABE9H         LINE#         100
  -------         ENDPROC       _WR_CLK
  C:A8D8H         SYMBOL        L?0175
  C:A8F6H         SYMBOL        L?0176
  -------         PROC          L?0174
  -------         ENDPROC       L?0174
  C:A8D8H         SYMBOL        L?0175
  C:A8F6H         SYMBOL        L?0176
  -------         PROC          _TWO_ONE
  D:0007H         SYMBOL        byte_h
  D:0005H         SYMBOL        byte_l
  -------         DO            
  D:0007H         SYMBOL        byte_out
  -------         ENDDO         
BL51 BANKED LINKER/LOCATER V6.22.2.0                                                  11/04/2020  14:30:49  PAGE 30


  C:A90CH         LINE#         102
  C:A90CH         LINE#         103
  C:A90CH         LINE#         105
  C:A90FH         LINE#         106
  C:A913H         LINE#         107
  C:A916H         LINE#         108
  C:A918H         LINE#         109
  C:A918H         LINE#         110
  -------         ENDPROC       _TWO_ONE
  -------         PROC          _VALIDAR_CLK
  D:0001H         SYMBOL        datos_clock
  -------         DO            
  D:0007H         SYMBOL        validador
  -------         ENDDO         
  C:7570H         LINE#         114
  C:7570H         LINE#         115
  C:7570H         LINE#         116
  C:7572H         LINE#         119
  C:7587H         LINE#         120
  C:7587H         LINE#         122
  C:759FH         LINE#         123
  C:759FH         LINE#         125
  C:75B7H         LINE#         126
  C:75B7H         LINE#         127
  C:75CFH         LINE#         128
  C:75CFH         LINE#         129
  C:75E7H         LINE#         130
  C:75E7H         LINE#         131
  C:75FCH         LINE#         132
  C:75FCH         LINE#         133
  C:760EH         LINE#         134
  C:760EH         LINE#         135
  C:7620H         LINE#         136
  C:7620H         LINE#         137
  C:7632H         LINE#         138
  C:7632H         LINE#         139
  C:7644H         LINE#         140
  C:7644H         LINE#         141
  C:7656H         LINE#         142
  C:7656H         LINE#         143
  C:7666H         LINE#         144
  C:7666H         LINE#         145
  C:7666H         LINE#         146
  C:7666H         LINE#         147
  C:7667H         LINE#         149
  C:7667H         LINE#         150
  C:7669H         LINE#         151
  C:7669H         LINE#         152
  C:766AH         LINE#         154
  C:766AH         LINE#         155
  C:766CH         LINE#         157
  C:766CH         LINE#         158
  C:766DH         LINE#         160
  C:766DH         LINE#         161
  C:766FH         LINE#         163
  C:766FH         LINE#         165
  C:7670H         LINE#         167
BL51 BANKED LINKER/LOCATER V6.22.2.0                                                  11/04/2020  14:30:49  PAGE 31


  C:7670H         LINE#         168
  C:7672H         LINE#         170
  C:7672H         LINE#         171
  C:7673H         LINE#         173
  C:7673H         LINE#         174
  C:7675H         LINE#         176
  C:7675H         LINE#         177
  C:7676H         LINE#         179
  C:7676H         LINE#         180
  C:7678H         LINE#         182
  C:7678H         LINE#         183
  C:7679H         LINE#         185
  C:7679H         LINE#         186
  C:767BH         LINE#         188
  C:767BH         LINE#         189
  C:767BH         LINE#         191
  C:767CH         LINE#         193
  C:767CH         LINE#         194
  C:767EH         LINE#         196
  C:767EH         LINE#         198
  C:767FH         LINE#         201
  C:767FH         LINE#         202
  C:7681H         LINE#         204
  C:7681H         LINE#         206
  C:7682H         LINE#         209
  C:7682H         LINE#         210
  C:7684H         LINE#         212
  C:7684H         LINE#         214
  C:7684H         LINE#         216
  -------         ENDPROC       _VALIDAR_CLK
  -------         PROC          _BLOCK_WRITE_CLOCK_ASCII
  X:0010H         SYMBOL        datos_clock
  C:9845H         LINE#         222
  C:9850H         LINE#         224
  C:9850H         LINE#         228
  C:985AH         LINE#         229
  C:985AH         LINE#         230
  C:985AH         LINE#         231
  C:985AH         LINE#         233
  C:9864H         LINE#         234
  C:986EH         LINE#         235
  C:9878H         LINE#         236
  C:9878H         LINE#         237
  C:9878H         LINE#         238
  C:9878H         LINE#         240
  C:9882H         LINE#         241
  C:9882H         LINE#         242
  C:9882H         LINE#         243
  C:9882H         LINE#         245
  C:988CH         LINE#         246
  C:988CH         LINE#         247
  C:988CH         LINE#         248
  C:988CH         LINE#         250
  C:9896H         LINE#         251
  C:9896H         LINE#         252
  C:9896H         LINE#         253
  C:9896H         LINE#         255
BL51 BANKED LINKER/LOCATER V6.22.2.0                                                  11/04/2020  14:30:49  PAGE 32


  C:98A0H         LINE#         256
  C:98AAH         LINE#         257
  C:98B4H         LINE#         258
  C:98BEH         LINE#         260
  -------         ENDPROC       _BLOCK_WRITE_CLOCK_ASCII
  -------         PROC          _BCD_HEX
  D:0007H         SYMBOL        l_data
  -------         DO            
  D:0006H         SYMBOL        temp
  D:0005H         SYMBOL        j
  -------         ENDDO         
  C:AD42H         LINE#         266
  C:AD42H         LINE#         267
  C:AD42H         LINE#         269
  C:AD44H         LINE#         270
  C:AD48H         LINE#         271
  C:AD4BH         LINE#         272
  C:AD4DH         LINE#         273
  C:AD4DH         LINE#         274
  C:AD51H         LINE#         275
  C:AD58H         LINE#         276
  C:AD58H         LINE#         277
  C:AD5CH         LINE#         278
  C:AD5FH         LINE#         279
  C:AD5FH         LINE#         280
  C:AD5FH         LINE#         281
  -------         ENDPROC       _BCD_HEX
  C:A9E3H         SYMBOL        L?0178
  -------         PROC          L?0177
  -------         ENDPROC       L?0177
  C:A9E3H         SYMBOL        L?0178
  -------         PROC          _HEX_BCD
  D:0007H         SYMBOL        byte
  -------         DO            
  D:0006H         SYMBOL        nibble_h
  D:0005H         SYMBOL        nibble_l
  D:0004H         SYMBOL        k
  D:0007H         SYMBOL        byte_out
  -------         ENDDO         
  C:A9F2H         LINE#         285
  C:A9F2H         LINE#         286
  C:A9F2H         LINE#         291
  C:A9F4H         LINE#         292
  C:A9F5H         LINE#         294
  C:A9FBH         LINE#         295
  C:A9FBH         LINE#         296
  C:A9FCH         LINE#         297
[...]
  C:8286H         LINE#         256
  C:8286H         LINE#         259
  C:8289H         LINE#         261
  C:82A9H         LINE#         262
  C:82A9H         LINE#         263
  C:82B0H         LINE#         264
  C:82B0H         LINE#         265
  C:82B6H         LINE#         266
BL51 BANKED LINKER/LOCATER V6.22.2.0                                                  11/04/2020  14:30:49  PAGE 120


  C:82B8H         LINE#         267
  C:82BFH         LINE#         268
  C:82BFH         LINE#         269
  C:82C5H         LINE#         270
  C:82C7H         LINE#         271
  C:82CEH         LINE#         272
  C:82CEH         LINE#         273
  C:82D4H         LINE#         274
  C:82D6H         LINE#         275
  C:82DDH         LINE#         276
  C:82DDH         LINE#         277
  C:82E3H         LINE#         278
  C:82E5H         LINE#         279
  C:82ECH         LINE#         280
  C:82ECH         LINE#         281
  C:82F5H         LINE#         282
  C:82F5H         LINE#         284
  C:82FBH         LINE#         285
  C:82FEH         LINE#         286
  C:8300H         LINE#         287
  C:8304H         LINE#         288
  C:8308H         LINE#         289
  C:830CH         LINE#         290
  C:8314H         LINE#         291
  C:8318H         LINE#         292
  C:8324H         LINE#         293
  C:8324H         LINE#         294
  C:8338H         LINE#         295
  C:833BH         LINE#         296
  C:8343H         LINE#         297
  C:8345H         LINE#         298
  C:834AH         LINE#         299
  C:8359H         LINE#         300
  C:8364H         LINE#         301
  C:836AH         LINE#         302
  C:836AH         LINE#         304
  -------         ENDPROC       _MOV_CARD
  -------         PROC          AUT_CARD_CHECK_STATUS
  -------         DO            
  D:0003H         SYMBOL        j
  X:0011H         SYMBOL        bcc
  X:0012H         SYMBOL        g_scArrTxComSoft
  -------         ENDDO         
  C:9E93H         LINE#         310
  C:9E93H         LINE#         311
  C:9E93H         LINE#         314
  C:9E98H         LINE#         316
  C:9EA1H         LINE#         318
  C:9EA7H         LINE#         319
  C:9EAAH         LINE#         320
  C:9EACH         LINE#         321
  C:9EB0H         LINE#         322
  C:9EB4H         LINE#         323
  C:9EB8H         LINE#         324
  C:9EBCH         LINE#         325
  C:9EC0H         LINE#         326
  C:9ECCH         LINE#         327
BL51 BANKED LINKER/LOCATER V6.22.2.0                                                  11/04/2020  14:30:49  PAGE 121


  C:9ECCH         LINE#         328
  C:9EE0H         LINE#         329
  C:9EE3H         LINE#         330
  C:9EEBH         LINE#         331
  C:9EEDH         LINE#         332
  C:9EF2H         LINE#         333
  C:9F01H         LINE#         334
  C:9F0CH         LINE#         335
  C:9F12H         LINE#         336
  -------         ENDPROC       AUT_CARD_CHECK_STATUS
  -------         PROC          DWLOAD_EEPROM
  -------         DO            
  D:0003H         SYMBOL        j
  X:0002H         SYMBOL        bcc
  X:0003H         SYMBOL        g_scArrTxComSoft
  -------         ENDDO         
  C:8FCEH         LINE#         342
  C:8FCEH         LINE#         343
  C:8FCEH         LINE#         346
  C:8FD3H         LINE#         347
  C:8FDCH         LINE#         349
  C:8FE2H         LINE#         350
  C:8FE5H         LINE#         351
  C:8FE7H         LINE#         352
  C:8FEBH         LINE#         353
  C:8FEFH         LINE#         354
  C:8FF3H         LINE#         355
  C:8FF7H         LINE#         356
  C:8FFAH         LINE#         357
  C:8FFEH         LINE#         358
  C:9001H         LINE#         359
  C:9004H         LINE#         360
  C:9008H         LINE#         361
  C:900CH         LINE#         362
  C:9010H         LINE#         363
  C:9014H         LINE#         364
  C:9018H         LINE#         365
  C:901CH         LINE#         366
  C:9020H         LINE#         367
  C:9024H         LINE#         369
  C:9030H         LINE#         370
  C:9030H         LINE#         371
  C:9044H         LINE#         372
  C:9047H         LINE#         373
  C:904FH         LINE#         374
  C:9051H         LINE#         375
  C:9056H         LINE#         376
  C:9065H         LINE#         377
  C:9070H         LINE#         378
  C:9076H         LINE#         379
  -------         ENDPROC       DWLOAD_EEPROM
  -------         PROC          LOADVERIFY_EEPROM
  -------         DO            
  D:0003H         SYMBOL        j
  X:0011H         SYMBOL        bcc
  X:0012H         SYMBOL        g_scArrTxComSoft
  -------         ENDDO         
BL51 BANKED LINKER/LOCATER V6.22.2.0                                                  11/04/2020  14:30:49  PAGE 122


  C:9695H         LINE#         385
  C:9695H         LINE#         386
  C:9695H         LINE#         389
  C:969AH         LINE#         390
  C:96A3H         LINE#         393
  C:96A9H         LINE#         394
  C:96ACH         LINE#         395
  C:96AEH         LINE#         396
  C:96B2H         LINE#         397
  C:96B6H         LINE#         398
  C:96BAH         LINE#         399
  C:96BEH         LINE#         400
  C:96C1H         LINE#         401
  C:96C5H         LINE#         402
  C:96C8H         LINE#         403
  C:96CBH         LINE#         404
  C:96CFH         LINE#         405
  C:96D3H         LINE#         409
  C:96DFH         LINE#         410
  C:96DFH         LINE#         411
  C:96F3H         LINE#         412
  C:96F6H         LINE#         413
  C:96FEH         LINE#         414
  C:9700H         LINE#         415
  C:9705H         LINE#         416
  C:9714H         LINE#         417
  C:971FH         LINE#         418
  C:9725H         LINE#         420
  -------         ENDPROC       LOADVERIFY_EEPROM
  -------         PROC          _RD_MF
  X:0011H         SYMBOL        Sector
  X:0012H         SYMBOL        Bloque
  -------         DO            
  D:0003H         SYMBOL        j
  X:0013H         SYMBOL        bcc
  X:0014H         SYMBOL        g_scArrTxComSoft
  -------         ENDDO         
  C:8A11H         LINE#         426
  C:8A19H         LINE#         427
  C:8A19H         LINE#         431
  C:8A1CH         LINE#         433
  C:8A25H         LINE#         434
  C:8A2DH         LINE#         436
  C:8A36H         LINE#         437
  C:8A3EH         LINE#         438
  C:8A47H         LINE#         441
  C:8A4DH         LINE#         442
  C:8A50H         LINE#         443
  C:8A52H         LINE#         444
  C:8A56H         LINE#         445
  C:8A5AH         LINE#         446
  C:8A5EH         LINE#         447
  C:8A62H         LINE#         448
  C:8A65H         LINE#         449
  C:8A69H         LINE#         450
  C:8A71H         LINE#         451
  C:8A79H         LINE#         452
BL51 BANKED LINKER/LOCATER V6.22.2.0                                                  11/04/2020  14:30:49  PAGE 123


  C:8A7DH         LINE#         453
  C:8A81H         LINE#         455
  C:8A8DH         LINE#         456
  C:8A8DH         LINE#         457
  C:8AA1H         LINE#         458
  C:8AA4H         LINE#         459
  C:8AACH         LINE#         462
  C:8AAEH         LINE#         463
  C:8AB3H         LINE#         464
  C:8AC2H         LINE#         465
  C:8ACDH         LINE#         466
  C:8AD3H         LINE#         468
  -------         ENDPROC       _RD_MF
  -------         PROC          _WR_MF
  X:0011H         SYMBOL        Sector
  X:0012H         SYMBOL        Bloque
  X:0013H         SYMBOL        buffer
  -------         DO            
  X:0016H         SYMBOL        j
  X:0017H         SYMBOL        bcc
  X:0018H         SYMBOL        g_scArrTxComSoft
  -------         ENDDO         
  C:6227H         LINE#         475
  C:6238H         LINE#         477
  C:6238H         LINE#         480
  C:623DH         LINE#         482
  C:6246H         LINE#         483
  C:624EH         LINE#         485
  C:6257H         LINE#         486
  C:625FH         LINE#         487
  C:6268H         LINE#         489
  C:626EH         LINE#         490
  C:6271H         LINE#         491
  C:6273H         LINE#         492
  C:6277H         LINE#         494
  C:627BH         LINE#         495
  C:627FH         LINE#         496
  C:6283H         LINE#         497
  C:6286H         LINE#         498
  C:628AH         LINE#         499
  C:6293H         LINE#         500
  C:629BH         LINE#         501
  C:629FH         LINE#         503
  C:62A4H         LINE#         504
  C:62A4H         LINE#         509
  C:62A7H         LINE#         510
  C:62A9H         LINE#         511
  C:62ABH         LINE#         512
  C:62ADH         LINE#         513
  C:62AFH         LINE#         518
  C:62B1H         LINE#         519
  C:62B3H         LINE#         520
  C:62B5H         LINE#         525
  C:62CAH         LINE#         526
  C:62CAH         LINE#         527
  C:62CBH         LINE#         528
  C:62CDH         LINE#         530
BL51 BANKED LINKER/LOCATER V6.22.2.0                                                  11/04/2020  14:30:49  PAGE 124


  C:62CDH         LINE#         531
  C:62E2H         LINE#         532
  C:62E2H         LINE#         536
  C:62ECH         LINE#         541
  C:62FFH         LINE#         542
  C:62FFH         LINE#         543
  C:62FFH         LINE#         544
  C:62FFH         LINE#         546
  C:62FFH         LINE#         547
  C:6305H         LINE#         548
  C:6305H         LINE#         553
  C:630AH         LINE#         554
  C:630CH         LINE#         555
  C:630EH         LINE#         556
  C:6310H         LINE#         557
  C:6312H         LINE#         559
  C:6314H         LINE#         561
  C:6314H         LINE#         562
  C:6328H         LINE#         563
  C:6328H         LINE#         564
  C:6334H         LINE#         565
  C:633CH         LINE#         566
  C:633CH         LINE#         571
  C:6342H         LINE#         573
  C:6355H         LINE#         574
  C:6355H         LINE#         575
  C:636AH         LINE#         576
  C:6372H         LINE#         577
  C:637AH         LINE#         580
  C:637CH         LINE#         581
  C:6381H         LINE#         582
  C:6390H         LINE#         583
  C:639BH         LINE#         584
  C:63A1H         LINE#         586
  -------         ENDPROC       _WR_MF
  -------         PROC          UNIQUE_IDENTIFIER_UID
  -------         DO            
  D:0003H         SYMBOL        j
  X:0011H         SYMBOL        bcc
  X:0012H         SYMBOL        g_scArrTxComSoft
  -------         ENDDO         
  C:9AFAH         LINE#         591
  C:9AFAH         LINE#         592
  C:9AFAH         LINE#         595
  C:9AFFH         LINE#         597
  C:9B08H         LINE#         599
  C:9B0EH         LINE#         600
  C:9B11H         LINE#         601
  C:9B13H         LINE#         602
  C:9B17H         LINE#         603
  C:9B1BH         LINE#         604
  C:9B1FH         LINE#         605
  C:9B23H         LINE#         606
  C:9B27H         LINE#         607
  C:9B2BH         LINE#         608
  C:9B2FH         LINE#         609
  C:9B3BH         LINE#         610
BL51 BANKED LINKER/LOCATER V6.22.2.0                                                  11/04/2020  14:30:49  PAGE 125


  C:9B3BH         LINE#         611
  C:9B4FH         LINE#         612
  C:9B52H         LINE#         613
  C:9B5AH         LINE#         614
  C:9B5CH         LINE#         615
  C:9B61H         LINE#         616
  C:9B70H         LINE#         617
  C:9B7BH         LINE#         618
  C:9B81H         LINE#         619
  -------         ENDPROC       UNIQUE_IDENTIFIER_UID
  -------         PROC          POWER_OFF
  -------         DO            
  D:0003H         SYMBOL        j
  X:0011H         SYMBOL        bcc
  X:0012H         SYMBOL        g_scArrTxComSoft
  -------         ENDDO         
  C:9F13H         LINE#         620
  C:9F13H         LINE#         621
  C:9F13H         LINE#         624
  C:9F18H         LINE#         626
  C:9F21H         LINE#         628
  C:9F27H         LINE#         629
  C:9F2AH         LINE#         630
  C:9F2CH         LINE#         631
  C:9F30H         LINE#         632
  C:9F34H         LINE#         633
  C:9F38H         LINE#         634
  C:9F3CH         LINE#         635
  C:9F40H         LINE#         636
  C:9F4CH         LINE#         637
  C:9F4CH         LINE#         638
  C:9F60H         LINE#         639
  C:9F63H         LINE#         640
  C:9F6BH         LINE#         641
  C:9F6DH         LINE#         642
  C:9F72H         LINE#         643
  C:9F81H         LINE#         644
  C:9F8CH         LINE#         645
  C:9F92H         LINE#         648
  -------         ENDPROC       POWER_OFF
  -------         ENDMOD        LINTECH

  -------         MODULE        ?C?FPADD
  C:1DCFH         PUBLIC        ?C?FPADD
  C:1DCBH         PUBLIC        ?C?FPSUB
  -------         ENDMOD        ?C?FPADD

  -------         MODULE        ?C?FPMUL
  C:1EC0H         PUBLIC        ?C?FPMUL
  -------         ENDMOD        ?C?FPMUL

  -------         MODULE        ?C?FCAST
  C:1FD0H         PUBLIC        ?C?FCASTC
  C:1FCBH         PUBLIC        ?C?FCASTI
  C:1FC6H         PUBLIC        ?C?FCASTL
  -------         ENDMOD        ?C?FCAST

BL51 BANKED LINKER/LOCATER V6.22.2.0                                                  11/04/2020  14:30:49  PAGE 126


  -------         MODULE        ?C?CASTF
  C:2004H         PUBLIC        ?C?CASTF
  -------         ENDMOD        ?C?CASTF

  -------         MODULE        PRINTF
  X:00B0H         PUBLIC        ?_PRINTF?BYTE
  X:00B0H         PUBLIC        ?_SPRINTF?BYTE
  C:3634H         PUBLIC        _PRINTF
  C:362EH         PUBLIC        _SPRINTF
  -------         ENDMOD        PRINTF

  -------         MODULE        POW
  X:0046H         PUBLIC        ?_pow?BYTE
  C:668AH         PUBLIC        _pow
  -------         ENDMOD        POW

  -------         MODULE        ?C?CHKFLOAT
  C:2085H         PUBLIC        ?C?CHKFLOAT
  -------         ENDMOD        ?C?CHKFLOAT

  -------         MODULE        ?C?FPCMP
  C:20A1H         PUBLIC        ?C?FPCMP
  C:209FH         PUBLIC        ?C?FPCMP3
  -------         ENDMOD        ?C?FPCMP

  -------         MODULE        ?C?FPNEG
  C:2118H         PUBLIC        ?C?FPNEG
  -------         ENDMOD        ?C?FPNEG

  -------         MODULE        ?C?FPROUND
  C:2129H         PUBLIC        ?C?FPROUND
  -------         ENDMOD        ?C?FPROUND

  -------         MODULE        ?C?FPCONVERT
  C:2166H         PUBLIC        ?C?FPCONVERT
  -------         ENDMOD        ?C?FPCONVERT

  -------         MODULE        EXP
  C:947CH         PUBLIC        _EXP
  -------         ENDMOD        EXP

  -------         MODULE        LOG
  C:7120H         PUBLIC        _LOG
  C:711CH         PUBLIC        _LOG10
  -------         ENDMOD        LOG

  -------         MODULE        ?C?FPDIV
  C:226EH         PUBLIC        ?C?FPDIV
  -------         ENDMOD        ?C?FPDIV

  -------         MODULE        ?C?FTNPWR
  C:233BH         PUBLIC        ?C?FTNPWR
  -------         ENDMOD        ?C?FTNPWR

  -------         MODULE        ?C?COPY
  C:2498H         PUBLIC        ?C?COPY
  -------         ENDMOD        ?C?COPY
BL51 BANKED LINKER/LOCATER V6.22.2.0                                                  11/04/2020  14:30:49  PAGE 127



  -------         MODULE        ?C?CLDPTR
  C:24BEH         PUBLIC        ?C?CLDPTR
  -------         ENDMOD        ?C?CLDPTR

  -------         MODULE        ?C?CLDOPTR
  C:24D7H         PUBLIC        ?C?CLDOPTR
  -------         ENDMOD        ?C?CLDOPTR

  -------         MODULE        ?C?CSTPTR
  C:2504H         PUBLIC        ?C?CSTPTR
  -------         ENDMOD        ?C?CSTPTR

  -------         MODULE        ?C?CSTOPTR
  C:2516H         PUBLIC        ?C?CSTOPTR
  -------         ENDMOD        ?C?CSTOPTR

  -------         MODULE        ?C?IMUL
  C:2538H         PUBLIC        ?C?IMUL
  -------         ENDMOD        ?C?IMUL

  -------         MODULE        ?C?UIDIV
  C:254AH         PUBLIC        ?C?UIDIV
  -------         ENDMOD        ?C?UIDIV

  -------         MODULE        ?C?IILDX
  C:259FH         PUBLIC        ?C?IILDX
  -------         ENDMOD        ?C?IILDX

  -------         MODULE        ?C?LNEG
  C:25B5H         PUBLIC        ?C?LNEG
  -------         ENDMOD        ?C?LNEG

  -------         MODULE        ?C?ULCMP
  C:25C3H         PUBLIC        ?C?ULCMP
  -------         ENDMOD        ?C?ULCMP

  -------         MODULE        ?C?LLDCODE
  C:25D4H         PUBLIC        ?C?LLDCODE
  -------         ENDMOD        ?C?LLDCODE

  -------         MODULE        ?C?LLDXDATA0
  C:25E4H         PUBLIC        ?C?LLDXDATA0
  -------         ENDMOD        ?C?LLDXDATA0

  -------         MODULE        ?C?LLDCODE0
  C:25F0H         PUBLIC        ?C?LLDCODE0
  -------         ENDMOD        ?C?LLDCODE0

  -------         MODULE        ?C?LSTXDATA
  C:2600H         PUBLIC        ?C?LSTXDATA
  -------         ENDMOD        ?C?LSTXDATA

  -------         MODULE        ?C?LSTKXDATA
  C:260CH         PUBLIC        ?C?LSTKXDATA
  -------         ENDMOD        ?C?LSTKXDATA

BL51 BANKED LINKER/LOCATER V6.22.2.0                                                  11/04/2020  14:30:49  PAGE 128


  -------         MODULE        ?C?PLDIXDATA
  C:263DH         PUBLIC        ?C?PLDIXDATA
  -------         ENDMOD        ?C?PLDIXDATA

  -------         MODULE        ?C?PSTXDATA
  C:2654H         PUBLIC        ?C?PSTXDATA
  -------         ENDMOD        ?C?PSTXDATA

  -------         MODULE        ?C?CCASE
  C:265DH         PUBLIC        ?C?CCASE
  -------         ENDMOD        ?C?CCASE

  -------         MODULE        STRCAT
  X:005AH         PUBLIC        ?_strcat?BYTE
  C:A2B3H         PUBLIC        _strcat
  -------         ENDMOD        STRCAT

  -------         MODULE        ?C?STRCMP
  C:2801H         PUBLIC        ?C?STRCMP
  -------         ENDMOD        ?C?STRCMP

  -------         MODULE        ?C?STRCPY
  C:28EAH         PUBLIC        ?C?STRCPY
  -------         ENDMOD        ?C?STRCPY

  -------         MODULE        STRLEN
  C:000EH         PUBLIC        _STRLEN
  -------         ENDMOD        STRLEN

  -------         MODULE        STRTOK
  X:0078H         PUBLIC        ?_strtok?BYTE
  C:836BH         PUBLIC        _strtok
  -------         ENDMOD        STRTOK

  -------         MODULE        ATOI
  C:852DH         PUBLIC        _atoi
  -------         ENDMOD        ATOI

  -------         MODULE        MALLOC
  C:87B5H         PUBLIC        _malloc
  -------         ENDMOD        MALLOC

  -------         MODULE        INIT_MEM
  X:027AH         PUBLIC        __mem_avail__
  C:AA50H         PUBLIC        _init_mempool
  -------         ENDMOD        INIT_MEM

  -------         MODULE        FREE
  C:6D38H         PUBLIC        _free
  -------         ENDMOD        FREE

  -------         MODULE        ?C?ILDIX
  C:2907H         PUBLIC        ?C?ILDIX
  -------         ENDMOD        ?C?ILDIX

  -------         MODULE        ISDIGIT
  C:AE6AH         PUBLIC        _isdigit
BL51 BANKED LINKER/LOCATER V6.22.2.0                                                  11/04/2020  14:30:49  PAGE 129


  -------         ENDMOD        ISDIGIT

  -------         MODULE        ISSPACE
  C:ADDCH         PUBLIC        _isspace
  -------         ENDMOD        ISSPACE

  -------         MODULE        STRSPN
  X:007EH         PUBLIC        ?_strspn?BYTE
  C:9C8EH         PUBLIC        _strspn
  -------         ENDMOD        STRSPN

  -------         MODULE        STRPBRK
  X:007EH         PUBLIC        ?_strpbrk?BYTE
  C:9D12H         PUBLIC        _strpbrk
  -------         ENDMOD        STRPBRK

Program Size: data=128.7 xdata=655 code=44779
LINK/LOCATE RUN COMPLETE.  0 WARNING(S),  0 ERROR(S)
