BL51 BANKED LINKER/LOCATER V6.22.2.0                                                    08/05/2020  11:21:06  PAGE 1


BL51 BANKED LINKER/LOCATER V6.22.2.0, INVOKED BY:
C:\KEIL_V5\C51\BIN\BL51.EXE .\Objects\main.obj, .\Objects\Accescan.obj, .\Objects\Clock.obj, .\Objects\delay.obj, .\Obje
>> cts\eeprom.obj, .\Objects\io_sensores.obj, .\Objects\pantallas.obj, .\Objects\prog.obj, .\Objects\pto_paralelo.obj, .
>> \Objects\tibbo.obj, .\Objects\uart.obj, .\Objects\verificador.obj, .\Objects\lintech.obj TO .\Objects\verificador_v_0
>> 1_raspberry PRINT (.\Listings\verificador_v_01_raspberry.m51) RAMSIZE (256)


MEMORY MODEL: LARGE WITH FLOATING POINT ARITHMETIC


INPUT MODULES INCLUDED:
  .\Objects\main.obj (MAIN)
  .\Objects\Accescan.obj (ACCESCAN)
  .\Objects\Clock.obj (CLOCK)
  .\Objects\delay.obj (DELAY)
  .\Objects\eeprom.obj (EEPROM)
  .\Objects\io_sensores.obj (IO_SENSORES)
  .\Objects\pantallas.obj (PANTALLAS)
  .\Objects\prog.obj (PROG)
  .\Objects\pto_paralelo.obj (PTO_PARALELO)
  .\Objects\tibbo.obj (TIBBO)
  .\Objects\uart.obj (UART)
  .\Objects\verificador.obj (VERIFICADOR)
  .\Objects\lintech.obj (LINTECH)
  C:\KEIL_V5\C51\LIB\C51FPL.LIB (?C?FPADD)
  C:\KEIL_V5\C51\LIB\C51FPL.LIB (?C?FPMUL)
  C:\KEIL_V5\C51\LIB\C51FPL.LIB (?C?FCAST)
  C:\KEIL_V5\C51\LIB\C51FPL.LIB (?C?CASTF)
  C:\KEIL_V5\C51\LIB\C51FPL.LIB (PRINTF)
  C:\KEIL_V5\C51\LIB\C51FPL.LIB (POW)
  C:\KEIL_V5\C51\LIB\C51FPL.LIB (?C?FPGETOPN)
  C:\KEIL_V5\C51\LIB\C51FPL.LIB (?C?CHKFLOAT)
  C:\KEIL_V5\C51\LIB\C51FPL.LIB (?C?FPCMP)
  C:\KEIL_V5\C51\LIB\C51FPL.LIB (?C?FPNEG)
  C:\KEIL_V5\C51\LIB\C51FPL.LIB (?C?FPROUND)
  C:\KEIL_V5\C51\LIB\C51FPL.LIB (?C?FPCONVERT)
  C:\KEIL_V5\C51\LIB\C51FPL.LIB (EXP)
  C:\KEIL_V5\C51\LIB\C51FPL.LIB (LOG)
  C:\KEIL_V5\C51\LIB\C51FPL.LIB (?C?FPDIV)
  C:\KEIL_V5\C51\LIB\C51FPL.LIB (?C?FTNPWR)
  C:\KEIL_V5\C51\LIB\C51FPL.LIB (?C?FPSERIES)
  C:\KEIL_V5\C51\LIB\C51L.LIB (?C_STARTUP)
  C:\KEIL_V5\C51\LIB\C51L.LIB (?C?COPY)
  C:\KEIL_V5\C51\LIB\C51L.LIB (?C?CLDPTR)
  C:\KEIL_V5\C51\LIB\C51L.LIB (?C?CLDOPTR)
  C:\KEIL_V5\C51\LIB\C51L.LIB (?C?CSTPTR)
  C:\KEIL_V5\C51\LIB\C51L.LIB (?C?CSTOPTR)
  C:\KEIL_V5\C51\LIB\C51L.LIB (?C?UIDIV)
  C:\KEIL_V5\C51\LIB\C51L.LIB (?C?IILDX)
  C:\KEIL_V5\C51\LIB\C51L.LIB (?C?LNEG)
  C:\KEIL_V5\C51\LIB\C51L.LIB (?C?LLDCODE)
  C:\KEIL_V5\C51\LIB\C51L.LIB (?C?LLDXDATA0)
  C:\KEIL_V5\C51\LIB\C51L.LIB (?C?LLDCODE0)
  C:\KEIL_V5\C51\LIB\C51L.LIB (?C?LSTXDATA)
  C:\KEIL_V5\C51\LIB\C51L.LIB (?C?LSTKXDATA)
  C:\KEIL_V5\C51\LIB\C51L.LIB (?C?PLDIXDATA)
  C:\KEIL_V5\C51\LIB\C51L.LIB (?C?PSTXDATA)
  C:\KEIL_V5\C51\LIB\C51L.LIB (?C?CCASE)
BL51 BANKED LINKER/LOCATER V6.22.2.0                                                  08/05/2020  11:21:06  PAGE 2


  C:\KEIL_V5\C51\LIB\C51L.LIB (STRCAT)
  C:\KEIL_V5\C51\LIB\C51L.LIB (?C?STRCMP)
  C:\KEIL_V5\C51\LIB\C51L.LIB (?C?STRCPY)
  C:\KEIL_V5\C51\LIB\C51L.LIB (STRLEN)
  C:\KEIL_V5\C51\LIB\C51L.LIB (STRTOK)
  C:\KEIL_V5\C51\LIB\C51L.LIB (ATOI)
  C:\KEIL_V5\C51\LIB\C51L.LIB (?C_INIT)
  C:\KEIL_V5\C51\LIB\C51L.LIB (?C?IMUL)
  C:\KEIL_V5\C51\LIB\C51L.LIB (?C?ILDIX)
  C:\KEIL_V5\C51\LIB\C51L.LIB (ISDIGIT)
  C:\KEIL_V5\C51\LIB\C51L.LIB (ISSPACE)
  C:\KEIL_V5\C51\LIB\C51L.LIB (STRSPN)
  C:\KEIL_V5\C51\LIB\C51L.LIB (STRPBRK)


LINK MAP OF MODULE:  .\Objects\verificador_v_01_raspberry (MAIN)


            TYPE    BASE      LENGTH    RELOCATION   SEGMENT NAME
            -----------------------------------------------------

            * * * * * * *   D A T A   M E M O R Y   * * * * * * *
            REG     0000H     0008H     ABSOLUTE     "REG BANK 0"
            DATA    0008H     0005H     UNIT         _DATA_GROUP_
            DATA    000DH     0004H     UNIT         ?DT?UART
                    0011H     000FH                  *** GAP ***
            BIT     0020H.0   0001H.1   UNIT         _BIT_GROUP_
            BIT     0021H.1   0000H.2   UNIT         ?BI?MAIN
            BIT     0021H.3   0000H.2   UNIT         ?BI?UART
            BIT     0021H.5   0000H.1   UNIT         ?BI?EEPROM
                    0021H.6   0000H.2                *** GAP ***
            IDATA   0022H     0064H     UNIT         ?ID?MAIN
            IDATA   0086H     0001H     UNIT         ?STACK

            * * * * * * *  X D A T A   M E M O R Y  * * * * * * *
            XDATA   0000H     00A1H     UNIT         _XDATA_GROUP_
            XDATA   00A1H     0070H     UNIT         ?XD?MAIN
            XDATA   0111H     0042H     UNIT         ?XD?PROG
            XDATA   0153H     0037H     UNIT         ?XD?VERIFICADOR
            XDATA   018AH     001EH     UNIT         ?XD?PTO_PARALELO
            XDATA   01A8H     0003H     UNIT         ?XD?EEPROM
            XDATA   01ABH     0003H     UNIT         ?XD?UART
            XDATA   01AEH     0003H     UNIT         ?XD?STRTOK
            XDATA   01B1H     0002H     UNIT         ?XD?ACCESCAN
            XDATA   01B3H     0001H     UNIT         ?XD?CLOCK
            XDATA   01B4H     0001H     UNIT         ?XD?IO_SENSORES
            XDATA   01B5H     0001H     UNIT         ?XD?PANTALLAS

            * * * * * * *   C O D E   M E M O R Y   * * * * * * *
            CODE    0000H     0003H     ABSOLUTE     
            CODE    0003H     0008H     UNIT         ?PR?P_CK?CLOCK
            CODE    000BH     0003H     ABSOLUTE     
            CODE    000EH     0015H     UNIT         ?PR?_STRLEN?STRLEN
            CODE    0023H     0003H     ABSOLUTE     
            CODE    0026H     0BC5H     UNIT         ?PR?SECUENCIAEXPEDIDOR?VERIFICADOR
            CODE    0BEBH     0B44H     UNIT         ?C?LIB_CODE
            CODE    172FH     07C4H     UNIT         ?CO?PROG
BL51 BANKED LINKER/LOCATER V6.22.2.0                                                  08/05/2020  11:21:06  PAGE 3


            CODE    1EF3H     0537H     UNIT         ?PR?_ANALIZA_TIEMPO?CLOCK
            CODE    242AH     048BH     UNIT         ?CO?VERIFICADOR
            CODE    28B5H     0483H     UNIT         ?PR?PRINTF?PRINTF
            CODE    2D38H     0431H     UNIT         ?CO?PANTALLAS
            CODE    3169H     0368H     UNIT         ?PR?_PANTALLALCD?PANTALLAS
            CODE    34D1H     0311H     UNIT         ?PR?_VALIDA_TRAMA_PTO?ACCESCAN
            CODE    37E2H     02D0H     UNIT         ?PR?_TWO_BYTEHEX_DECIMAL?CLOCK
            CODE    3AB2H     02CDH     UNIT         ?PR?_TRAMA_PTO_PARALELO_NEW?PTO_PARALELO
            CODE    3D7FH     0292H     UNIT         ?PR?_CMD_LPR_SALIDA?ACCESCAN
            CODE    4011H     01D8H     UNIT         ?PR?_BLOCK_READ_CLOCK_ASCII?CLOCK
            CODE    41E9H     01C1H     UNIT         ?PR?_HASH_ID?PROG
            CODE    43AAH     01B9H     UNIT         ?PR?MENU?PROG
            CODE    4563H     01B3H     UNIT         ?PR?COM_ISR?UART
            CODE    4716H     0179H     UNIT         ?PR?_CHECK_FECHAOUT?CLOCK
            CODE    488FH     0166H     UNIT         ?PR?_POW?POW
            CODE    49F5H     0165H     UNIT         ?CO?LINTECH
            CODE    4B5AH     0162H     UNIT         ?PR?_PANTALLALCD_LINEA_2?PANTALLAS
            CODE    4CBCH     0149H     UNIT         ?PR?_WR_MF?LINTECH
            CODE    4E05H     0140H     UNIT         ?PR?SECUENCIA_INICIO_EXPEDIDOR?VERIFICADOR
            CODE    4F45H     013EH     UNIT         ?PR?PROG_SIN_COBRO?PROG
            CODE    5083H     0129H     UNIT         ?PR?LOG?LOG
            CODE    51ACH     0115H     UNIT         ?PR?_VALIDAR_CLK?CLOCK
            CODE    52C1H     0110H     UNIT         ?PR?LOAD_AND_SEND_ID_COD?PTO_PARALELO
            CODE    53D1H     00FFH     UNIT         ?PR?_TRAMA_PTO_PARALELO_P?PTO_PARALELO
            CODE    54D0H     00FCH     UNIT         ?PR?PROG_DEBUG?PROG
            CODE    55CCH     00FCH     UNIT         ?PR?PROG_USE_LPR?PROG
            CODE    56C8H     00FCH     UNIT         ?PR?PROG_COMPARACION_ACTIVA?PROG
            CODE    57C4H     00FCH     UNIT         ?PR?TIPO_PANTALLA?PROG
            CODE    58C0H     00FCH     UNIT         ?PR?DCTO_CAJA?PROG
            CODE    59BCH     00EAH     UNIT         ?PR?_MOV_CARD?LINTECH
            CODE    5AA6H     00E4H     UNIT         ?PR?_STRTOK?STRTOK
            CODE    5B8AH     00DBH     UNIT         ?PR?_ATOI?ATOI
            CODE    5C65H     00D6H     UNIT         ?PR?_CMD_LPR_SALIDA_WIEGAND?ACCESCAN
            CODE    5D3BH     00C4H     UNIT         ?PR?_BLOCK_READ_CLOCK?CLOCK
            CODE    5DFFH     00C3H     UNIT         ?PR?_RD_MF?LINTECH
            CODE    5EC2H     00BDH     UNIT         ?PR?PROG_COD_PARK?PROG
            CODE    5F7FH     00BDH     UNIT         ?PR?PROG_TIEMPO_GRACIA?PROG
            CODE    603CH     00B6H     UNIT         ?PR?PROG_ID_CLIENTE?PROG
            CODE    60F2H     00B4H     UNIT         ?PR?_SEND_PORT?PTO_PARALELO
            CODE    61A6H     00AFH     UNIT         ?PR?ERROR_RX_PTO?VERIFICADOR
            CODE    6255H     00A9H     UNIT         ?PR?DWLOAD_EEPROM?LINTECH
            CODE    62FEH     00A7H     UNIT         ?CO?TIBBO
            CODE    63A5H     00A6H     UNIT         ?PR?_BLOCK_READ_CLOCK_HEX?CLOCK
            CODE    644BH     00A6H     UNIT         ?PR?_DEBUG_FECHA_ACTUAL?TIBBO
            CODE    64F1H     00A0H     UNIT         ?CO?IO_SENSORES
            CODE    6591H     009DH     UNIT         ?PR?_INICIALIZA?LINTECH
            CODE    662EH     009CH     UNIT         ?PR?_RECIBE_PORT?PTO_PARALELO
            CODE    66CAH     009BH     UNIT         ?C_INITSEG
            CODE    6765H     009AH     UNIT         ?PR?EXP?EXP
            CODE    67FFH     0095H     UNIT         ?PR?_RECIBE_CMD_MONITOR?ACCESCAN
            CODE    6894H     0091H     UNIT         ?PR?_CARD_INSERCION?LINTECH
            CODE    6925H     0091H     UNIT         ?PR?LOADVERIFY_EEPROM?LINTECH
            CODE    69B6H     0090H     UNIT         ?PR?_LEE_CLK?CLOCK
            CODE    6A46H     0090H     UNIT         ?PR?_GETOPTION?PROG
            CODE    6AD6H     008FH     UNIT         ?PR?_BLOCK_WRITE_CLOCK_ASCII?CLOCK
            CODE    6B65H     008CH     UNIT         ?C_C51STARTUP
            CODE    6BF1H     0088H     UNIT         ?PR?_SEND_PORTERR?PTO_PARALELO
BL51 BANKED LINKER/LOCATER V6.22.2.0                                                  08/05/2020  11:21:06  PAGE 4


            CODE    6C79H     0088H     UNIT         ?PR?RX_DATA?TIBBO
            CODE    6D01H     0085H     UNIT         ?PR?MAIN?MAIN
            CODE    6D86H     0084H     UNIT         ?PR?_STRSPN?STRSPN
            CODE    6E0AH     0081H     UNIT         ?PR?_STRPBRK?STRPBRK
            CODE    6E8BH     0080H     UNIT         ?PR?MSJ_LCD_INFORMATIVO?IO_SENSORES
            CODE    6F0BH     0080H     UNIT         ?PR?_INGRESADATO?PROG
            CODE    6F8BH     0080H     UNIT         ?PR?AUT_CARD_CHECK_STATUS?LINTECH
            CODE    700BH     007CH     UNIT         ?PR?_CHECK_STATUS?LINTECH
            CODE    7087H     0076H     UNIT         ?PR?_DEBUGBUFFERMF?TIBBO
            CODE    70FDH     0073H     UNIT         ?PR?VALIDASENSORESPASO?IO_SENSORES
            CODE    7170H     006BH     UNIT         ?PR?_STRCAT?STRCAT
            CODE    71DBH     0063H     UNIT         ?PR?SHOW?PROG
            CODE    723EH     0062H     UNIT         ?PR?_LISTACOMANDOS?PROG
            CODE    72A0H     005BH     UNIT         ?PR?_RASPBERRY_DATA?PANTALLAS
            CODE    72FBH     0057H     UNIT         ?PR?RELOJ_PANTALLA_LCD?PANTALLAS
            CODE    7352H     0056H     UNIT         ?PR?VARIABLE_INICIO?EEPROM
            CODE    73A8H     0053H     UNIT         ?PR?_BYTEHEX_DECIMAL?CLOCK
            CODE    73FBH     004DH     UNIT         ?PR?L_D_M?EEPROM
            CODE    7448H     004BH     UNIT         ?PR?_TX_AUX?TIBBO
            CODE    7493H     0048H     UNIT         ?PR?_DEBUG_PTO_PARALELO?TIBBO
            CODE    74DBH     0047H     UNIT         ?PR?_DEBUG_CHR_TIBBO?TIBBO
            CODE    7522H     0046H     UNIT         ?PR?_ESCRIBIRCADENASOFT_BUFFER?MAIN
            CODE    7568H     0046H     UNIT         ?PR?_LCD_TXT_NUM_CHAR?PANTALLAS
            CODE    75AEH     0046H     UNIT         ?PR?_DEBUG_HEXDEC?TIBBO
            CODE    75F4H     0045H     UNIT         ?PR?_VALIDARCLAVE?PROG
            CODE    7639H     0044H     UNIT         ?PR?_LCD_TXT?PANTALLAS
            CODE    767DH     0044H     UNIT         ?PR?_DEBUG_TXT_TIBBO?TIBBO
            CODE    76C1H     0041H     UNIT         ?PR?_MONITOR_CHR?ACCESCAN
            CODE    7702H     0041H     UNIT         ?PR?_TWO_ONE?CLOCK
            CODE    7743H     0040H     UNIT         ?PR?_GETCMD?PROG
            CODE    7783H     003FH     UNIT         ?PR?_EB_CLK?CLOCK
            CODE    77C2H     003FH     UNIT         ?PR?_WR_EEPROM?EEPROM
            CODE    7801H     003EH     UNIT         ?PR?_PUTCHAR?MAIN
            CODE    783FH     003DH     UNIT         ?PR?_RD_EEPROM?EEPROM
            CODE    787CH     003BH     UNIT         ?PR?_COM_PUTCHAR?UART
            CODE    78B7H     003AH     UNIT         ?PR?_DELAY_10MS?DELAY
            CODE    78F1H     0037H     UNIT         ?PR?TIMER0_INT?MAIN
            CODE    7928H     002CH     UNIT         ?PR?LOAD_AND_SEND_INFO_RELOJ?PTO_PARALELO
            CODE    7954H     002AH     UNIT         ?PR?COM_INITIALIZE?UART
            CODE    797EH     0028H     UNIT         ?PR?_WR_CLK?CLOCK
            CODE    79A6H     0028H     UNIT         ?PR?COM_BAUDRATE?UART
            CODE    79CEH     0027H     UNIT         ?PR?_TX_CHRLCD?PANTALLAS
            CODE    79F5H     0026H     UNIT         ?PR?COM_GETCHAR?UART
            CODE    7A1BH     0024H     UNIT         ?PR?TRAMA_VALIDACION_P_N?VERIFICADOR
            CODE    7A3FH     0022H     UNIT         ?PR?_E_D_M?EEPROM
            CODE    7A61H     0021H     UNIT         ?PR?_HEX_BCD?CLOCK
            CODE    7A82H     0020H     UNIT         ?PR?ACKD?EEPROM
            CODE    7AA2H     0020H     UNIT         ?PR?ACK_LECT?EEPROM
            CODE    7AC2H     001FH     UNIT         ?PR?VALIDASENSOR?IO_SENSORES
            CODE    7AE1H     001FH     UNIT         ?PR?VALIDASENSORES_OUT?IO_SENSORES
            CODE    7B00H     001FH     UNIT         ?PR?TIME_BIT?TIBBO
            CODE    7B1FH     001EH     UNIT         ?PR?_BCD_HEX?CLOCK
            CODE    7B3DH     001DH     UNIT         ?CO?PTO_PARALELO
            CODE    7B5AH     001BH     UNIT         ?PR?_DELAY_1MS?DELAY
            CODE    7B75H     0017H     UNIT         ?PR?DISPLAYCURSOR?PROG
            CODE    7B8CH     0017H     UNIT         ?PR?TIME_MBIT?TIBBO
            CODE    7BA3H     0014H     UNIT         ?PR?_ISSPACE?ISSPACE
BL51 BANKED LINKER/LOCATER V6.22.2.0                                                  08/05/2020  11:21:06  PAGE 5


            CODE    7BB7H     0012H     UNIT         ?PR?_DELAY_20US?DELAY
            CODE    7BC9H     0012H     UNIT         ?PR?START?EEPROM
            CODE    7BDBH     0012H     UNIT         ?PR?DIR_BOARD?IO_SENSORES
            CODE    7BEDH     0012H     UNIT         ?PR?PULSO_BUS?PTO_PARALELO
            CODE    7BFFH     0012H     UNIT         ?PR?COM_RBUFLEN?UART
            CODE    7C11H     0012H     UNIT         ?PR?COM_TBUFLEN?UART
            CODE    7C23H     0010H     UNIT         ?PR?INI_TIMER?MAIN
            CODE    7C33H     0010H     UNIT         ?PR?INICIA_BOARD?MAIN
            CODE    7C43H     000FH     UNIT         ?PR?_ISDIGIT?ISDIGIT
            CODE    7C52H     000CH     UNIT         ?PR?_GETKEY?MAIN
            CODE    7C5EH     000AH     UNIT         ?PR?COND_INI_PTO?PTO_PARALELO
            CODE    7C68H     0009H     UNIT         ?PR?STOP?EEPROM
            CODE    7C71H     0009H     UNIT         ?PR?DEBUG_DIVIDIR_TEXTO?TIBBO
            CODE    7C7AH     0007H     UNIT         ?PR?COND_INI_CLOCK?CLOCK
            CODE    7C81H     0007H     UNIT         ?PR?SEL_FUNCION?IO_SENSORES
            CODE    7C88H     0007H     UNIT         ?PR?SEL_AUTO?IO_SENSORES
            CODE    7C8FH     0007H     UNIT         ?PR?SEL_SENSOR2?IO_SENSORES
            CODE    7C96H     0007H     UNIT         ?PR?SEL_SENSOR1?IO_SENSORES
            CODE    7C9DH     0007H     UNIT         ?PR?SEL_DIR1?IO_SENSORES
            CODE    7CA4H     0007H     UNIT         ?PR?SEL_DIR2?IO_SENSORES
            CODE    7CABH     0006H     UNIT         ?PR?P_ME?EEPROM
            CODE    7CB1H     0005H     UNIT         ?PR?ON_TIMER0_INTERRUP?MAIN
            CODE    7CB6H     0005H     UNIT         ?CO?ACCESCAN
            CODE    7CBBH     0005H     UNIT         ?PR?COND_INI_TIBBO?TIBBO
            CODE    7CC0H     0003H     UNIT         ?PR?OFF_TIMER0_INTERRUP?MAIN
            CODE    7CC3H     0001H     UNIT         ?PR?DELAY?DELAY



OVERLAY MAP OF MODULE:   .\Objects\verificador_v_01_raspberry (MAIN)


SEGMENT                                             BIT_GROUP          DATA_GROUP          XDATA_GROUP
  +--> CALLED SEGMENT                            START    LENGTH     START    LENGTH     START    LENGTH
--------------------------------------------------------------------------------------------------------
?C_C51STARTUP                                    -----    -----      -----    -----      -----    -----
  +--> ?PR?MAIN?MAIN
  +--> ?C_INITSEG

?PR?MAIN?MAIN                                    -----    -----      -----    -----      0000H    0001H
  +--> ?PR?INI_TIMER?MAIN
  +--> ?PR?ON_TIMER0_INTERRUP?MAIN
  +--> ?PR?COM_INITIALIZE?UART
  +--> ?PR?COM_BAUDRATE?UART
  +--> ?PR?INICIA_BOARD?MAIN
  +--> ?PR?TIME_BIT?TIBBO
  +--> ?PR?_DELAY_20US?DELAY
  +--> ?PR?TIME_MBIT?TIBBO
  +--> ?PR?_TX_AUX?TIBBO
  +--> ?PR?SEL_FUNCION?IO_SENSORES
  +--> ?PR?MENU?PROG
  +--> ?PR?VARIABLE_INICIO?EEPROM
  +--> ?PR?SECUENCIA_INICIO_EXPEDIDOR?VERIFI...
  +--> ?PR?_RECIBE_CMD_MONITOR?ACCESCAN
  +--> ?PR?SECUENCIAEXPEDIDOR?VERIFICADOR
  +--> ?PR?_RECIBE_PORT?PTO_PARALELO
  +--> ?PR?_VALIDA_TRAMA_PTO?ACCESCAN
BL51 BANKED LINKER/LOCATER V6.22.2.0                                                  08/05/2020  11:21:06  PAGE 6


  +--> ?PR?_DEBUG_PTO_PARALELO?TIBBO
  +--> ?PR?MSJ_LCD_INFORMATIVO?IO_SENSORES

?PR?COM_INITIALIZE?UART                          -----    -----      -----    -----      -----    -----
  +--> ?PR?COM_BAUDRATE?UART

?PR?INICIA_BOARD?MAIN                            -----    -----      -----    -----      -----    -----
  +--> ?PR?COND_INI_TIBBO?TIBBO
  +--> ?PR?COND_INI_CLOCK?CLOCK
  +--> ?PR?COND_INI_PTO?PTO_PARALELO

?PR?_TX_AUX?TIBBO                                -----    -----      -----    -----      -----    -----
  +--> ?PR?TIME_BIT?TIBBO

?PR?MENU?PROG                                    -----    -----      -----    -----      0001H    005CH
  +--> ?CO?PROG
  +--> ?PR?PRINTF?PRINTF
  +--> ?PR?_INGRESADATO?PROG
  +--> ?PR?_GETCMD?PROG
  +--> ?PR?_HASH_ID?PROG
  +--> ?PR?_VALIDARCLAVE?PROG
  +--> ?PR?DISPLAYCURSOR?PROG
  +--> ?PR?_STRLEN?STRLEN
  +--> ?PR?_GETOPTION?PROG
  +--> ?PR?_STRCAT?STRCAT
  +--> ?PR?_LISTACOMANDOS?PROG
  +--> ?PR?PROG_ID_CLIENTE?PROG
  +--> ?PR?PROG_COD_PARK?PROG
  +--> ?PR?PROG_TIEMPO_GRACIA?PROG
  +--> ?PR?PROG_SIN_COBRO?PROG
  +--> ?PR?PROG_DEBUG?PROG
  +--> ?PR?PROG_USE_LPR?PROG
  +--> ?PR?PROG_COMPARACION_ACTIVA?PROG
  +--> ?PR?TIPO_PANTALLA?PROG
  +--> ?PR?DCTO_CAJA?PROG
  +--> ?PR?SHOW?PROG

?PR?PRINTF?PRINTF                                0020H.0  0001H.1    0008H    0005H      006DH    0030H
  +--> ?PR?_PUTCHAR?MAIN

?PR?_PUTCHAR?MAIN                                -----    -----      -----    -----      009DH    0003H
  +--> ?PR?_COM_PUTCHAR?UART

?PR?_COM_PUTCHAR?UART                            -----    -----      -----    -----      00A0H    0001H
  +--> ?PR?COM_TBUFLEN?UART

?PR?_INGRESADATO?PROG                            -----    -----      -----    -----      0069H    0004H
  +--> ?PR?_GETKEY?MAIN
  +--> ?CO?PROG
  +--> ?PR?PRINTF?PRINTF
  +--> ?PR?_PUTCHAR?MAIN

?PR?_GETKEY?MAIN                                 -----    -----      -----    -----      -----    -----
  +--> ?PR?COM_GETCHAR?UART

?PR?COM_GETCHAR?UART                             -----    -----      -----    -----      -----    -----
  +--> ?PR?COM_RBUFLEN?UART
BL51 BANKED LINKER/LOCATER V6.22.2.0                                                  08/05/2020  11:21:06  PAGE 7



?PR?_GETCMD?PROG                                 -----    -----      -----    -----      005DH    0007H
  +--> ?CO?PROG
  +--> ?PR?_STRTOK?STRTOK

?PR?_STRTOK?STRTOK                               -----    -----      -----    -----      0068H    0006H
  +--> ?PR?_STRSPN?STRSPN
  +--> ?PR?_STRPBRK?STRPBRK

?PR?_STRSPN?STRSPN                               -----    -----      -----    -----      006EH    0008H

?PR?_STRPBRK?STRPBRK                             -----    -----      -----    -----      006EH    0009H

?PR?_HASH_ID?PROG                                -----    -----      -----    -----      005DH    0036H
  +--> ?CO?PROG
  +--> ?PR?_STRLEN?STRLEN

?PR?_VALIDARCLAVE?PROG                           -----    -----      -----    -----      005DH    000AH

?PR?DISPLAYCURSOR?PROG                           -----    -----      -----    -----      -----    -----
  +--> ?CO?PROG
  +--> ?PR?PRINTF?PRINTF

?PR?_GETOPTION?PROG                              -----    -----      -----    -----      005DH    000BH
  +--> ?CO?PROG
  +--> ?PR?_STRTOK?STRTOK

?PR?_STRCAT?STRCAT                               -----    -----      -----    -----      005DH    0009H

?PR?_LISTACOMANDOS?PROG                          -----    -----      -----    -----      005DH    0007H

?PR?PROG_ID_CLIENTE?PROG                         -----    -----      -----    -----      005DH    000CH
  +--> ?PR?_RD_EEPROM?EEPROM
  +--> ?CO?PROG
  +--> ?PR?PRINTF?PRINTF
  +--> ?PR?_INGRESADATO?PROG
  +--> ?PR?_ATOI?ATOI
  +--> ?PR?_WR_EEPROM?EEPROM

?PR?_RD_EEPROM?EEPROM                            -----    -----      -----    -----      -----    -----
  +--> ?PR?START?EEPROM
  +--> ?PR?ACK_LECT?EEPROM
  +--> ?PR?_E_D_M?EEPROM
  +--> ?PR?ACKD?EEPROM
  +--> ?PR?L_D_M?EEPROM
  +--> ?PR?STOP?EEPROM

?PR?ACK_LECT?EEPROM                              -----    -----      -----    -----      -----    -----
  +--> ?PR?_E_D_M?EEPROM

?PR?_E_D_M?EEPROM                                -----    -----      -----    -----      -----    -----
  +--> ?PR?P_ME?EEPROM

?PR?ACKD?EEPROM                                  -----    -----      -----    -----      -----    -----
  +--> ?PR?_E_D_M?EEPROM

?PR?_ATOI?ATOI                                   0020H.0  0000H.1    -----    -----      0069H    0005H
BL51 BANKED LINKER/LOCATER V6.22.2.0                                                  08/05/2020  11:21:06  PAGE 8


  +--> ?PR?_ISSPACE?ISSPACE
  +--> ?PR?_ISDIGIT?ISDIGIT

?PR?_WR_EEPROM?EEPROM                            -----    -----      -----    -----      -----    -----
  +--> ?PR?START?EEPROM
  +--> ?PR?ACKD?EEPROM
  +--> ?PR?_E_D_M?EEPROM
  +--> ?PR?STOP?EEPROM
  +--> ?PR?_DELAY_1MS?DELAY
  +--> ?PR?_DELAY_20US?DELAY

?PR?_DELAY_1MS?DELAY                             -----    -----      -----    -----      -----    -----
  +--> ?PR?_DELAY_20US?DELAY

?PR?PROG_COD_PARK?PROG                           -----    -----      -----    -----      005DH    000CH
  +--> ?PR?_RD_EEPROM?EEPROM
  +--> ?CO?PROG
  +--> ?PR?PRINTF?PRINTF
  +--> ?PR?_INGRESADATO?PROG
  +--> ?PR?_ATOI?ATOI
  +--> ?PR?_WR_EEPROM?EEPROM

?PR?PROG_TIEMPO_GRACIA?PROG                      -----    -----      -----    -----      005DH    000CH
  +--> ?PR?_RD_EEPROM?EEPROM
  +--> ?CO?PROG
  +--> ?PR?PRINTF?PRINTF
  +--> ?PR?_INGRESADATO?PROG
  +--> ?PR?_ATOI?ATOI
  +--> ?PR?_WR_EEPROM?EEPROM

?PR?PROG_SIN_COBRO?PROG                          -----    -----      -----    -----      005DH    000CH
  +--> ?PR?_RD_EEPROM?EEPROM
  +--> ?CO?PROG
  +--> ?PR?PRINTF?PRINTF
  +--> ?PR?_INGRESADATO?PROG
  +--> ?PR?_ATOI?ATOI
  +--> ?PR?_WR_EEPROM?EEPROM

?PR?PROG_DEBUG?PROG                              -----    -----      -----    -----      005DH    000CH
  +--> ?PR?_RD_EEPROM?EEPROM
  +--> ?CO?PROG
  +--> ?PR?PRINTF?PRINTF
  +--> ?PR?_INGRESADATO?PROG
  +--> ?PR?_ATOI?ATOI
  +--> ?PR?_WR_EEPROM?EEPROM

?PR?PROG_USE_LPR?PROG                            -----    -----      -----    -----      005DH    000CH
  +--> ?PR?_RD_EEPROM?EEPROM
  +--> ?CO?PROG
  +--> ?PR?PRINTF?PRINTF
  +--> ?PR?_INGRESADATO?PROG
  +--> ?PR?_ATOI?ATOI
  +--> ?PR?_WR_EEPROM?EEPROM

?PR?PROG_COMPARACION_ACTIVA?PROG                 -----    -----      -----    -----      005DH    000CH
  +--> ?PR?_RD_EEPROM?EEPROM
  +--> ?CO?PROG
BL51 BANKED LINKER/LOCATER V6.22.2.0                                                  08/05/2020  11:21:06  PAGE 9


  +--> ?PR?PRINTF?PRINTF
  +--> ?PR?_INGRESADATO?PROG
  +--> ?PR?_ATOI?ATOI
  +--> ?PR?_WR_EEPROM?EEPROM

?PR?TIPO_PANTALLA?PROG                           -----    -----      -----    -----      005DH    000CH
  +--> ?PR?_RD_EEPROM?EEPROM
  +--> ?CO?PROG
  +--> ?PR?PRINTF?PRINTF
  +--> ?PR?_INGRESADATO?PROG
  +--> ?PR?_ATOI?ATOI
  +--> ?PR?_WR_EEPROM?EEPROM

?PR?DCTO_CAJA?PROG                               -----    -----      -----    -----      005DH    000CH
  +--> ?PR?_RD_EEPROM?EEPROM
  +--> ?CO?PROG
  +--> ?PR?PRINTF?PRINTF
  +--> ?PR?_INGRESADATO?PROG
  +--> ?PR?_ATOI?ATOI
  +--> ?PR?_WR_EEPROM?EEPROM

?PR?SHOW?PROG                                    -----    -----      -----    -----      -----    -----
  +--> ?CO?PROG
  +--> ?PR?PRINTF?PRINTF

?PR?VARIABLE_INICIO?EEPROM                       -----    -----      -----    -----      -----    -----
  +--> ?PR?_RD_EEPROM?EEPROM

?PR?SECUENCIA_INICIO_EXPEDIDOR?VERIFI...         -----    -----      -----    -----      0001H    0001H
  +--> ?PR?_INICIALIZA?LINTECH
  +--> ?PR?TRAMA_VALIDACION_P_N?VERIFICADOR
  +--> ?CO?VERIFICADOR
  +--> ?PR?_DEBUG_TXT_TIBBO?TIBBO
  +--> ?PR?_DEBUGBUFFERMF?TIBBO
  +--> ?PR?DWLOAD_EEPROM?LINTECH

?PR?_INICIALIZA?LINTECH                          -----    -----      -----    -----      0002H    000CH
  +--> ?CO?LINTECH
  +--> ?PR?_DEBUG_TXT_TIBBO?TIBBO
  +--> ?PR?_DEBUGBUFFERMF?TIBBO
  +--> ?PR?_ESCRIBIRCADENASOFT_BUFFER?MAIN

?PR?_DEBUG_TXT_TIBBO?TIBBO                       -----    -----      -----    -----      003AH    0004H
  +--> ?CO?TIBBO
  +--> ?PR?_TX_AUX?TIBBO

?PR?_DEBUGBUFFERMF?TIBBO                         -----    -----      -----    -----      0034H    0006H
  +--> ?PR?DEBUG_DIVIDIR_TEXTO?TIBBO
  +--> ?CO?TIBBO
  +--> ?PR?_DEBUG_TXT_TIBBO?TIBBO
  +--> ?PR?_DEBUG_CHR_TIBBO?TIBBO
  +--> ?PR?_TX_AUX?TIBBO

?PR?DEBUG_DIVIDIR_TEXTO?TIBBO                    -----    -----      -----    -----      -----    -----
  +--> ?CO?TIBBO
  +--> ?PR?_DEBUG_TXT_TIBBO?TIBBO

BL51 BANKED LINKER/LOCATER V6.22.2.0                                                  08/05/2020  11:21:06  PAGE 10


?PR?_DEBUG_CHR_TIBBO?TIBBO                       -----    -----      -----    -----      -----    -----
  +--> ?PR?_TX_AUX?TIBBO

?PR?_ESCRIBIRCADENASOFT_BUFFER?MAIN              -----    -----      -----    -----      0034H    0006H
  +--> ?PR?_PUTCHAR?MAIN

?PR?DWLOAD_EEPROM?LINTECH                        -----    -----      -----    -----      0002H    0016H
  +--> ?CO?LINTECH
  +--> ?PR?_DEBUG_TXT_TIBBO?TIBBO
  +--> ?PR?_DEBUGBUFFERMF?TIBBO
  +--> ?PR?_ESCRIBIRCADENASOFT_BUFFER?MAIN

?PR?_RECIBE_CMD_MONITOR?ACCESCAN                 -----    -----      -----    -----      0001H    0006H
  +--> ?PR?RX_DATA?TIBBO

?PR?RX_DATA?TIBBO                                -----    -----      -----    -----      -----    -----
  +--> ?PR?TIME_MBIT?TIBBO
  +--> ?PR?TIME_BIT?TIBBO

?PR?SECUENCIAEXPEDIDOR?VERIFICADOR               -----    -----      -----    -----      0001H    000DH
  +--> ?PR?_CARD_INSERCION?LINTECH
  +--> ?PR?TRAMA_VALIDACION_P_N?VERIFICADOR
  +--> ?CO?VERIFICADOR
  +--> ?PR?ERROR_RX_PTO?VERIFICADOR
  +--> ?PR?_CHECK_STATUS?LINTECH
  +--> ?PR?_DEBUG_TXT_TIBBO?TIBBO
  +--> ?PR?_DEBUGBUFFERMF?TIBBO
  +--> ?PR?VALIDASENSORESPASO?IO_SENSORES
  +--> ?PR?_SEND_PORTERR?PTO_PARALELO
  +--> ?PR?_PANTALLALCD?PANTALLAS
  +--> ?PR?AUT_CARD_CHECK_STATUS?LINTECH
  +--> ?PR?LOADVERIFY_EEPROM?LINTECH
  +--> ?PR?_RD_MF?LINTECH
  +--> ?PR?_DEBUG_HEXDEC?TIBBO
  +--> ?PR?_DEBUG_CHR_TIBBO?TIBBO
  +--> ?PR?_BLOCK_READ_CLOCK_HEX?CLOCK
  +--> ?PR?_RD_EEPROM?EEPROM
  +--> ?PR?DEBUG_DIVIDIR_TEXTO?TIBBO
  +--> ?PR?PRINTF?PRINTF
  +--> ?PR?_ANALIZA_TIEMPO?CLOCK
  +--> ?PR?_CHECK_FECHAOUT?CLOCK
  +--> ?PR?_TRAMA_PTO_PARALELO_NEW?PTO_PARALELO
  +--> ?PR?_CMD_LPR_SALIDA?ACCESCAN
  +--> ?PR?_WR_MF?LINTECH
  +--> ?PR?_MOV_CARD?LINTECH
  +--> ?PR?VALIDASENSORES_OUT?IO_SENSORES
  +--> ?PR?_TRAMA_PTO_PARALELO_P?PTO_PARALELO

?PR?_CARD_INSERCION?LINTECH                      -----    -----      -----    -----      000EH    000AH
  +--> ?CO?LINTECH
  +--> ?PR?_DEBUG_TXT_TIBBO?TIBBO
  +--> ?PR?_DEBUGBUFFERMF?TIBBO
  +--> ?PR?_ESCRIBIRCADENASOFT_BUFFER?MAIN

?PR?ERROR_RX_PTO?VERIFICADOR                     -----    -----      -----    -----      000EH    0001H
  +--> ?CO?VERIFICADOR
  +--> ?PR?_DEBUG_TXT_TIBBO?TIBBO
BL51 BANKED LINKER/LOCATER V6.22.2.0                                                  08/05/2020  11:21:06  PAGE 11


  +--> ?PR?_DEBUG_CHR_TIBBO?TIBBO
  +--> ?PR?_DELAY_10MS?DELAY

?PR?_DELAY_10MS?DELAY                            -----    -----      -----    -----      000FH    0004H
  +--> ?PR?_DELAY_1MS?DELAY

?PR?_CHECK_STATUS?LINTECH                        -----    -----      -----    -----      000EH    000BH
  +--> ?CO?LINTECH
  +--> ?PR?_DEBUG_TXT_TIBBO?TIBBO
  +--> ?PR?_DEBUGBUFFERMF?TIBBO
  +--> ?PR?_ESCRIBIRCADENASOFT_BUFFER?MAIN

?PR?VALIDASENSORESPASO?IO_SENSORES               -----    -----      -----    -----      -----    -----
  +--> ?PR?SEL_SENSOR2?IO_SENSORES
  +--> ?PR?VALIDASENSOR?IO_SENSORES
  +--> ?PR?SEL_SENSOR1?IO_SENSORES
  +--> ?PR?SEL_AUTO?IO_SENSORES
  +--> ?CO?IO_SENSORES
  +--> ?PR?_DEBUG_TXT_TIBBO?TIBBO

?PR?_SEND_PORTERR?PTO_PARALELO                   -----    -----      -----    -----      000EH    0006H
  +--> ?PR?PULSO_BUS?PTO_PARALELO
  +--> ?PR?_DELAY_20US?DELAY

?PR?PULSO_BUS?PTO_PARALELO                       -----    -----      -----    -----      -----    -----
  +--> ?PR?_DELAY_20US?DELAY

?PR?_PANTALLALCD?PANTALLAS                       -----    -----      -----    -----      0010H    0008H
  +--> ?CO?PANTALLAS
  +--> ?PR?_LCD_TXT?PANTALLAS
  +--> ?PR?_STRLEN?STRLEN
  +--> ?PR?_TX_CHRLCD?PANTALLAS
  +--> ?PR?_RASPBERRY_DATA?PANTALLAS

?PR?_LCD_TXT?PANTALLAS                           -----    -----      -----    -----      003AH    0005H
  +--> ?PR?_TX_CHRLCD?PANTALLAS

?PR?_TX_CHRLCD?PANTALLAS                         -----    -----      -----    -----      003FH    0002H
  +--> ?PR?_PUTCHAR?MAIN

?PR?_RASPBERRY_DATA?PANTALLAS                    -----    -----      -----    -----      003AH    0005H
  +--> ?PR?_STRLEN?STRLEN
  +--> ?PR?_PUTCHAR?MAIN

?PR?AUT_CARD_CHECK_STATUS?LINTECH                -----    -----      -----    -----      000EH    000BH
  +--> ?CO?LINTECH
  +--> ?PR?_DEBUG_TXT_TIBBO?TIBBO
  +--> ?PR?_DEBUGBUFFERMF?TIBBO
  +--> ?PR?_ESCRIBIRCADENASOFT_BUFFER?MAIN

?PR?LOADVERIFY_EEPROM?LINTECH                    -----    -----      -----    -----      000EH    0010H
  +--> ?CO?LINTECH
  +--> ?PR?_DEBUG_TXT_TIBBO?TIBBO
  +--> ?PR?_DEBUGBUFFERMF?TIBBO
  +--> ?PR?_ESCRIBIRCADENASOFT_BUFFER?MAIN

?PR?_RD_MF?LINTECH                               -----    -----      -----    -----      000EH    0012H
BL51 BANKED LINKER/LOCATER V6.22.2.0                                                  08/05/2020  11:21:06  PAGE 12


  +--> ?CO?LINTECH
  +--> ?PR?_DEBUG_TXT_TIBBO?TIBBO
  +--> ?PR?_DEBUG_CHR_TIBBO?TIBBO
  +--> ?PR?_DEBUGBUFFERMF?TIBBO
  +--> ?PR?_ESCRIBIRCADENASOFT_BUFFER?MAIN

?PR?_DEBUG_HEXDEC?TIBBO                          -----    -----      -----    -----      000EH    0002H
  +--> ?PR?_TX_AUX?TIBBO

?PR?_BLOCK_READ_CLOCK_HEX?CLOCK                  -----    -----      -----    -----      0034H    0003H
  +--> ?PR?_LEE_CLK?CLOCK
  +--> ?PR?_BCD_HEX?CLOCK

?PR?_LEE_CLK?CLOCK                               -----    -----      -----    -----      0037H    0003H
  +--> ?PR?_DELAY_20US?DELAY
  +--> ?PR?_EB_CLK?CLOCK
  +--> ?PR?P_CK?CLOCK

?PR?_EB_CLK?CLOCK                                -----    -----      -----    -----      003AH    0003H
  +--> ?PR?P_CK?CLOCK

?PR?P_CK?CLOCK                                   -----    -----      -----    -----      -----    -----
  +--> ?PR?DELAY?DELAY

?PR?_ANALIZA_TIEMPO?CLOCK                        0020H.0  0000H.2    -----    -----      000EH    000FH

?PR?_CHECK_FECHAOUT?CLOCK                        -----    -----      -----    -----      000EH    000AH
  +--> ?PR?_BLOCK_READ_CLOCK_HEX?CLOCK
  +--> ?PR?_DEBUG_FECHA_ACTUAL?TIBBO

?PR?_DEBUG_FECHA_ACTUAL?TIBBO                    -----    -----      -----    -----      0018H    0003H
  +--> ?CO?TIBBO
  +--> ?PR?_DEBUG_TXT_TIBBO?TIBBO
  +--> ?PR?_HEX_BCD?CLOCK
  +--> ?PR?_DEBUG_CHR_TIBBO?TIBBO
  +--> ?PR?_TX_AUX?TIBBO

?PR?_TRAMA_PTO_PARALELO_NEW?PTO_PARALELO         -----    -----      -----    -----      000EH    0026H
  +--> ?PR?_BLOCK_READ_CLOCK_HEX?CLOCK
  +--> ?PR?_SEND_PORT?PTO_PARALELO
  +--> ?PR?DEBUG_DIVIDIR_TEXTO?TIBBO
  +--> ?CO?PTO_PARALELO
  +--> ?PR?_DEBUG_TXT_TIBBO?TIBBO
  +--> ?PR?_DEBUGBUFFERMF?TIBBO

?PR?_SEND_PORT?PTO_PARALELO                      -----    -----      -----    -----      0034H    000AH
  +--> ?PR?PULSO_BUS?PTO_PARALELO
  +--> ?PR?_DELAY_20US?DELAY

?PR?_CMD_LPR_SALIDA?ACCESCAN                     -----    -----      -----    -----      000EH    0025H
  +--> ?PR?DIR_BOARD?IO_SENSORES
  +--> ?PR?_HEX_BCD?CLOCK
  +--> ?PR?_MONITOR_CHR?ACCESCAN

?PR?DIR_BOARD?IO_SENSORES                        -----    -----      -----    -----      -----    -----
  +--> ?PR?SEL_DIR1?IO_SENSORES
  +--> ?PR?SEL_DIR2?IO_SENSORES
BL51 BANKED LINKER/LOCATER V6.22.2.0                                                  08/05/2020  11:21:06  PAGE 13



?PR?_MONITOR_CHR?ACCESCAN                        -----    -----      -----    -----      0033H    0005H
  +--> ?PR?_TX_AUX?TIBBO

?PR?_WR_MF?LINTECH                               -----    -----      -----    -----      000EH    0026H
  +--> ?CO?LINTECH
  +--> ?PR?_DEBUG_TXT_TIBBO?TIBBO
  +--> ?PR?_DEBUG_CHR_TIBBO?TIBBO
  +--> ?PR?DIR_BOARD?IO_SENSORES
  +--> ?PR?_DEBUGBUFFERMF?TIBBO
  +--> ?PR?_ESCRIBIRCADENASOFT_BUFFER?MAIN

?PR?_MOV_CARD?LINTECH                            -----    -----      -----    -----      000EH    000CH
  +--> ?CO?LINTECH
  +--> ?PR?_DEBUG_TXT_TIBBO?TIBBO
  +--> ?PR?_DEBUGBUFFERMF?TIBBO
  +--> ?PR?_ESCRIBIRCADENASOFT_BUFFER?MAIN

?PR?VALIDASENSORES_OUT?IO_SENSORES               -----    -----      -----    -----      -----    -----
  +--> ?PR?SEL_SENSOR2?IO_SENSORES
  +--> ?PR?VALIDASENSOR?IO_SENSORES

?PR?_TRAMA_PTO_PARALELO_P?PTO_PARALELO           -----    -----      -----    -----      000EH    0008H
  +--> ?PR?_SEND_PORT?PTO_PARALELO
  +--> ?PR?DEBUG_DIVIDIR_TEXTO?TIBBO
  +--> ?PR?_DEBUGBUFFERMF?TIBBO

?PR?_RECIBE_PORT?PTO_PARALELO                    -----    -----      -----    -----      0001H    0008H
  +--> ?PR?OFF_TIMER0_INTERRUP?MAIN
  +--> ?PR?ON_TIMER0_INTERRUP?MAIN

?PR?_VALIDA_TRAMA_PTO?ACCESCAN                   -----    -----      -----    -----      0001H    000FH
  +--> ?PR?_RD_EEPROM?EEPROM
  +--> ?PR?_VALIDAR_CLK?CLOCK
  +--> ?PR?_BLOCK_WRITE_CLOCK_ASCII?CLOCK
  +--> ?PR?RELOJ_PANTALLA_LCD?PANTALLAS
  +--> ?PR?_PANTALLALCD?PANTALLAS
  +--> ?CO?ACCESCAN
  +--> ?PR?_DEBUG_TXT_TIBBO?TIBBO
  +--> ?PR?_BYTEHEX_DECIMAL?CLOCK
  +--> ?PR?_TWO_BYTEHEX_DECIMAL?CLOCK
  +--> ?PR?VALIDASENSORESPASO?IO_SENSORES
  +--> ?PR?_CMD_LPR_SALIDA_WIEGAND?ACCESCAN
  +--> ?PR?_PANTALLALCD_LINEA_2?PANTALLAS

?PR?_BLOCK_WRITE_CLOCK_ASCII?CLOCK               -----    -----      -----    -----      0010H    0003H
  +--> ?PR?_TWO_ONE?CLOCK
  +--> ?PR?_WR_CLK?CLOCK

?PR?_WR_CLK?CLOCK                                -----    -----      -----    -----      0013H    0002H
  +--> ?PR?_DELAY_20US?DELAY
  +--> ?PR?_EB_CLK?CLOCK

?PR?RELOJ_PANTALLA_LCD?PANTALLAS                 -----    -----      -----    -----      0010H    000DH
  +--> ?CO?PANTALLAS
  +--> ?PR?_BLOCK_READ_CLOCK?CLOCK
  +--> ?PR?_LCD_TXT_NUM_CHAR?PANTALLAS
BL51 BANKED LINKER/LOCATER V6.22.2.0                                                  08/05/2020  11:21:06  PAGE 14


  +--> ?PR?_RASPBERRY_DATA?PANTALLAS

?PR?_BLOCK_READ_CLOCK?CLOCK                      -----    -----      -----    -----      001DH    0003H
  +--> ?PR?_LEE_CLK?CLOCK

?PR?_LCD_TXT_NUM_CHAR?PANTALLAS                  -----    -----      -----    -----      001DH    0006H
  +--> ?PR?_TX_CHRLCD?PANTALLAS

?PR?_BYTEHEX_DECIMAL?CLOCK                       -----    -----      -----    -----      0010H    0001H

?PR?_TWO_BYTEHEX_DECIMAL?CLOCK                   -----    -----      -----    -----      0010H    000CH
  +--> ?PR?_POW?POW

?PR?_POW?POW                                     -----    -----      -----    -----      001CH    000AH
  +--> ?PR?LOG?LOG
  +--> ?PR?EXP?EXP

?PR?LOG?LOG                                      0020H.0  0000H.1    -----    -----      0026H    0004H

?PR?_CMD_LPR_SALIDA_WIEGAND?ACCESCAN             -----    -----      -----    -----      0010H    0022H
  +--> ?PR?DIR_BOARD?IO_SENSORES
  +--> ?PR?_BLOCK_READ_CLOCK_ASCII?CLOCK
  +--> ?PR?_MONITOR_CHR?ACCESCAN

?PR?_BLOCK_READ_CLOCK_ASCII?CLOCK                -----    -----      -----    -----      0032H    0003H
  +--> ?PR?_LEE_CLK?CLOCK

?PR?_PANTALLALCD_LINEA_2?PANTALLAS               -----    -----      -----    -----      0010H    002AH
  +--> ?CO?PANTALLAS
  +--> ?PR?_LCD_TXT?PANTALLAS
  +--> ?PR?_STRLEN?STRLEN
  +--> ?PR?_TX_CHRLCD?PANTALLAS
  +--> ?PR?_STRCAT?STRCAT
  +--> ?PR?_RASPBERRY_DATA?PANTALLAS

?PR?_DEBUG_PTO_PARALELO?TIBBO                    -----    -----      -----    -----      0001H    0004H
  +--> ?CO?TIBBO
  +--> ?PR?_DEBUG_TXT_TIBBO?TIBBO
  +--> ?PR?_DEBUGBUFFERMF?TIBBO
  +--> ?PR?_DEBUG_CHR_TIBBO?TIBBO
  +--> ?PR?DEBUG_DIVIDIR_TEXTO?TIBBO

?PR?MSJ_LCD_INFORMATIVO?IO_SENSORES              -----    -----      -----    -----      0001H    0001H
  +--> ?PR?SEL_FUNCION?IO_SENSORES
  +--> ?PR?LOAD_AND_SEND_INFO_RELOJ?PTO_PARA...
  +--> ?PR?LOAD_AND_SEND_ID_COD?PTO_PARALELO
  +--> ?PR?_RD_EEPROM?EEPROM
  +--> ?PR?_SEND_PORTERR?PTO_PARALELO

?PR?LOAD_AND_SEND_INFO_RELOJ?PTO_PARA...         -----    -----      -----    -----      0002H    000BH
  +--> ?PR?_BLOCK_READ_CLOCK?CLOCK
  +--> ?PR?_LEE_CLK?CLOCK
  +--> ?PR?_SEND_PORT?PTO_PARALELO

?PR?LOAD_AND_SEND_ID_COD?PTO_PARALELO            -----    -----      -----    -----      0002H    0011H
  +--> ?CO?PTO_PARALELO
  +--> ?PR?PRINTF?PRINTF
BL51 BANKED LINKER/LOCATER V6.22.2.0                                                  08/05/2020  11:21:06  PAGE 15


  +--> ?PR?_SEND_PORT?PTO_PARALELO



SYMBOL TABLE OF MODULE:  .\Objects\verificador_v_01_raspberry (MAIN)

  VALUE           TYPE          NAME
  ----------------------------------

  -------         MODULE        MAIN
  C:0000H         SYMBOL        _ICE_DUMMY_
  D:0080H         PUBLIC        P0
  D:0090H         PUBLIC        P1
  C:78F1H         PUBLIC        timer0_int
  D:00B0H         PUBLIC        P3
  B:00A8H.7       PUBLIC        EA
  C:7CC0H         PUBLIC        off_Timer0_Interrup
  X:00C9H         PUBLIC        ValTimeOutCom
  X:00CAH         PUBLIC        Buffer_Rta_Lintech
  X:00FCH         PUBLIC        Timer_wait
  X:00FDH         PUBLIC        g_cContByteRx
  B:0080H.0       PUBLIC        rx_ip
  B:0080H.3       PUBLIC        Atascado
  C:6D01H         PUBLIC        main
  X:00FEH         PUBLIC        Timer_tivo
  B:0090H.7       PUBLIC        lock
  I:0022H         PUBLIC        rbuf
  C:7CB1H         PUBLIC        on_Timer0_Interrup
  I:0054H         PUBLIC        tbuf
  B:0090H.1       PUBLIC        DataIn
  D:0089H         PUBLIC        TMOD
  X:0100H         PUBLIC        Debug_Tibbo
  B:0021H.1       PUBLIC        prto_ready
  X:0101H         PUBLIC        Raspberry
  X:0102H         PUBLIC        SIN_COBRO
  X:0104H         PUBLIC        Tipo_Vehiculo
  B:00B0H.3       PUBLIC        busy
  C:7C23H         PUBLIC        ini_timer
  B:00A8H.1       PUBLIC        ET0
  B:0088H.5       PUBLIC        TF0
  X:0105H         PUBLIC        COMPARACION_ACTIVA
  D:008CH         PUBLIC        TH0
  X:0106H         PUBLIC        ACK
  X:0107H         PUBLIC        g_cEstadoComSoft
  D:008AH         PUBLIC        TL0
  B:0088H.4       PUBLIC        TR0
  C:7C33H         PUBLIC        inicia_board
  X:0108H         PUBLIC        T_GRACIA
  X:010AH         PUBLIC        COD_PARK
  B:0080H.7       PUBLIC        sel_com
  X:010CH         PUBLIC        STX_LINTECH
  C:7C52H         PUBLIC        _getkey
  X:010DH         PUBLIC        g_cEstadoComSeqMF
  X:010EH         PUBLIC        ETX
  X:010FH         PUBLIC        ID_CLIENTE
  C:7522H         PUBLIC        _EscribirCadenaSoft_buffer
  B:0021H.2       PUBLIC        buffer_ready
BL51 BANKED LINKER/LOCATER V6.22.2.0                                                  08/05/2020  11:21:06  PAGE 16


  C:7801H         PUBLIC        _putchar
  -------         PROC          TIMER0_INT
  C:78F1H         LINE#         13
  C:78F7H         LINE#         15
  C:78FFH         LINE#         16
  C:78FFH         LINE#         17
  C:7901H         LINE#         18
  C:7903H         LINE#         19
  C:7905H         LINE#         21
  C:7905H         LINE#         22
  C:790BH         LINE#         23
  C:7911H         LINE#         24
  C:791FH         LINE#         25
  C:7921H         LINE#         26
  C:7921H         LINE#         27
  -------         ENDPROC       TIMER0_INT
  -------         PROC          INI_TIMER
  C:7C23H         LINE#         30
  C:7C23H         LINE#         31
  C:7C23H         LINE#         33
  C:7C2BH         LINE#         35
  C:7C2EH         LINE#         36
  C:7C30H         LINE#         37
  C:7C32H         LINE#         39
  -------         ENDPROC       INI_TIMER
  -------         PROC          ON_TIMER0_INTERRUP
  C:7CB1H         LINE#         42
  C:7CB1H         LINE#         43
  C:7CB1H         LINE#         44
  C:7CB3H         LINE#         45
  C:7CB5H         LINE#         47
  -------         ENDPROC       ON_TIMER0_INTERRUP
  -------         PROC          OFF_TIMER0_INTERRUP
  C:7CC0H         LINE#         50
  C:7CC0H         LINE#         51
  C:7CC0H         LINE#         52
  C:7CC2H         LINE#         54
  -------         ENDPROC       OFF_TIMER0_INTERRUP
  -------         PROC          _GETKEY
  -------         DO            
  D:0006H         SYMBOL        k
  -------         ENDDO         
  C:7C52H         LINE#         62
  C:7C52H         LINE#         63
  C:7C52H         LINE#         67
  C:7C52H         LINE#         68
  C:7C55H         LINE#         69
  C:7C55H         LINE#         70
  C:7C5DH         LINE#         72
  C:7C5DH         LINE#         73
  -------         ENDPROC       _GETKEY
  -------         PROC          _PUTCHAR
  X:009DH         SYMBOL        c
  -------         DO            
  X:009EH         SYMBOL        i
  -------         ENDDO         
  C:7801H         LINE#         77
BL51 BANKED LINKER/LOCATER V6.22.2.0                                                  08/05/2020  11:21:06  PAGE 17


  C:7806H         LINE#         78
  C:7806H         LINE#         81
  C:7815H         LINE#         82
  C:7815H         LINE#         83
  C:782BH         LINE#         84
  C:782BH         LINE#         86
  C:7839H         LINE#         87
  C:7839H         LINE#         89
  C:783EH         LINE#         90
  -------         ENDPROC       _PUTCHAR
  -------         PROC          _ESCRIBIRCADENASOFT_BUFFER
  X:0034H         SYMBOL        buffer
  X:0037H         SYMBOL        tamano_cadena
  -------         DO            
  X:0038H         SYMBOL        i
  X:0039H         SYMBOL        d
  -------         ENDDO         
  C:7522H         LINE#         94
  C:7530H         LINE#         95
  C:7530H         LINE#         97
  C:753EH         LINE#         98
  C:753EH         LINE#         99
  C:7555H         LINE#         100
  C:755FH         LINE#         101
  C:7567H         LINE#         102
  -------         ENDPROC       _ESCRIBIRCADENASOFT_BUFFER
  -------         PROC          INICIA_BOARD
  C:7C33H         LINE#         139
  C:7C33H         LINE#         140
  C:7C33H         LINE#         141
  C:7C36H         LINE#         142
  C:7C39H         LINE#         143
  C:7C3CH         LINE#         144
  C:7C3EH         LINE#         145
  C:7C40H         LINE#         146
  C:7C42H         LINE#         148
  -------         ENDPROC       INICIA_BOARD
  -------         PROC          MAIN
  -------         DO            
  X:00A1H         SYMBOL        buffer
  X:0000H         SYMBOL        Length_trama
  -------         ENDDO         
  C:6D01H         LINE#         158
  C:6D01H         LINE#         159
  C:6D01H         LINE#         167
  C:6D04H         LINE#         168
  C:6D07H         LINE#         169
  C:6D0AH         LINE#         170
  C:6D0DH         LINE#         171
  C:6D10H         LINE#         172
  C:6D12H         LINE#         174
  C:6D15H         LINE#         175
  C:6D1CH         LINE#         176
  C:6D1FH         LINE#         177
  C:6D24H         LINE#         179
  C:6D27H         LINE#         181
  C:6D2AH         LINE#         182
BL51 BANKED LINKER/LOCATER V6.22.2.0                                                  08/05/2020  11:21:06  PAGE 18


  C:6D2AH         LINE#         183
  C:6D2DH         LINE#         184
  C:6D2DH         LINE#         185
  C:6D30H         LINE#         186
  C:6D36H         LINE#         187
  C:6D3CH         LINE#         189
  C:6D3CH         LINE#         190
  C:6D3CH         LINE#         192
  C:6D3FH         LINE#         194
  C:6D3FH         LINE#         195
  C:6D42H         LINE#         196
  C:6D42H         LINE#         198
  C:6D50H         LINE#         201
  C:6D50H         LINE#         203
  C:6D53H         LINE#         205
  C:6D56H         LINE#         206
  C:6D56H         LINE#         209
  C:6D65H         LINE#         212
  C:6D6EH         LINE#         215
  C:6D7CH         LINE#         218
  C:6D7CH         LINE#         220
  C:6D7EH         LINE#         222
  C:6D7EH         LINE#         223
  C:6D81H         LINE#         224
  C:6D81H         LINE#         225
  C:6D84H         LINE#         229
  -------         ENDPROC       MAIN
  -------         ENDMOD        MAIN

  -------         MODULE        ACCESCAN
  C:0000H         SYMBOL        _ICE_DUMMY_
  D:0080H         PUBLIC        P0
  D:0090H         PUBLIC        P1
  B:0080H.2       PUBLIC        led_err_imp
  C:76C1H         PUBLIC        _Monitor_chr
  C:3D7FH         PUBLIC        _Cmd_LPR_Salida
  B:0080H.3       PUBLIC        Atascado
  B:0080H.0       PUBLIC        rx_ip
  B:0090H.7       PUBLIC        lock
  X:01B2H         PUBLIC        USE_LPR
  C:34D1H         PUBLIC        _Valida_Trama_Pto
  C:67FFH         PUBLIC        _recibe_cmd_Monitor
  C:5C65H         PUBLIC        _Cmd_LPR_Salida_wiegand
  -------         PROC          _VALIDA_TRAMA_PTO
  X:0001H         SYMBOL        buffer
  X:0004H         SYMBOL        length_trama
  -------         DO            
  X:01B1H         SYMBOL        cont
  X:0005H         SYMBOL        buff
  -------         ENDDO         
  C:34D1H         LINE#         83
  C:34DFH         LINE#         84
  C:34DFH         LINE#         88
  C:34EDH         LINE#         90
  C:3524H         LINE#         91
  C:3524H         LINE#         92
  C:3539H         LINE#         93
BL51 BANKED LINKER/LOCATER V6.22.2.0                                                  08/05/2020  11:21:06  PAGE 19


  C:3539H         LINE#         94
  C:354CH         LINE#         96
  C:354FH         LINE#         98
  C:354FH         LINE#         100
  C:354FH         LINE#         102
  C:3561H         LINE#         103
  C:3561H         LINE#         104
  C:3567H         LINE#         105
  C:3574H         LINE#         106
  C:3574H         LINE#         107
  C:3579H         LINE#         108
  C:357BH         LINE#         109
  C:3580H         LINE#         110
  C:3582H         LINE#         111
  C:3584H         LINE#         112
  C:3588H         LINE#         113
  C:3588H         LINE#         114
  C:3589H         LINE#         116
  C:35A1H         LINE#         117
  C:35A1H         LINE#         119
  C:35AEH         LINE#         120
  C:35AEH         LINE#         121
  C:35B0H         LINE#         122
  C:35B2H         LINE#         123
  C:35B4H         LINE#         124
  C:35B6H         LINE#         125
  C:35B6H         LINE#         127
  C:35DCH         LINE#         128
  C:35DCH         LINE#         129
  C:35E0H         LINE#         130
  C:35E5H         LINE#         131
  C:35EEH         LINE#         132
  C:35F3H         LINE#         133
  C:35F3H         LINE#         136
  C:35F4H         LINE#         139
  C:3606H         LINE#         140
  C:3606H         LINE#         141
  C:3608H         LINE#         142
  C:360BH         LINE#         144
  C:361DH         LINE#         145
  C:361DH         LINE#         146
  C:361FH         LINE#         147
  C:3622H         LINE#         149
  C:363CH         LINE#         150
  C:363CH         LINE#         151
  C:363EH         LINE#         152
  C:3641H         LINE#         155
  C:365BH         LINE#         156
  C:365BH         LINE#         157
  C:365DH         LINE#         158
  C:365FH         LINE#         161
  C:3679H         LINE#         162
  C:3679H         LINE#         163
  C:367BH         LINE#         164
  C:367DH         LINE#         168
  C:3697H         LINE#         169
  C:3697H         LINE#         170
BL51 BANKED LINKER/LOCATER V6.22.2.0                                                  08/05/2020  11:21:06  PAGE 20


  C:3699H         LINE#         171
  C:369BH         LINE#         174
  C:36B5H         LINE#         175
  C:36B5H         LINE#         176
  C:36B7H         LINE#         177
  C:36B9H         LINE#         179
  C:36D3H         LINE#         180
  C:36D3H         LINE#         181
  C:36D8H         LINE#         182
  C:36D8H         LINE#         184
  C:3708H         LINE#         185
  C:3708H         LINE#         186
  C:3716H         LINE#         187
  C:3719H         LINE#         190
  C:375CH         LINE#         191
  C:375CH         LINE#         193
  C:3771H         LINE#         194
  C:3777H         LINE#         195
  C:37A1H         LINE#         198
  C:37A9H         LINE#         199
  C:37A9H         LINE#         202
  C:37B0H         LINE#         203
  C:37B0H         LINE#         204
  C:37B5H         LINE#         205
  C:37B5H         LINE#         206
  C:37B7H         LINE#         208
  C:37B7H         LINE#         209
  C:37C0H         LINE#         210
  C:37C8H         LINE#         211
  C:37C8H         LINE#         216
  C:37CAH         LINE#         219
  C:37CAH         LINE#         222
  C:37D1H         LINE#         223
  C:37D1H         LINE#         224
  C:37D6H         LINE#         225
  C:37D6H         LINE#         226
  C:37E1H         LINE#         230
  C:37E1H         LINE#         231
  C:37E1H         LINE#         233
  -------         ENDPROC       _VALIDA_TRAMA_PTO
  -------         PROC          _RECIBE_CMD_MONITOR
  X:0001H         SYMBOL        buffer_cmd
  -------         DO            
  X:0004H         SYMBOL        j
  X:0005H         SYMBOL        NumDatos
  D:0005H         SYMBOL        time_out
  X:0006H         SYMBOL        MaxChrRx
  D:0006H         SYMBOL        contador
  -------         ENDDO         
  C:67FFH         LINE#         239
  C:680AH         LINE#         240
  C:680AH         LINE#         244
  C:680FH         LINE#         245
  C:6813H         LINE#         247
  C:681BH         LINE#         248
  C:681BH         LINE#         249
  C:682CH         LINE#         250
BL51 BANKED LINKER/LOCATER V6.22.2.0                                                  08/05/2020  11:21:06  PAGE 21


  C:682CH         LINE#         251
  C:682FH         LINE#         252
  C:6830H         LINE#         253
  C:6836H         LINE#         254
  C:6836H         LINE#         255
  C:683BH         LINE#         256
  C:6844H         LINE#         257
  C:6844H         LINE#         258
  C:6846H         LINE#         259
  C:684EH         LINE#         260
  C:684EH         LINE#         261
  C:6850H         LINE#         262
  C:6855H         LINE#         263
  C:685BH         LINE#         264
  C:686DH         LINE#         265
  C:6877H         LINE#         266
  C:687FH         LINE#         268
  C:688EH         LINE#         271
  C:688EH         LINE#         272
  C:6893H         LINE#         273
  -------         ENDPROC       _RECIBE_CMD_MONITOR
  -------         PROC          _MONITOR_CHR
  X:0033H         SYMBOL        str
  X:0036H         SYMBOL        num_char
  -------         DO            
  X:0037H         SYMBOL        j
  -------         ENDDO         
  C:76C1H         LINE#         303
  C:76CFH         LINE#         304
  C:76CFH         LINE#         306
  C:76DDH         LINE#         307
  C:76DDH         LINE#         308
  C:76EFH         LINE#         309
  C:76F9H         LINE#         310
  C:7701H         LINE#         311
  -------         ENDPROC       _MONITOR_CHR
  -------         PROC          _CMD_LPR_SALIDA_WIEGAND
  X:0010H         SYMBOL        buffer
  -------         DO            
  X:0013H         SYMBOL        Buffer_Lpr
  X:0031H         SYMBOL        j
  -------         ENDDO         
  C:5C65H         LINE#         316
  C:5C70H         LINE#         317
  C:5C70H         LINE#         319
  C:5C76H         LINE#         320
  C:5C7BH         LINE#         321
  C:5C83H         LINE#         322
  C:5C87H         LINE#         323
  C:5C90H         LINE#         324
  C:5C90H         LINE#         325
  C:5CA1H         LINE#         326
  C:5CA3H         LINE#         328
  C:5CA3H         LINE#         329
  C:5CB4H         LINE#         330
  C:5CB4H         LINE#         334
  C:5CCBH         LINE#         335
BL51 BANKED LINKER/LOCATER V6.22.2.0                                                  08/05/2020  11:21:06  PAGE 22


  C:5CCBH         LINE#         336
  C:5CDAH         LINE#         337
  C:5CE4H         LINE#         339
  C:5CECH         LINE#         340
  C:5D00H         LINE#         342
  C:5D10H         LINE#         343
  C:5D21H         LINE#         344
  C:5D2EH         LINE#         348
  -------         ENDPROC       _CMD_LPR_SALIDA_WIEGAND
  -------         PROC          _CMD_LPR_SALIDA
  X:000EH         SYMBOL        buffer_S1_B0
  X:0011H         SYMBOL        buffer_S1_B2
  -------         DO            
  X:0014H         SYMBOL        Buffer_Lpr
  D:0004H         SYMBOL        temp
  X:0032H         SYMBOL        j
  -------         ENDDO         
  C:3D7FH         LINE#         353
  C:3D8AH         LINE#         354
  C:3D8AH         LINE#         359
  C:3D90H         LINE#         360
  C:3D95H         LINE#         361
  C:3D9DH         LINE#         362
  C:3DA1H         LINE#         364
  C:3DB7H         LINE#         365
  C:3DB7H         LINE#         366
  C:3DC8H         LINE#         367
  C:3DCAH         LINE#         369
  C:3DCAH         LINE#         370
  C:3DDBH         LINE#         371
  C:3DDBH         LINE#         375
  C:3DDBH         LINE#         376
  C:3DFDH         LINE#         377
  C:3E07H         LINE#         378
  C:3E17H         LINE#         384
  C:3E2BH         LINE#         386
  C:3E41H         LINE#         387
  C:3E66H         LINE#         388
  C:3E7FH         LINE#         390
  C:3E98H         LINE#         391
  C:3EBDH         LINE#         392
  C:3ED6H         LINE#         394
  C:3EEFH         LINE#         395
  C:3F14H         LINE#         396
  C:3F2DH         LINE#         398
  C:3F46H         LINE#         399
  C:3F6BH         LINE#         400
  C:3F84H         LINE#         402
  C:3F9DH         LINE#         403
  C:3FC2H         LINE#         404
  C:3FDBH         LINE#         408
  C:3FEFH         LINE#         411
  C:4003H         LINE#         413
  -------         ENDPROC       _CMD_LPR_SALIDA
  -------         ENDMOD        ACCESCAN

  -------         MODULE        CLOCK
BL51 BANKED LINKER/LOCATER V6.22.2.0                                                  08/05/2020  11:21:06  PAGE 23


  C:0000H         SYMBOL        _ICE_DUMMY_
  C:7736H         PUBLIC        _two_one
  D:0090H         PUBLIC        P1
  C:51ACH         PUBLIC        _validar_clk
  C:797EH         PUBLIC        _wr_clk
  C:4716H         PUBLIC        _check_fechaOut
  B:00D0H.7       PUBLIC        CY
  C:0003H         PUBLIC        p_ck
  X:01B3H         PUBLIC        data_clk
  C:7C7AH         PUBLIC        cond_ini_clock
  C:5D3BH         PUBLIC        _Block_read_Clock
  B:0090H.4       PUBLIC        sck
  C:63A5H         PUBLIC        _Block_read_Clock_Hex
  C:4011H         PUBLIC        _Block_read_clock_ascii
  C:7A61H         PUBLIC        _hex_bcd
  C:7B1FH         PUBLIC        _bcd_hex
  C:73A8H         PUBLIC        _ByteHex_Decimal
  C:69C0H         PUBLIC        _lee_clk
  C:1EF3H         PUBLIC        _analiza_tiempo
  B:0090H.5       PUBLIC        io
  C:6AD6H         PUBLIC        _Block_write_clock_ascii
  B:0090H.6       PUBLIC        rst
  C:7783H         PUBLIC        _eb_clk
  C:37E2H         PUBLIC        _Two_ByteHex_Decimal
  -------         PROC          P_CK
  C:0003H         LINE#         37
  C:0003H         LINE#         38
  C:0003H         LINE#         39
  C:0005H         LINE#         40
  C:0008H         LINE#         41
  C:000AH         LINE#         42
  -------         ENDPROC       P_CK
  -------         PROC          _EB_CLK
  X:003AH         SYMBOL        dir_clk
  -------         DO            
  X:003BH         SYMBOL        nbits
  -------         ENDDO         
  C:7783H         LINE#         44
  C:7788H         LINE#         46
  C:778DH         LINE#         47
  C:778DH         LINE#         48
  C:7796H         LINE#         49
  C:7799H         LINE#         50
  C:7799H         LINE#         51
  C:779BH         LINE#         52
  C:779DH         LINE#         54
  C:779DH         LINE#         55
  C:779FH         LINE#         56
  C:779FH         LINE#         57
  C:77A2H         LINE#         58
  C:77C1H         LINE#         59
  -------         ENDPROC       _EB_CLK
  C:69B6H         SYMBOL        L?0173
  -------         PROC          L?0172
  -------         ENDPROC       L?0172
  C:69B6H         SYMBOL        L?0173
  -------         PROC          _LEE_CLK
BL51 BANKED LINKER/LOCATER V6.22.2.0                                                  08/05/2020  11:21:06  PAGE 24


  X:0037H         SYMBOL        dir_clk
  -------         DO            
  X:0038H         SYMBOL        nbits
  -------         ENDDO         
  C:69C0H         LINE#         61
  C:69C5H         LINE#         63
  C:69C7H         LINE#         64
  C:69CEH         LINE#         65
  C:69D6H         LINE#         66
  C:69EFH         LINE#         67
  C:69EFH         LINE#         68
  C:69F2H         LINE#         69
  C:69F2H         LINE#         70
  C:69F9H         LINE#         71
  C:6A03H         LINE#         72
  C:6A08H         LINE#         73
  C:6A08H         LINE#         74
  C:6A08H         LINE#         75
  C:6A0BH         LINE#         76
  C:6A0BH         LINE#         77
  C:6A12H         LINE#         78
  C:6A23H         LINE#         79
  C:6A23H         LINE#         80
  C:6A2BH         LINE#         81
  C:6A2BH         LINE#         82
  C:6A2BH         LINE#         83
  C:6A2EH         LINE#         84
  C:6A3EH         LINE#         85
  C:6A40H         LINE#         86
  C:6A45H         LINE#         87
  -------         ENDPROC       _LEE_CLK
  -------         PROC          _WR_CLK
  X:0013H         SYMBOL        dir_clk
  X:0014H         SYMBOL        byte
  C:797EH         LINE#         89
  C:7986H         LINE#         90
  C:7988H         LINE#         91
  C:798FH         LINE#         92
  C:7997H         LINE#         93
  C:79A0H         LINE#         94
  C:79A3H         LINE#         95
  C:79A5H         LINE#         97
  -------         ENDPROC       _WR_CLK
  C:7702H         SYMBOL        L?0170
  C:7720H         SYMBOL        L?0171
  -------         PROC          L?0169
  -------         ENDPROC       L?0169
  C:7702H         SYMBOL        L?0170
  C:7720H         SYMBOL        L?0171
  -------         PROC          _TWO_ONE
  D:0007H         SYMBOL        byte_h
  D:0005H         SYMBOL        byte_l
  -------         DO            
  D:0007H         SYMBOL        byte_out
  -------         ENDDO         
  C:7736H         LINE#         99
  C:7736H         LINE#         100
BL51 BANKED LINKER/LOCATER V6.22.2.0                                                  08/05/2020  11:21:06  PAGE 25


  C:7736H         LINE#         102
  C:7739H         LINE#         103
  C:773DH         LINE#         104
  C:7740H         LINE#         105
  C:7742H         LINE#         106
  C:7742H         LINE#         107
  -------         ENDPROC       _TWO_ONE
  -------         PROC          _VALIDAR_CLK
  D:0001H         SYMBOL        datos_clock
  -------         DO            
  D:0007H         SYMBOL        validador
  -------         ENDDO         
  C:51ACH         LINE#         111
  C:51ACH         LINE#         112
  C:51ACH         LINE#         113
  C:51AEH         LINE#         116
  C:51C3H         LINE#         117
  C:51C3H         LINE#         119
  C:51DBH         LINE#         120
  C:51DBH         LINE#         122
  C:51F3H         LINE#         123
  C:51F3H         LINE#         124
  C:520BH         LINE#         125
  C:520BH         LINE#         126
  C:5223H         LINE#         127
  C:5223H         LINE#         128
  C:5238H         LINE#         129
  C:5238H         LINE#         130
  C:524AH         LINE#         131
  C:524AH         LINE#         132
  C:525CH         LINE#         133
  C:525CH         LINE#         134
  C:526EH         LINE#         135
  C:526EH         LINE#         136
  C:5280H         LINE#         137
  C:5280H         LINE#         138
  C:5292H         LINE#         139
  C:5292H         LINE#         140
  C:52A2H         LINE#         141
  C:52A2H         LINE#         142
  C:52A2H         LINE#         143
  C:52A2H         LINE#         144
  C:52A3H         LINE#         146
  C:52A3H         LINE#         147
  C:52A5H         LINE#         148
  C:52A5H         LINE#         149
  C:52A6H         LINE#         151
  C:52A6H         LINE#         152
  C:52A8H         LINE#         154
  C:52A8H         LINE#         155
  C:52A9H         LINE#         157
  C:52A9H         LINE#         158
  C:52ABH         LINE#         160
  C:52ABH         LINE#         162
  C:52ACH         LINE#         164
  C:52ACH         LINE#         165
  C:52AEH         LINE#         167
BL51 BANKED LINKER/LOCATER V6.22.2.0                                                  08/05/2020  11:21:06  PAGE 26


  C:52AEH         LINE#         168
  C:52AFH         LINE#         170
  C:52AFH         LINE#         171
  C:52B1H         LINE#         173
  C:52B1H         LINE#         174
  C:52B2H         LINE#         176
  C:52B2H         LINE#         177
  C:52B4H         LINE#         179
  C:52B4H         LINE#         180
  C:52B5H         LINE#         182
  C:52B5H         LINE#         183
  C:52B7H         LINE#         185
  C:52B7H         LINE#         186
  C:52B7H         LINE#         188
  C:52B8H         LINE#         190
  C:52B8H         LINE#         191
  C:52BAH         LINE#         193
  C:52BAH         LINE#         195
  C:52BBH         LINE#         198
  C:52BBH         LINE#         199
  C:52BDH         LINE#         201
  C:52BDH         LINE#         203
  C:52BEH         LINE#         206
  C:52BEH         LINE#         207
  C:52C0H         LINE#         209
  C:52C0H         LINE#         211
  C:52C0H         LINE#         213
  -------         ENDPROC       _VALIDAR_CLK
  -------         PROC          _BLOCK_WRITE_CLOCK_ASCII
  X:0010H         SYMBOL        datos_clock
  C:6AD6H         LINE#         219
  C:6AE1H         LINE#         221
  C:6AE1H         LINE#         225
  C:6AEBH         LINE#         226
  C:6AEBH         LINE#         227
  C:6AEBH         LINE#         228
  C:6AEBH         LINE#         230
  C:6AF5H         LINE#         231
  C:6AFFH         LINE#         232
  C:6B09H         LINE#         233
  C:6B09H         LINE#         234
  C:6B09H         LINE#         235
  C:6B09H         LINE#         237
  C:6B13H         LINE#         238
  C:6B13H         LINE#         239
  C:6B13H         LINE#         240
  C:6B13H         LINE#         242
  C:6B1DH         LINE#         243
  C:6B1DH         LINE#         244
  C:6B1DH         LINE#         245
  C:6B1DH         LINE#         247
  C:6B27H         LINE#         248
  C:6B27H         LINE#         249
  C:6B27H         LINE#         250
  C:6B27H         LINE#         252
  C:6B31H         LINE#         253
  C:6B3BH         LINE#         254
BL51 BANKED LINKER/LOCATER V6.22.2.0                                                  08/05/2020  11:21:06  PAGE 27


  C:6B45H         LINE#         255
  C:6B4FH         LINE#         257
  -------         ENDPROC       _BLOCK_WRITE_CLOCK_ASCII
  -------         PROC          _BCD_HEX
  D:0007H         SYMBOL        l_data
  -------         DO            
  D:0006H         SYMBOL        temp
  D:0005H         SYMBOL        j
  -------         ENDDO         
  C:7B1FH         LINE#         263
  C:7B1FH         LINE#         264
  C:7B1FH         LINE#         266
  C:7B21H         LINE#         267
  C:7B25H         LINE#         268
  C:7B28H         LINE#         269
  C:7B2AH         LINE#         270
  C:7B2AH         LINE#         271
  C:7B2EH         LINE#         272
  C:7B35H         LINE#         273
  C:7B35H         LINE#         274
  C:7B39H         LINE#         275
  C:7B3CH         LINE#         276
  C:7B3CH         LINE#         277
  C:7B3CH         LINE#         278
  -------         ENDPROC       _BCD_HEX
  -------         PROC          _HEX_BCD
  D:0007H         SYMBOL        byte
  -------         DO            
  D:0006H         SYMBOL        nibble_h
  D:0005H         SYMBOL        nibble_l
  D:0004H         SYMBOL        k
  D:0007H         SYMBOL        byte_out
  -------         ENDDO         
  C:7A61H         LINE#         282
  C:7A61H         LINE#         283
  C:7A61H         LINE#         288
  C:7A63H         LINE#         289
  C:7A64H         LINE#         291
  C:7A6AH         LINE#         292
  C:7A6AH         LINE#         293
  C:7A6BH         LINE#         294
  C:7A70H         LINE#         295
  C:7A70H         LINE#         296
  C:7A71H         LINE#         297
  C:7A72H         LINE#         298
  C:7A72H         LINE#         299
  C:7A75H         LINE#         300
  C:7A79H         LINE#         301
  C:7A7CH         LINE#         302
  C:7A7FH         LINE#         303
  C:7A81H         LINE#         304
  C:7A81H         LINE#         306
  -------         ENDPROC       _HEX_BCD
  -------         PROC          _BYTEHEX_DECIMAL
  D:0001H         SYMBOL        buffer
  D:0005H         SYMBOL        valorhex
  -------         DO            
BL51 BANKED LINKER/LOCATER V6.22.2.0                                                  08/05/2020  11:21:06  PAGE 28


  X:0010H         SYMBOL        numero
  D:0007H         SYMBOL        centena
  D:0006H         SYMBOL        decena
  -------         ENDDO         
  C:73A8H         LINE#         312
  C:73A8H         LINE#         313
  C:73A8H         LINE#         316
  C:73AAH         LINE#         317
  C:73ABH         LINE#         318
  C:73B0H         LINE#         320
  C:73BDH         LINE#         321
  C:73BDH         LINE#         322
  C:73C1H         LINE#         323
  C:73C2H         LINE#         324
  C:73C4H         LINE#         325
  C:73CAH         LINE#         326
  C:73D1H         LINE#         327
  C:73DEH         LINE#         328
  C:73DEH         LINE#         329
  C:73E2H         LINE#         330
  C:73E3H         LINE#         331
  C:73E5H         LINE#         332
  C:73EBH         LINE#         333
  C:73F2H         LINE#         334
  -------         ENDPROC       _BYTEHEX_DECIMAL
  -------         PROC          _TWO_BYTEHEX_DECIMAL
  X:0010H         SYMBOL        buffer
  X:0013H         SYMBOL        id_h
  X:0014H         SYMBOL        id_l
  -------         DO            
  X:0015H         SYMBOL        valor
  D:0006H         SYMBOL        numero
  X:0017H         SYMBOL        temp
  X:0018H         SYMBOL        dmil
  X:0019H         SYMBOL        mil
  X:001AH         SYMBOL        centena
  X:001BH         SYMBOL        decena
  -------         ENDDO         
  C:37E2H         LINE#         342
  C:37F0H         LINE#         343
  C:37F0H         LINE#         347
  C:37F7H         LINE#         348
  C:37FBH         LINE#         349
  C:37FDH         LINE#         350
  C:37FFH         LINE#         351
  C:3801H         LINE#         354
  C:3806H         LINE#         355
  C:3809H         LINE#         356
  C:380FH         LINE#         358
  C:386AH         LINE#         359
  C:3872H         LINE#         360
  C:3875H         LINE#         361
  C:38D0H         LINE#         363
  C:38D8H         LINE#         364
  C:38DBH         LINE#         365
  C:38E1H         LINE#         366
  C:393CH         LINE#         367
BL51 BANKED LINKER/LOCATER V6.22.2.0                                                  08/05/2020  11:21:06  PAGE 29


  C:3944H         LINE#         368
  C:3947H         LINE#         369
  C:39A2H         LINE#         370
  C:39A2H         LINE#         372
  C:39ABH         LINE#         373
  C:39ABH         LINE#         374
  C:39B3H         LINE#         375
  C:39B9H         LINE#         376
  C:39BBH         LINE#         377
  C:39D1H         LINE#         378
  C:39DBH         LINE#         379
  C:39E4H         LINE#         380
  C:39E4H         LINE#         381
  C:39ECH         LINE#         382
  C:39F2H         LINE#         383
  C:39F4H         LINE#         384
  C:3A0AH         LINE#         385
  C:3A14H         LINE#         386
  C:3A1DH         LINE#         387
  C:3A1DH         LINE#         388
  C:3A25H         LINE#         389
  C:3A2BH         LINE#         390
  C:3A2DH         LINE#         391
  C:3A43H         LINE#         392
  C:3A4DH         LINE#         393
  C:3A56H         LINE#         394
  C:3A56H         LINE#         395
  C:3A5EH         LINE#         396
  C:3A64H         LINE#         397
  C:3A66H         LINE#         398
  C:3A7CH         LINE#         399
  C:3A86H         LINE#         400
  C:3A99H         LINE#         401
  C:3AA3H         LINE#         402
  -------         ENDPROC       _TWO_BYTEHEX_DECIMAL
  -------         PROC          _BLOCK_READ_CLOCK_ASCII
  X:0032H         SYMBOL        datos_clock
  -------         DO            
  D:0007H         SYMBOL        dato
  -------         ENDDO         
  C:4011H         LINE#         408
  C:4014H         LINE#         409
  C:4014H         LINE#         415
  C:4017H         LINE#         416
  C:402FH         LINE#         417
  C:4039H         LINE#         418
  C:404EH         LINE#         419
  C:4058H         LINE#         422
  C:405DH         LINE#         423
  C:4075H         LINE#         424
  C:407FH         LINE#         425
  C:4094H         LINE#         426
  C:409EH         LINE#         429
  C:40A3H         LINE#         430
  C:40BBH         LINE#         431
  C:40C5H         LINE#         432
  C:40DAH         LINE#         433
BL51 BANKED LINKER/LOCATER V6.22.2.0                                                  08/05/2020  11:21:06  PAGE 30


  C:40E4H         LINE#         437
  C:40E9H         LINE#         438
  C:4101H         LINE#         439
  C:410BH         LINE#         440
  C:4120H         LINE#         441
  C:412AH         LINE#         444
  C:412FH         LINE#         445
  C:4147H         LINE#         446
  C:4151H         LINE#         447
  C:4166H         LINE#         448
  C:4170H         LINE#         451
  C:4175H         LINE#         452
  C:418DH         LINE#         453
  C:4197H         LINE#         454
  C:41ACH         LINE#         455
  C:41B6H         LINE#         458
  C:41BBH         LINE#         459
  C:41D0H         LINE#         460
  C:41DAH         LINE#         461
  -------         ENDPROC       _BLOCK_READ_CLOCK_ASCII
  -------         PROC          _BLOCK_READ_CLOCK_HEX
  X:0034H         SYMBOL        datos_clock
  C:63A5H         LINE#         464
  C:63A8H         LINE#         465
  C:63A8H         LINE#         468
  C:63BDH         LINE#         469
  C:63C7H         LINE#         471
  C:63DEH         LINE#         472
  C:63E8H         LINE#         474
  C:63FFH         LINE#         475
  C:6409H         LINE#         477
  C:6420H         LINE#         478
  C:642AH         LINE#         480
  C:6441H         LINE#         481
  -------         ENDPROC       _BLOCK_READ_CLOCK_HEX
  -------         PROC          _BLOCK_READ_CLOCK
  X:001DH         SYMBOL        datos_clock
  C:5D3BH         LINE#         508
  C:5D3EH         LINE#         509
  C:5D3EH         LINE#         511
  C:5D50H         LINE#         512
  C:5D5AH         LINE#         514
  C:5D6EH         LINE#         515
  C:5D78H         LINE#         517
  C:5D8CH         LINE#         518
  C:5D96H         LINE#         520
  C:5DAAH         LINE#         521
  C:5DB4H         LINE#         523
  C:5DC8H         LINE#         524
  C:5DD2H         LINE#         526
  C:5DE6H         LINE#         527
  C:5DF0H         LINE#         528
  -------         ENDPROC       _BLOCK_READ_CLOCK
  -------         PROC          COND_INI_CLOCK
  C:7C7AH         LINE#         531
  C:7C7AH         LINE#         532
  C:7C7AH         LINE#         533
BL51 BANKED LINKER/LOCATER V6.22.2.0                                                  08/05/2020  11:21:06  PAGE 31


  C:7C7CH         LINE#         534
  C:7C7EH         LINE#         535
  C:7C80H         LINE#         536
  -------         ENDPROC       COND_INI_CLOCK
  -------         PROC          _CHECK_FECHAOUT
  X:000EH         SYMBOL        buffer
  -------         DO            
  X:0011H         SYMBOL        temp
  X:0012H         SYMBOL        datos_clk
  -------         ENDDO         
  C:4716H         LINE#         546
  C:4721H         LINE#         547
  C:4721H         LINE#         548
  C:4725H         LINE#         554
  C:476EH         LINE#         555
  C:476EH         LINE#         557
  C:4773H         LINE#         559
  C:4776H         LINE#         561
  C:4776H         LINE#         563
  C:477FH         LINE#         565
  C:4787H         LINE#         566
  C:4787H         LINE#         567
  C:4790H         LINE#         569
  C:4790H         LINE#         572
  C:47B3H         LINE#         573
  C:47B3H         LINE#         574
  C:47B3H         LINE#         575
  C:47B6H         LINE#         576
  C:47C0H         LINE#         577
  C:47C0H         LINE#         578
  C:47E6H         LINE#         579
  C:47E6H         LINE#         580
  C:47E6H         LINE#         581
  C:47E9H         LINE#         582
  C:47F3H         LINE#         583
  C:47F3H         LINE#         584
  C:4819H         LINE#         585
  C:4819H         LINE#         586
  C:4819H         LINE#         587
  C:481BH         LINE#         588
  C:4822H         LINE#         589
  C:4822H         LINE#         590
  C:4848H         LINE#         591
  C:4848H         LINE#         592
  C:4848H         LINE#         593
  C:484AH         LINE#         594
  C:4851H         LINE#         595
  C:4851H         LINE#         596
  C:4876H         LINE#         597
  C:4876H         LINE#         598
  C:487BH         LINE#         599
  C:487DH         LINE#         607
  C:487DH         LINE#         608
  C:487DH         LINE#         609
  C:487DH         LINE#         610
  C:487FH         LINE#         612
  C:487FH         LINE#         613
BL51 BANKED LINKER/LOCATER V6.22.2.0                                                  08/05/2020  11:21:06  PAGE 32


  C:487FH         LINE#         614
  C:487FH         LINE#         615
  C:4881H         LINE#         617
  C:4881H         LINE#         618
  C:4881H         LINE#         619
  C:4881H         LINE#         620
  C:4883H         LINE#         622
  C:4883H         LINE#         623
  C:4889H         LINE#         625
  C:4889H         LINE#         627
  C:4889H         LINE#         628
  C:488EH         LINE#         629
  -------         ENDPROC       _CHECK_FECHAOUT
  -------         PROC          _ANALIZA_TIEMPO
  X:000EH         SYMBOL        buffer
  X:0011H         SYMBOL        Val_DctoMinutos
  -------         DO            
  X:0013H         SYMBOL        ano_inT
  B:0020H.0       SYMBOL        bisiesto
  X:0015H         SYMBOL        ano_out
  X:0016H         SYMBOL        mes_out
  X:0017H         SYMBOL        dia_out
  X:0018H         SYMBOL        hora_out
  X:0019H         SYMBOL        min_out
  X:001AH         SYMBOL        Horas_Dcto
  X:001BH         SYMBOL        Minutos_Dcto
  X:001CH         SYMBOL        Xtemp
  B:0020H.1       SYMBOL        Tiempo_Dcto
  -------         ENDDO         
  C:1EF3H         LINE#         632
  C:1F06H         LINE#         633
  C:1F06H         LINE#         637
  C:1F08H         LINE#         642
  C:1F0AH         LINE#         644
  C:1F65H         LINE#         645
  C:1F65H         LINE#         650
  C:1F77H         LINE#         651
  C:1F77H         LINE#         652
  C:1F87H         LINE#         653
  C:1F91H         LINE#         655
  C:1F93H         LINE#         657
  C:1F93H         LINE#         658
  C:1F99H         LINE#         659
  C:1F9EH         LINE#         660
  C:1F9EH         LINE#         664
  C:1FA8H         LINE#         665
  C:1FA8H         LINE#         666
  C:1FC0H         LINE#         667
  C:1FCCH         LINE#         668
  C:1FCCH         LINE#         670
  C:1FD6H         LINE#         671
  C:1FE4H         LINE#         673
  C:1FF1H         LINE#         674
  C:1FFDH         LINE#         675
  C:1FFDH         LINE#         676
  C:2007H         LINE#         677
  C:2015H         LINE#         679
BL51 BANKED LINKER/LOCATER V6.22.2.0                                                  08/05/2020  11:21:06  PAGE 33


  C:2022H         LINE#         680
  C:2057H         LINE#         681
  C:2057H         LINE#         682
  C:2064H         LINE#         683
  C:2064H         LINE#         684
  C:2068H         LINE#         685
  C:207EH         LINE#         686
  C:2087H         LINE#         687
  C:2087H         LINE#         688
  C:208FH         LINE#         689
  C:2093H         LINE#         690
  C:2096H         LINE#         697
  C:2096H         LINE#         698
  C:20ABH         LINE#         699
  C:20ABH         LINE#         700
  C:20ABH         LINE#         701
  C:20AEH         LINE#         702
  C:20DCH         LINE#         703
  C:20DCH         LINE#         704
  C:20E9H         LINE#         705
  C:20E9H         LINE#         706
  C:20EDH         LINE#         707
  C:20F4H         LINE#         708
  C:20F4H         LINE#         709
  C:20F6H         LINE#         711
  C:20F6H         LINE#         712
  C:2100H         LINE#         713
  C:2100H         LINE#         714
  C:2100H         LINE#         716
  C:2103H         LINE#         717
  C:2122H         LINE#         718
[...]
  C:65E7H         LINE#         121
  C:65FBH         LINE#         122
  C:65FEH         LINE#         123
  C:6606H         LINE#         124
BL51 BANKED LINKER/LOCATER V6.22.2.0                                                  08/05/2020  11:21:06  PAGE 90


  C:6608H         LINE#         125
  C:660DH         LINE#         126
  C:661CH         LINE#         127
  C:6627H         LINE#         128
  C:662DH         LINE#         129
  C:662DH         LINE#         130
  -------         ENDPROC       _INICIALIZA
  -------         PROC          _CHECK_STATUS
  X:000EH         SYMBOL        Detalle
  -------         DO            
  D:0006H         SYMBOL        j
  D:0007H         SYMBOL        bcc
  X:000FH         SYMBOL        g_scArrTxComSoft
  -------         ENDDO         
  C:700BH         LINE#         139
  C:7010H         LINE#         140
  C:7010H         LINE#         143
  C:7019H         LINE#         145
  C:701BH         LINE#         147
  C:7021H         LINE#         148
  C:7024H         LINE#         149
  C:7026H         LINE#         150
  C:702AH         LINE#         151
  C:702EH         LINE#         152
  C:7032H         LINE#         153
  C:703AH         LINE#         154
  C:703EH         LINE#         155
  C:704AH         LINE#         156
  C:704AH         LINE#         157
  C:7057H         LINE#         158
  C:705AH         LINE#         159
  C:705FH         LINE#         160
  C:7061H         LINE#         161
  C:7066H         LINE#         162
  C:7075H         LINE#         163
  C:7080H         LINE#         164
  C:7086H         LINE#         165
  -------         ENDPROC       _CHECK_STATUS
  -------         PROC          _CARD_INSERCION
  D:0007H         SYMBOL        Tipo
  -------         DO            
  D:0006H         SYMBOL        j
  D:0007H         SYMBOL        bcc
  X:000EH         SYMBOL        g_scArrTxComSoft
  -------         ENDDO         
  C:6894H         LINE#         173
  C:6894H         LINE#         174
  C:6894H         LINE#         177
  C:68A1H         LINE#         178
  C:68A1H         LINE#         179
  C:68A8H         LINE#         180
  C:68AEH         LINE#         181
  C:68B0H         LINE#         183
  C:68B0H         LINE#         185
  C:68B7H         LINE#         186
  C:68BDH         LINE#         188
  C:68BDH         LINE#         190
BL51 BANKED LINKER/LOCATER V6.22.2.0                                                  08/05/2020  11:21:06  PAGE 91


  C:68BFH         LINE#         192
  C:68C5H         LINE#         193
  C:68C8H         LINE#         194
  C:68CAH         LINE#         195
  C:68CEH         LINE#         196
  C:68D2H         LINE#         197
  C:68D6H         LINE#         199
  C:68DCH         LINE#         200
  C:68E8H         LINE#         201
  C:68E8H         LINE#         202
  C:68F5H         LINE#         203
  C:68F8H         LINE#         205
  C:68FDH         LINE#         207
  C:68FFH         LINE#         208
  C:6904H         LINE#         209
  C:6913H         LINE#         210
  C:691EH         LINE#         211
  C:6924H         LINE#         212
  -------         ENDPROC       _CARD_INSERCION
  -------         PROC          _MOV_CARD
  X:000EH         SYMBOL        Posicion
  -------         DO            
  D:0003H         SYMBOL        j
  X:000FH         SYMBOL        bcc
  X:0010H         SYMBOL        g_scArrTxComSoft
  -------         ENDDO         
  C:59BCH         LINE#         223
  C:59C1H         LINE#         224
  C:59C1H         LINE#         227
  C:59C4H         LINE#         229
  C:59E4H         LINE#         230
  C:59E4H         LINE#         231
  C:59EBH         LINE#         232
  C:59EBH         LINE#         233
  C:59F1H         LINE#         234
  C:59F3H         LINE#         235
  C:59FAH         LINE#         236
  C:59FAH         LINE#         237
  C:5A00H         LINE#         238
  C:5A02H         LINE#         239
  C:5A09H         LINE#         240
  C:5A09H         LINE#         241
  C:5A0FH         LINE#         242
  C:5A11H         LINE#         243
  C:5A18H         LINE#         244
  C:5A18H         LINE#         245
  C:5A1EH         LINE#         246
  C:5A20H         LINE#         247
  C:5A27H         LINE#         248
  C:5A27H         LINE#         249
  C:5A30H         LINE#         250
  C:5A30H         LINE#         252
  C:5A36H         LINE#         253
  C:5A39H         LINE#         254
  C:5A3BH         LINE#         255
  C:5A3FH         LINE#         256
  C:5A43H         LINE#         257
BL51 BANKED LINKER/LOCATER V6.22.2.0                                                  08/05/2020  11:21:06  PAGE 92


  C:5A47H         LINE#         258
  C:5A4FH         LINE#         259
  C:5A53H         LINE#         260
  C:5A5FH         LINE#         261
  C:5A5FH         LINE#         262
  C:5A73H         LINE#         263
  C:5A76H         LINE#         264
  C:5A7EH         LINE#         265
  C:5A80H         LINE#         266
  C:5A85H         LINE#         267
  C:5A94H         LINE#         268
  C:5A9FH         LINE#         269
  C:5AA5H         LINE#         270
  C:5AA5H         LINE#         272
  -------         ENDPROC       _MOV_CARD
  -------         PROC          AUT_CARD_CHECK_STATUS
  -------         DO            
  D:0003H         SYMBOL        j
  X:000EH         SYMBOL        bcc
  X:000FH         SYMBOL        g_scArrTxComSoft
  -------         ENDDO         
  C:6F8BH         LINE#         278
  C:6F8BH         LINE#         279
  C:6F8BH         LINE#         282
  C:6F90H         LINE#         284
  C:6F99H         LINE#         286
  C:6F9FH         LINE#         287
  C:6FA2H         LINE#         288
  C:6FA4H         LINE#         289
  C:6FA8H         LINE#         290
  C:6FACH         LINE#         291
  C:6FB0H         LINE#         292
  C:6FB4H         LINE#         293
  C:6FB8H         LINE#         294
  C:6FC4H         LINE#         295
  C:6FC4H         LINE#         296
  C:6FD8H         LINE#         297
  C:6FDBH         LINE#         298
  C:6FE3H         LINE#         299
  C:6FE5H         LINE#         300
  C:6FEAH         LINE#         301
  C:6FF9H         LINE#         302
  C:7004H         LINE#         303
  C:700AH         LINE#         304
  -------         ENDPROC       AUT_CARD_CHECK_STATUS
  -------         PROC          DWLOAD_EEPROM
  -------         DO            
  D:0003H         SYMBOL        j
  X:0002H         SYMBOL        bcc
  X:0003H         SYMBOL        g_scArrTxComSoft
  -------         ENDDO         
  C:6255H         LINE#         310
  C:6255H         LINE#         311
  C:6255H         LINE#         314
  C:625AH         LINE#         315
  C:6263H         LINE#         317
  C:6269H         LINE#         318
BL51 BANKED LINKER/LOCATER V6.22.2.0                                                  08/05/2020  11:21:06  PAGE 93


  C:626CH         LINE#         319
  C:626EH         LINE#         320
  C:6272H         LINE#         321
  C:6276H         LINE#         322
  C:627AH         LINE#         323
  C:627EH         LINE#         324
  C:6281H         LINE#         325
  C:6285H         LINE#         326
  C:6288H         LINE#         327
  C:628BH         LINE#         328
  C:628FH         LINE#         329
  C:6293H         LINE#         330
  C:6297H         LINE#         331
  C:629BH         LINE#         332
  C:629FH         LINE#         333
  C:62A3H         LINE#         334
  C:62A7H         LINE#         335
  C:62ABH         LINE#         337
  C:62B7H         LINE#         338
  C:62B7H         LINE#         339
  C:62CBH         LINE#         340
  C:62CEH         LINE#         341
  C:62D6H         LINE#         342
  C:62D8H         LINE#         343
  C:62DDH         LINE#         344
  C:62ECH         LINE#         345
  C:62F7H         LINE#         346
  C:62FDH         LINE#         347
  -------         ENDPROC       DWLOAD_EEPROM
  -------         PROC          LOADVERIFY_EEPROM
  -------         DO            
  D:0003H         SYMBOL        j
  X:000EH         SYMBOL        bcc
  X:000FH         SYMBOL        g_scArrTxComSoft
  -------         ENDDO         
  C:6925H         LINE#         353
  C:6925H         LINE#         354
  C:6925H         LINE#         357
  C:692AH         LINE#         358
  C:6933H         LINE#         361
  C:6939H         LINE#         362
  C:693CH         LINE#         363
  C:693EH         LINE#         364
  C:6942H         LINE#         365
  C:6946H         LINE#         366
  C:694AH         LINE#         367
  C:694EH         LINE#         368
  C:6951H         LINE#         369
  C:6955H         LINE#         370
  C:6958H         LINE#         371
  C:695BH         LINE#         372
  C:695FH         LINE#         373
  C:6963H         LINE#         377
  C:696FH         LINE#         378
  C:696FH         LINE#         379
  C:6983H         LINE#         380
  C:6986H         LINE#         381
BL51 BANKED LINKER/LOCATER V6.22.2.0                                                  08/05/2020  11:21:06  PAGE 94


  C:698EH         LINE#         382
  C:6990H         LINE#         383
  C:6995H         LINE#         384
  C:69A4H         LINE#         385
  C:69AFH         LINE#         386
  C:69B5H         LINE#         388
  -------         ENDPROC       LOADVERIFY_EEPROM
  -------         PROC          _RD_MF
  X:000EH         SYMBOL        Sector
  X:000FH         SYMBOL        Bloque
  -------         DO            
  D:0003H         SYMBOL        j
  X:0010H         SYMBOL        bcc
  X:0011H         SYMBOL        g_scArrTxComSoft
  -------         ENDDO         
  C:5DFFH         LINE#         394
  C:5E07H         LINE#         395
  C:5E07H         LINE#         399
  C:5E0AH         LINE#         401
  C:5E13H         LINE#         402
  C:5E1BH         LINE#         404
  C:5E24H         LINE#         405
  C:5E2CH         LINE#         406
  C:5E35H         LINE#         409
  C:5E3BH         LINE#         410
  C:5E3EH         LINE#         411
  C:5E40H         LINE#         412
  C:5E44H         LINE#         413
  C:5E48H         LINE#         414
  C:5E4CH         LINE#         415
  C:5E50H         LINE#         416
  C:5E53H         LINE#         417
  C:5E57H         LINE#         418
  C:5E5FH         LINE#         419
  C:5E67H         LINE#         420
  C:5E6BH         LINE#         421
  C:5E6FH         LINE#         423
  C:5E7BH         LINE#         424
  C:5E7BH         LINE#         425
  C:5E8FH         LINE#         426
  C:5E92H         LINE#         427
  C:5E9AH         LINE#         430
  C:5E9CH         LINE#         431
  C:5EA1H         LINE#         432
  C:5EB0H         LINE#         433
  C:5EBBH         LINE#         434
  C:5EC1H         LINE#         436
  -------         ENDPROC       _RD_MF
  -------         PROC          _WR_MF
  X:000EH         SYMBOL        Sector
  X:000FH         SYMBOL        Bloque
  X:0010H         SYMBOL        buffer
  -------         DO            
  X:0013H         SYMBOL        j
  X:0014H         SYMBOL        bcc
  X:0015H         SYMBOL        g_scArrTxComSoft
  -------         ENDDO         
BL51 BANKED LINKER/LOCATER V6.22.2.0                                                  08/05/2020  11:21:06  PAGE 95


  C:4CBCH         LINE#         443
  C:4CCDH         LINE#         445
  C:4CCDH         LINE#         448
  C:4CD2H         LINE#         450
  C:4CDBH         LINE#         451
  C:4CE3H         LINE#         453
  C:4CECH         LINE#         454
  C:4CF4H         LINE#         455
  C:4CFDH         LINE#         457
  C:4D03H         LINE#         458
  C:4D06H         LINE#         459
  C:4D08H         LINE#         460
  C:4D0CH         LINE#         462
  C:4D10H         LINE#         463
  C:4D14H         LINE#         464
  C:4D18H         LINE#         465
  C:4D1BH         LINE#         466
  C:4D1FH         LINE#         467
  C:4D28H         LINE#         468
  C:4D30H         LINE#         469
  C:4D34H         LINE#         471
  C:4D39H         LINE#         472
  C:4D39H         LINE#         477
  C:4D3CH         LINE#         478
  C:4D3EH         LINE#         479
  C:4D40H         LINE#         480
  C:4D42H         LINE#         481
  C:4D44H         LINE#         486
  C:4D46H         LINE#         487
  C:4D48H         LINE#         488
  C:4D4AH         LINE#         494
  C:4D5CH         LINE#         499
  C:4D66H         LINE#         504
  C:4D6AH         LINE#         510
  C:4D6DH         LINE#         511
  C:4D6FH         LINE#         512
  C:4D71H         LINE#         513
  C:4D73H         LINE#         514
  C:4D75H         LINE#         516
  C:4D77H         LINE#         518
  C:4D77H         LINE#         519
  C:4D8BH         LINE#         520
  C:4D8BH         LINE#         521
  C:4D97H         LINE#         522
  C:4D9FH         LINE#         523
  C:4D9FH         LINE#         528
  C:4DA5H         LINE#         530
  C:4DB8H         LINE#         531
  C:4DB8H         LINE#         532
  C:4DCDH         LINE#         533
  C:4DD5H         LINE#         534
  C:4DDDH         LINE#         537
  C:4DDFH         LINE#         538
  C:4DE4H         LINE#         539
  C:4DF3H         LINE#         540
  C:4DFEH         LINE#         541
  C:4E04H         LINE#         543
BL51 BANKED LINKER/LOCATER V6.22.2.0                                                  08/05/2020  11:21:06  PAGE 96


  -------         ENDPROC       _WR_MF
  -------         ENDMOD        LINTECH

  -------         MODULE        ?C?FPADD
  C:0BF2H         PUBLIC        ?C?FPADD
  C:0BEEH         PUBLIC        ?C?FPSUB
  -------         ENDMOD        ?C?FPADD

  -------         MODULE        ?C?FPMUL
  C:0CE3H         PUBLIC        ?C?FPMUL
  -------         ENDMOD        ?C?FPMUL

  -------         MODULE        ?C?FCAST
  C:0DF3H         PUBLIC        ?C?FCASTC
  C:0DEEH         PUBLIC        ?C?FCASTI
  C:0DE9H         PUBLIC        ?C?FCASTL
  -------         ENDMOD        ?C?FCAST

  -------         MODULE        ?C?CASTF
  C:0E27H         PUBLIC        ?C?CASTF
  -------         ENDMOD        ?C?CASTF

  -------         MODULE        PRINTF
  X:006DH         PUBLIC        ?_PRINTF?BYTE
  X:006DH         PUBLIC        ?_SPRINTF?BYTE
  C:2920H         PUBLIC        _PRINTF
  C:291AH         PUBLIC        _SPRINTF
  -------         ENDMOD        PRINTF

  -------         MODULE        POW
  X:001CH         PUBLIC        ?_pow?BYTE
  C:488FH         PUBLIC        _pow
  -------         ENDMOD        POW

  -------         MODULE        ?C?CHKFLOAT
  C:0EA8H         PUBLIC        ?C?CHKFLOAT
  -------         ENDMOD        ?C?CHKFLOAT

  -------         MODULE        ?C?FPCMP
  C:0EC4H         PUBLIC        ?C?FPCMP
  C:0EC2H         PUBLIC        ?C?FPCMP3
  -------         ENDMOD        ?C?FPCMP

  -------         MODULE        ?C?FPNEG
  C:0F3BH         PUBLIC        ?C?FPNEG
  -------         ENDMOD        ?C?FPNEG

  -------         MODULE        ?C?FPROUND
  C:0F4CH         PUBLIC        ?C?FPROUND
  -------         ENDMOD        ?C?FPROUND

  -------         MODULE        ?C?FPCONVERT
  C:0F89H         PUBLIC        ?C?FPCONVERT
  -------         ENDMOD        ?C?FPCONVERT

  -------         MODULE        EXP
  C:679DH         PUBLIC        _EXP
BL51 BANKED LINKER/LOCATER V6.22.2.0                                                  08/05/2020  11:21:06  PAGE 97


  -------         ENDMOD        EXP

  -------         MODULE        LOG
  C:50B7H         PUBLIC        _LOG
  C:50B3H         PUBLIC        _LOG10
  -------         ENDMOD        LOG

  -------         MODULE        ?C?FPDIV
  C:1091H         PUBLIC        ?C?FPDIV
  -------         ENDMOD        ?C?FPDIV

  -------         MODULE        ?C?FTNPWR
  C:115EH         PUBLIC        ?C?FTNPWR
  -------         ENDMOD        ?C?FTNPWR

  -------         MODULE        ?C?COPY
  C:12BBH         PUBLIC        ?C?COPY
  -------         ENDMOD        ?C?COPY

  -------         MODULE        ?C?CLDPTR
  C:12E1H         PUBLIC        ?C?CLDPTR
  -------         ENDMOD        ?C?CLDPTR

  -------         MODULE        ?C?CLDOPTR
  C:12FAH         PUBLIC        ?C?CLDOPTR
  -------         ENDMOD        ?C?CLDOPTR

  -------         MODULE        ?C?CSTPTR
  C:1327H         PUBLIC        ?C?CSTPTR
  -------         ENDMOD        ?C?CSTPTR

  -------         MODULE        ?C?CSTOPTR
  C:1339H         PUBLIC        ?C?CSTOPTR
  -------         ENDMOD        ?C?CSTOPTR

  -------         MODULE        ?C?UIDIV
  C:135BH         PUBLIC        ?C?UIDIV
  -------         ENDMOD        ?C?UIDIV

  -------         MODULE        ?C?IILDX
  C:13B0H         PUBLIC        ?C?IILDX
  -------         ENDMOD        ?C?IILDX

  -------         MODULE        ?C?LNEG
  C:13C6H         PUBLIC        ?C?LNEG
  -------         ENDMOD        ?C?LNEG

  -------         MODULE        ?C?LLDCODE
  C:13D4H         PUBLIC        ?C?LLDCODE
  -------         ENDMOD        ?C?LLDCODE

  -------         MODULE        ?C?LLDXDATA0
  C:13E4H         PUBLIC        ?C?LLDXDATA0
  -------         ENDMOD        ?C?LLDXDATA0

  -------         MODULE        ?C?LLDCODE0
  C:13F0H         PUBLIC        ?C?LLDCODE0
BL51 BANKED LINKER/LOCATER V6.22.2.0                                                  08/05/2020  11:21:06  PAGE 98


  -------         ENDMOD        ?C?LLDCODE0

  -------         MODULE        ?C?LSTXDATA
  C:1400H         PUBLIC        ?C?LSTXDATA
  -------         ENDMOD        ?C?LSTXDATA

  -------         MODULE        ?C?LSTKXDATA
  C:140CH         PUBLIC        ?C?LSTKXDATA
  -------         ENDMOD        ?C?LSTKXDATA

  -------         MODULE        ?C?PLDIXDATA
  C:143DH         PUBLIC        ?C?PLDIXDATA
  -------         ENDMOD        ?C?PLDIXDATA

  -------         MODULE        ?C?PSTXDATA
  C:1454H         PUBLIC        ?C?PSTXDATA
  -------         ENDMOD        ?C?PSTXDATA

  -------         MODULE        ?C?CCASE
  C:145DH         PUBLIC        ?C?CCASE
  -------         ENDMOD        ?C?CCASE

  -------         MODULE        STRCAT
  X:005DH         PUBLIC        ?_strcat?BYTE
  C:7170H         PUBLIC        _strcat
  -------         ENDMOD        STRCAT

  -------         MODULE        ?C?STRCMP
  C:1601H         PUBLIC        ?C?STRCMP
  -------         ENDMOD        ?C?STRCMP

  -------         MODULE        ?C?STRCPY
  C:16EAH         PUBLIC        ?C?STRCPY
  -------         ENDMOD        ?C?STRCPY

  -------         MODULE        STRLEN
  C:000EH         PUBLIC        _STRLEN
  -------         ENDMOD        STRLEN

  -------         MODULE        STRTOK
  X:0068H         PUBLIC        ?_strtok?BYTE
  C:5AA6H         PUBLIC        _strtok
  -------         ENDMOD        STRTOK

  -------         MODULE        ATOI
  C:5B8AH         PUBLIC        _atoi
  -------         ENDMOD        ATOI

  -------         MODULE        ?C?IMUL
  C:1707H         PUBLIC        ?C?IMUL
  -------         ENDMOD        ?C?IMUL

  -------         MODULE        ?C?ILDIX
  C:1719H         PUBLIC        ?C?ILDIX
  -------         ENDMOD        ?C?ILDIX

  -------         MODULE        ISDIGIT
BL51 BANKED LINKER/LOCATER V6.22.2.0                                                  08/05/2020  11:21:06  PAGE 99


  C:7C43H         PUBLIC        _isdigit
  -------         ENDMOD        ISDIGIT

  -------         MODULE        ISSPACE
  C:7BA3H         PUBLIC        _isspace
  -------         ENDMOD        ISSPACE

  -------         MODULE        STRSPN
  X:006EH         PUBLIC        ?_strspn?BYTE
  C:6D86H         PUBLIC        _strspn
  -------         ENDMOD        STRSPN

  -------         MODULE        STRPBRK
  X:006EH         PUBLIC        ?_strpbrk?BYTE
  C:6E0AH         PUBLIC        _strpbrk
  -------         ENDMOD        STRPBRK

Program Size: data=119.6 xdata=438 code=31940
LINK/LOCATE RUN COMPLETE.  0 WARNING(S),  0 ERROR(S)
