BL51 BANKED LINKER/LOCATER V6.22.2.0                                                    08/31/2020  09:26:19  PAGE 1


BL51 BANKED LINKER/LOCATER V6.22.2.0, INVOKED BY:
C:\KEIL_V5\C51\BIN\BL51.EXE .\Objects\main.obj, .\Objects\Accescan.obj, .\Objects\Clock.obj, .\Objects\delay.obj, .\Obje
>> cts\eeprom.obj, .\Objects\io_sensores.obj, .\Objects\pantallas.obj, .\Objects\prog.obj, .\Objects\pto_paralelo.obj, .
>> \Objects\tibbo.obj, .\Objects\uart.obj, .\Objects\verificador.obj, .\Objects\lintech.obj TO .\Objects\verificador_v_0
>> 1_raspberry PRINT (.\Listings\verificador_v_01_raspberry.m51) RAMSIZE (256)


MEMORY MODEL: LARGE WITH FLOATING POINT ARITHMETIC


INPUT MODULES INCLUDED:
  .\Objects\main.obj (MAIN)
  .\Objects\Accescan.obj (ACCESCAN)
  .\Objects\Clock.obj (CLOCK)
  .\Objects\delay.obj (DELAY)
  .\Objects\eeprom.obj (EEPROM)
  .\Objects\io_sensores.obj (IO_SENSORES)
  .\Objects\pantallas.obj (PANTALLAS)
  .\Objects\prog.obj (PROG)
  .\Objects\pto_paralelo.obj (PTO_PARALELO)
  .\Objects\tibbo.obj (TIBBO)
  .\Objects\uart.obj (UART)
  .\Objects\verificador.obj (VERIFICADOR)
  .\Objects\lintech.obj (LINTECH)
  C:\KEIL_V5\C51\LIB\C51FPL.LIB (?C?FPADD)
  C:\KEIL_V5\C51\LIB\C51FPL.LIB (?C?FPMUL)
  C:\KEIL_V5\C51\LIB\C51FPL.LIB (?C?FCAST)
  C:\KEIL_V5\C51\LIB\C51FPL.LIB (?C?CASTF)
  C:\KEIL_V5\C51\LIB\C51FPL.LIB (PRINTF)
  C:\KEIL_V5\C51\LIB\C51FPL.LIB (POW)
  C:\KEIL_V5\C51\LIB\C51FPL.LIB (?C?FPGETOPN)
  C:\KEIL_V5\C51\LIB\C51FPL.LIB (?C?CHKFLOAT)
  C:\KEIL_V5\C51\LIB\C51FPL.LIB (?C?FPCMP)
  C:\KEIL_V5\C51\LIB\C51FPL.LIB (?C?FPNEG)
  C:\KEIL_V5\C51\LIB\C51FPL.LIB (?C?FPROUND)
  C:\KEIL_V5\C51\LIB\C51FPL.LIB (?C?FPCONVERT)
  C:\KEIL_V5\C51\LIB\C51FPL.LIB (EXP)
  C:\KEIL_V5\C51\LIB\C51FPL.LIB (LOG)
  C:\KEIL_V5\C51\LIB\C51FPL.LIB (?C?FPDIV)
  C:\KEIL_V5\C51\LIB\C51FPL.LIB (?C?FTNPWR)
  C:\KEIL_V5\C51\LIB\C51FPL.LIB (?C?FPSERIES)
  C:\KEIL_V5\C51\LIB\C51L.LIB (?C_STARTUP)
  C:\KEIL_V5\C51\LIB\C51L.LIB (?C?COPY)
  C:\KEIL_V5\C51\LIB\C51L.LIB (?C?CLDPTR)
  C:\KEIL_V5\C51\LIB\C51L.LIB (?C?CLDOPTR)
  C:\KEIL_V5\C51\LIB\C51L.LIB (?C?CSTPTR)
  C:\KEIL_V5\C51\LIB\C51L.LIB (?C?CSTOPTR)
  C:\KEIL_V5\C51\LIB\C51L.LIB (?C?IMUL)
  C:\KEIL_V5\C51\LIB\C51L.LIB (?C?UIDIV)
  C:\KEIL_V5\C51\LIB\C51L.LIB (?C?IILDX)
  C:\KEIL_V5\C51\LIB\C51L.LIB (?C?LNEG)
  C:\KEIL_V5\C51\LIB\C51L.LIB (?C?ULCMP)
  C:\KEIL_V5\C51\LIB\C51L.LIB (?C?LLDCODE)
  C:\KEIL_V5\C51\LIB\C51L.LIB (?C?LLDXDATA0)
  C:\KEIL_V5\C51\LIB\C51L.LIB (?C?LLDCODE0)
  C:\KEIL_V5\C51\LIB\C51L.LIB (?C?LSTXDATA)
  C:\KEIL_V5\C51\LIB\C51L.LIB (?C?LSTKXDATA)
  C:\KEIL_V5\C51\LIB\C51L.LIB (?C?PLDIXDATA)
BL51 BANKED LINKER/LOCATER V6.22.2.0                                                  08/31/2020  09:26:19  PAGE 2


  C:\KEIL_V5\C51\LIB\C51L.LIB (?C?PSTXDATA)
  C:\KEIL_V5\C51\LIB\C51L.LIB (?C?CCASE)
  C:\KEIL_V5\C51\LIB\C51L.LIB (STRCAT)
  C:\KEIL_V5\C51\LIB\C51L.LIB (?C?STRCMP)
  C:\KEIL_V5\C51\LIB\C51L.LIB (?C?STRCPY)
  C:\KEIL_V5\C51\LIB\C51L.LIB (STRLEN)
  C:\KEIL_V5\C51\LIB\C51L.LIB (STRTOK)
  C:\KEIL_V5\C51\LIB\C51L.LIB (ATOI)
  C:\KEIL_V5\C51\LIB\C51L.LIB (?C_INIT)
  C:\KEIL_V5\C51\LIB\C51L.LIB (?C?ILDIX)
  C:\KEIL_V5\C51\LIB\C51L.LIB (ISDIGIT)
  C:\KEIL_V5\C51\LIB\C51L.LIB (ISSPACE)
  C:\KEIL_V5\C51\LIB\C51L.LIB (STRSPN)
  C:\KEIL_V5\C51\LIB\C51L.LIB (STRPBRK)


LINK MAP OF MODULE:  .\Objects\verificador_v_01_raspberry (MAIN)


            TYPE    BASE      LENGTH    RELOCATION   SEGMENT NAME
            -----------------------------------------------------

            * * * * * * *   D A T A   M E M O R Y   * * * * * * *
            REG     0000H     0008H     ABSOLUTE     "REG BANK 0"
            DATA    0008H     0005H     UNIT         _DATA_GROUP_
            DATA    000DH     0004H     UNIT         ?DT?UART
                    0011H     000FH                  *** GAP ***
            BIT     0020H.0   0001H.1   UNIT         _BIT_GROUP_
            BIT     0021H.1   0000H.2   UNIT         ?BI?MAIN
            BIT     0021H.3   0000H.2   UNIT         ?BI?UART
            BIT     0021H.5   0000H.1   UNIT         ?BI?EEPROM
                    0021H.6   0000H.2                *** GAP ***
            IDATA   0022H     0064H     UNIT         ?ID?MAIN
            IDATA   0086H     0001H     UNIT         ?STACK

            * * * * * * *  X D A T A   M E M O R Y  * * * * * * *
            XDATA   0000H     00CBH     UNIT         _XDATA_GROUP_
            XDATA   00CBH     0070H     UNIT         ?XD?MAIN
            XDATA   013BH     004BH     UNIT         ?XD?PROG
            XDATA   0186H     0038H     UNIT         ?XD?VERIFICADOR
            XDATA   01BEH     001EH     UNIT         ?XD?PTO_PARALELO
            XDATA   01DCH     000BH     UNIT         ?XD?UNIQUE_IDENTIFIER_UID?LINTECH
            XDATA   01E7H     000BH     UNIT         ?XD?POWER_OFF?LINTECH
            XDATA   01F2H     0003H     UNIT         ?XD?EEPROM
            XDATA   01F5H     0003H     UNIT         ?XD?UART
            XDATA   01F8H     0003H     UNIT         ?XD?STRTOK
            XDATA   01FBH     0002H     UNIT         ?XD?ACCESCAN
            XDATA   01FDH     0001H     UNIT         ?XD?CLOCK
            XDATA   01FEH     0001H     UNIT         ?XD?IO_SENSORES
            XDATA   01FFH     0001H     UNIT         ?XD?PANTALLAS

            * * * * * * *   C O D E   M E M O R Y   * * * * * * *
            CODE    0000H     0003H     ABSOLUTE     
            CODE    0003H     0008H     UNIT         ?PR?P_CK?CLOCK
            CODE    000BH     0003H     ABSOLUTE     
            CODE    000EH     0015H     UNIT         ?PR?_STRLEN?STRLEN
            CODE    0023H     0003H     ABSOLUTE     
BL51 BANKED LINKER/LOCATER V6.22.2.0                                                  08/31/2020  09:26:19  PAGE 3


            CODE    0026H     0F02H     UNIT         ?CO?PROG
            CODE    0F28H     0C18H     UNIT         ?PR?SECUENCIAEXPEDIDOR?VERIFICADOR
            CODE    1B40H     0B55H     UNIT         ?C?LIB_CODE
            CODE    2695H     062CH     UNIT         ?CO?VERIFICADOR
            CODE    2CC1H     0537H     UNIT         ?PR?_ANALIZA_TIEMPO?CLOCK
            CODE    31F8H     0483H     UNIT         ?PR?PRINTF?PRINTF
            CODE    367BH     0431H     UNIT         ?CO?PANTALLAS
            CODE    3AACH     0368H     UNIT         ?PR?_PANTALLALCD?PANTALLAS
            CODE    3E14H     0311H     UNIT         ?PR?_VALIDA_TRAMA_PTO?ACCESCAN
            CODE    4125H     02F5H     UNIT         ?PR?VER_PROG?PROG
            CODE    441AH     02D0H     UNIT         ?PR?_TWO_BYTEHEX_DECIMAL?CLOCK
            CODE    46EAH     02CDH     UNIT         ?PR?_TRAMA_PTO_PARALELO_NEW?PTO_PARALELO
            CODE    49B7H     02B7H     UNIT         ?PR?_PROG_HORARIO_DIAS?PROG
            CODE    4C6EH     0292H     UNIT         ?PR?_CMD_LPR_SALIDA?ACCESCAN
            CODE    4F00H     0208H     UNIT         ?PR?MENU?PROG
            CODE    5108H     01FEH     UNIT         ?PR?_HASH_ID?PROG
            CODE    5306H     01FAH     UNIT         ?PR?_PROG_HORARIO_DESDE_HASTA?PROG
            CODE    5500H     01F5H     UNIT         ?PR?PROG_FECHA_VENCIMIENTO?PROG
            CODE    56F5H     01B3H     UNIT         ?PR?COM_ISR?UART
            CODE    58A8H     0179H     UNIT         ?PR?_CHECK_FECHAOUT?CLOCK
            CODE    5A21H     016EH     UNIT         ?PR?_BLOCK_READ_CLOCK_ASCII?CLOCK
            CODE    5B8FH     0166H     UNIT         ?PR?_POW?POW
            CODE    5CF5H     0162H     UNIT         ?PR?_PANTALLALCD_LINEA_2?PANTALLAS
            CODE    5E57H     0161H     UNIT         ?CO?LINTECH
            CODE    5FB8H     0149H     UNIT         ?PR?_WR_MF?LINTECH
            CODE    6101H     0145H     UNIT         ?PR?PROG_HORARIOS?PROG
            CODE    6246H     0140H     UNIT         ?PR?SECUENCIA_INICIO_EXPEDIDOR?VERIFICADOR
            CODE    6386H     013EH     UNIT         ?PR?PROG_SIN_COBRO?PROG
            CODE    64C4H     0137H     UNIT         ?PR?VER_HORARIO?PROG
            CODE    65FBH     0129H     UNIT         ?PR?LOG?LOG
            CODE    6724H     0128H     UNIT         ?PR?_VER_HORARIO_DIAS?PROG
            CODE    684CH     011AH     UNIT         ?PR?_PROG_HORARIOS_ON_OFF?PROG
            CODE    6966H     0119H     UNIT         ?PR?_VER_HORARIO_DESDE_HASTA?PROG
            CODE    6A7FH     0115H     UNIT         ?PR?_VALIDAR_CLK?CLOCK
            CODE    6B94H     0110H     UNIT         ?PR?LOAD_AND_SEND_ID_COD?PTO_PARALELO
            CODE    6CA4H     00FFH     UNIT         ?PR?_TRAMA_PTO_PARALELO_P?PTO_PARALELO
            CODE    6DA3H     00FCH     UNIT         ?PR?PROG_DEBUG?PROG
            CODE    6E9FH     00FCH     UNIT         ?PR?PROG_USE_LPR?PROG
            CODE    6F9BH     00FCH     UNIT         ?PR?PROG_COMPARACION_ACTIVA?PROG
            CODE    7097H     00FCH     UNIT         ?PR?TIPO_PANTALLA?PROG
            CODE    7193H     00FCH     UNIT         ?PR?DCTO_CAJA?PROG
            CODE    728FH     00F9H     UNIT         ?PR?_BLOQUE_HORARIO?VERIFICADOR
            CODE    7388H     00F1H     UNIT         ?PR?_HORARIOS?VERIFICADOR
            CODE    7479H     00EAH     UNIT         ?PR?_MOV_CARD?LINTECH
            CODE    7563H     00E4H     UNIT         ?PR?_STRTOK?STRTOK
            CODE    7647H     00DBH     UNIT         ?PR?_ATOI?ATOI
            CODE    7722H     00D6H     UNIT         ?PR?_CMD_LPR_SALIDA_WIEGAND?ACCESCAN
            CODE    77F8H     00C4H     UNIT         ?PR?_BLOCK_READ_CLOCK?CLOCK
            CODE    78BCH     00C3H     UNIT         ?PR?_RD_MF?LINTECH
            CODE    797FH     00BDH     UNIT         ?PR?PROG_COD_PARK?PROG
            CODE    7A3CH     00BDH     UNIT         ?PR?PROG_TIEMPO_GRACIA?PROG
            CODE    7AF9H     00BBH     UNIT         ?PR?_CHECK_FECHAOUT_2?CLOCK
            CODE    7BB4H     00B6H     UNIT         ?PR?PROG_ID_CLIENTE?PROG
            CODE    7C6AH     00B4H     UNIT         ?PR?_SEND_PORT?PTO_PARALELO
            CODE    7D1EH     00AFH     UNIT         ?PR?ERROR_RX_PTO?VERIFICADOR
            CODE    7DCDH     00ACH     UNIT         ?PR?_HORA_MAXIMA?VERIFICADOR
            CODE    7E79H     00A9H     UNIT         ?PR?DWLOAD_EEPROM?LINTECH
BL51 BANKED LINKER/LOCATER V6.22.2.0                                                  08/31/2020  09:26:19  PAGE 4


            CODE    7F22H     00A7H     UNIT         ?CO?TIBBO
            CODE    7FC9H     00A6H     UNIT         ?PR?_BLOCK_READ_CLOCK_HEX?CLOCK
            CODE    806FH     00A6H     UNIT         ?PR?_DEBUG_FECHA_ACTUAL?TIBBO
            CODE    8115H     00A4H     UNIT         ?C_INITSEG
            CODE    81B9H     00A0H     UNIT         ?CO?IO_SENSORES
            CODE    8259H     009DH     UNIT         ?PR?_INICIALIZA?LINTECH
            CODE    82F6H     009CH     UNIT         ?PR?_RECIBE_PORT?PTO_PARALELO
            CODE    8392H     009AH     UNIT         ?PR?EXP?EXP
            CODE    842CH     0095H     UNIT         ?PR?_RECIBE_CMD_MONITOR?ACCESCAN
            CODE    84C1H     0091H     UNIT         ?PR?_HEX_ASCII?CLOCK
            CODE    8552H     0091H     UNIT         ?PR?_CARD_INSERCION?LINTECH
            CODE    85E3H     0091H     UNIT         ?PR?LOADVERIFY_EEPROM?LINTECH
            CODE    8674H     0090H     UNIT         ?PR?_LEE_CLK?CLOCK
            CODE    8704H     0090H     UNIT         ?PR?_GETOPTION?PROG
            CODE    8794H     008FH     UNIT         ?PR?_BLOCK_WRITE_CLOCK_ASCII?CLOCK
            CODE    8823H     008CH     UNIT         ?C_C51STARTUP
            CODE    88AFH     0088H     UNIT         ?PR?_SEND_PORTERR?PTO_PARALELO
            CODE    8937H     0088H     UNIT         ?PR?RX_DATA?TIBBO
            CODE    89BFH     0088H     UNIT         ?PR?UNIQUE_IDENTIFIER_UID?LINTECH
            CODE    8A47H     0085H     UNIT         ?PR?MAIN?MAIN
            CODE    8ACCH     0084H     UNIT         ?PR?_STRSPN?STRSPN
            CODE    8B50H     0081H     UNIT         ?PR?_STRPBRK?STRPBRK
            CODE    8BD1H     0080H     UNIT         ?PR?MSJ_LCD_INFORMATIVO?IO_SENSORES
            CODE    8C51H     0080H     UNIT         ?PR?_INGRESADATO?PROG
            CODE    8CD1H     0080H     UNIT         ?PR?AUT_CARD_CHECK_STATUS?LINTECH
            CODE    8D51H     0080H     UNIT         ?PR?POWER_OFF?LINTECH
            CODE    8DD1H     007CH     UNIT         ?PR?_CHECK_STATUS?LINTECH
            CODE    8E4DH     0075H     UNIT         ?PR?SHOW?PROG
            CODE    8EC2H     0073H     UNIT         ?PR?VALIDASENSORESPASO?IO_SENSORES
            CODE    8F35H     0073H     UNIT         ?PR?_DEBUGBUFFERMF?TIBBO
            CODE    8FA8H     0071H     UNIT         ?PR?_EN_HORARIO?VERIFICADOR
            CODE    9019H     006FH     UNIT         ?PR?_ESCRIBIRMEMORIA?EEPROM
            CODE    9088H     006BH     UNIT         ?PR?_STRCAT?STRCAT
            CODE    90F3H     0066H     UNIT         ?PR?_LEERMEMORIA?EEPROM
            CODE    9159H     0062H     UNIT         ?PR?_LISTACOMANDOS?PROG
            CODE    91BBH     005BH     UNIT         ?PR?_RASPBERRY_DATA?PANTALLAS
            CODE    9216H     0057H     UNIT         ?PR?RELOJ_PANTALLA_LCD?PANTALLAS
            CODE    926DH     0056H     UNIT         ?PR?_WR_EEPROM?EEPROM
            CODE    92C3H     0056H     UNIT         ?PR?VARIABLE_INICIO?EEPROM
            CODE    9319H     0053H     UNIT         ?PR?_BYTEHEX_DECIMAL?CLOCK
            CODE    936CH     004DH     UNIT         ?PR?L_D_M?EEPROM
            CODE    93B9H     004BH     UNIT         ?PR?_TX_AUX?TIBBO
            CODE    9404H     0048H     UNIT         ?PR?FIRST_CLAVE?PROG
            CODE    944CH     0048H     UNIT         ?PR?_DEBUG_PTO_PARALELO?TIBBO
            CODE    9494H     0047H     UNIT         ?PR?_DEBUG_CHR_TIBBO?TIBBO
            CODE    94DBH     0046H     UNIT         ?PR?_ESCRIBIRCADENASOFT_BUFFER?MAIN
            CODE    9521H     0046H     UNIT         ?PR?_LCD_TXT_NUM_CHAR?PANTALLAS
            CODE    9567H     0046H     UNIT         ?PR?_DEBUG_HEXDEC?TIBBO
            CODE    95ADH     0044H     UNIT         ?PR?_LCD_TXT?PANTALLAS
            CODE    95F1H     0044H     UNIT         ?PR?_DEBUG_TXT_TIBBO?TIBBO
            CODE    9635H     0042H     UNIT         ?PR?_VALIDARCLAVE?PROG
            CODE    9677H     0041H     UNIT         ?PR?_MONITOR_CHR?ACCESCAN
            CODE    96B8H     0041H     UNIT         ?PR?_TWO_ONE?CLOCK
            CODE    96F9H     0040H     UNIT         ?PR?_GETCMD?PROG
            CODE    9739H     003FH     UNIT         ?PR?_EB_CLK?CLOCK
            CODE    9778H     003EH     UNIT         ?PR?_PUTCHAR?MAIN
            CODE    97B6H     003DH     UNIT         ?PR?_HEX_BCD?CLOCK
BL51 BANKED LINKER/LOCATER V6.22.2.0                                                  08/31/2020  09:26:19  PAGE 5


            CODE    97F3H     003DH     UNIT         ?PR?_RD_EEPROM?EEPROM
            CODE    9830H     003BH     UNIT         ?PR?_COM_PUTCHAR?UART
            CODE    986BH     003AH     UNIT         ?PR?_DELAY_10MS?DELAY
            CODE    98A5H     0037H     UNIT         ?PR?TIMER0_INT?MAIN
            CODE    98DCH     0034H     UNIT         ?PR?ADDR_HORARIOS?PROG
            CODE    9910H     002CH     UNIT         ?PR?LOAD_AND_SEND_INFO_RELOJ?PTO_PARALELO
            CODE    993CH     002AH     UNIT         ?PR?COM_INITIALIZE?UART
            CODE    9966H     0028H     UNIT         ?PR?_WR_CLK?CLOCK
            CODE    998EH     0028H     UNIT         ?PR?COM_BAUDRATE?UART
            CODE    99B6H     0027H     UNIT         ?PR?_TX_CHRLCD?PANTALLAS
            CODE    99DDH     0026H     UNIT         ?PR?COM_GETCHAR?UART
            CODE    9A03H     0024H     UNIT         ?PR?TRAMA_VALIDACION_P_N?VERIFICADOR
            CODE    9A27H     0022H     UNIT         ?PR?_E_D_M?EEPROM
            CODE    9A49H     0020H     UNIT         ?PR?ACKD?EEPROM
            CODE    9A69H     0020H     UNIT         ?PR?ACK_LECT?EEPROM
            CODE    9A89H     001FH     UNIT         ?PR?VALIDASENSOR?IO_SENSORES
            CODE    9AA8H     001FH     UNIT         ?PR?VALIDASENSORES_OUT?IO_SENSORES
            CODE    9AC7H     001FH     UNIT         ?PR?TIME_BIT?TIBBO
            CODE    9AE6H     001EH     UNIT         ?PR?_BCD_HEX?CLOCK
            CODE    9B04H     001DH     UNIT         ?CO?PTO_PARALELO
            CODE    9B21H     001BH     UNIT         ?PR?_DELAY_1MS?DELAY
            CODE    9B3CH     0017H     UNIT         ?PR?DISPLAYCURSOR?PROG
            CODE    9B53H     0017H     UNIT         ?PR?TIME_MBIT?TIBBO
            CODE    9B6AH     0014H     UNIT         ?PR?_ISSPACE?ISSPACE
            CODE    9B7EH     0012H     UNIT         ?PR?_DELAY_20US?DELAY
            CODE    9B90H     0012H     UNIT         ?PR?START?EEPROM
            CODE    9BA2H     0012H     UNIT         ?PR?DIR_BOARD?IO_SENSORES
            CODE    9BB4H     0012H     UNIT         ?PR?PULSO_BUS?PTO_PARALELO
            CODE    9BC6H     0012H     UNIT         ?PR?COM_RBUFLEN?UART
            CODE    9BD8H     0012H     UNIT         ?PR?COM_TBUFLEN?UART
            CODE    9BEAH     0010H     UNIT         ?PR?INI_TIMER?MAIN
            CODE    9BFAH     0010H     UNIT         ?PR?INICIA_BOARD?MAIN
            CODE    9C0AH     000FH     UNIT         ?PR?_ISDIGIT?ISDIGIT
            CODE    9C19H     000CH     UNIT         ?PR?_GETKEY?MAIN
            CODE    9C25H     000AH     UNIT         ?PR?COND_INI_PTO?PTO_PARALELO
            CODE    9C2FH     0009H     UNIT         ?PR?STOP?EEPROM
            CODE    9C38H     0009H     UNIT         ?PR?DEBUG_DIVIDIR_TEXTO?TIBBO
            CODE    9C41H     0007H     UNIT         ?PR?COND_INI_CLOCK?CLOCK
            CODE    9C48H     0007H     UNIT         ?PR?SEL_FUNCION?IO_SENSORES
            CODE    9C4FH     0007H     UNIT         ?PR?SEL_AUTO?IO_SENSORES
            CODE    9C56H     0007H     UNIT         ?PR?SEL_SENSOR2?IO_SENSORES
            CODE    9C5DH     0007H     UNIT         ?PR?SEL_SENSOR1?IO_SENSORES
            CODE    9C64H     0007H     UNIT         ?PR?SEL_DIR1?IO_SENSORES
            CODE    9C6BH     0007H     UNIT         ?PR?SEL_DIR2?IO_SENSORES
            CODE    9C72H     0006H     UNIT         ?PR?P_ME?EEPROM
            CODE    9C78H     0005H     UNIT         ?PR?ON_TIMER0_INTERRUP?MAIN
            CODE    9C7DH     0005H     UNIT         ?CO?ACCESCAN
            CODE    9C82H     0005H     UNIT         ?PR?COND_INI_TIBBO?TIBBO
            CODE    9C87H     0003H     UNIT         ?PR?OFF_TIMER0_INTERRUP?MAIN
            CODE    9C8AH     0001H     UNIT         ?PR?DELAY?DELAY



OVERLAY MAP OF MODULE:   .\Objects\verificador_v_01_raspberry (MAIN)


SEGMENT                                             BIT_GROUP          DATA_GROUP          XDATA_GROUP
BL51 BANKED LINKER/LOCATER V6.22.2.0                                                  08/31/2020  09:26:19  PAGE 6


  +--> CALLED SEGMENT                            START    LENGTH     START    LENGTH     START    LENGTH
--------------------------------------------------------------------------------------------------------
?C_C51STARTUP                                    -----    -----      -----    -----      -----    -----
  +--> ?PR?MAIN?MAIN
  +--> ?C_INITSEG

?PR?MAIN?MAIN                                    -----    -----      -----    -----      0000H    0001H
  +--> ?PR?INI_TIMER?MAIN
  +--> ?PR?ON_TIMER0_INTERRUP?MAIN
  +--> ?PR?COM_INITIALIZE?UART
  +--> ?PR?COM_BAUDRATE?UART
  +--> ?PR?INICIA_BOARD?MAIN
  +--> ?PR?TIME_BIT?TIBBO
  +--> ?PR?_DELAY_20US?DELAY
  +--> ?PR?TIME_MBIT?TIBBO
  +--> ?PR?_TX_AUX?TIBBO
  +--> ?PR?SEL_FUNCION?IO_SENSORES
  +--> ?PR?MENU?PROG
  +--> ?PR?VARIABLE_INICIO?EEPROM
  +--> ?PR?SECUENCIA_INICIO_EXPEDIDOR?VERIFI...
  +--> ?PR?_RECIBE_CMD_MONITOR?ACCESCAN
  +--> ?PR?SECUENCIAEXPEDIDOR?VERIFICADOR
  +--> ?PR?_RECIBE_PORT?PTO_PARALELO
  +--> ?PR?_VALIDA_TRAMA_PTO?ACCESCAN
  +--> ?PR?_DEBUG_PTO_PARALELO?TIBBO
  +--> ?PR?MSJ_LCD_INFORMATIVO?IO_SENSORES

?PR?COM_INITIALIZE?UART                          -----    -----      -----    -----      -----    -----
  +--> ?PR?COM_BAUDRATE?UART

?PR?INICIA_BOARD?MAIN                            -----    -----      -----    -----      -----    -----
  +--> ?PR?COND_INI_TIBBO?TIBBO
  +--> ?PR?COND_INI_CLOCK?CLOCK
  +--> ?PR?COND_INI_PTO?PTO_PARALELO

?PR?_TX_AUX?TIBBO                                -----    -----      -----    -----      -----    -----
  +--> ?PR?TIME_BIT?TIBBO

?PR?MENU?PROG                                    -----    -----      -----    -----      0001H    0059H
  +--> ?CO?PROG
  +--> ?PR?PRINTF?PRINTF
  +--> ?PR?_RD_EEPROM?EEPROM
  +--> ?PR?FIRST_CLAVE?PROG
  +--> ?PR?_WR_EEPROM?EEPROM
  +--> ?PR?_LEERMEMORIA?EEPROM
  +--> ?PR?_HASH_ID?PROG
  +--> ?PR?_INGRESADATO?PROG
  +--> ?PR?_GETCMD?PROG
  +--> ?PR?_ESCRIBIRMEMORIA?EEPROM
  +--> ?PR?_VALIDARCLAVE?PROG
  +--> ?PR?DISPLAYCURSOR?PROG
  +--> ?PR?_STRLEN?STRLEN
  +--> ?PR?_GETOPTION?PROG
  +--> ?PR?_STRCAT?STRCAT
  +--> ?PR?_LISTACOMANDOS?PROG
  +--> ?PR?PROG_ID_CLIENTE?PROG
  +--> ?PR?PROG_COD_PARK?PROG
BL51 BANKED LINKER/LOCATER V6.22.2.0                                                  08/31/2020  09:26:19  PAGE 7


  +--> ?PR?PROG_TIEMPO_GRACIA?PROG
  +--> ?PR?PROG_SIN_COBRO?PROG
  +--> ?PR?PROG_DEBUG?PROG
  +--> ?PR?PROG_USE_LPR?PROG
  +--> ?PR?PROG_COMPARACION_ACTIVA?PROG
  +--> ?PR?TIPO_PANTALLA?PROG
  +--> ?PR?DCTO_CAJA?PROG
  +--> ?PR?PROG_HORARIOS?PROG
  +--> ?PR?VER_PROG?PROG
  +--> ?PR?SHOW?PROG
  +--> ?PR?PROG_FECHA_VENCIMIENTO?PROG

?PR?PRINTF?PRINTF                                0020H.0  0001H.1    0008H    0005H      008BH    0030H
  +--> ?PR?_PUTCHAR?MAIN

?PR?_PUTCHAR?MAIN                                -----    -----      -----    -----      00BBH    0003H
  +--> ?PR?_COM_PUTCHAR?UART

?PR?_COM_PUTCHAR?UART                            -----    -----      -----    -----      00BEH    0001H
  +--> ?PR?COM_TBUFLEN?UART

?PR?_RD_EEPROM?EEPROM                            -----    -----      -----    -----      -----    -----
  +--> ?PR?START?EEPROM
  +--> ?PR?ACK_LECT?EEPROM
  +--> ?PR?_E_D_M?EEPROM
  +--> ?PR?ACKD?EEPROM
  +--> ?PR?L_D_M?EEPROM
  +--> ?PR?STOP?EEPROM

?PR?ACK_LECT?EEPROM                              -----    -----      -----    -----      -----    -----
  +--> ?PR?_E_D_M?EEPROM

?PR?_E_D_M?EEPROM                                -----    -----      -----    -----      -----    -----
  +--> ?PR?P_ME?EEPROM

?PR?ACKD?EEPROM                                  -----    -----      -----    -----      -----    -----
  +--> ?PR?_E_D_M?EEPROM

?PR?FIRST_CLAVE?PROG                             -----    -----      -----    -----      005AH    000BH
  +--> ?PR?_BLOCK_READ_CLOCK_ASCII?CLOCK
  +--> ?PR?_HASH_ID?PROG
  +--> ?PR?_ESCRIBIRMEMORIA?EEPROM

?PR?_BLOCK_READ_CLOCK_ASCII?CLOCK                -----    -----      -----    -----      0065H    0003H
  +--> ?PR?_LEE_CLK?CLOCK

?PR?_LEE_CLK?CLOCK                               -----    -----      -----    -----      00C5H    0003H
  +--> ?PR?_DELAY_20US?DELAY
  +--> ?PR?_EB_CLK?CLOCK
  +--> ?PR?P_CK?CLOCK

?PR?_EB_CLK?CLOCK                                -----    -----      -----    -----      00C8H    0003H
  +--> ?PR?P_CK?CLOCK

?PR?P_CK?CLOCK                                   -----    -----      -----    -----      -----    -----
  +--> ?PR?DELAY?DELAY

BL51 BANKED LINKER/LOCATER V6.22.2.0                                                  08/31/2020  09:26:19  PAGE 8


?PR?_HASH_ID?PROG                                -----    -----      -----    -----      0071H    003FH
  +--> ?CO?PROG
  +--> ?PR?_LEERMEMORIA?EEPROM
  +--> ?PR?_CHECK_FECHAOUT_2?CLOCK
  +--> ?PR?_STRLEN?STRLEN

?PR?_LEERMEMORIA?EEPROM                          -----    -----      -----    -----      00B0H    0005H
  +--> ?PR?_RD_EEPROM?EEPROM

?PR?_CHECK_FECHAOUT_2?CLOCK                      -----    -----      -----    -----      00B0H    0012H
  +--> ?PR?_BLOCK_READ_CLOCK_HEX?CLOCK

?PR?_BLOCK_READ_CLOCK_HEX?CLOCK                  -----    -----      -----    -----      00C2H    0003H
  +--> ?PR?_LEE_CLK?CLOCK
  +--> ?PR?_BCD_HEX?CLOCK

?PR?_ESCRIBIRMEMORIA?EEPROM                      -----    -----      -----    -----      0071H    0005H
  +--> ?PR?_WR_EEPROM?EEPROM

?PR?_WR_EEPROM?EEPROM                            -----    -----      -----    -----      -----    -----
  +--> ?PR?START?EEPROM
  +--> ?PR?ACKD?EEPROM
  +--> ?PR?_E_D_M?EEPROM
  +--> ?PR?STOP?EEPROM
  +--> ?PR?_DELAY_1MS?DELAY
  +--> ?PR?_DELAY_20US?DELAY

?PR?_DELAY_1MS?DELAY                             -----    -----      -----    -----      -----    -----
  +--> ?PR?_DELAY_20US?DELAY

?PR?_INGRESADATO?PROG                            -----    -----      -----    -----      0085H    0004H
  +--> ?PR?_GETKEY?MAIN
  +--> ?CO?PROG
  +--> ?PR?PRINTF?PRINTF
  +--> ?PR?_PUTCHAR?MAIN

?PR?_GETKEY?MAIN                                 -----    -----      -----    -----      -----    -----
  +--> ?PR?COM_GETCHAR?UART

?PR?COM_GETCHAR?UART                             -----    -----      -----    -----      -----    -----
  +--> ?PR?COM_RBUFLEN?UART

?PR?_GETCMD?PROG                                 -----    -----      -----    -----      0071H    0007H
  +--> ?CO?PROG
  +--> ?PR?_STRTOK?STRTOK

?PR?_STRTOK?STRTOK                               -----    -----      -----    -----      0078H    0006H
  +--> ?PR?_STRSPN?STRSPN
  +--> ?PR?_STRPBRK?STRPBRK

?PR?_STRSPN?STRSPN                               -----    -----      -----    -----      007EH    0008H

?PR?_STRPBRK?STRPBRK                             -----    -----      -----    -----      007EH    0009H

?PR?_VALIDARCLAVE?PROG                           -----    -----      -----    -----      0071H    000AH

?PR?DISPLAYCURSOR?PROG                           -----    -----      -----    -----      -----    -----
BL51 BANKED LINKER/LOCATER V6.22.2.0                                                  08/31/2020  09:26:19  PAGE 9


  +--> ?CO?PROG
  +--> ?PR?PRINTF?PRINTF

?PR?_GETOPTION?PROG                              -----    -----      -----    -----      005AH    000BH
  +--> ?CO?PROG
  +--> ?PR?_STRTOK?STRTOK

?PR?_STRCAT?STRCAT                               -----    -----      -----    -----      005AH    0009H

?PR?_LISTACOMANDOS?PROG                          -----    -----      -----    -----      005AH    0007H

?PR?PROG_ID_CLIENTE?PROG                         -----    -----      -----    -----      005AH    000CH
  +--> ?PR?_RD_EEPROM?EEPROM
  +--> ?CO?PROG
  +--> ?PR?PRINTF?PRINTF
  +--> ?PR?_INGRESADATO?PROG
  +--> ?PR?_ATOI?ATOI
  +--> ?PR?_WR_EEPROM?EEPROM

?PR?_ATOI?ATOI                                   0020H.0  0000H.1    -----    -----      0085H    0005H
  +--> ?PR?_ISSPACE?ISSPACE
  +--> ?PR?_ISDIGIT?ISDIGIT

?PR?PROG_COD_PARK?PROG                           -----    -----      -----    -----      005AH    000CH
  +--> ?PR?_RD_EEPROM?EEPROM
  +--> ?CO?PROG
  +--> ?PR?PRINTF?PRINTF
  +--> ?PR?_INGRESADATO?PROG
  +--> ?PR?_ATOI?ATOI
  +--> ?PR?_WR_EEPROM?EEPROM

?PR?PROG_TIEMPO_GRACIA?PROG                      -----    -----      -----    -----      005AH    000CH
  +--> ?PR?_RD_EEPROM?EEPROM
  +--> ?CO?PROG
  +--> ?PR?PRINTF?PRINTF
  +--> ?PR?_INGRESADATO?PROG
  +--> ?PR?_ATOI?ATOI
  +--> ?PR?_WR_EEPROM?EEPROM

?PR?PROG_SIN_COBRO?PROG                          -----    -----      -----    -----      005AH    000CH
  +--> ?PR?_RD_EEPROM?EEPROM
  +--> ?CO?PROG
  +--> ?PR?PRINTF?PRINTF
  +--> ?PR?_INGRESADATO?PROG
  +--> ?PR?_ATOI?ATOI
  +--> ?PR?_WR_EEPROM?EEPROM

?PR?PROG_DEBUG?PROG                              -----    -----      -----    -----      005AH    000CH
  +--> ?PR?_RD_EEPROM?EEPROM
  +--> ?CO?PROG
  +--> ?PR?PRINTF?PRINTF
  +--> ?PR?_INGRESADATO?PROG
  +--> ?PR?_ATOI?ATOI
  +--> ?PR?_WR_EEPROM?EEPROM

?PR?PROG_USE_LPR?PROG                            -----    -----      -----    -----      005AH    000CH
  +--> ?PR?_RD_EEPROM?EEPROM
BL51 BANKED LINKER/LOCATER V6.22.2.0                                                  08/31/2020  09:26:19  PAGE 10


  +--> ?CO?PROG
  +--> ?PR?PRINTF?PRINTF
  +--> ?PR?_INGRESADATO?PROG
  +--> ?PR?_ATOI?ATOI
  +--> ?PR?_WR_EEPROM?EEPROM

?PR?PROG_COMPARACION_ACTIVA?PROG                 -----    -----      -----    -----      005AH    000CH
  +--> ?PR?_RD_EEPROM?EEPROM
  +--> ?CO?PROG
  +--> ?PR?PRINTF?PRINTF
  +--> ?PR?_INGRESADATO?PROG
  +--> ?PR?_ATOI?ATOI
  +--> ?PR?_WR_EEPROM?EEPROM

?PR?TIPO_PANTALLA?PROG                           -----    -----      -----    -----      005AH    000CH
  +--> ?PR?_RD_EEPROM?EEPROM
  +--> ?CO?PROG
  +--> ?PR?PRINTF?PRINTF
  +--> ?PR?_INGRESADATO?PROG
  +--> ?PR?_ATOI?ATOI
  +--> ?PR?_WR_EEPROM?EEPROM

?PR?DCTO_CAJA?PROG                               -----    -----      -----    -----      005AH    000CH
  +--> ?PR?_RD_EEPROM?EEPROM
  +--> ?CO?PROG
  +--> ?PR?PRINTF?PRINTF
  +--> ?PR?_INGRESADATO?PROG
  +--> ?PR?_ATOI?ATOI
  +--> ?PR?_WR_EEPROM?EEPROM

?PR?PROG_HORARIOS?PROG                           -----    -----      -----    -----      005AH    001BH
  +--> ?PR?ADDR_HORARIOS?PROG
  +--> ?CO?PROG
  +--> ?PR?PRINTF?PRINTF
  +--> ?PR?_INGRESADATO?PROG
  +--> ?PR?_ATOI?ATOI
  +--> ?PR?_PROG_HORARIOS_ON_OFF?PROG
  +--> ?PR?_WR_EEPROM?EEPROM
  +--> ?PR?_PROG_HORARIO_DIAS?PROG
  +--> ?PR?_PROG_HORARIO_DESDE_HASTA?PROG
  +--> ?PR?_RD_EEPROM?EEPROM

?PR?ADDR_HORARIOS?PROG                           -----    -----      -----    -----      0088H    000BH

?PR?_PROG_HORARIOS_ON_OFF?PROG                   -----    -----      -----    -----      0075H    0010H
  +--> ?PR?_RD_EEPROM?EEPROM
  +--> ?CO?PROG
  +--> ?PR?PRINTF?PRINTF
  +--> ?PR?_INGRESADATO?PROG
  +--> ?PR?_ATOI?ATOI
  +--> ?PR?_WR_EEPROM?EEPROM

?PR?_PROG_HORARIO_DIAS?PROG                      -----    -----      -----    -----      0075H    000FH
  +--> ?CO?PROG
  +--> ?PR?PRINTF?PRINTF
  +--> ?PR?_INGRESADATO?PROG
  +--> ?PR?_WR_EEPROM?EEPROM
BL51 BANKED LINKER/LOCATER V6.22.2.0                                                  08/31/2020  09:26:19  PAGE 11


  +--> ?PR?_RD_EEPROM?EEPROM

?PR?_PROG_HORARIO_DESDE_HASTA?PROG               -----    -----      -----    -----      0075H    000CH
  +--> ?CO?PROG
  +--> ?PR?PRINTF?PRINTF
  +--> ?PR?_INGRESADATO?PROG
  +--> ?PR?_WR_EEPROM?EEPROM
  +--> ?PR?_RD_EEPROM?EEPROM

?PR?VER_PROG?PROG                                -----    -----      -----    -----      005AH    0013H
  +--> ?PR?_RD_EEPROM?EEPROM
  +--> ?CO?PROG
  +--> ?PR?PRINTF?PRINTF
  +--> ?PR?VER_HORARIO?PROG
  +--> ?PR?_LEERMEMORIA?EEPROM
  +--> ?PR?_HEX_ASCII?CLOCK

?PR?VER_HORARIO?PROG                             -----    -----      -----    -----      006DH    001BH
  +--> ?PR?ADDR_HORARIOS?PROG
  +--> ?CO?PROG
  +--> ?PR?PRINTF?PRINTF
  +--> ?PR?_RD_EEPROM?EEPROM
  +--> ?PR?_VER_HORARIO_DIAS?PROG
  +--> ?PR?_VER_HORARIO_DESDE_HASTA?PROG

?PR?_VER_HORARIO_DIAS?PROG                       -----    -----      -----    -----      0088H    0003H
  +--> ?PR?_RD_EEPROM?EEPROM
  +--> ?CO?PROG
  +--> ?PR?PRINTF?PRINTF

?PR?_VER_HORARIO_DESDE_HASTA?PROG                -----    -----      -----    -----      0088H    0002H
  +--> ?CO?PROG
  +--> ?PR?PRINTF?PRINTF
  +--> ?PR?_RD_EEPROM?EEPROM

?PR?_HEX_ASCII?CLOCK                             -----    -----      -----    -----      0071H    0006H
  +--> ?PR?_HEX_BCD?CLOCK

?PR?SHOW?PROG                                    -----    -----      -----    -----      -----    -----
  +--> ?CO?PROG
  +--> ?PR?PRINTF?PRINTF

?PR?PROG_FECHA_VENCIMIENTO?PROG                  -----    -----      -----    -----      005AH    0017H
  +--> ?PR?_LEERMEMORIA?EEPROM
  +--> ?PR?_HEX_ASCII?CLOCK
  +--> ?CO?PROG
  +--> ?PR?PRINTF?PRINTF
  +--> ?PR?_HASH_ID?PROG
  +--> ?PR?_INGRESADATO?PROG
  +--> ?PR?_GETCMD?PROG
  +--> ?PR?_ESCRIBIRMEMORIA?EEPROM
  +--> ?PR?_VALIDARCLAVE?PROG
  +--> ?PR?_ATOI?ATOI
  +--> ?PR?_WR_EEPROM?EEPROM

?PR?VARIABLE_INICIO?EEPROM                       -----    -----      -----    -----      -----    -----
  +--> ?PR?_RD_EEPROM?EEPROM
BL51 BANKED LINKER/LOCATER V6.22.2.0                                                  08/31/2020  09:26:19  PAGE 12



?PR?SECUENCIA_INICIO_EXPEDIDOR?VERIFI...         -----    -----      -----    -----      0001H    0001H
  +--> ?PR?_INICIALIZA?LINTECH
  +--> ?PR?TRAMA_VALIDACION_P_N?VERIFICADOR
  +--> ?CO?VERIFICADOR
  +--> ?PR?_DEBUG_TXT_TIBBO?TIBBO
  +--> ?PR?_DEBUGBUFFERMF?TIBBO
  +--> ?PR?DWLOAD_EEPROM?LINTECH

?PR?_INICIALIZA?LINTECH                          -----    -----      -----    -----      0002H    000CH
  +--> ?CO?LINTECH
  +--> ?PR?_DEBUG_TXT_TIBBO?TIBBO
  +--> ?PR?_DEBUGBUFFERMF?TIBBO
  +--> ?PR?_ESCRIBIRCADENASOFT_BUFFER?MAIN

?PR?_DEBUG_TXT_TIBBO?TIBBO                       -----    -----      -----    -----      003AH    0004H
  +--> ?CO?TIBBO
  +--> ?PR?_TX_AUX?TIBBO

?PR?_DEBUGBUFFERMF?TIBBO                         -----    -----      -----    -----      0034H    0006H
  +--> ?CO?TIBBO
  +--> ?PR?_DEBUG_TXT_TIBBO?TIBBO
  +--> ?PR?_DEBUG_CHR_TIBBO?TIBBO
  +--> ?PR?_TX_AUX?TIBBO

?PR?_DEBUG_CHR_TIBBO?TIBBO                       -----    -----      -----    -----      -----    -----
  +--> ?PR?_TX_AUX?TIBBO

?PR?_ESCRIBIRCADENASOFT_BUFFER?MAIN              -----    -----      -----    -----      0034H    0006H
  +--> ?PR?_PUTCHAR?MAIN

?PR?DWLOAD_EEPROM?LINTECH                        -----    -----      -----    -----      0002H    0016H
  +--> ?CO?LINTECH
  +--> ?PR?_DEBUG_TXT_TIBBO?TIBBO
  +--> ?PR?_DEBUGBUFFERMF?TIBBO
  +--> ?PR?_ESCRIBIRCADENASOFT_BUFFER?MAIN

?PR?_RECIBE_CMD_MONITOR?ACCESCAN                 -----    -----      -----    -----      0001H    0006H
  +--> ?PR?RX_DATA?TIBBO

?PR?RX_DATA?TIBBO                                -----    -----      -----    -----      -----    -----
  +--> ?PR?TIME_MBIT?TIBBO
  +--> ?PR?TIME_BIT?TIBBO

?PR?SECUENCIAEXPEDIDOR?VERIFICADOR               -----    -----      -----    -----      0001H    000DH
  +--> ?PR?_CARD_INSERCION?LINTECH
  +--> ?PR?TRAMA_VALIDACION_P_N?VERIFICADOR
  +--> ?CO?VERIFICADOR
  +--> ?PR?ERROR_RX_PTO?VERIFICADOR
  +--> ?PR?_CHECK_STATUS?LINTECH
  +--> ?PR?_DEBUG_TXT_TIBBO?TIBBO
  +--> ?PR?_DEBUGBUFFERMF?TIBBO
  +--> ?PR?VALIDASENSORESPASO?IO_SENSORES
  +--> ?PR?_SEND_PORTERR?PTO_PARALELO
  +--> ?PR?_PANTALLALCD?PANTALLAS
  +--> ?PR?AUT_CARD_CHECK_STATUS?LINTECH
  +--> ?PR?LOADVERIFY_EEPROM?LINTECH
BL51 BANKED LINKER/LOCATER V6.22.2.0                                                  08/31/2020  09:26:19  PAGE 13


  +--> ?PR?_RD_MF?LINTECH
  +--> ?PR?_DEBUG_HEXDEC?TIBBO
  +--> ?PR?_DEBUG_CHR_TIBBO?TIBBO
  +--> ?PR?_BLOCK_READ_CLOCK_HEX?CLOCK
  +--> ?PR?_RD_EEPROM?EEPROM
  +--> ?PR?DEBUG_DIVIDIR_TEXTO?TIBBO
  +--> ?PR?PRINTF?PRINTF
  +--> ?PR?_ANALIZA_TIEMPO?CLOCK
  +--> ?PR?_CHECK_FECHAOUT?CLOCK
  +--> ?PR?_HORARIOS?VERIFICADOR
  +--> ?PR?_CHECK_FECHAOUT_2?CLOCK
  +--> ?PR?_TRAMA_PTO_PARALELO_NEW?PTO_PARALELO
  +--> ?PR?_CMD_LPR_SALIDA?ACCESCAN
  +--> ?PR?_WR_MF?LINTECH
  +--> ?PR?_MOV_CARD?LINTECH
  +--> ?PR?VALIDASENSORES_OUT?IO_SENSORES
  +--> ?PR?_TRAMA_PTO_PARALELO_P?PTO_PARALELO

?PR?_CARD_INSERCION?LINTECH                      -----    -----      -----    -----      000EH    000AH
  +--> ?CO?LINTECH
  +--> ?PR?_DEBUG_TXT_TIBBO?TIBBO
  +--> ?PR?_DEBUGBUFFERMF?TIBBO
  +--> ?PR?_ESCRIBIRCADENASOFT_BUFFER?MAIN

?PR?ERROR_RX_PTO?VERIFICADOR                     -----    -----      -----    -----      000EH    0001H
  +--> ?CO?VERIFICADOR
  +--> ?PR?_DEBUG_TXT_TIBBO?TIBBO
  +--> ?PR?_DEBUG_CHR_TIBBO?TIBBO
  +--> ?PR?_DELAY_10MS?DELAY

?PR?_DELAY_10MS?DELAY                            -----    -----      -----    -----      000FH    0004H
  +--> ?PR?_DELAY_1MS?DELAY

?PR?_CHECK_STATUS?LINTECH                        -----    -----      -----    -----      000EH    000BH
  +--> ?CO?LINTECH
  +--> ?PR?_DEBUG_TXT_TIBBO?TIBBO
  +--> ?PR?_DEBUGBUFFERMF?TIBBO
  +--> ?PR?_ESCRIBIRCADENASOFT_BUFFER?MAIN

?PR?VALIDASENSORESPASO?IO_SENSORES               -----    -----      -----    -----      -----    -----
  +--> ?PR?SEL_SENSOR2?IO_SENSORES
  +--> ?PR?VALIDASENSOR?IO_SENSORES
  +--> ?PR?SEL_SENSOR1?IO_SENSORES
  +--> ?PR?SEL_AUTO?IO_SENSORES
  +--> ?CO?IO_SENSORES
  +--> ?PR?_DEBUG_TXT_TIBBO?TIBBO

?PR?_SEND_PORTERR?PTO_PARALELO                   -----    -----      -----    -----      000EH    0006H
  +--> ?PR?PULSO_BUS?PTO_PARALELO
  +--> ?PR?_DELAY_20US?DELAY

?PR?PULSO_BUS?PTO_PARALELO                       -----    -----      -----    -----      -----    -----
  +--> ?PR?_DELAY_20US?DELAY

?PR?_PANTALLALCD?PANTALLAS                       -----    -----      -----    -----      0010H    0008H
  +--> ?CO?PANTALLAS
  +--> ?PR?_LCD_TXT?PANTALLAS
BL51 BANKED LINKER/LOCATER V6.22.2.0                                                  08/31/2020  09:26:19  PAGE 14


  +--> ?PR?_STRLEN?STRLEN
  +--> ?PR?_TX_CHRLCD?PANTALLAS
  +--> ?PR?_RASPBERRY_DATA?PANTALLAS

?PR?_LCD_TXT?PANTALLAS                           -----    -----      -----    -----      003AH    0005H
  +--> ?PR?_TX_CHRLCD?PANTALLAS

?PR?_TX_CHRLCD?PANTALLAS                         -----    -----      -----    -----      003FH    0002H
  +--> ?PR?_PUTCHAR?MAIN

?PR?_RASPBERRY_DATA?PANTALLAS                    -----    -----      -----    -----      003AH    0005H
  +--> ?PR?_STRLEN?STRLEN
  +--> ?PR?_PUTCHAR?MAIN

?PR?AUT_CARD_CHECK_STATUS?LINTECH                -----    -----      -----    -----      000EH    000BH
  +--> ?CO?LINTECH
  +--> ?PR?_DEBUG_TXT_TIBBO?TIBBO
  +--> ?PR?_DEBUGBUFFERMF?TIBBO
  +--> ?PR?_ESCRIBIRCADENASOFT_BUFFER?MAIN

?PR?LOADVERIFY_EEPROM?LINTECH                    -----    -----      -----    -----      000EH    0010H
  +--> ?CO?LINTECH
  +--> ?PR?_DEBUG_TXT_TIBBO?TIBBO
  +--> ?PR?_DEBUGBUFFERMF?TIBBO
  +--> ?PR?_ESCRIBIRCADENASOFT_BUFFER?MAIN

?PR?_RD_MF?LINTECH                               -----    -----      -----    -----      000EH    0012H
  +--> ?CO?LINTECH
  +--> ?PR?_DEBUG_TXT_TIBBO?TIBBO
  +--> ?PR?_DEBUG_CHR_TIBBO?TIBBO
  +--> ?PR?_DEBUGBUFFERMF?TIBBO
  +--> ?PR?_ESCRIBIRCADENASOFT_BUFFER?MAIN

?PR?_DEBUG_HEXDEC?TIBBO                          -----    -----      -----    -----      000EH    0002H
  +--> ?PR?_TX_AUX?TIBBO

?PR?DEBUG_DIVIDIR_TEXTO?TIBBO                    -----    -----      -----    -----      -----    -----
  +--> ?CO?TIBBO
  +--> ?PR?_DEBUG_TXT_TIBBO?TIBBO

?PR?_ANALIZA_TIEMPO?CLOCK                        0020H.0  0000H.2    -----    -----      000EH    000FH

?PR?_CHECK_FECHAOUT?CLOCK                        -----    -----      -----    -----      000EH    000AH
  +--> ?PR?_BLOCK_READ_CLOCK_HEX?CLOCK
  +--> ?PR?_DEBUG_FECHA_ACTUAL?TIBBO

?PR?_DEBUG_FECHA_ACTUAL?TIBBO                    -----    -----      -----    -----      0018H    0003H
  +--> ?CO?TIBBO
  +--> ?PR?_DEBUG_TXT_TIBBO?TIBBO
  +--> ?PR?_HEX_BCD?CLOCK
  +--> ?PR?_DEBUG_CHR_TIBBO?TIBBO
  +--> ?PR?_TX_AUX?TIBBO

?PR?_HORARIOS?VERIFICADOR                        -----    -----      -----    -----      000EH    0011H
  +--> ?PR?ADDR_HORARIOS?PROG
  +--> ?PR?_RD_EEPROM?EEPROM
  +--> ?PR?_LEE_CLK?CLOCK
BL51 BANKED LINKER/LOCATER V6.22.2.0                                                  08/31/2020  09:26:19  PAGE 15


  +--> ?CO?VERIFICADOR
  +--> ?PR?_DEBUG_TXT_TIBBO?TIBBO
  +--> ?PR?_DEBUG_CHR_TIBBO?TIBBO
  +--> ?PR?_BLOQUE_HORARIO?VERIFICADOR

?PR?_BLOQUE_HORARIO?VERIFICADOR                  -----    -----      -----    -----      001FH    0007H
  +--> ?CO?VERIFICADOR
  +--> ?PR?_DEBUG_TXT_TIBBO?TIBBO
  +--> ?PR?_LEE_CLK?CLOCK
  +--> ?PR?_DEBUG_CHR_TIBBO?TIBBO
  +--> ?PR?_HORA_MAXIMA?VERIFICADOR
  +--> ?PR?_EN_HORARIO?VERIFICADOR
  +--> ?PR?_RD_EEPROM?EEPROM

?PR?_HORA_MAXIMA?VERIFICADOR                     -----    -----      -----    -----      002BH    0008H
  +--> ?PR?_RD_EEPROM?EEPROM
  +--> ?PR?_DEBUG_CHR_TIBBO?TIBBO
  +--> ?CO?VERIFICADOR
  +--> ?PR?_DEBUG_TXT_TIBBO?TIBBO

?PR?_EN_HORARIO?VERIFICADOR                      -----    -----      -----    -----      0026H    0005H
  +--> ?CO?VERIFICADOR
  +--> ?PR?_DEBUG_TXT_TIBBO?TIBBO
  +--> ?PR?_HORA_MAXIMA?VERIFICADOR

?PR?_TRAMA_PTO_PARALELO_NEW?PTO_PARALELO         -----    -----      -----    -----      000EH    0026H
  +--> ?PR?_BLOCK_READ_CLOCK_HEX?CLOCK
  +--> ?PR?_SEND_PORT?PTO_PARALELO
  +--> ?PR?DEBUG_DIVIDIR_TEXTO?TIBBO
  +--> ?CO?PTO_PARALELO
  +--> ?PR?_DEBUG_TXT_TIBBO?TIBBO
  +--> ?PR?_DEBUGBUFFERMF?TIBBO

?PR?_SEND_PORT?PTO_PARALELO                      -----    -----      -----    -----      0034H    000AH
  +--> ?PR?PULSO_BUS?PTO_PARALELO
  +--> ?PR?_DELAY_20US?DELAY

?PR?_CMD_LPR_SALIDA?ACCESCAN                     -----    -----      -----    -----      000EH    0025H
  +--> ?PR?DIR_BOARD?IO_SENSORES
  +--> ?PR?_HEX_BCD?CLOCK
  +--> ?PR?_MONITOR_CHR?ACCESCAN

?PR?DIR_BOARD?IO_SENSORES                        -----    -----      -----    -----      -----    -----
  +--> ?PR?SEL_DIR1?IO_SENSORES
  +--> ?PR?SEL_DIR2?IO_SENSORES

?PR?_MONITOR_CHR?ACCESCAN                        -----    -----      -----    -----      0033H    0005H
  +--> ?PR?_TX_AUX?TIBBO

?PR?_WR_MF?LINTECH                               -----    -----      -----    -----      000EH    0026H
  +--> ?CO?LINTECH
  +--> ?PR?_DEBUG_TXT_TIBBO?TIBBO
  +--> ?PR?_DEBUG_CHR_TIBBO?TIBBO
  +--> ?PR?DIR_BOARD?IO_SENSORES
  +--> ?PR?_DEBUGBUFFERMF?TIBBO
  +--> ?PR?_ESCRIBIRCADENASOFT_BUFFER?MAIN

BL51 BANKED LINKER/LOCATER V6.22.2.0                                                  08/31/2020  09:26:19  PAGE 16


?PR?_MOV_CARD?LINTECH                            -----    -----      -----    -----      000EH    000CH
  +--> ?CO?LINTECH
  +--> ?PR?_DEBUG_TXT_TIBBO?TIBBO
  +--> ?PR?_DEBUGBUFFERMF?TIBBO
  +--> ?PR?_ESCRIBIRCADENASOFT_BUFFER?MAIN

?PR?VALIDASENSORES_OUT?IO_SENSORES               -----    -----      -----    -----      -----    -----
  +--> ?PR?SEL_SENSOR2?IO_SENSORES
  +--> ?PR?VALIDASENSOR?IO_SENSORES

?PR?_TRAMA_PTO_PARALELO_P?PTO_PARALELO           -----    -----      -----    -----      000EH    0008H
  +--> ?PR?_SEND_PORT?PTO_PARALELO
  +--> ?PR?DEBUG_DIVIDIR_TEXTO?TIBBO
  +--> ?PR?_DEBUGBUFFERMF?TIBBO

?PR?_RECIBE_PORT?PTO_PARALELO                    -----    -----      -----    -----      0001H    0008H
  +--> ?PR?OFF_TIMER0_INTERRUP?MAIN
  +--> ?PR?ON_TIMER0_INTERRUP?MAIN

?PR?_VALIDA_TRAMA_PTO?ACCESCAN                   -----    -----      -----    -----      0001H    000FH
  +--> ?PR?_RD_EEPROM?EEPROM
  +--> ?PR?_VALIDAR_CLK?CLOCK
  +--> ?PR?_BLOCK_WRITE_CLOCK_ASCII?CLOCK
  +--> ?PR?RELOJ_PANTALLA_LCD?PANTALLAS
  +--> ?PR?_PANTALLALCD?PANTALLAS
  +--> ?CO?ACCESCAN
  +--> ?PR?_DEBUG_TXT_TIBBO?TIBBO
  +--> ?PR?_BYTEHEX_DECIMAL?CLOCK
  +--> ?PR?_TWO_BYTEHEX_DECIMAL?CLOCK
  +--> ?PR?VALIDASENSORESPASO?IO_SENSORES
  +--> ?PR?_CMD_LPR_SALIDA_WIEGAND?ACCESCAN
  +--> ?PR?_PANTALLALCD_LINEA_2?PANTALLAS

?PR?_BLOCK_WRITE_CLOCK_ASCII?CLOCK               -----    -----      -----    -----      0010H    0003H
  +--> ?PR?_TWO_ONE?CLOCK
  +--> ?PR?_WR_CLK?CLOCK

?PR?_WR_CLK?CLOCK                                -----    -----      -----    -----      0013H    0002H
  +--> ?PR?_DELAY_20US?DELAY
  +--> ?PR?_EB_CLK?CLOCK

?PR?RELOJ_PANTALLA_LCD?PANTALLAS                 -----    -----      -----    -----      0010H    000DH
  +--> ?CO?PANTALLAS
  +--> ?PR?_BLOCK_READ_CLOCK?CLOCK
  +--> ?PR?_LCD_TXT_NUM_CHAR?PANTALLAS
  +--> ?PR?_RASPBERRY_DATA?PANTALLAS

?PR?_BLOCK_READ_CLOCK?CLOCK                      -----    -----      -----    -----      001DH    0003H
  +--> ?PR?_LEE_CLK?CLOCK

?PR?_LCD_TXT_NUM_CHAR?PANTALLAS                  -----    -----      -----    -----      001DH    0006H
  +--> ?PR?_TX_CHRLCD?PANTALLAS

?PR?_BYTEHEX_DECIMAL?CLOCK                       -----    -----      -----    -----      0010H    0001H

?PR?_TWO_BYTEHEX_DECIMAL?CLOCK                   -----    -----      -----    -----      0010H    000CH
  +--> ?PR?_POW?POW
BL51 BANKED LINKER/LOCATER V6.22.2.0                                                  08/31/2020  09:26:19  PAGE 17



?PR?_POW?POW                                     -----    -----      -----    -----      001CH    000AH
  +--> ?PR?LOG?LOG
  +--> ?PR?EXP?EXP

?PR?LOG?LOG                                      0020H.0  0000H.1    -----    -----      0026H    0004H

?PR?_CMD_LPR_SALIDA_WIEGAND?ACCESCAN             -----    -----      -----    -----      0010H    0022H
  +--> ?PR?DIR_BOARD?IO_SENSORES
  +--> ?PR?_BLOCK_READ_CLOCK_ASCII?CLOCK
  +--> ?PR?_MONITOR_CHR?ACCESCAN

?PR?_PANTALLALCD_LINEA_2?PANTALLAS               -----    -----      -----    -----      0010H    002AH
  +--> ?CO?PANTALLAS
  +--> ?PR?_LCD_TXT?PANTALLAS
  +--> ?PR?_STRLEN?STRLEN
  +--> ?PR?_TX_CHRLCD?PANTALLAS
  +--> ?PR?_STRCAT?STRCAT
  +--> ?PR?_RASPBERRY_DATA?PANTALLAS

?PR?_DEBUG_PTO_PARALELO?TIBBO                    -----    -----      -----    -----      0001H    0004H
  +--> ?CO?TIBBO
  +--> ?PR?_DEBUG_TXT_TIBBO?TIBBO
  +--> ?PR?_DEBUGBUFFERMF?TIBBO
  +--> ?PR?_DEBUG_CHR_TIBBO?TIBBO
  +--> ?PR?DEBUG_DIVIDIR_TEXTO?TIBBO

?PR?MSJ_LCD_INFORMATIVO?IO_SENSORES              -----    -----      -----    -----      0001H    0001H
  +--> ?PR?SEL_FUNCION?IO_SENSORES
  +--> ?PR?LOAD_AND_SEND_INFO_RELOJ?PTO_PARA...
  +--> ?PR?LOAD_AND_SEND_ID_COD?PTO_PARALELO
  +--> ?PR?_RD_EEPROM?EEPROM
  +--> ?PR?_SEND_PORTERR?PTO_PARALELO

?PR?LOAD_AND_SEND_INFO_RELOJ?PTO_PARA...         -----    -----      -----    -----      0002H    000BH
  +--> ?PR?_BLOCK_READ_CLOCK?CLOCK
  +--> ?PR?_LEE_CLK?CLOCK
  +--> ?PR?_SEND_PORT?PTO_PARALELO

?PR?LOAD_AND_SEND_ID_COD?PTO_PARALELO            -----    -----      -----    -----      0002H    0011H
  +--> ?CO?PTO_PARALELO
  +--> ?PR?PRINTF?PRINTF
  +--> ?PR?_SEND_PORT?PTO_PARALELO



SYMBOL TABLE OF MODULE:  .\Objects\verificador_v_01_raspberry (MAIN)

  VALUE           TYPE          NAME
  ----------------------------------

  -------         MODULE        MAIN
  C:0000H         SYMBOL        _ICE_DUMMY_
  D:0080H         PUBLIC        P0
  D:0090H         PUBLIC        P1
  C:98A5H         PUBLIC        timer0_int
  D:00B0H         PUBLIC        P3
BL51 BANKED LINKER/LOCATER V6.22.2.0                                                  08/31/2020  09:26:19  PAGE 18


  B:00A8H.7       PUBLIC        EA
  C:9C87H         PUBLIC        off_Timer0_Interrup
  X:00F3H         PUBLIC        ValTimeOutCom
  X:00F4H         PUBLIC        Buffer_Rta_Lintech
  X:0126H         PUBLIC        Timer_wait
  X:0127H         PUBLIC        g_cContByteRx
  B:0080H.0       PUBLIC        rx_ip
  B:0080H.3       PUBLIC        Atascado
  C:8A47H         PUBLIC        main
  X:0128H         PUBLIC        Timer_tivo
  B:0090H.7       PUBLIC        lock
  I:0022H         PUBLIC        rbuf
  C:9C78H         PUBLIC        on_Timer0_Interrup
  I:0054H         PUBLIC        tbuf
  B:0090H.1       PUBLIC        DataIn
  D:0089H         PUBLIC        TMOD
  X:012AH         PUBLIC        Debug_Tibbo
  B:0021H.1       PUBLIC        prto_ready
  X:012BH         PUBLIC        Raspberry
  X:012CH         PUBLIC        SIN_COBRO
  X:012EH         PUBLIC        Tipo_Vehiculo
  B:00B0H.3       PUBLIC        busy
  C:9BEAH         PUBLIC        ini_timer
  B:00A8H.1       PUBLIC        ET0
  B:0088H.5       PUBLIC        TF0
  X:012FH         PUBLIC        COMPARACION_ACTIVA
  D:008CH         PUBLIC        TH0
  X:0130H         PUBLIC        ACK
  X:0131H         PUBLIC        g_cEstadoComSoft
  D:008AH         PUBLIC        TL0
  B:0088H.4       PUBLIC        TR0
  C:9BFAH         PUBLIC        inicia_board
  X:0132H         PUBLIC        T_GRACIA
  X:0134H         PUBLIC        COD_PARK
  B:0080H.7       PUBLIC        sel_com
  X:0136H         PUBLIC        STX_LINTECH
  C:9C19H         PUBLIC        _getkey
  X:0137H         PUBLIC        g_cEstadoComSeqMF
  X:0138H         PUBLIC        ETX
  X:0139H         PUBLIC        ID_CLIENTE
  C:94DBH         PUBLIC        _EscribirCadenaSoft_buffer
  B:0021H.2       PUBLIC        buffer_ready
  C:9778H         PUBLIC        _putchar
  -------         PROC          TIMER0_INT
  C:98A5H         LINE#         13
  C:98ABH         LINE#         15
  C:98B3H         LINE#         16
  C:98B3H         LINE#         17
  C:98B5H         LINE#         18
  C:98B7H         LINE#         19
  C:98B9H         LINE#         21
  C:98B9H         LINE#         22
  C:98BFH         LINE#         23
  C:98C5H         LINE#         24
  C:98D3H         LINE#         25
  C:98D5H         LINE#         26
  C:98D5H         LINE#         27
BL51 BANKED LINKER/LOCATER V6.22.2.0                                                  08/31/2020  09:26:19  PAGE 19


  -------         ENDPROC       TIMER0_INT
  -------         PROC          INI_TIMER
  C:9BEAH         LINE#         30
  C:9BEAH         LINE#         31
  C:9BEAH         LINE#         33
  C:9BF2H         LINE#         35
  C:9BF5H         LINE#         36
  C:9BF7H         LINE#         37
  C:9BF9H         LINE#         39
  -------         ENDPROC       INI_TIMER
  -------         PROC          ON_TIMER0_INTERRUP
  C:9C78H         LINE#         42
  C:9C78H         LINE#         43
  C:9C78H         LINE#         44
  C:9C7AH         LINE#         45
  C:9C7CH         LINE#         47
  -------         ENDPROC       ON_TIMER0_INTERRUP
  -------         PROC          OFF_TIMER0_INTERRUP
  C:9C87H         LINE#         50
  C:9C87H         LINE#         51
  C:9C87H         LINE#         52
  C:9C89H         LINE#         54
  -------         ENDPROC       OFF_TIMER0_INTERRUP
  -------         PROC          _GETKEY
  -------         DO            
  D:0006H         SYMBOL        k
  -------         ENDDO         
  C:9C19H         LINE#         62
  C:9C19H         LINE#         63
  C:9C19H         LINE#         67
  C:9C19H         LINE#         68
  C:9C1CH         LINE#         69
  C:9C1CH         LINE#         70
  C:9C24H         LINE#         72
  C:9C24H         LINE#         73
  -------         ENDPROC       _GETKEY
  -------         PROC          _PUTCHAR
  X:00BBH         SYMBOL        c
  -------         DO            
  X:00BCH         SYMBOL        i
  -------         ENDDO         
  C:9778H         LINE#         77
  C:977DH         LINE#         78
  C:977DH         LINE#         81
  C:978CH         LINE#         82
  C:978CH         LINE#         83
  C:97A2H         LINE#         84
  C:97A2H         LINE#         86
  C:97B0H         LINE#         87
  C:97B0H         LINE#         89
  C:97B5H         LINE#         90
  -------         ENDPROC       _PUTCHAR
  -------         PROC          _ESCRIBIRCADENASOFT_BUFFER
  X:0034H         SYMBOL        buffer
  X:0037H         SYMBOL        tamano_cadena
  -------         DO            
  X:0038H         SYMBOL        i
BL51 BANKED LINKER/LOCATER V6.22.2.0                                                  08/31/2020  09:26:19  PAGE 20


  X:0039H         SYMBOL        d
  -------         ENDDO         
  C:94DBH         LINE#         94
  C:94E9H         LINE#         95
  C:94E9H         LINE#         97
  C:94F7H         LINE#         98
  C:94F7H         LINE#         99
  C:950EH         LINE#         100
  C:9518H         LINE#         101
  C:9520H         LINE#         102
  -------         ENDPROC       _ESCRIBIRCADENASOFT_BUFFER
  -------         PROC          INICIA_BOARD
  C:9BFAH         LINE#         139
  C:9BFAH         LINE#         140
  C:9BFAH         LINE#         141
  C:9BFDH         LINE#         142
  C:9C00H         LINE#         143
  C:9C03H         LINE#         144
  C:9C05H         LINE#         145
  C:9C07H         LINE#         146
  C:9C09H         LINE#         148
  -------         ENDPROC       INICIA_BOARD
  -------         PROC          MAIN
  -------         DO            
  X:00CBH         SYMBOL        buffer
  X:0000H         SYMBOL        Length_trama
  -------         ENDDO         
  C:8A47H         LINE#         158
  C:8A47H         LINE#         159
  C:8A47H         LINE#         167
  C:8A4AH         LINE#         168
  C:8A4DH         LINE#         169
  C:8A50H         LINE#         170
  C:8A53H         LINE#         171
  C:8A56H         LINE#         172
  C:8A58H         LINE#         174
  C:8A5BH         LINE#         175
  C:8A62H         LINE#         176
  C:8A65H         LINE#         177
  C:8A6AH         LINE#         179
  C:8A6DH         LINE#         181
  C:8A70H         LINE#         182
  C:8A70H         LINE#         183
  C:8A73H         LINE#         184
  C:8A73H         LINE#         185
  C:8A76H         LINE#         186
  C:8A7CH         LINE#         187
  C:8A82H         LINE#         189
  C:8A82H         LINE#         190
  C:8A82H         LINE#         192
  C:8A85H         LINE#         194
  C:8A85H         LINE#         195
  C:8A88H         LINE#         196
  C:8A88H         LINE#         198
  C:8A96H         LINE#         201
  C:8A96H         LINE#         203
  C:8A99H         LINE#         205
BL51 BANKED LINKER/LOCATER V6.22.2.0                                                  08/31/2020  09:26:19  PAGE 21


  C:8A9CH         LINE#         206
  C:8A9CH         LINE#         209
  C:8AABH         LINE#         212
  C:8AB4H         LINE#         215
  C:8AC2H         LINE#         218
  C:8AC2H         LINE#         220
  C:8AC4H         LINE#         222
  C:8AC4H         LINE#         223
  C:8AC7H         LINE#         224
  C:8AC7H         LINE#         225
  C:8ACAH         LINE#         229
  -------         ENDPROC       MAIN
  -------         ENDMOD        MAIN

  -------         MODULE        ACCESCAN
  C:0000H         SYMBOL        _ICE_DUMMY_
  D:0080H         PUBLIC        P0
  D:0090H         PUBLIC        P1
  B:0080H.2       PUBLIC        led_err_imp
  C:9677H         PUBLIC        _Monitor_chr
  C:4C6EH         PUBLIC        _Cmd_LPR_Salida
  B:0080H.3       PUBLIC        Atascado
  B:0080H.0       PUBLIC        rx_ip
  B:0090H.7       PUBLIC        lock
  X:01FCH         PUBLIC        USE_LPR
  C:3E14H         PUBLIC        _Valida_Trama_Pto
  C:842CH         PUBLIC        _recibe_cmd_Monitor
  C:7722H         PUBLIC        _Cmd_LPR_Salida_wiegand
  -------         PROC          _VALIDA_TRAMA_PTO
  X:0001H         SYMBOL        buffer
  X:0004H         SYMBOL        length_trama
  -------         DO            
  X:01FBH         SYMBOL        cont
  X:0005H         SYMBOL        buff
  -------         ENDDO         
  C:3E14H         LINE#         83
  C:3E22H         LINE#         84
  C:3E22H         LINE#         88
  C:3E30H         LINE#         90
  C:3E67H         LINE#         91
  C:3E67H         LINE#         92
  C:3E7CH         LINE#         93
  C:3E7CH         LINE#         94
  C:3E8FH         LINE#         96
  C:3E92H         LINE#         98
  C:3E92H         LINE#         100
  C:3E92H         LINE#         102
  C:3EA4H         LINE#         103
  C:3EA4H         LINE#         104
  C:3EAAH         LINE#         105
  C:3EB7H         LINE#         106
  C:3EB7H         LINE#         107
  C:3EBCH         LINE#         108
  C:3EBEH         LINE#         109
  C:3EC3H         LINE#         110
  C:3EC5H         LINE#         111
  C:3EC7H         LINE#         112
BL51 BANKED LINKER/LOCATER V6.22.2.0                                                  08/31/2020  09:26:19  PAGE 22


  C:3ECBH         LINE#         113
  C:3ECBH         LINE#         114
  C:3ECCH         LINE#         116
  C:3EE4H         LINE#         117
  C:3EE4H         LINE#         119
  C:3EF1H         LINE#         120
  C:3EF1H         LINE#         121
  C:3EF3H         LINE#         122
  C:3EF5H         LINE#         123
  C:3EF7H         LINE#         124
  C:3EF9H         LINE#         125
  C:3EF9H         LINE#         127
  C:3F1FH         LINE#         128
  C:3F1FH         LINE#         129
  C:3F23H         LINE#         130
  C:3F28H         LINE#         131
  C:3F31H         LINE#         132
  C:3F36H         LINE#         133
  C:3F36H         LINE#         136
  C:3F37H         LINE#         139
  C:3F49H         LINE#         140
  C:3F49H         LINE#         141
  C:3F4BH         LINE#         142
  C:3F4EH         LINE#         144
  C:3F60H         LINE#         145
  C:3F60H         LINE#         146
  C:3F62H         LINE#         147
  C:3F65H         LINE#         149
  C:3F7FH         LINE#         150
  C:3F7FH         LINE#         151
  C:3F81H         LINE#         152
  C:3F84H         LINE#         155
  C:3F9EH         LINE#         156
  C:3F9EH         LINE#         157
  C:3FA0H         LINE#         158
  C:3FA2H         LINE#         161
  C:3FBCH         LINE#         162
  C:3FBCH         LINE#         163
  C:3FBEH         LINE#         164
  C:3FC0H         LINE#         168
  C:3FDAH         LINE#         169
  C:3FDAH         LINE#         170
  C:3FDCH         LINE#         171
  C:3FDEH         LINE#         174
  C:3FF8H         LINE#         175
  C:3FF8H         LINE#         176
  C:3FFAH         LINE#         177
  C:3FFCH         LINE#         179
  C:4016H         LINE#         180
  C:4016H         LINE#         181
  C:401BH         LINE#         182
  C:401BH         LINE#         184
  C:404BH         LINE#         185
  C:404BH         LINE#         186
  C:4059H         LINE#         187
  C:405CH         LINE#         190
  C:409FH         LINE#         191
BL51 BANKED LINKER/LOCATER V6.22.2.0                                                  08/31/2020  09:26:19  PAGE 23


  C:409FH         LINE#         193
  C:40B4H         LINE#         194
  C:40BAH         LINE#         195
  C:40E4H         LINE#         198
  C:40ECH         LINE#         199
  C:40ECH         LINE#         202
  C:40F3H         LINE#         203
  C:40F3H         LINE#         204
  C:40F8H         LINE#         205
  C:40F8H         LINE#         206
  C:40FAH         LINE#         208
  C:40FAH         LINE#         209
  C:4103H         LINE#         210
  C:410BH         LINE#         211
  C:410BH         LINE#         216
  C:410DH         LINE#         219
  C:410DH         LINE#         222
  C:4114H         LINE#         223
  C:4114H         LINE#         224
  C:4119H         LINE#         225
  C:4119H         LINE#         226
  C:4124H         LINE#         230
  C:4124H         LINE#         231
  C:4124H         LINE#         233
  -------         ENDPROC       _VALIDA_TRAMA_PTO
  -------         PROC          _RECIBE_CMD_MONITOR
  X:0001H         SYMBOL        buffer_cmd
  -------         DO            
  X:0004H         SYMBOL        j
  X:0005H         SYMBOL        NumDatos
  D:0005H         SYMBOL        time_out
  X:0006H         SYMBOL        MaxChrRx
  D:0006H         SYMBOL        contador
  -------         ENDDO         
  C:842CH         LINE#         239
  C:8437H         LINE#         240
  C:8437H         LINE#         244
  C:843CH         LINE#         245
  C:8440H         LINE#         247
  C:8448H         LINE#         248
  C:8448H         LINE#         249
  C:8459H         LINE#         250
  C:8459H         LINE#         251
  C:845CH         LINE#         252
  C:845DH         LINE#         253
  C:8463H         LINE#         254
  C:8463H         LINE#         255
  C:8468H         LINE#         256
  C:8471H         LINE#         257
  C:8471H         LINE#         258
  C:8473H         LINE#         259
  C:847BH         LINE#         260
  C:847BH         LINE#         261
  C:847DH         LINE#         262
  C:8482H         LINE#         263
  C:8488H         LINE#         264
  C:849AH         LINE#         265
BL51 BANKED LINKER/LOCATER V6.22.2.0                                                  08/31/2020  09:26:19  PAGE 24


  C:84A4H         LINE#         266
  C:84ACH         LINE#         268
  C:84BBH         LINE#         271
  C:84BBH         LINE#         272
  C:84C0H         LINE#         273
  -------         ENDPROC       _RECIBE_CMD_MONITOR
  -------         PROC          _MONITOR_CHR
  X:0033H         SYMBOL        str
  X:0036H         SYMBOL        num_char
  -------         DO            
  X:0037H         SYMBOL        j
  -------         ENDDO         
  C:9677H         LINE#         303
  C:9685H         LINE#         304
  C:9685H         LINE#         306
  C:9693H         LINE#         307
  C:9693H         LINE#         308
  C:96A5H         LINE#         309
  C:96AFH         LINE#         310
  C:96B7H         LINE#         311
  -------         ENDPROC       _MONITOR_CHR
  -------         PROC          _CMD_LPR_SALIDA_WIEGAND
  X:0010H         SYMBOL        buffer
  -------         DO            
  X:0013H         SYMBOL        Buffer_Lpr
  X:0031H         SYMBOL        j
  -------         ENDDO         
  C:7722H         LINE#         316
  C:772DH         LINE#         317
  C:772DH         LINE#         319
  C:7733H         LINE#         320
  C:7738H         LINE#         321
  C:7740H         LINE#         322
  C:7744H         LINE#         323
  C:774DH         LINE#         324
  C:774DH         LINE#         325
  C:775EH         LINE#         326
  C:7760H         LINE#         328
  C:7760H         LINE#         329
  C:7771H         LINE#         330
  C:7771H         LINE#         334
  C:7788H         LINE#         335
  C:7788H         LINE#         336
  C:7797H         LINE#         337
  C:77A1H         LINE#         339
  C:77A9H         LINE#         340
  C:77BDH         LINE#         342
  C:77CDH         LINE#         343
  C:77DEH         LINE#         344
  C:77EBH         LINE#         348
  -------         ENDPROC       _CMD_LPR_SALIDA_WIEGAND
  -------         PROC          _CMD_LPR_SALIDA
  X:000EH         SYMBOL        buffer_S1_B0
  X:0011H         SYMBOL        buffer_S1_B2
  -------         DO            
  X:0014H         SYMBOL        Buffer_Lpr
  D:0004H         SYMBOL        temp
BL51 BANKED LINKER/LOCATER V6.22.2.0                                                  08/31/2020  09:26:19  PAGE 25


  X:0032H         SYMBOL        j
  -------         ENDDO         
  C:4C6EH         LINE#         353
  C:4C79H         LINE#         354
  C:4C79H         LINE#         359
  C:4C7FH         LINE#         360
  C:4C84H         LINE#         361
  C:4C8CH         LINE#         362
  C:4C90H         LINE#         365
  C:4CA6H         LINE#         366
  C:4CA6H         LINE#         367
  C:4CB7H         LINE#         368
  C:4CB9H         LINE#         370
  C:4CB9H         LINE#         371
  C:4CCAH         LINE#         372
  C:4CCAH         LINE#         381
  C:4CCAH         LINE#         382
  C:4CECH         LINE#         383
  C:4CF6H         LINE#         384
  C:4D06H         LINE#         390
  C:4D1AH         LINE#         392
  C:4D30H         LINE#         393
  C:4D55H         LINE#         394
  C:4D6EH         LINE#         396
  C:4D87H         LINE#         397
  C:4DACH         LINE#         398
  C:4DC5H         LINE#         400
  C:4DDEH         LINE#         401
  C:4E03H         LINE#         402
  C:4E1CH         LINE#         404
  C:4E35H         LINE#         405
  C:4E5AH         LINE#         406
  C:4E73H         LINE#         408
  C:4E8CH         LINE#         409
  C:4EB1H         LINE#         410
  C:4ECAH         LINE#         414
  C:4EDEH         LINE#         417
  C:4EF2H         LINE#         419
  -------         ENDPROC       _CMD_LPR_SALIDA
  -------         ENDMOD        ACCESCAN

  -------         MODULE        CLOCK
  C:0000H         SYMBOL        _ICE_DUMMY_
  C:96ECH         PUBLIC        _two_one
  D:0090H         PUBLIC        P1
  C:6A7FH         PUBLIC        _validar_clk
  C:9966H         PUBLIC        _wr_clk
  C:58A8H         PUBLIC        _check_fechaOut
  B:00D0H.7       PUBLIC        CY
  C:0003H         PUBLIC        p_ck
  C:7AF9H         PUBLIC        _check_fechaOut_2
  C:84C1H         PUBLIC        _hex_ascii
  X:01FDH         PUBLIC        data_clk
  C:9C41H         PUBLIC        cond_ini_clock
  C:77F8H         PUBLIC        _Block_read_Clock
  B:0090H.4       PUBLIC        sck
  C:7FC9H         PUBLIC        _Block_read_Clock_Hex
BL51 BANKED LINKER/LOCATER V6.22.2.0                                                  08/31/2020  09:26:19  PAGE 26


  C:5A21H         PUBLIC        _Block_read_clock_ascii
  C:97D2H         PUBLIC        _hex_bcd
  C:9AE6H         PUBLIC        _bcd_hex
  C:9319H         PUBLIC        _ByteHex_Decimal
  C:867EH         PUBLIC        _lee_clk
  C:2CC1H         PUBLIC        _analiza_tiempo
  B:0090H.5       PUBLIC        io
  C:8794H         PUBLIC        _Block_write_clock_ascii
  B:0090H.6       PUBLIC        rst
  C:9739H         PUBLIC        _eb_clk
  C:441AH         PUBLIC        _Two_ByteHex_Decimal
  -------         PROC          P_CK
  C:0003H         LINE#         40
  C:0003H         LINE#         41
  C:0003H         LINE#         42
  C:0005H         LINE#         43
  C:0008H         LINE#         44
  C:000AH         LINE#         45
  -------         ENDPROC       P_CK
  -------         PROC          _EB_CLK
  X:00C8H         SYMBOL        dir_clk
  -------         DO            
  X:00C9H         SYMBOL        nbits
  -------         ENDDO         
  C:9739H         LINE#         47
  C:973EH         LINE#         49
  C:9743H         LINE#         50
  C:9743H         LINE#         51
  C:974CH         LINE#         52
  C:974FH         LINE#         53
  C:974FH         LINE#         54
  C:9751H         LINE#         55
  C:9753H         LINE#         57
  C:9753H         LINE#         58
  C:9755H         LINE#         59
  C:9755H         LINE#         60
  C:9758H         LINE#         61
  C:9777H         LINE#         62
  -------         ENDPROC       _EB_CLK
  C:8674H         SYMBOL        L?0179
  -------         PROC          L?0178
  -------         ENDPROC       L?0178
  C:8674H         SYMBOL        L?0179
  -------         PROC          _LEE_CLK
  X:00C5H         SYMBOL        dir_clk
  -------         DO            
  X:00C6H         SYMBOL        nbits
  -------         ENDDO         
  C:867EH         LINE#         64
  C:8683H         LINE#         66
  C:8685H         LINE#         67
  C:868CH         LINE#         68
  C:8694H         LINE#         69
  C:86ADH         LINE#         70
  C:86ADH         LINE#         71
  C:86B0H         LINE#         72
  C:86B0H         LINE#         73
BL51 BANKED LINKER/LOCATER V6.22.2.0                                                  08/31/2020  09:26:19  PAGE 27


  C:86B7H         LINE#         74
  C:86C1H         LINE#         75
  C:86C6H         LINE#         76
  C:86C6H         LINE#         77
  C:86C6H         LINE#         78
  C:86C9H         LINE#         79
  C:86C9H         LINE#         80
  C:86D0H         LINE#         81
  C:86E1H         LINE#         82
  C:86E1H         LINE#         83
  C:86E9H         LINE#         84
  C:86E9H         LINE#         85
  C:86E9H         LINE#         86
  C:86ECH         LINE#         87
  C:86FCH         LINE#         88
  C:86FEH         LINE#         89
  C:8703H         LINE#         90
  -------         ENDPROC       _LEE_CLK
  -------         PROC          _WR_CLK
  X:0013H         SYMBOL        dir_clk
  X:0014H         SYMBOL        byte
  C:9966H         LINE#         92
  C:996EH         LINE#         93
  C:9970H         LINE#         94
  C:9977H         LINE#         95
  C:997FH         LINE#         96
  C:9988H         LINE#         97
  C:998BH         LINE#         98
  C:998DH         LINE#         100
  -------         ENDPROC       _WR_CLK
  C:96B8H         SYMBOL        L?0174
  C:96D6H         SYMBOL        L?0175
  -------         PROC          L?0173
  -------         ENDPROC       L?0173
  C:96B8H         SYMBOL        L?0174
  C:96D6H         SYMBOL        L?0175
  -------         PROC          _TWO_ONE
  D:0007H         SYMBOL        byte_h
  D:0005H         SYMBOL        byte_l
  -------         DO            
  D:0007H         SYMBOL        byte_out
  -------         ENDDO         
  C:96ECH         LINE#         102
  C:96ECH         LINE#         103
  C:96ECH         LINE#         105
  C:96EFH         LINE#         106
  C:96F3H         LINE#         107
  C:96F6H         LINE#         108
  C:96F8H         LINE#         109
  C:96F8H         LINE#         110
  -------         ENDPROC       _TWO_ONE
  -------         PROC          _VALIDAR_CLK
  D:0001H         SYMBOL        datos_clock
  -------         DO            
  D:0007H         SYMBOL        validador
  -------         ENDDO         
  C:6A7FH         LINE#         114
BL51 BANKED LINKER/LOCATER V6.22.2.0                                                  08/31/2020  09:26:19  PAGE 28


  C:6A7FH         LINE#         115
  C:6A7FH         LINE#         116
  C:6A81H         LINE#         119
  C:6A96H         LINE#         120
  C:6A96H         LINE#         122
  C:6AAEH         LINE#         123
  C:6AAEH         LINE#         125
  C:6AC6H         LINE#         126
  C:6AC6H         LINE#         127
  C:6ADEH         LINE#         128
  C:6ADEH         LINE#         129
  C:6AF6H         LINE#         130
  C:6AF6H         LINE#         131
  C:6B0BH         LINE#         132
  C:6B0BH         LINE#         133
  C:6B1DH         LINE#         134
  C:6B1DH         LINE#         135
  C:6B2FH         LINE#         136
  C:6B2FH         LINE#         137
  C:6B41H         LINE#         138
  C:6B41H         LINE#         139
  C:6B53H         LINE#         140
  C:6B53H         LINE#         141
  C:6B65H         LINE#         142
  C:6B65H         LINE#         143
  C:6B75H         LINE#         144
  C:6B75H         LINE#         145
  C:6B75H         LINE#         146
  C:6B75H         LINE#         147
  C:6B76H         LINE#         149
  C:6B76H         LINE#         150
  C:6B78H         LINE#         151
  C:6B78H         LINE#         152
  C:6B79H         LINE#         154
  C:6B79H         LINE#         155
  C:6B7BH         LINE#         157
  C:6B7BH         LINE#         158
  C:6B7CH         LINE#         160
  C:6B7CH         LINE#         161
  C:6B7EH         LINE#         163
  C:6B7EH         LINE#         165
  C:6B7FH         LINE#         167
  C:6B7FH         LINE#         168
  C:6B81H         LINE#         170
  C:6B81H         LINE#         171
  C:6B82H         LINE#         173
  C:6B82H         LINE#         174
  C:6B84H         LINE#         176
  C:6B84H         LINE#         177
  C:6B85H         LINE#         179
  C:6B85H         LINE#         180
  C:6B87H         LINE#         182
  C:6B87H         LINE#         183
  C:6B88H         LINE#         185
  C:6B88H         LINE#         186
  C:6B8AH         LINE#         188
  C:6B8AH         LINE#         189
BL51 BANKED LINKER/LOCATER V6.22.2.0                                                  08/31/2020  09:26:19  PAGE 29


  C:6B8AH         LINE#         191
  C:6B8BH         LINE#         193
  C:6B8BH         LINE#         194
  C:6B8DH         LINE#         196
  C:6B8DH         LINE#         198
  C:6B8EH         LINE#         201
  C:6B8EH         LINE#         202
  C:6B90H         LINE#         204
  C:6B90H         LINE#         206
  C:6B91H         LINE#         209
  C:6B91H         LINE#         210
  C:6B93H         LINE#         212
  C:6B93H         LINE#         214
  C:6B93H         LINE#         216
  -------         ENDPROC       _VALIDAR_CLK
  -------         PROC          _BLOCK_WRITE_CLOCK_ASCII
  X:0010H         SYMBOL        datos_clock
  C:8794H         LINE#         222
  C:879FH         LINE#         224
  C:879FH         LINE#         228
  C:87A9H         LINE#         229
  C:87A9H         LINE#         230
  C:87A9H         LINE#         231
  C:87A9H         LINE#         233
  C:87B3H         LINE#         234
  C:87BDH         LINE#         235
  C:87C7H         LINE#         236
  C:87C7H         LINE#         237
  C:87C7H         LINE#         238
  C:87C7H         LINE#         240
  C:87D1H         LINE#         241
  C:87D1H         LINE#         242
  C:87D1H         LINE#         243
  C:87D1H         LINE#         245
  C:87DBH         LINE#         246
  C:87DBH         LINE#         247
  C:87DBH         LINE#         248
  C:87DBH         LINE#         250
  C:87E5H         LINE#         251
  C:87E5H         LINE#         252
  C:87E5H         LINE#         253
  C:87E5H         LINE#         255
  C:87EFH         LINE#         256
  C:87F9H         LINE#         257
  C:8803H         LINE#         258
  C:880DH         LINE#         260
  -------         ENDPROC       _BLOCK_WRITE_CLOCK_ASCII
  -------         PROC          _BCD_HEX
  D:0007H         SYMBOL        l_data
  -------         DO            
  D:0006H         SYMBOL        temp
  D:0005H         SYMBOL        j
  -------         ENDDO         
  C:9AE6H         LINE#         266
  C:9AE6H         LINE#         267
  C:9AE6H         LINE#         269
  C:9AE8H         LINE#         270
BL51 BANKED LINKER/LOCATER V6.22.2.0                                                  08/31/2020  09:26:19  PAGE 30


  C:9AECH         LINE#         271
  C:9AEFH         LINE#         272
  C:9AF1H         LINE#         273
  C:9AF1H         LINE#         274
  C:9AF5H         LINE#         275
  C:9AFCH         LINE#         276
  C:9AFCH         LINE#         277
  C:9B00H         LINE#         278
  C:9B03H         LINE#         279
  C:9B03H         LINE#         280
  C:9B03H         LINE#         281
  -------         ENDPROC       _BCD_HEX
  C:97C3H         SYMBOL        L?0177
  -------         PROC          L?0176
  -------         ENDPROC       L?0176
  C:97C3H         SYMBOL        L?0177
  -------         PROC          _HEX_BCD
  D:0007H         SYMBOL        byte
  -------         DO            
  D:0006H         SYMBOL        nibble_h
  D:0005H         SYMBOL        nibble_l
  D:0004H         SYMBOL        k
  D:0007H         SYMBOL        byte_out
  -------         ENDDO         
  C:97D2H         LINE#         285
  C:97D2H         LINE#         286
  C:97D2H         LINE#         291
  C:97D4H         LINE#         292
  C:97D5H         LINE#         294
  C:97DBH         LINE#         295
  C:97DBH         LINE#         296
  C:97DCH         LINE#         297
  C:97E1H         LINE#         298
  C:97E1H         LINE#         299
  C:97E2H         LINE#         300
  C:97E3H         LINE#         301
  C:97E3H         LINE#         302
  C:97E6H         LINE#         303
  C:97EAH         LINE#         304
  C:97EDH         LINE#         305
  C:97F0H         LINE#         306
  C:97F2H         LINE#         307
  C:97F2H         LINE#         309
  -------         ENDPROC       _HEX_BCD
  -------         PROC          _BYTEHEX_DECIMAL
  D:0001H         SYMBOL        buffer
  D:0005H         SYMBOL        valorhex
  -------         DO            
  X:0010H         SYMBOL        numero
  D:0007H         SYMBOL        centena
  D:0006H         SYMBOL        decena
  -------         ENDDO         
  C:9319H         LINE#         315
  C:9319H         LINE#         316
  C:9319H         LINE#         319
  C:931BH         LINE#         320
  C:931CH         LINE#         321
BL51 BANKED LINKER/LOCATER V6.22.2.0                                                  08/31/2020  09:26:19  PAGE 31


  C:9321H         LINE#         323
  C:932EH         LINE#         324
  C:932EH         LINE#         325
  C:9332H         LINE#         326
  C:9333H         LINE#         327
  C:9335H         LINE#         328
  C:933BH         LINE#         329
  C:9342H         LINE#         330
  C:934FH         LINE#         331
  C:934FH         LINE#         332
  C:9353H         LINE#         333
  C:9354H         LINE#         334
  C:9356H         LINE#         335
  C:935CH         LINE#         336
  C:9363H         LINE#         337
  -------         ENDPROC       _BYTEHEX_DECIMAL
  -------         PROC          _TWO_BYTEHEX_DECIMAL
  X:0010H         SYMBOL        buffer
  X:0013H         SYMBOL        id_h
  X:0014H         SYMBOL        id_l
  -------         DO            
  X:0015H         SYMBOL        valor
  D:0006H         SYMBOL        numero
  X:0017H         SYMBOL        temp
  X:0018H         SYMBOL        dmil
  X:0019H         SYMBOL        mil
  X:001AH         SYMBOL        centena
  X:001BH         SYMBOL        decena
  -------         ENDDO         
  C:441AH         LINE#         345
  C:4428H         LINE#         346
  C:4428H         LINE#         350
  C:442FH         LINE#         351
  C:4433H         LINE#         352
  C:4435H         LINE#         353
  C:4437H         LINE#         354
  C:4439H         LINE#         357
  C:443EH         LINE#         358
  C:4441H         LINE#         359
  C:4447H         LINE#         361
  C:44A2H         LINE#         362
  C:44AAH         LINE#         363
  C:44ADH         LINE#         364
  C:4508H         LINE#         366
  C:4510H         LINE#         367
  C:4513H         LINE#         368
  C:4519H         LINE#         369
  C:4574H         LINE#         370
  C:457CH         LINE#         371
  C:457FH         LINE#         372
  C:45DAH         LINE#         373
  C:45DAH         LINE#         375
  C:45E3H         LINE#         376
  C:45E3H         LINE#         377
  C:45EBH         LINE#         378
  C:45F1H         LINE#         379
  C:45F3H         LINE#         380
BL51 BANKED LINKER/LOCATER V6.22.2.0                                                  08/31/2020  09:26:19  PAGE 32


  C:4609H         LINE#         381
  C:4613H         LINE#         382
  C:461CH         LINE#         383
  C:461CH         LINE#         384
  C:4624H         LINE#         385
  C:462AH         LINE#         386
  C:462CH         LINE#         387
  C:4642H         LINE#         388
  C:464CH         LINE#         389
  C:4655H         LINE#         390
  C:4655H         LINE#         391
  C:465DH         LINE#         392
  C:4663H         LINE#         393
  C:4665H         LINE#         394
  C:467BH         LINE#         395
  C:4685H         LINE#         396
  C:468EH         LINE#         397
  C:468EH         LINE#         398
  C:4696H         LINE#         399
  C:469CH         LINE#         400
  C:469EH         LINE#         401
  C:46B4H         LINE#         402
  C:46BEH         LINE#         403
  C:46D1H         LINE#         404
  C:46DBH         LINE#         405
  -------         ENDPROC       _TWO_BYTEHEX_DECIMAL
  -------         PROC          _BLOCK_READ_CLOCK_ASCII
  X:0065H         SYMBOL        datos_clock
  -------         DO            
  D:0007H         SYMBOL        dato
  -------         ENDDO         
  C:5A21H         LINE#         411
  C:5A24H         LINE#         412
  C:5A24H         LINE#         418
  C:5A27H         LINE#         419
  C:5A3FH         LINE#         420
  C:5A49H         LINE#         421
  C:5A5EH         LINE#         422
  C:5A68H         LINE#         425
  C:5A6DH         LINE#         426
  C:5A85H         LINE#         427
  C:5A8FH         LINE#         428
  C:5AA4H         LINE#         429
  C:5AAEH         LINE#         432
  C:5AB3H         LINE#         433
  C:5ACBH         LINE#         434
  C:5AD5H         LINE#         435
  C:5AEAH         LINE#         436
  C:5AF4H         LINE#         440
  C:5AF9H         LINE#         441
  C:5B11H         LINE#         442
  C:5B1BH         LINE#         443
  C:5B30H         LINE#         444
  C:5B3AH         LINE#         447
  C:5B3FH         LINE#         448
  C:5B57H         LINE#         449
  C:5B61H         LINE#         450
BL51 BANKED LINKER/LOCATER V6.22.2.0                                                  08/31/2020  09:26:19  PAGE 33


  C:5B76H         LINE#         451
  C:5B80H         LINE#         452
  -------         ENDPROC       _BLOCK_READ_CLOCK_ASCII
  -------         PROC          _BLOCK_READ_CLOCK_HEX
  X:00C2H         SYMBOL        datos_clock
  C:7FC9H         LINE#         455
  C:7FCCH         LINE#         456
  C:7FCCH         LINE#         459
  C:7FE1H         LINE#         460
[...]
  C:859AH         LINE#         200
  C:85A6H         LINE#         201
  C:85A6H         LINE#         202
  C:85B3H         LINE#         203
  C:85B6H         LINE#         205
  C:85BBH         LINE#         207
  C:85BDH         LINE#         208
  C:85C2H         LINE#         209
  C:85D1H         LINE#         210
  C:85DCH         LINE#         211
  C:85E2H         LINE#         212
  -------         ENDPROC       _CARD_INSERCION
  -------         PROC          _MOV_CARD
  X:000EH         SYMBOL        Posicion
  -------         DO            
  D:0003H         SYMBOL        j
  X:000FH         SYMBOL        bcc
  X:0010H         SYMBOL        g_scArrTxComSoft
  -------         ENDDO         
  C:7479H         LINE#         223
  C:747EH         LINE#         224
  C:747EH         LINE#         227
  C:7481H         LINE#         229
  C:74A1H         LINE#         230
  C:74A1H         LINE#         231
  C:74A8H         LINE#         232
  C:74A8H         LINE#         233
  C:74AEH         LINE#         234
  C:74B0H         LINE#         235
  C:74B7H         LINE#         236
  C:74B7H         LINE#         237
  C:74BDH         LINE#         238
  C:74BFH         LINE#         239
  C:74C6H         LINE#         240
  C:74C6H         LINE#         241
  C:74CCH         LINE#         242
  C:74CEH         LINE#         243
  C:74D5H         LINE#         244
  C:74D5H         LINE#         245
  C:74DBH         LINE#         246
  C:74DDH         LINE#         247
  C:74E4H         LINE#         248
BL51 BANKED LINKER/LOCATER V6.22.2.0                                                  08/31/2020  09:26:19  PAGE 108


  C:74E4H         LINE#         249
  C:74EDH         LINE#         250
  C:74EDH         LINE#         252
  C:74F3H         LINE#         253
  C:74F6H         LINE#         254
  C:74F8H         LINE#         255
  C:74FCH         LINE#         256
  C:7500H         LINE#         257
  C:7504H         LINE#         258
  C:750CH         LINE#         259
  C:7510H         LINE#         260
  C:751CH         LINE#         261
  C:751CH         LINE#         262
  C:7530H         LINE#         263
  C:7533H         LINE#         264
  C:753BH         LINE#         265
  C:753DH         LINE#         266
  C:7542H         LINE#         267
  C:7551H         LINE#         268
  C:755CH         LINE#         269
  C:7562H         LINE#         270
  C:7562H         LINE#         272
  -------         ENDPROC       _MOV_CARD
  -------         PROC          AUT_CARD_CHECK_STATUS
  -------         DO            
  D:0003H         SYMBOL        j
  X:000EH         SYMBOL        bcc
  X:000FH         SYMBOL        g_scArrTxComSoft
  -------         ENDDO         
  C:8CD1H         LINE#         278
  C:8CD1H         LINE#         279
  C:8CD1H         LINE#         282
  C:8CD6H         LINE#         284
  C:8CDFH         LINE#         286
  C:8CE5H         LINE#         287
  C:8CE8H         LINE#         288
  C:8CEAH         LINE#         289
  C:8CEEH         LINE#         290
  C:8CF2H         LINE#         291
  C:8CF6H         LINE#         292
  C:8CFAH         LINE#         293
  C:8CFEH         LINE#         294
  C:8D0AH         LINE#         295
  C:8D0AH         LINE#         296
  C:8D1EH         LINE#         297
  C:8D21H         LINE#         298
  C:8D29H         LINE#         299
  C:8D2BH         LINE#         300
  C:8D30H         LINE#         301
  C:8D3FH         LINE#         302
  C:8D4AH         LINE#         303
  C:8D50H         LINE#         304
  -------         ENDPROC       AUT_CARD_CHECK_STATUS
  -------         PROC          DWLOAD_EEPROM
  -------         DO            
  D:0003H         SYMBOL        j
  X:0002H         SYMBOL        bcc
BL51 BANKED LINKER/LOCATER V6.22.2.0                                                  08/31/2020  09:26:19  PAGE 109


  X:0003H         SYMBOL        g_scArrTxComSoft
  -------         ENDDO         
  C:7E79H         LINE#         310
  C:7E79H         LINE#         311
  C:7E79H         LINE#         314
  C:7E7EH         LINE#         315
  C:7E87H         LINE#         317
  C:7E8DH         LINE#         318
  C:7E90H         LINE#         319
  C:7E92H         LINE#         320
  C:7E96H         LINE#         321
  C:7E9AH         LINE#         322
  C:7E9EH         LINE#         323
  C:7EA2H         LINE#         324
  C:7EA5H         LINE#         325
  C:7EA9H         LINE#         326
  C:7EACH         LINE#         327
  C:7EAFH         LINE#         328
  C:7EB3H         LINE#         329
  C:7EB7H         LINE#         330
  C:7EBBH         LINE#         331
  C:7EBFH         LINE#         332
  C:7EC3H         LINE#         333
  C:7EC7H         LINE#         334
  C:7ECBH         LINE#         335
  C:7ECFH         LINE#         337
  C:7EDBH         LINE#         338
  C:7EDBH         LINE#         339
  C:7EEFH         LINE#         340
  C:7EF2H         LINE#         341
  C:7EFAH         LINE#         342
  C:7EFCH         LINE#         343
  C:7F01H         LINE#         344
  C:7F10H         LINE#         345
  C:7F1BH         LINE#         346
  C:7F21H         LINE#         347
  -------         ENDPROC       DWLOAD_EEPROM
  -------         PROC          LOADVERIFY_EEPROM
  -------         DO            
  D:0003H         SYMBOL        j
  X:000EH         SYMBOL        bcc
  X:000FH         SYMBOL        g_scArrTxComSoft
  -------         ENDDO         
  C:85E3H         LINE#         353
  C:85E3H         LINE#         354
  C:85E3H         LINE#         357
  C:85E8H         LINE#         358
  C:85F1H         LINE#         361
  C:85F7H         LINE#         362
  C:85FAH         LINE#         363
  C:85FCH         LINE#         364
  C:8600H         LINE#         365
  C:8604H         LINE#         366
  C:8608H         LINE#         367
  C:860CH         LINE#         368
  C:860FH         LINE#         369
  C:8613H         LINE#         370
BL51 BANKED LINKER/LOCATER V6.22.2.0                                                  08/31/2020  09:26:19  PAGE 110


  C:8616H         LINE#         371
  C:8619H         LINE#         372
  C:861DH         LINE#         373
  C:8621H         LINE#         377
  C:862DH         LINE#         378
  C:862DH         LINE#         379
  C:8641H         LINE#         380
  C:8644H         LINE#         381
  C:864CH         LINE#         382
  C:864EH         LINE#         383
  C:8653H         LINE#         384
  C:8662H         LINE#         385
  C:866DH         LINE#         386
  C:8673H         LINE#         388
  -------         ENDPROC       LOADVERIFY_EEPROM
  -------         PROC          _RD_MF
  X:000EH         SYMBOL        Sector
  X:000FH         SYMBOL        Bloque
  -------         DO            
  D:0003H         SYMBOL        j
  X:0010H         SYMBOL        bcc
  X:0011H         SYMBOL        g_scArrTxComSoft
  -------         ENDDO         
  C:78BCH         LINE#         394
  C:78C4H         LINE#         395
  C:78C4H         LINE#         399
  C:78C7H         LINE#         401
  C:78D0H         LINE#         402
  C:78D8H         LINE#         404
  C:78E1H         LINE#         405
  C:78E9H         LINE#         406
  C:78F2H         LINE#         409
  C:78F8H         LINE#         410
  C:78FBH         LINE#         411
  C:78FDH         LINE#         412
  C:7901H         LINE#         413
  C:7905H         LINE#         414
  C:7909H         LINE#         415
  C:790DH         LINE#         416
  C:7910H         LINE#         417
  C:7914H         LINE#         418
  C:791CH         LINE#         419
  C:7924H         LINE#         420
  C:7928H         LINE#         421
  C:792CH         LINE#         423
  C:7938H         LINE#         424
  C:7938H         LINE#         425
  C:794CH         LINE#         426
  C:794FH         LINE#         427
  C:7957H         LINE#         430
  C:7959H         LINE#         431
  C:795EH         LINE#         432
  C:796DH         LINE#         433
  C:7978H         LINE#         434
  C:797EH         LINE#         436
  -------         ENDPROC       _RD_MF
  -------         PROC          _WR_MF
BL51 BANKED LINKER/LOCATER V6.22.2.0                                                  08/31/2020  09:26:19  PAGE 111


  X:000EH         SYMBOL        Sector
  X:000FH         SYMBOL        Bloque
  X:0010H         SYMBOL        buffer
  -------         DO            
  X:0013H         SYMBOL        j
  X:0014H         SYMBOL        bcc
  X:0015H         SYMBOL        g_scArrTxComSoft
  -------         ENDDO         
  C:5FB8H         LINE#         443
  C:5FC9H         LINE#         445
  C:5FC9H         LINE#         448
  C:5FCEH         LINE#         450
  C:5FD7H         LINE#         451
  C:5FDFH         LINE#         453
  C:5FE8H         LINE#         454
  C:5FF0H         LINE#         455
  C:5FF9H         LINE#         457
  C:5FFFH         LINE#         458
  C:6002H         LINE#         459
  C:6004H         LINE#         460
  C:6008H         LINE#         462
  C:600CH         LINE#         463
  C:6010H         LINE#         464
  C:6014H         LINE#         465
  C:6017H         LINE#         466
  C:601BH         LINE#         467
  C:6024H         LINE#         468
  C:602CH         LINE#         469
  C:6030H         LINE#         471
  C:6035H         LINE#         472
  C:6035H         LINE#         477
  C:6038H         LINE#         478
  C:603AH         LINE#         479
  C:603CH         LINE#         480
  C:603EH         LINE#         481
  C:6040H         LINE#         486
  C:6042H         LINE#         487
  C:6044H         LINE#         488
  C:6046H         LINE#         494
  C:6058H         LINE#         499
  C:6062H         LINE#         504
  C:6066H         LINE#         510
  C:6069H         LINE#         511
  C:606BH         LINE#         512
  C:606DH         LINE#         513
  C:606FH         LINE#         514
  C:6071H         LINE#         516
  C:6073H         LINE#         518
  C:6073H         LINE#         519
  C:6087H         LINE#         520
  C:6087H         LINE#         521
  C:6093H         LINE#         522
  C:609BH         LINE#         523
  C:609BH         LINE#         528
  C:60A1H         LINE#         530
  C:60B4H         LINE#         531
  C:60B4H         LINE#         532
BL51 BANKED LINKER/LOCATER V6.22.2.0                                                  08/31/2020  09:26:19  PAGE 112


  C:60C9H         LINE#         533
  C:60D1H         LINE#         534
  C:60D9H         LINE#         537
  C:60DBH         LINE#         538
  C:60E0H         LINE#         539
  C:60EFH         LINE#         540
  C:60FAH         LINE#         541
  C:6100H         LINE#         543
  -------         ENDPROC       _WR_MF
  -------         PROC          UNIQUE_IDENTIFIER_UID
  -------         DO            
  D:0003H         SYMBOL        j
  X:01DCH         SYMBOL        bcc
  X:01DDH         SYMBOL        g_scArrTxComSoft
  -------         ENDDO         
  C:89BFH         LINE#         548
  C:89BFH         LINE#         549
  C:89BFH         LINE#         552
  C:89C4H         LINE#         554
  C:89CDH         LINE#         556
  C:89D3H         LINE#         557
  C:89D6H         LINE#         558
  C:89D8H         LINE#         559
  C:89DCH         LINE#         560
  C:89E0H         LINE#         561
  C:89E4H         LINE#         562
  C:89E8H         LINE#         563
  C:89ECH         LINE#         564
  C:89F0H         LINE#         565
  C:89F4H         LINE#         566
  C:8A00H         LINE#         567
  C:8A00H         LINE#         568
  C:8A14H         LINE#         569
  C:8A17H         LINE#         570
  C:8A1FH         LINE#         571
  C:8A21H         LINE#         572
  C:8A26H         LINE#         573
  C:8A35H         LINE#         574
  C:8A40H         LINE#         575
  C:8A46H         LINE#         576
  -------         ENDPROC       UNIQUE_IDENTIFIER_UID
  -------         PROC          POWER_OFF
  -------         DO            
  D:0003H         SYMBOL        j
  X:01E7H         SYMBOL        bcc
  X:01E8H         SYMBOL        g_scArrTxComSoft
  -------         ENDDO         
  C:8D51H         LINE#         577
  C:8D51H         LINE#         578
  C:8D51H         LINE#         581
  C:8D56H         LINE#         583
  C:8D5FH         LINE#         585
  C:8D65H         LINE#         586
  C:8D68H         LINE#         587
  C:8D6AH         LINE#         588
  C:8D6EH         LINE#         589
  C:8D72H         LINE#         590
BL51 BANKED LINKER/LOCATER V6.22.2.0                                                  08/31/2020  09:26:19  PAGE 113


  C:8D76H         LINE#         591
  C:8D7AH         LINE#         592
  C:8D7EH         LINE#         593
  C:8D8AH         LINE#         594
  C:8D8AH         LINE#         595
  C:8D9EH         LINE#         596
  C:8DA1H         LINE#         597
  C:8DA9H         LINE#         598
  C:8DABH         LINE#         599
  C:8DB0H         LINE#         600
  C:8DBFH         LINE#         601
  C:8DCAH         LINE#         602
  C:8DD0H         LINE#         605
  -------         ENDPROC       POWER_OFF
  -------         ENDMOD        LINTECH

  -------         MODULE        ?C?FPADD
  C:1B47H         PUBLIC        ?C?FPADD
  C:1B43H         PUBLIC        ?C?FPSUB
  -------         ENDMOD        ?C?FPADD

  -------         MODULE        ?C?FPMUL
  C:1C38H         PUBLIC        ?C?FPMUL
  -------         ENDMOD        ?C?FPMUL

  -------         MODULE        ?C?FCAST
  C:1D48H         PUBLIC        ?C?FCASTC
  C:1D43H         PUBLIC        ?C?FCASTI
  C:1D3EH         PUBLIC        ?C?FCASTL
  -------         ENDMOD        ?C?FCAST

  -------         MODULE        ?C?CASTF
  C:1D7CH         PUBLIC        ?C?CASTF
  -------         ENDMOD        ?C?CASTF

  -------         MODULE        PRINTF
  X:008BH         PUBLIC        ?_PRINTF?BYTE
  X:008BH         PUBLIC        ?_SPRINTF?BYTE
  C:3263H         PUBLIC        _PRINTF
  C:325DH         PUBLIC        _SPRINTF
  -------         ENDMOD        PRINTF

  -------         MODULE        POW
  X:001CH         PUBLIC        ?_pow?BYTE
  C:5B8FH         PUBLIC        _pow
  -------         ENDMOD        POW

  -------         MODULE        ?C?CHKFLOAT
  C:1DFDH         PUBLIC        ?C?CHKFLOAT
  -------         ENDMOD        ?C?CHKFLOAT

  -------         MODULE        ?C?FPCMP
  C:1E19H         PUBLIC        ?C?FPCMP
  C:1E17H         PUBLIC        ?C?FPCMP3
  -------         ENDMOD        ?C?FPCMP

  -------         MODULE        ?C?FPNEG
BL51 BANKED LINKER/LOCATER V6.22.2.0                                                  08/31/2020  09:26:19  PAGE 114


  C:1E90H         PUBLIC        ?C?FPNEG
  -------         ENDMOD        ?C?FPNEG

  -------         MODULE        ?C?FPROUND
  C:1EA1H         PUBLIC        ?C?FPROUND
  -------         ENDMOD        ?C?FPROUND

  -------         MODULE        ?C?FPCONVERT
  C:1EDEH         PUBLIC        ?C?FPCONVERT
  -------         ENDMOD        ?C?FPCONVERT

  -------         MODULE        EXP
  C:83CAH         PUBLIC        _EXP
  -------         ENDMOD        EXP

  -------         MODULE        LOG
  C:662FH         PUBLIC        _LOG
  C:662BH         PUBLIC        _LOG10
  -------         ENDMOD        LOG

  -------         MODULE        ?C?FPDIV
  C:1FE6H         PUBLIC        ?C?FPDIV
  -------         ENDMOD        ?C?FPDIV

  -------         MODULE        ?C?FTNPWR
  C:20B3H         PUBLIC        ?C?FTNPWR
  -------         ENDMOD        ?C?FTNPWR

  -------         MODULE        ?C?COPY
  C:2210H         PUBLIC        ?C?COPY
  -------         ENDMOD        ?C?COPY

  -------         MODULE        ?C?CLDPTR
  C:2236H         PUBLIC        ?C?CLDPTR
  -------         ENDMOD        ?C?CLDPTR

  -------         MODULE        ?C?CLDOPTR
  C:224FH         PUBLIC        ?C?CLDOPTR
  -------         ENDMOD        ?C?CLDOPTR

  -------         MODULE        ?C?CSTPTR
  C:227CH         PUBLIC        ?C?CSTPTR
  -------         ENDMOD        ?C?CSTPTR

  -------         MODULE        ?C?CSTOPTR
  C:228EH         PUBLIC        ?C?CSTOPTR
  -------         ENDMOD        ?C?CSTOPTR

  -------         MODULE        ?C?IMUL
  C:22B0H         PUBLIC        ?C?IMUL
  -------         ENDMOD        ?C?IMUL

  -------         MODULE        ?C?UIDIV
  C:22C2H         PUBLIC        ?C?UIDIV
  -------         ENDMOD        ?C?UIDIV

  -------         MODULE        ?C?IILDX
BL51 BANKED LINKER/LOCATER V6.22.2.0                                                  08/31/2020  09:26:19  PAGE 115


  C:2317H         PUBLIC        ?C?IILDX
  -------         ENDMOD        ?C?IILDX

  -------         MODULE        ?C?LNEG
  C:232DH         PUBLIC        ?C?LNEG
  -------         ENDMOD        ?C?LNEG

  -------         MODULE        ?C?ULCMP
  C:233BH         PUBLIC        ?C?ULCMP
  -------         ENDMOD        ?C?ULCMP

  -------         MODULE        ?C?LLDCODE
  C:234CH         PUBLIC        ?C?LLDCODE
  -------         ENDMOD        ?C?LLDCODE

  -------         MODULE        ?C?LLDXDATA0
  C:235CH         PUBLIC        ?C?LLDXDATA0
  -------         ENDMOD        ?C?LLDXDATA0

  -------         MODULE        ?C?LLDCODE0
  C:2368H         PUBLIC        ?C?LLDCODE0
  -------         ENDMOD        ?C?LLDCODE0

  -------         MODULE        ?C?LSTXDATA
  C:2378H         PUBLIC        ?C?LSTXDATA
  -------         ENDMOD        ?C?LSTXDATA

  -------         MODULE        ?C?LSTKXDATA
  C:2384H         PUBLIC        ?C?LSTKXDATA
  -------         ENDMOD        ?C?LSTKXDATA

  -------         MODULE        ?C?PLDIXDATA
  C:23B5H         PUBLIC        ?C?PLDIXDATA
  -------         ENDMOD        ?C?PLDIXDATA

  -------         MODULE        ?C?PSTXDATA
  C:23CCH         PUBLIC        ?C?PSTXDATA
  -------         ENDMOD        ?C?PSTXDATA

  -------         MODULE        ?C?CCASE
  C:23D5H         PUBLIC        ?C?CCASE
  -------         ENDMOD        ?C?CCASE

  -------         MODULE        STRCAT
  X:005AH         PUBLIC        ?_strcat?BYTE
  C:9088H         PUBLIC        _strcat
  -------         ENDMOD        STRCAT

  -------         MODULE        ?C?STRCMP
  C:2579H         PUBLIC        ?C?STRCMP
  -------         ENDMOD        ?C?STRCMP

  -------         MODULE        ?C?STRCPY
  C:2662H         PUBLIC        ?C?STRCPY
  -------         ENDMOD        ?C?STRCPY

  -------         MODULE        STRLEN
BL51 BANKED LINKER/LOCATER V6.22.2.0                                                  08/31/2020  09:26:19  PAGE 116


  C:000EH         PUBLIC        _STRLEN
  -------         ENDMOD        STRLEN

  -------         MODULE        STRTOK
  X:0078H         PUBLIC        ?_strtok?BYTE
  C:7563H         PUBLIC        _strtok
  -------         ENDMOD        STRTOK

  -------         MODULE        ATOI
  C:7647H         PUBLIC        _atoi
  -------         ENDMOD        ATOI

  -------         MODULE        ?C?ILDIX
  C:267FH         PUBLIC        ?C?ILDIX
  -------         ENDMOD        ?C?ILDIX

  -------         MODULE        ISDIGIT
  C:9C0AH         PUBLIC        _isdigit
  -------         ENDMOD        ISDIGIT

  -------         MODULE        ISSPACE
  C:9B6AH         PUBLIC        _isspace
  -------         ENDMOD        ISSPACE

  -------         MODULE        STRSPN
  X:007EH         PUBLIC        ?_strspn?BYTE
  C:8ACCH         PUBLIC        _strspn
  -------         ENDMOD        STRSPN

  -------         MODULE        STRPBRK
  X:007EH         PUBLIC        ?_strpbrk?BYTE
  C:8B50H         PUBLIC        _strpbrk
  -------         ENDMOD        STRPBRK

*** WARNING L16: UNCALLED SEGMENT, IGNORED FOR OVERLAY PROCESS
    SEGMENT: ?PR?UNIQUE_IDENTIFIER_UID?LINTECH

*** WARNING L16: UNCALLED SEGMENT, IGNORED FOR OVERLAY PROCESS
    SEGMENT: ?PR?POWER_OFF?LINTECH

Program Size: data=119.6 xdata=512 code=40075
LINK/LOCATE RUN COMPLETE.  2 WARNING(S),  0 ERROR(S)
