BL51 BANKED LINKER/LOCATER V6.22.2.0                                                    07/28/2021  11:20:17  PAGE 1


BL51 BANKED LINKER/LOCATER V6.22.2.0, INVOKED BY:
C:\KEIL_V5\C51\BIN\BL51.EXE .\Objects\main.obj, .\Objects\Accescan.obj, .\Objects\Clock.obj, .\Objects\delay.obj, .\Obje
>> cts\eeprom.obj, .\Objects\io_sensores.obj, .\Objects\pantallas.obj, .\Objects\prog.obj, .\Objects\pto_paralelo.obj, .
>> \Objects\tibbo.obj, .\Objects\uart.obj, .\Objects\verificador.obj, .\Objects\lintech.obj TO .\Objects\verificador_v_0
>> 1_raspberry PRINT (.\Listings\verificador_v_01_raspberry.m51) RAMSIZE (256)


MEMORY MODEL: LARGE WITH FLOATING POINT ARITHMETIC


INPUT MODULES INCLUDED:
  .\Objects\main.obj (MAIN)
  .\Objects\Accescan.obj (ACCESCAN)
  .\Objects\Clock.obj (CLOCK)
  .\Objects\delay.obj (DELAY)
  .\Objects\eeprom.obj (EEPROM)
  .\Objects\io_sensores.obj (IO_SENSORES)
  .\Objects\pantallas.obj (PANTALLAS)
  .\Objects\prog.obj (PROG)
  .\Objects\pto_paralelo.obj (PTO_PARALELO)
  .\Objects\tibbo.obj (TIBBO)
  .\Objects\uart.obj (UART)
  .\Objects\verificador.obj (VERIFICADOR)
  .\Objects\lintech.obj (LINTECH)
  C:\KEIL_V5\C51\LIB\C51FPL.LIB (?C?FPADD)
  C:\KEIL_V5\C51\LIB\C51FPL.LIB (?C?FPMUL)
  C:\KEIL_V5\C51\LIB\C51FPL.LIB (?C?FCAST)
  C:\KEIL_V5\C51\LIB\C51FPL.LIB (?C?CASTF)
  C:\KEIL_V5\C51\LIB\C51FPL.LIB (PRINTF)
  C:\KEIL_V5\C51\LIB\C51FPL.LIB (POW)
  C:\KEIL_V5\C51\LIB\C51FPL.LIB (?C?FPGETOPN)
  C:\KEIL_V5\C51\LIB\C51FPL.LIB (?C?CHKFLOAT)
  C:\KEIL_V5\C51\LIB\C51FPL.LIB (?C?FPCMP)
  C:\KEIL_V5\C51\LIB\C51FPL.LIB (?C?FPNEG)
  C:\KEIL_V5\C51\LIB\C51FPL.LIB (?C?FPROUND)
  C:\KEIL_V5\C51\LIB\C51FPL.LIB (?C?FPCONVERT)
  C:\KEIL_V5\C51\LIB\C51FPL.LIB (EXP)
  C:\KEIL_V5\C51\LIB\C51FPL.LIB (LOG)
  C:\KEIL_V5\C51\LIB\C51FPL.LIB (?C?FPDIV)
  C:\KEIL_V5\C51\LIB\C51FPL.LIB (?C?FTNPWR)
  C:\KEIL_V5\C51\LIB\C51FPL.LIB (?C?FPSERIES)
  C:\KEIL_V5\C51\LIB\C51L.LIB (?C_STARTUP)
  C:\KEIL_V5\C51\LIB\C51L.LIB (?C?COPY)
  C:\KEIL_V5\C51\LIB\C51L.LIB (?C?CLDPTR)
  C:\KEIL_V5\C51\LIB\C51L.LIB (?C?CLDOPTR)
  C:\KEIL_V5\C51\LIB\C51L.LIB (?C?CSTPTR)
  C:\KEIL_V5\C51\LIB\C51L.LIB (?C?CSTOPTR)
  C:\KEIL_V5\C51\LIB\C51L.LIB (?C?IMUL)
  C:\KEIL_V5\C51\LIB\C51L.LIB (?C?UIDIV)
  C:\KEIL_V5\C51\LIB\C51L.LIB (?C?IILDX)
  C:\KEIL_V5\C51\LIB\C51L.LIB (?C?LNEG)
  C:\KEIL_V5\C51\LIB\C51L.LIB (?C?ULCMP)
  C:\KEIL_V5\C51\LIB\C51L.LIB (?C?LLDCODE)
  C:\KEIL_V5\C51\LIB\C51L.LIB (?C?LLDXDATA0)
  C:\KEIL_V5\C51\LIB\C51L.LIB (?C?LLDCODE0)
  C:\KEIL_V5\C51\LIB\C51L.LIB (?C?LSTXDATA)
  C:\KEIL_V5\C51\LIB\C51L.LIB (?C?LSTKXDATA)
  C:\KEIL_V5\C51\LIB\C51L.LIB (?C?PLDIXDATA)
BL51 BANKED LINKER/LOCATER V6.22.2.0                                                  07/28/2021  11:20:17  PAGE 2


  C:\KEIL_V5\C51\LIB\C51L.LIB (?C?PSTXDATA)
  C:\KEIL_V5\C51\LIB\C51L.LIB (?C?CCASE)
  C:\KEIL_V5\C51\LIB\C51L.LIB (STRCAT)
  C:\KEIL_V5\C51\LIB\C51L.LIB (?C?STRCMP)
  C:\KEIL_V5\C51\LIB\C51L.LIB (?C?STRCPY)
  C:\KEIL_V5\C51\LIB\C51L.LIB (STRLEN)
  C:\KEIL_V5\C51\LIB\C51L.LIB (STRTOK)
  C:\KEIL_V5\C51\LIB\C51L.LIB (ATOI)
  C:\KEIL_V5\C51\LIB\C51L.LIB (MALLOC)
  C:\KEIL_V5\C51\LIB\C51L.LIB (INIT_MEM)
  C:\KEIL_V5\C51\LIB\C51L.LIB (FREE)
  C:\KEIL_V5\C51\LIB\C51L.LIB (?C_INIT)
  C:\KEIL_V5\C51\LIB\C51L.LIB (?C?ILDIX)
  C:\KEIL_V5\C51\LIB\C51L.LIB (ISDIGIT)
  C:\KEIL_V5\C51\LIB\C51L.LIB (ISSPACE)
  C:\KEIL_V5\C51\LIB\C51L.LIB (STRSPN)
  C:\KEIL_V5\C51\LIB\C51L.LIB (STRPBRK)


LINK MAP OF MODULE:  .\Objects\verificador_v_01_raspberry (MAIN)


            TYPE    BASE      LENGTH    RELOCATION   SEGMENT NAME
            -----------------------------------------------------

            * * * * * * *   D A T A   M E M O R Y   * * * * * * *
            REG     0000H     0008H     ABSOLUTE     "REG BANK 0"
            DATA    0008H     0005H     UNIT         _DATA_GROUP_
            DATA    000DH     0004H     UNIT         ?DT?UART
            IDATA   0011H     0009H     UNIT         ?ID?ACCESCAN
                    001AH     0006H                  *** GAP ***
            BIT     0020H.0   0001H.1   UNIT         _BIT_GROUP_
            BIT     0021H.1   0000H.3   UNIT         ?BI?MAIN
            BIT     0021H.4   0000H.2   UNIT         ?BI?UART
            BIT     0021H.6   0000H.1   UNIT         ?BI?EEPROM
                    0021H.7   0000H.1                *** GAP ***
            IDATA   0022H     0064H     UNIT         ?ID?MAIN
            IDATA   0086H     0001H     UNIT         ?STACK

            * * * * * * *  X D A T A   M E M O R Y  * * * * * * *
            XDATA   0000H     00E4H     UNIT         _XDATA_GROUP_
            XDATA   00E4H     0070H     UNIT         ?XD?MAIN
            XDATA   0154H     0066H     UNIT         ?XD?VERIFICADOR
            XDATA   01BAH     0051H     UNIT         ?XD?PANTALLAS
            XDATA   020BH     0051H     UNIT         ?XD?PROG
            XDATA   025CH     001EH     UNIT         ?XD?PTO_PARALELO
            XDATA   027AH     0008H     UNIT         ?XD?INIT_MEM
            XDATA   0282H     0003H     UNIT         ?XD?EEPROM
            XDATA   0285H     0003H     UNIT         ?XD?UART
            XDATA   0288H     0003H     UNIT         ?XD?STRTOK
            XDATA   028BH     0002H     UNIT         ?XD?ACCESCAN
            XDATA   028DH     0001H     UNIT         ?XD?CLOCK
            XDATA   028EH     0001H     UNIT         ?XD?IO_SENSORES

            * * * * * * *   C O D E   M E M O R Y   * * * * * * *
            CODE    0000H     0003H     ABSOLUTE     
            CODE    0003H     0008H     UNIT         ?PR?P_CK?CLOCK
BL51 BANKED LINKER/LOCATER V6.22.2.0                                                  07/28/2021  11:20:17  PAGE 3


            CODE    000BH     0003H     ABSOLUTE     
            CODE    000EH     0015H     UNIT         ?PR?_STRLEN?STRLEN
            CODE    0023H     0003H     ABSOLUTE     
            CODE    0026H     116CH     UNIT         ?CO?PROG
            CODE    1192H     0C36H     UNIT         ?PR?SECUENCIAEXPEDIDOR?VERIFICADOR
            CODE    1DC8H     0B55H     UNIT         ?C?LIB_CODE
            CODE    291DH     0775H     UNIT         ?CO?VERIFICADOR
            CODE    3092H     0537H     UNIT         ?PR?_ANALIZA_TIEMPO?CLOCK
            CODE    35C9H     0494H     UNIT         ?CO?PANTALLAS
            CODE    3A5DH     0483H     UNIT         ?PR?PRINTF?PRINTF
            CODE    3EE0H     041DH     UNIT         ?PR?_VALIDA_TRAMA_PTO?ACCESCAN
            CODE    42FDH     03D5H     UNIT         ?PR?_PANTALLALCD?PANTALLAS
            CODE    46D2H     038EH     UNIT         ?PR?VER_PROG?PROG
            CODE    4A60H     02D0H     UNIT         ?PR?_TWO_BYTEHEX_DECIMAL?CLOCK
            CODE    4D30H     02CDH     UNIT         ?PR?_TRAMA_PTO_PARALELO_NEW?PTO_PARALELO
            CODE    4FFDH     02B7H     UNIT         ?PR?_PROG_HORARIO_DIAS?PROG
            CODE    52B4H     021AH     UNIT         ?PR?MENU?PROG
            CODE    54CEH     020FH     UNIT         ?PR?_HASH_ID?PROG
            CODE    56DDH     01FAH     UNIT         ?PR?_PROG_HORARIO_DESDE_HASTA?PROG
            CODE    58D7H     01F5H     UNIT         ?PR?PROG_FECHA_VENCIMIENTO?PROG
            CODE    5ACCH     01ECH     UNIT         ?PR?_RESPONDE_LECTURA_TARJETA_SECTOR1_BLOQUE2?VERIFICADOR
            CODE    5CB8H     01CFH     UNIT         ?PR?_BLOCK_READ_CLOCK_ASCII_RASBERRY?CLOCK
            CODE    5E87H     01B3H     UNIT         ?PR?COM_ISR?UART
            CODE    603AH     01A6H     UNIT         ?PR?_CMD_LPR_SALIDA?ACCESCAN
            CODE    61E0H     017BH     UNIT         ?PR?_RESPONDE_LECTURA_TARJETA_SECTOR1_BLOQUE1?VERIFICADOR
            CODE    635BH     017BH     UNIT         ?PR?_WR_MF?LINTECH
            CODE    64D6H     0179H     UNIT         ?PR?_CHECK_FECHAOUT?CLOCK
            CODE    664FH     016FH     UNIT         ?PR?_BLOCK_READ_CLOCK_ASCII?CLOCK
            CODE    67BEH     0166H     UNIT         ?PR?_POW?POW
            CODE    6924H     0161H     UNIT         ?CO?LINTECH
            CODE    6A85H     0145H     UNIT         ?PR?PROG_HORARIOS?PROG
            CODE    6BCAH     0142H     UNIT         ?PR?_PANTALLALCD_LINEA_2?PANTALLAS
            CODE    6D0CH     0140H     UNIT         ?PR?SECUENCIA_INICIO_EXPEDIDOR?VERIFICADOR
            CODE    6E4CH     013FH     UNIT         ?PR?_FREE?FREE
            CODE    6F8BH     013EH     UNIT         ?PR?PROG_SIN_COBRO?PROG
            CODE    70C9H     0137H     UNIT         ?PR?VER_HORARIO?PROG
            CODE    7200H     0129H     UNIT         ?PR?LOG?LOG
            CODE    7329H     0128H     UNIT         ?PR?_VER_HORARIO_DIAS?PROG
            CODE    7451H     011AH     UNIT         ?PR?_PROG_HORARIOS_ON_OFF?PROG
            CODE    756BH     0119H     UNIT         ?PR?_VER_HORARIO_DESDE_HASTA?PROG
            CODE    7684H     0115H     UNIT         ?PR?_VALIDAR_CLK?CLOCK
            CODE    7799H     0110H     UNIT         ?PR?LOAD_AND_SEND_ID_COD?PTO_PARALELO
            CODE    78A9H     010FH     UNIT         ?PR?_RESPONDE_LECTURA_TARJETA_SECTOR1_BLOQUE0?VERIFICADOR
            CODE    79B8H     0103H     UNIT         ?PR?_BLOQUE_HORARIO?VERIFICADOR
            CODE    7ABBH     00FFH     UNIT         ?PR?_TRAMA_PTO_PARALELO_P?PTO_PARALELO
            CODE    7BBAH     00FEH     UNIT         ?PR?_ARMAR_TRAMA_PTO_PARALELO_EXPEDIDOR_MENSUAL?VERIFICADOR
            CODE    7CB8H     00FCH     UNIT         ?PR?PROG_DEBUG?PROG
            CODE    7DB4H     00FCH     UNIT         ?PR?PROG_USE_LPR?PROG
            CODE    7EB0H     00FCH     UNIT         ?PR?PROG_COMPARACION_ACTIVA?PROG
            CODE    7FACH     00FCH     UNIT         ?PR?TIPO_PANTALLA?PROG
            CODE    80A8H     00FCH     UNIT         ?PR?DCTO_CAJA?PROG
            CODE    81A4H     00FCH     UNIT         ?PR?PROG_APB_MENSUAL?PROG
            CODE    82A0H     00F5H     UNIT         ?PR?_HORARIOS?VERIFICADOR
            CODE    8395H     00EAH     UNIT         ?PR?_MOV_CARD?LINTECH
            CODE    847FH     00E4H     UNIT         ?PR?_STRTOK?STRTOK
            CODE    8563H     00DEH     UNIT         ?PR?PROG_ADDRESS_HIGH_BOARD?PROG
            CODE    8641H     00DBH     UNIT         ?PR?_ATOI?ATOI
BL51 BANKED LINKER/LOCATER V6.22.2.0                                                  07/28/2021  11:20:17  PAGE 4


            CODE    871CH     00D7H     UNIT         ?PR?_ANALIZA_UID_CARD?VERIFICADOR
            CODE    87F3H     00D6H     UNIT         ?PR?_CMD_LPR_SALIDA_WIEGAND?ACCESCAN
            CODE    88C9H     00D1H     UNIT         ?PR?_MALLOC?MALLOC
            CODE    899AH     00C6H     UNIT         ?C_INITSEG
            CODE    8A60H     00C5H     UNIT         ?PR?_BLOCK_READ_CLOCK?CLOCK
            CODE    8B25H     00C3H     UNIT         ?PR?_RD_MF?LINTECH
            CODE    8BE8H     00BDH     UNIT         ?PR?PROG_COD_PARK?PROG
            CODE    8CA5H     00BDH     UNIT         ?PR?PROG_TIEMPO_GRACIA?PROG
            CODE    8D62H     00BBH     UNIT         ?PR?_CHECK_FECHAOUT_2?CLOCK
            CODE    8E1DH     00B6H     UNIT         ?PR?PROG_ID_CLIENTE?PROG
            CODE    8ED3H     00B4H     UNIT         ?PR?_SEND_PORT?PTO_PARALELO
            CODE    8F87H     00AFH     UNIT         ?PR?ERROR_RX_PTO?VERIFICADOR
            CODE    9036H     00ACH     UNIT         ?PR?_HORA_MAXIMA?VERIFICADOR
            CODE    90E2H     00A9H     UNIT         ?PR?DWLOAD_EEPROM?LINTECH
            CODE    918BH     00A7H     UNIT         ?PR?_BLOCK_READ_CLOCK_HEX?CLOCK
            CODE    9232H     00A6H     UNIT         ?PR?_DEBUG_FECHA_ACTUAL?TIBBO
            CODE    92D8H     00A0H     UNIT         ?CO?IO_SENSORES
            CODE    9378H     00A0H     UNIT         ?CO?TIBBO
            CODE    9418H     009DH     UNIT         ?PR?_INICIALIZA?LINTECH
            CODE    94B5H     009CH     UNIT         ?PR?_RECIBE_PORT?PTO_PARALELO
            CODE    9551H     009AH     UNIT         ?PR?EXP?EXP
            CODE    95EBH     0095H     UNIT         ?PR?_RECIBE_CMD_MONITOR?ACCESCAN
            CODE    9680H     0091H     UNIT         ?PR?_HEX_ASCII?CLOCK
            CODE    9711H     0091H     UNIT         ?PR?_CARD_INSERCION?LINTECH
            CODE    97A2H     0091H     UNIT         ?PR?LOADVERIFY_EEPROM?LINTECH
            CODE    9833H     0090H     UNIT         ?PR?_GETOPTION?PROG
            CODE    98C3H     008FH     UNIT         ?PR?_LEE_CLK?CLOCK
            CODE    9952H     008FH     UNIT         ?PR?_BLOCK_WRITE_CLOCK_ASCII?CLOCK
            CODE    99E1H     008CH     UNIT         ?C_C51STARTUP
            CODE    9A6DH     008AH     UNIT         ?PR?_EN_HORARIO?VERIFICADOR
            CODE    9AF7H     0088H     UNIT         ?PR?_SEND_PORTERR?PTO_PARALELO
            CODE    9B7FH     0088H     UNIT         ?PR?RX_DATA?TIBBO
            CODE    9C07H     0088H     UNIT         ?PR?UNIQUE_IDENTIFIER_UID?LINTECH
            CODE    9C8FH     0087H     UNIT         ?PR?SHOW?PROG
            CODE    9D16H     0085H     UNIT         ?PR?MAIN?MAIN
            CODE    9D9BH     0084H     UNIT         ?PR?_STRSPN?STRSPN
            CODE    9E1FH     0081H     UNIT         ?PR?_STRPBRK?STRPBRK
            CODE    9EA0H     0080H     UNIT         ?PR?MSJ_LCD_INFORMATIVO?IO_SENSORES
            CODE    9F20H     0080H     UNIT         ?PR?_INGRESADATO?PROG
            CODE    9FA0H     0080H     UNIT         ?PR?AUT_CARD_CHECK_STATUS?LINTECH
            CODE    A020H     0080H     UNIT         ?PR?POWER_OFF?LINTECH
            CODE    A0A0H     007CH     UNIT         ?PR?_CHECK_STATUS?LINTECH
            CODE    A11CH     0073H     UNIT         ?PR?VALIDASENSORESPASO?IO_SENSORES
            CODE    A18FH     0073H     UNIT         ?PR?_DEBUGBUFFERMF?TIBBO
            CODE    A202H     006FH     UNIT         ?PR?_ESCRIBIRMEMORIA?EEPROM
            CODE    A271H     006DH     UNIT         ?PR?VALIDAR_PAGO?VERIFICADOR
            CODE    A2DEH     006BH     UNIT         ?PR?_VALIDA_MISMO_DIA?VERIFICADOR
            CODE    A349H     006BH     UNIT         ?PR?_STRCAT?STRCAT
            CODE    A3B4H     006AH     UNIT         ?PR?RELOJ_PANTALLA_LCD?PANTALLAS
            CODE    A41EH     0066H     UNIT         ?PR?_LEERMEMORIA?EEPROM
            CODE    A484H     0062H     UNIT         ?PR?_LISTACOMANDOS?PROG
            CODE    A4E6H     005EH     UNIT         ?PR?_BYTEHEX_DECIMAL?CLOCK
            CODE    A544H     0059H     UNIT         ?PR?_RASPBERRY_DATA?PANTALLAS
            CODE    A59DH     0056H     UNIT         ?PR?_WR_EEPROM?EEPROM
            CODE    A5F3H     0056H     UNIT         ?PR?VARIABLE_INICIO?EEPROM
            CODE    A649H     004DH     UNIT         ?PR?L_D_M?EEPROM
            CODE    A696H     004BH     UNIT         ?PR?_TX_AUX?TIBBO
BL51 BANKED LINKER/LOCATER V6.22.2.0                                                  07/28/2021  11:20:17  PAGE 5


            CODE    A6E1H     0048H     UNIT         ?PR?FIRST_CLAVE?PROG
            CODE    A729H     0048H     UNIT         ?PR?_DEBUG_PTO_PARALELO?TIBBO
            CODE    A771H     0047H     UNIT         ?PR?_DEBUG_CHR_TIBBO?TIBBO
            CODE    A7B8H     0046H     UNIT         ?PR?_ESCRIBIRCADENASOFT_BUFFER?MAIN
            CODE    A7FEH     0046H     UNIT         ?PR?_LCD_TXT_NUM_CHAR?PANTALLAS
            CODE    A844H     0046H     UNIT         ?PR?_DEBUG_HEXDEC?TIBBO
            CODE    A88AH     0044H     UNIT         ?PR?_LCD_TXT?PANTALLAS
            CODE    A8CEH     0044H     UNIT         ?PR?_DEBUG_TXT_TIBBO?TIBBO
            CODE    A912H     0043H     UNIT         ?PR?DIR_BOARD?IO_SENSORES
            CODE    A955H     0042H     UNIT         ?PR?_VALIDARCLAVE?PROG
            CODE    A997H     0041H     UNIT         ?PR?_MONITOR_CHR?ACCESCAN
            CODE    A9D8H     0041H     UNIT         ?PR?_TWO_ONE?CLOCK
            CODE    AA19H     0040H     UNIT         ?PR?_GETCMD?PROG
            CODE    AA59H     003FH     UNIT         ?PR?_EB_CLK?CLOCK
            CODE    AA98H     003EH     UNIT         ?PR?_PUTCHAR?MAIN
            CODE    AAD6H     003DH     UNIT         ?PR?_HEX_BCD?CLOCK
            CODE    AB13H     003DH     UNIT         ?PR?_RD_EEPROM?EEPROM
            CODE    AB50H     003CH     UNIT         ?PR?_INIT_MEMPOOL?INIT_MEM
            CODE    AB8CH     003BH     UNIT         ?CO?ACCESCAN
            CODE    ABC7H     003BH     UNIT         ?PR?_COM_PUTCHAR?UART
            CODE    AC02H     003AH     UNIT         ?PR?_DELAY_10MS?DELAY
            CODE    AC3CH     0037H     UNIT         ?PR?TIMER0_INT?MAIN
            CODE    AC73H     0036H     UNIT         ?PR?FORMATO_EEPROM?EEPROM
            CODE    ACA9H     0034H     UNIT         ?PR?ADDR_HORARIOS?PROG
            CODE    ACDDH     002CH     UNIT         ?PR?LOAD_AND_SEND_INFO_RELOJ?PTO_PARALELO
            CODE    AD09H     002AH     UNIT         ?PR?COM_INITIALIZE?UART
            CODE    AD33H     0028H     UNIT         ?PR?_WR_CLK?CLOCK
            CODE    AD5BH     0028H     UNIT         ?PR?COM_BAUDRATE?UART
            CODE    AD83H     0027H     UNIT         ?PR?_TX_CHRLCD?PANTALLAS
            CODE    ADAAH     0026H     UNIT         ?PR?COM_GETCHAR?UART
            CODE    ADD0H     0024H     UNIT         ?PR?TRAMA_VALIDACION_P_N?VERIFICADOR
            CODE    ADF4H     0022H     UNIT         ?PR?_E_D_M?EEPROM
            CODE    AE16H     0020H     UNIT         ?PR?ACKD?EEPROM
            CODE    AE36H     0020H     UNIT         ?PR?ACK_LECT?EEPROM
            CODE    AE56H     001FH     UNIT         ?PR?VALIDASENSOR?IO_SENSORES
            CODE    AE75H     001FH     UNIT         ?PR?VALIDASENSORES_OUT?IO_SENSORES
            CODE    AE94H     001FH     UNIT         ?PR?TIME_BIT?TIBBO
            CODE    AEB3H     001EH     UNIT         ?PR?_BCD_HEX?CLOCK
            CODE    AED1H     001DH     UNIT         ?CO?PTO_PARALELO
            CODE    AEEEH     001BH     UNIT         ?PR?_DELAY_1MS?DELAY
            CODE    AF09H     0017H     UNIT         ?PR?DISPLAYCURSOR?PROG
            CODE    AF20H     0017H     UNIT         ?PR?TIME_MBIT?TIBBO
            CODE    AF37H     0016H     UNIT         ?PR?DIR_BOARD_MONITOR?IO_SENSORES
            CODE    AF4DH     0014H     UNIT         ?PR?_ISSPACE?ISSPACE
            CODE    AF61H     0012H     UNIT         ?PR?_DELAY_20US?DELAY
            CODE    AF73H     0012H     UNIT         ?PR?START?EEPROM
            CODE    AF85H     0012H     UNIT         ?PR?PULSO_BUS?PTO_PARALELO
            CODE    AF97H     0012H     UNIT         ?PR?COM_RBUFLEN?UART
            CODE    AFA9H     0012H     UNIT         ?PR?COM_TBUFLEN?UART
            CODE    AFBBH     0010H     UNIT         ?PR?INI_TIMER?MAIN
            CODE    AFCBH     0010H     UNIT         ?PR?INICIA_BOARD?MAIN
            CODE    AFDBH     000FH     UNIT         ?PR?_ISDIGIT?ISDIGIT
            CODE    AFEAH     000CH     UNIT         ?PR?_GETKEY?MAIN
            CODE    AFF6H     000AH     UNIT         ?PR?COND_INI_PTO?PTO_PARALELO
            CODE    B000H     0009H     UNIT         ?PR?STOP?EEPROM
            CODE    B009H     0009H     UNIT         ?PR?DEBUG_DIVIDIR_TEXTO?TIBBO
            CODE    B012H     0007H     UNIT         ?PR?COND_INI_CLOCK?CLOCK
BL51 BANKED LINKER/LOCATER V6.22.2.0                                                  07/28/2021  11:20:17  PAGE 6


            CODE    B019H     0007H     UNIT         ?PR?SEL_FUNCION?IO_SENSORES
            CODE    B020H     0007H     UNIT         ?PR?SEL_AUTO?IO_SENSORES
            CODE    B027H     0007H     UNIT         ?PR?SEL_SENSOR2?IO_SENSORES
            CODE    B02EH     0007H     UNIT         ?PR?SEL_SENSOR1?IO_SENSORES
            CODE    B035H     0007H     UNIT         ?PR?SEL_DIR1?IO_SENSORES
            CODE    B03CH     0007H     UNIT         ?PR?SEL_DIR2?IO_SENSORES
            CODE    B043H     0006H     UNIT         ?PR?P_ME?EEPROM
            CODE    B049H     0005H     UNIT         ?PR?ON_TIMER0_INTERRUP?MAIN
            CODE    B04EH     0005H     UNIT         ?PR?COND_INI_TIBBO?TIBBO
            CODE    B053H     0003H     UNIT         ?PR?OFF_TIMER0_INTERRUP?MAIN
            CODE    B056H     0001H     UNIT         ?PR?DELAY?DELAY



OVERLAY MAP OF MODULE:   .\Objects\verificador_v_01_raspberry (MAIN)


SEGMENT                                             BIT_GROUP          DATA_GROUP          XDATA_GROUP
  +--> CALLED SEGMENT                            START    LENGTH     START    LENGTH     START    LENGTH
--------------------------------------------------------------------------------------------------------
?C_C51STARTUP                                    -----    -----      -----    -----      -----    -----
  +--> ?PR?MAIN?MAIN
  +--> ?C_INITSEG

?PR?MAIN?MAIN                                    -----    -----      -----    -----      0000H    0001H
  +--> ?PR?INI_TIMER?MAIN
  +--> ?PR?ON_TIMER0_INTERRUP?MAIN
  +--> ?PR?COM_INITIALIZE?UART
  +--> ?PR?COM_BAUDRATE?UART
  +--> ?PR?INICIA_BOARD?MAIN
  +--> ?PR?TIME_BIT?TIBBO
  +--> ?PR?_DELAY_20US?DELAY
  +--> ?PR?TIME_MBIT?TIBBO
  +--> ?PR?_TX_AUX?TIBBO
  +--> ?PR?SEL_FUNCION?IO_SENSORES
  +--> ?PR?MENU?PROG
  +--> ?PR?VARIABLE_INICIO?EEPROM
  +--> ?PR?SECUENCIA_INICIO_EXPEDIDOR?VERIFI...
  +--> ?PR?_RECIBE_CMD_MONITOR?ACCESCAN
  +--> ?PR?SECUENCIAEXPEDIDOR?VERIFICADOR
  +--> ?PR?_RECIBE_PORT?PTO_PARALELO
  +--> ?PR?_VALIDA_TRAMA_PTO?ACCESCAN
  +--> ?PR?_DEBUG_PTO_PARALELO?TIBBO
  +--> ?PR?MSJ_LCD_INFORMATIVO?IO_SENSORES

?PR?COM_INITIALIZE?UART                          -----    -----      -----    -----      -----    -----
  +--> ?PR?COM_BAUDRATE?UART

?PR?INICIA_BOARD?MAIN                            -----    -----      -----    -----      -----    -----
  +--> ?PR?COND_INI_TIBBO?TIBBO
  +--> ?PR?COND_INI_CLOCK?CLOCK
  +--> ?PR?COND_INI_PTO?PTO_PARALELO

?PR?_TX_AUX?TIBBO                                -----    -----      -----    -----      -----    -----
  +--> ?PR?TIME_BIT?TIBBO

?PR?MENU?PROG                                    -----    -----      -----    -----      0001H    0059H
BL51 BANKED LINKER/LOCATER V6.22.2.0                                                  07/28/2021  11:20:17  PAGE 7


  +--> ?CO?PROG
  +--> ?PR?PRINTF?PRINTF
  +--> ?PR?_RD_EEPROM?EEPROM
  +--> ?PR?FIRST_CLAVE?PROG
  +--> ?PR?_WR_EEPROM?EEPROM
  +--> ?PR?_LEERMEMORIA?EEPROM
  +--> ?PR?_HASH_ID?PROG
  +--> ?PR?_INGRESADATO?PROG
  +--> ?PR?_GETCMD?PROG
  +--> ?PR?_ESCRIBIRMEMORIA?EEPROM
  +--> ?PR?_VALIDARCLAVE?PROG
  +--> ?PR?DISPLAYCURSOR?PROG
  +--> ?PR?_STRLEN?STRLEN
  +--> ?PR?_GETOPTION?PROG
  +--> ?PR?_STRCAT?STRCAT
  +--> ?PR?_LISTACOMANDOS?PROG
  +--> ?PR?PROG_ID_CLIENTE?PROG
  +--> ?PR?PROG_COD_PARK?PROG
  +--> ?PR?PROG_TIEMPO_GRACIA?PROG
  +--> ?PR?PROG_SIN_COBRO?PROG
  +--> ?PR?PROG_DEBUG?PROG
  +--> ?PR?PROG_USE_LPR?PROG
  +--> ?PR?PROG_COMPARACION_ACTIVA?PROG
  +--> ?PR?TIPO_PANTALLA?PROG
  +--> ?PR?DCTO_CAJA?PROG
  +--> ?PR?PROG_APB_MENSUAL?PROG
  +--> ?PR?PROG_ADDRESS_HIGH_BOARD?PROG
  +--> ?PR?PROG_HORARIOS?PROG
  +--> ?PR?VER_PROG?PROG
  +--> ?PR?SHOW?PROG
  +--> ?PR?PROG_FECHA_VENCIMIENTO?PROG

?PR?PRINTF?PRINTF                                0020H.0  0001H.1    0008H    0005H      00B0H    0030H
  +--> ?PR?_PUTCHAR?MAIN

?PR?_PUTCHAR?MAIN                                -----    -----      -----    -----      00E0H    0003H
  +--> ?PR?_COM_PUTCHAR?UART

?PR?_COM_PUTCHAR?UART                            -----    -----      -----    -----      00E3H    0001H
  +--> ?PR?COM_TBUFLEN?UART

?PR?_RD_EEPROM?EEPROM                            -----    -----      -----    -----      -----    -----
  +--> ?PR?START?EEPROM
  +--> ?PR?ACK_LECT?EEPROM
  +--> ?PR?_E_D_M?EEPROM
  +--> ?PR?ACKD?EEPROM
  +--> ?PR?L_D_M?EEPROM
  +--> ?PR?STOP?EEPROM

?PR?ACK_LECT?EEPROM                              -----    -----      -----    -----      -----    -----
  +--> ?PR?_E_D_M?EEPROM

?PR?_E_D_M?EEPROM                                -----    -----      -----    -----      -----    -----
  +--> ?PR?P_ME?EEPROM

?PR?ACKD?EEPROM                                  -----    -----      -----    -----      -----    -----
  +--> ?PR?_E_D_M?EEPROM
BL51 BANKED LINKER/LOCATER V6.22.2.0                                                  07/28/2021  11:20:17  PAGE 8



?PR?FIRST_CLAVE?PROG                             -----    -----      -----    -----      005AH    000BH
  +--> ?PR?_BLOCK_READ_CLOCK_ASCII?CLOCK
  +--> ?PR?_HASH_ID?PROG
  +--> ?PR?_ESCRIBIRMEMORIA?EEPROM

?PR?_BLOCK_READ_CLOCK_ASCII?CLOCK                -----    -----      -----    -----      0065H    0003H
  +--> ?PR?_LEE_CLK?CLOCK

?PR?_LEE_CLK?CLOCK                               -----    -----      -----    -----      00C5H    0003H
  +--> ?PR?_DELAY_20US?DELAY
  +--> ?PR?_EB_CLK?CLOCK
  +--> ?PR?P_CK?CLOCK

?PR?_EB_CLK?CLOCK                                -----    -----      -----    -----      00C8H    0003H
  +--> ?PR?P_CK?CLOCK

?PR?P_CK?CLOCK                                   -----    -----      -----    -----      -----    -----
  +--> ?PR?DELAY?DELAY

?PR?_HASH_ID?PROG                                -----    -----      -----    -----      0071H    003FH
  +--> ?CO?PROG
  +--> ?PR?_LEERMEMORIA?EEPROM
  +--> ?PR?_CHECK_FECHAOUT_2?CLOCK
  +--> ?PR?PRINTF?PRINTF
  +--> ?PR?_STRLEN?STRLEN

?PR?_LEERMEMORIA?EEPROM                          -----    -----      -----    -----      00B0H    0005H
  +--> ?PR?_RD_EEPROM?EEPROM

?PR?_CHECK_FECHAOUT_2?CLOCK                      -----    -----      -----    -----      00B0H    0012H
  +--> ?PR?_BLOCK_READ_CLOCK_HEX?CLOCK

?PR?_BLOCK_READ_CLOCK_HEX?CLOCK                  -----    -----      -----    -----      00C2H    0003H
  +--> ?PR?_LEE_CLK?CLOCK
  +--> ?PR?_BCD_HEX?CLOCK

?PR?_ESCRIBIRMEMORIA?EEPROM                      -----    -----      -----    -----      0071H    0005H
  +--> ?PR?_WR_EEPROM?EEPROM

?PR?_WR_EEPROM?EEPROM                            -----    -----      -----    -----      -----    -----
  +--> ?PR?START?EEPROM
  +--> ?PR?ACKD?EEPROM
  +--> ?PR?_E_D_M?EEPROM
  +--> ?PR?STOP?EEPROM
  +--> ?PR?_DELAY_1MS?DELAY
  +--> ?PR?_DELAY_20US?DELAY

?PR?_DELAY_1MS?DELAY                             -----    -----      -----    -----      -----    -----
  +--> ?PR?_DELAY_20US?DELAY

?PR?_INGRESADATO?PROG                            -----    -----      -----    -----      0085H    0004H
  +--> ?PR?_GETKEY?MAIN
  +--> ?CO?PROG
  +--> ?PR?PRINTF?PRINTF
  +--> ?PR?_PUTCHAR?MAIN

BL51 BANKED LINKER/LOCATER V6.22.2.0                                                  07/28/2021  11:20:17  PAGE 9


?PR?_GETKEY?MAIN                                 -----    -----      -----    -----      -----    -----
  +--> ?PR?COM_GETCHAR?UART

?PR?COM_GETCHAR?UART                             -----    -----      -----    -----      -----    -----
  +--> ?PR?COM_RBUFLEN?UART

?PR?_GETCMD?PROG                                 -----    -----      -----    -----      0071H    0007H
  +--> ?CO?PROG
  +--> ?PR?_STRTOK?STRTOK

?PR?_STRTOK?STRTOK                               -----    -----      -----    -----      0078H    0006H
  +--> ?PR?_STRSPN?STRSPN
  +--> ?PR?_STRPBRK?STRPBRK

?PR?_STRSPN?STRSPN                               -----    -----      -----    -----      007EH    0008H

?PR?_STRPBRK?STRPBRK                             -----    -----      -----    -----      007EH    0009H

?PR?_VALIDARCLAVE?PROG                           -----    -----      -----    -----      0071H    000AH

?PR?DISPLAYCURSOR?PROG                           -----    -----      -----    -----      -----    -----
  +--> ?CO?PROG
  +--> ?PR?PRINTF?PRINTF

?PR?_GETOPTION?PROG                              -----    -----      -----    -----      005AH    000BH
  +--> ?CO?PROG
  +--> ?PR?_STRTOK?STRTOK

?PR?_STRCAT?STRCAT                               -----    -----      -----    -----      005AH    0009H

?PR?_LISTACOMANDOS?PROG                          -----    -----      -----    -----      005AH    0007H

?PR?PROG_ID_CLIENTE?PROG                         -----    -----      -----    -----      005AH    000CH
  +--> ?PR?_RD_EEPROM?EEPROM
  +--> ?CO?PROG
  +--> ?PR?PRINTF?PRINTF
  +--> ?PR?_INGRESADATO?PROG
  +--> ?PR?_ATOI?ATOI
  +--> ?PR?_WR_EEPROM?EEPROM

?PR?_ATOI?ATOI                                   0020H.0  0000H.1    -----    -----      0085H    0005H
  +--> ?PR?_ISSPACE?ISSPACE
  +--> ?PR?_ISDIGIT?ISDIGIT

?PR?PROG_COD_PARK?PROG                           -----    -----      -----    -----      005AH    000CH
  +--> ?PR?_RD_EEPROM?EEPROM
  +--> ?CO?PROG
  +--> ?PR?PRINTF?PRINTF
  +--> ?PR?_INGRESADATO?PROG
  +--> ?PR?_ATOI?ATOI
  +--> ?PR?_WR_EEPROM?EEPROM

?PR?PROG_TIEMPO_GRACIA?PROG                      -----    -----      -----    -----      005AH    000CH
  +--> ?PR?_RD_EEPROM?EEPROM
  +--> ?CO?PROG
  +--> ?PR?PRINTF?PRINTF
  +--> ?PR?_INGRESADATO?PROG
BL51 BANKED LINKER/LOCATER V6.22.2.0                                                  07/28/2021  11:20:17  PAGE 10


  +--> ?PR?_ATOI?ATOI
  +--> ?PR?_WR_EEPROM?EEPROM

?PR?PROG_SIN_COBRO?PROG                          -----    -----      -----    -----      005AH    000CH
  +--> ?PR?_RD_EEPROM?EEPROM
  +--> ?CO?PROG
  +--> ?PR?PRINTF?PRINTF
  +--> ?PR?_INGRESADATO?PROG
  +--> ?PR?_ATOI?ATOI
  +--> ?PR?_WR_EEPROM?EEPROM

?PR?PROG_DEBUG?PROG                              -----    -----      -----    -----      005AH    000CH
  +--> ?PR?_RD_EEPROM?EEPROM
  +--> ?CO?PROG
  +--> ?PR?PRINTF?PRINTF
  +--> ?PR?_INGRESADATO?PROG
  +--> ?PR?_ATOI?ATOI
  +--> ?PR?_WR_EEPROM?EEPROM

?PR?PROG_USE_LPR?PROG                            -----    -----      -----    -----      005AH    000CH
  +--> ?PR?_RD_EEPROM?EEPROM
  +--> ?CO?PROG
  +--> ?PR?PRINTF?PRINTF
  +--> ?PR?_INGRESADATO?PROG
  +--> ?PR?_ATOI?ATOI
  +--> ?PR?_WR_EEPROM?EEPROM

?PR?PROG_COMPARACION_ACTIVA?PROG                 -----    -----      -----    -----      005AH    000CH
  +--> ?PR?_RD_EEPROM?EEPROM
  +--> ?CO?PROG
  +--> ?PR?PRINTF?PRINTF
  +--> ?PR?_INGRESADATO?PROG
  +--> ?PR?_ATOI?ATOI
  +--> ?PR?_WR_EEPROM?EEPROM

?PR?TIPO_PANTALLA?PROG                           -----    -----      -----    -----      005AH    000CH
  +--> ?PR?_RD_EEPROM?EEPROM
  +--> ?CO?PROG
  +--> ?PR?PRINTF?PRINTF
  +--> ?PR?_INGRESADATO?PROG
  +--> ?PR?_ATOI?ATOI
  +--> ?PR?_WR_EEPROM?EEPROM

?PR?DCTO_CAJA?PROG                               -----    -----      -----    -----      005AH    000CH
  +--> ?PR?_RD_EEPROM?EEPROM
  +--> ?CO?PROG
  +--> ?PR?PRINTF?PRINTF
  +--> ?PR?_INGRESADATO?PROG
  +--> ?PR?_ATOI?ATOI
  +--> ?PR?_WR_EEPROM?EEPROM

?PR?PROG_APB_MENSUAL?PROG                        -----    -----      -----    -----      005AH    000CH
  +--> ?PR?_RD_EEPROM?EEPROM
  +--> ?CO?PROG
  +--> ?PR?PRINTF?PRINTF
  +--> ?PR?_INGRESADATO?PROG
  +--> ?PR?_ATOI?ATOI
BL51 BANKED LINKER/LOCATER V6.22.2.0                                                  07/28/2021  11:20:17  PAGE 11


  +--> ?PR?_WR_EEPROM?EEPROM

?PR?PROG_ADDRESS_HIGH_BOARD?PROG                 -----    -----      -----    -----      005AH    000CH
  +--> ?PR?_RD_EEPROM?EEPROM
  +--> ?CO?PROG
  +--> ?PR?PRINTF?PRINTF
  +--> ?PR?_INGRESADATO?PROG
  +--> ?PR?_ATOI?ATOI
  +--> ?PR?_WR_EEPROM?EEPROM

?PR?PROG_HORARIOS?PROG                           -----    -----      -----    -----      005AH    001BH
  +--> ?PR?ADDR_HORARIOS?PROG
  +--> ?CO?PROG
  +--> ?PR?PRINTF?PRINTF
  +--> ?PR?_INGRESADATO?PROG
  +--> ?PR?_ATOI?ATOI
  +--> ?PR?_PROG_HORARIOS_ON_OFF?PROG
  +--> ?PR?_WR_EEPROM?EEPROM
  +--> ?PR?_PROG_HORARIO_DIAS?PROG
  +--> ?PR?_PROG_HORARIO_DESDE_HASTA?PROG
  +--> ?PR?_RD_EEPROM?EEPROM

?PR?ADDR_HORARIOS?PROG                           -----    -----      -----    -----      0088H    000BH

?PR?_PROG_HORARIOS_ON_OFF?PROG                   -----    -----      -----    -----      0075H    0010H
  +--> ?PR?_RD_EEPROM?EEPROM
  +--> ?CO?PROG
  +--> ?PR?PRINTF?PRINTF
  +--> ?PR?_INGRESADATO?PROG
  +--> ?PR?_ATOI?ATOI
  +--> ?PR?_WR_EEPROM?EEPROM

?PR?_PROG_HORARIO_DIAS?PROG                      -----    -----      -----    -----      0075H    000FH
  +--> ?CO?PROG
  +--> ?PR?PRINTF?PRINTF
  +--> ?PR?_INGRESADATO?PROG
  +--> ?PR?_WR_EEPROM?EEPROM
  +--> ?PR?_RD_EEPROM?EEPROM

?PR?_PROG_HORARIO_DESDE_HASTA?PROG               -----    -----      -----    -----      0075H    000CH
  +--> ?CO?PROG
  +--> ?PR?PRINTF?PRINTF
  +--> ?PR?_INGRESADATO?PROG
  +--> ?PR?_WR_EEPROM?EEPROM
  +--> ?PR?_RD_EEPROM?EEPROM

?PR?VER_PROG?PROG                                -----    -----      -----    -----      005AH    0013H
  +--> ?PR?_RD_EEPROM?EEPROM
  +--> ?CO?PROG
  +--> ?PR?PRINTF?PRINTF
  +--> ?PR?VER_HORARIO?PROG
  +--> ?PR?_LEERMEMORIA?EEPROM
  +--> ?PR?_HEX_ASCII?CLOCK

?PR?VER_HORARIO?PROG                             -----    -----      -----    -----      006DH    001BH
  +--> ?PR?ADDR_HORARIOS?PROG
  +--> ?CO?PROG
BL51 BANKED LINKER/LOCATER V6.22.2.0                                                  07/28/2021  11:20:17  PAGE 12


  +--> ?PR?PRINTF?PRINTF
  +--> ?PR?_RD_EEPROM?EEPROM
  +--> ?PR?_VER_HORARIO_DIAS?PROG
  +--> ?PR?_VER_HORARIO_DESDE_HASTA?PROG

?PR?_VER_HORARIO_DIAS?PROG                       -----    -----      -----    -----      0088H    0003H
  +--> ?PR?_RD_EEPROM?EEPROM
  +--> ?CO?PROG
  +--> ?PR?PRINTF?PRINTF

?PR?_VER_HORARIO_DESDE_HASTA?PROG                -----    -----      -----    -----      0088H    0002H
  +--> ?CO?PROG
  +--> ?PR?PRINTF?PRINTF
  +--> ?PR?_RD_EEPROM?EEPROM

?PR?_HEX_ASCII?CLOCK                             -----    -----      -----    -----      0071H    0006H
  +--> ?PR?_HEX_BCD?CLOCK

?PR?SHOW?PROG                                    -----    -----      -----    -----      -----    -----
  +--> ?CO?PROG
  +--> ?PR?PRINTF?PRINTF

?PR?PROG_FECHA_VENCIMIENTO?PROG                  -----    -----      -----    -----      005AH    0017H
  +--> ?PR?_LEERMEMORIA?EEPROM
  +--> ?PR?_HEX_ASCII?CLOCK
  +--> ?CO?PROG
  +--> ?PR?PRINTF?PRINTF
  +--> ?PR?_HASH_ID?PROG
  +--> ?PR?_INGRESADATO?PROG
  +--> ?PR?_GETCMD?PROG
  +--> ?PR?_ESCRIBIRMEMORIA?EEPROM
  +--> ?PR?_VALIDARCLAVE?PROG
  +--> ?PR?_ATOI?ATOI
  +--> ?PR?_WR_EEPROM?EEPROM

?PR?VARIABLE_INICIO?EEPROM                       -----    -----      -----    -----      -----    -----
  +--> ?PR?_RD_EEPROM?EEPROM

?PR?SECUENCIA_INICIO_EXPEDIDOR?VERIFI...         -----    -----      -----    -----      0001H    0001H
  +--> ?PR?_INICIALIZA?LINTECH
  +--> ?PR?TRAMA_VALIDACION_P_N?VERIFICADOR
  +--> ?CO?VERIFICADOR
  +--> ?PR?_DEBUG_TXT_TIBBO?TIBBO
  +--> ?PR?_DEBUGBUFFERMF?TIBBO
  +--> ?PR?DWLOAD_EEPROM?LINTECH

?PR?_INICIALIZA?LINTECH                          -----    -----      -----    -----      0002H    000CH
  +--> ?CO?LINTECH
  +--> ?PR?_DEBUG_TXT_TIBBO?TIBBO
  +--> ?PR?_DEBUGBUFFERMF?TIBBO
  +--> ?PR?_ESCRIBIRCADENASOFT_BUFFER?MAIN

?PR?_DEBUG_TXT_TIBBO?TIBBO                       -----    -----      -----    -----      0041H    0004H
  +--> ?CO?TIBBO
  +--> ?PR?_TX_AUX?TIBBO

?PR?_DEBUGBUFFERMF?TIBBO                         -----    -----      -----    -----      003BH    0006H
BL51 BANKED LINKER/LOCATER V6.22.2.0                                                  07/28/2021  11:20:17  PAGE 13


  +--> ?CO?TIBBO
  +--> ?PR?_DEBUG_TXT_TIBBO?TIBBO
  +--> ?PR?_DEBUG_CHR_TIBBO?TIBBO
  +--> ?PR?_TX_AUX?TIBBO

?PR?_DEBUG_CHR_TIBBO?TIBBO                       -----    -----      -----    -----      -----    -----
  +--> ?PR?_TX_AUX?TIBBO

?PR?_ESCRIBIRCADENASOFT_BUFFER?MAIN              -----    -----      -----    -----      0037H    0006H
  +--> ?PR?_PUTCHAR?MAIN

?PR?DWLOAD_EEPROM?LINTECH                        -----    -----      -----    -----      0002H    0016H
  +--> ?CO?LINTECH
  +--> ?PR?_DEBUG_TXT_TIBBO?TIBBO
  +--> ?PR?_DEBUGBUFFERMF?TIBBO
  +--> ?PR?_ESCRIBIRCADENASOFT_BUFFER?MAIN

?PR?_RECIBE_CMD_MONITOR?ACCESCAN                 -----    -----      -----    -----      0001H    0006H
  +--> ?PR?RX_DATA?TIBBO

?PR?RX_DATA?TIBBO                                -----    -----      -----    -----      -----    -----
  +--> ?PR?TIME_MBIT?TIBBO
  +--> ?PR?TIME_BIT?TIBBO

?PR?SECUENCIAEXPEDIDOR?VERIFICADOR               -----    -----      -----    -----      0001H    0010H
  +--> ?PR?_CARD_INSERCION?LINTECH
  +--> ?PR?TRAMA_VALIDACION_P_N?VERIFICADOR
  +--> ?CO?VERIFICADOR
  +--> ?PR?ERROR_RX_PTO?VERIFICADOR
  +--> ?PR?_CHECK_STATUS?LINTECH
  +--> ?PR?_DEBUG_TXT_TIBBO?TIBBO
  +--> ?PR?_DEBUGBUFFERMF?TIBBO
  +--> ?PR?VALIDASENSORESPASO?IO_SENSORES
  +--> ?PR?_SEND_PORTERR?PTO_PARALELO
  +--> ?PR?_PANTALLALCD?PANTALLAS
  +--> ?PR?_RD_MF?LINTECH
  +--> ?PR?_RESPONDE_LECTURA_TARJETA_SECTOR1...
  +--> ?PR?_RESPONDE_LECTURA_TARJETA_SECTOR1...
  +--> ?PR?_BLOCK_READ_CLOCK_HEX?CLOCK
  +--> ?PR?_RD_EEPROM?EEPROM
  +--> ?PR?DEBUG_DIVIDIR_TEXTO?TIBBO
  +--> ?PR?_DEBUG_CHR_TIBBO?TIBBO
  +--> ?PR?PRINTF?PRINTF
  +--> ?PR?_ANALIZA_TIEMPO?CLOCK
  +--> ?PR?VALIDAR_PAGO?VERIFICADOR
  +--> ?PR?_HORARIOS?VERIFICADOR
  +--> ?PR?_CHECK_FECHAOUT_2?CLOCK
  +--> ?PR?_VALIDA_MISMO_DIA?VERIFICADOR
  +--> ?PR?_RESPONDE_LECTURA_TARJETA_SECTOR1...
  +--> ?PR?_WR_MF?LINTECH
  +--> ?PR?_MOV_CARD?LINTECH
  +--> ?PR?VALIDASENSORES_OUT?IO_SENSORES
  +--> ?PR?_TRAMA_PTO_PARALELO_P?PTO_PARALELO
  +--> ?PR?UNIQUE_IDENTIFIER_UID?LINTECH
  +--> ?PR?_ANALIZA_UID_CARD?VERIFICADOR
  +--> ?PR?LOADVERIFY_EEPROM?LINTECH
  +--> ?PR?POWER_OFF?LINTECH
BL51 BANKED LINKER/LOCATER V6.22.2.0                                                  07/28/2021  11:20:17  PAGE 14


  +--> ?PR?AUT_CARD_CHECK_STATUS?LINTECH

?PR?_CARD_INSERCION?LINTECH                      -----    -----      -----    -----      0011H    000AH
  +--> ?CO?LINTECH
  +--> ?PR?_DEBUG_TXT_TIBBO?TIBBO
  +--> ?PR?_DEBUGBUFFERMF?TIBBO
  +--> ?PR?_ESCRIBIRCADENASOFT_BUFFER?MAIN

?PR?ERROR_RX_PTO?VERIFICADOR                     -----    -----      -----    -----      0011H    0001H
  +--> ?CO?VERIFICADOR
  +--> ?PR?_DEBUG_TXT_TIBBO?TIBBO
  +--> ?PR?_DEBUG_CHR_TIBBO?TIBBO
  +--> ?PR?_DELAY_10MS?DELAY

?PR?_DELAY_10MS?DELAY                            -----    -----      -----    -----      0012H    0004H
  +--> ?PR?_DELAY_1MS?DELAY

?PR?_CHECK_STATUS?LINTECH                        -----    -----      -----    -----      0011H    000BH
  +--> ?CO?LINTECH
  +--> ?PR?_DEBUG_TXT_TIBBO?TIBBO
  +--> ?PR?_DEBUGBUFFERMF?TIBBO
  +--> ?PR?_ESCRIBIRCADENASOFT_BUFFER?MAIN

?PR?VALIDASENSORESPASO?IO_SENSORES               -----    -----      -----    -----      -----    -----
  +--> ?PR?SEL_SENSOR2?IO_SENSORES
  +--> ?PR?VALIDASENSOR?IO_SENSORES
  +--> ?PR?SEL_SENSOR1?IO_SENSORES
  +--> ?PR?SEL_AUTO?IO_SENSORES
  +--> ?CO?IO_SENSORES
  +--> ?PR?_DEBUG_TXT_TIBBO?TIBBO

?PR?_SEND_PORTERR?PTO_PARALELO                   -----    -----      -----    -----      002EH    0006H
  +--> ?PR?PULSO_BUS?PTO_PARALELO
  +--> ?PR?_DELAY_20US?DELAY

?PR?PULSO_BUS?PTO_PARALELO                       -----    -----      -----    -----      -----    -----
  +--> ?PR?_DELAY_20US?DELAY

?PR?_PANTALLALCD?PANTALLAS                       -----    -----      -----    -----      002EH    000AH
  +--> ?CO?PANTALLAS
  +--> ?PR?_INIT_MEMPOOL?INIT_MEM
  +--> ?PR?_MALLOC?MALLOC
  +--> ?PR?_LCD_TXT?PANTALLAS
  +--> ?PR?_STRLEN?STRLEN
  +--> ?PR?_TX_CHRLCD?PANTALLAS
  +--> ?PR?_RASPBERRY_DATA?PANTALLAS
  +--> ?PR?_FREE?FREE

?PR?_MALLOC?MALLOC                               -----    -----      -----    -----      0038H    0006H

?PR?_LCD_TXT?PANTALLAS                           -----    -----      -----    -----      0044H    0005H
  +--> ?PR?_TX_CHRLCD?PANTALLAS

?PR?_TX_CHRLCD?PANTALLAS                         -----    -----      -----    -----      0049H    0002H
  +--> ?PR?_PUTCHAR?MAIN

?PR?_RASPBERRY_DATA?PANTALLAS                    -----    -----      -----    -----      0044H    0004H
BL51 BANKED LINKER/LOCATER V6.22.2.0                                                  07/28/2021  11:20:17  PAGE 15


  +--> ?PR?_STRLEN?STRLEN
  +--> ?PR?_PUTCHAR?MAIN

?PR?_FREE?FREE                                   -----    -----      -----    -----      0038H    0006H

?PR?_RD_MF?LINTECH                               -----    -----      -----    -----      0011H    0012H
  +--> ?CO?LINTECH
  +--> ?PR?_DEBUG_TXT_TIBBO?TIBBO
  +--> ?PR?_DEBUG_CHR_TIBBO?TIBBO
  +--> ?PR?_DEBUGBUFFERMF?TIBBO
  +--> ?PR?_ESCRIBIRCADENASOFT_BUFFER?MAIN

?PR?_RESPONDE_LECTURA_TARJETA_SECTOR1...         -----    -----      -----    -----      0011H    0004H
  +--> ?CO?VERIFICADOR
  +--> ?PR?_DEBUG_TXT_TIBBO?TIBBO
  +--> ?PR?_DEBUGBUFFERMF?TIBBO
  +--> ?PR?_DEBUG_HEXDEC?TIBBO
  +--> ?PR?_DEBUG_CHR_TIBBO?TIBBO
  +--> ?PR?_SEND_PORTERR?PTO_PARALELO
  +--> ?PR?_PANTALLALCD?PANTALLAS

?PR?_DEBUG_HEXDEC?TIBBO                          -----    -----      -----    -----      0015H    0002H
  +--> ?PR?_TX_AUX?TIBBO

?PR?_RESPONDE_LECTURA_TARJETA_SECTOR1...         -----    -----      -----    -----      0011H    0004H
  +--> ?CO?VERIFICADOR
  +--> ?PR?_DEBUG_TXT_TIBBO?TIBBO
  +--> ?PR?_DEBUGBUFFERMF?TIBBO
  +--> ?PR?_DEBUG_CHR_TIBBO?TIBBO
  +--> ?PR?_SEND_PORTERR?PTO_PARALELO
  +--> ?PR?_RD_EEPROM?EEPROM
  +--> ?PR?_PANTALLALCD?PANTALLAS

?PR?DEBUG_DIVIDIR_TEXTO?TIBBO                    -----    -----      -----    -----      -----    -----
  +--> ?CO?TIBBO
  +--> ?PR?_DEBUG_TXT_TIBBO?TIBBO

?PR?_ANALIZA_TIEMPO?CLOCK                        0020H.0  0000H.2    -----    -----      0011H    000FH

?PR?VALIDAR_PAGO?VERIFICADOR                     -----    -----      -----    -----      0011H    0002H
  +--> ?PR?_CHECK_FECHAOUT?CLOCK
  +--> ?CO?VERIFICADOR
  +--> ?PR?_DEBUG_TXT_TIBBO?TIBBO
  +--> ?PR?_SEND_PORTERR?PTO_PARALELO
  +--> ?PR?_PANTALLALCD?PANTALLAS

?PR?_CHECK_FECHAOUT?CLOCK                        -----    -----      -----    -----      0013H    000AH
  +--> ?PR?_BLOCK_READ_CLOCK_HEX?CLOCK
  +--> ?PR?_DEBUG_FECHA_ACTUAL?TIBBO

?PR?_DEBUG_FECHA_ACTUAL?TIBBO                    -----    -----      -----    -----      001DH    0003H
  +--> ?CO?TIBBO
  +--> ?PR?_DEBUG_TXT_TIBBO?TIBBO
  +--> ?PR?_HEX_BCD?CLOCK
  +--> ?PR?_DEBUG_CHR_TIBBO?TIBBO
  +--> ?PR?_TX_AUX?TIBBO

BL51 BANKED LINKER/LOCATER V6.22.2.0                                                  07/28/2021  11:20:17  PAGE 16


?PR?_HORARIOS?VERIFICADOR                        -----    -----      -----    -----      0011H    0011H
  +--> ?PR?ADDR_HORARIOS?PROG
  +--> ?PR?_RD_EEPROM?EEPROM
  +--> ?PR?_LEE_CLK?CLOCK
  +--> ?CO?VERIFICADOR
  +--> ?PR?_DEBUG_TXT_TIBBO?TIBBO
  +--> ?PR?_DEBUG_CHR_TIBBO?TIBBO
  +--> ?PR?_BLOQUE_HORARIO?VERIFICADOR
  +--> ?PR?_PANTALLALCD?PANTALLAS

?PR?_BLOQUE_HORARIO?VERIFICADOR                  -----    -----      -----    -----      0022H    0007H
  +--> ?CO?VERIFICADOR
  +--> ?PR?_DEBUG_TXT_TIBBO?TIBBO
  +--> ?PR?_LEE_CLK?CLOCK
  +--> ?PR?_DEBUG_CHR_TIBBO?TIBBO
  +--> ?PR?_HORA_MAXIMA?VERIFICADOR
  +--> ?PR?_EN_HORARIO?VERIFICADOR
  +--> ?PR?_RD_EEPROM?EEPROM
  +--> ?PR?_SEND_PORTERR?PTO_PARALELO
  +--> ?PR?_PANTALLALCD?PANTALLAS

?PR?_HORA_MAXIMA?VERIFICADOR                     -----    -----      -----    -----      002EH    0008H
  +--> ?PR?_RD_EEPROM?EEPROM
  +--> ?PR?_DEBUG_CHR_TIBBO?TIBBO
  +--> ?CO?VERIFICADOR
  +--> ?PR?_DEBUG_TXT_TIBBO?TIBBO

?PR?_EN_HORARIO?VERIFICADOR                      -----    -----      -----    -----      0029H    0005H
  +--> ?CO?VERIFICADOR
  +--> ?PR?_DEBUG_TXT_TIBBO?TIBBO
  +--> ?PR?_HORA_MAXIMA?VERIFICADOR
  +--> ?PR?_SEND_PORTERR?PTO_PARALELO
  +--> ?PR?_PANTALLALCD?PANTALLAS

?PR?_VALIDA_MISMO_DIA?VERIFICADOR                -----    -----      -----    -----      0011H    0006H
  +--> ?PR?_LEE_CLK?CLOCK
  +--> ?PR?_BCD_HEX?CLOCK

?PR?_RESPONDE_LECTURA_TARJETA_SECTOR1...         -----    -----      -----    -----      0011H    0004H
  +--> ?CO?VERIFICADOR
  +--> ?PR?_DEBUG_TXT_TIBBO?TIBBO
  +--> ?PR?_TRAMA_PTO_PARALELO_NEW?PTO_PARALELO
  +--> ?PR?_ARMAR_TRAMA_PTO_PARALELO_EXPEDID...
  +--> ?PR?_CMD_LPR_SALIDA?ACCESCAN

?PR?_TRAMA_PTO_PARALELO_NEW?PTO_PARALELO         -----    -----      -----    -----      0015H    0026H
  +--> ?PR?_BLOCK_READ_CLOCK_HEX?CLOCK
  +--> ?PR?_SEND_PORT?PTO_PARALELO
  +--> ?PR?DEBUG_DIVIDIR_TEXTO?TIBBO
  +--> ?CO?PTO_PARALELO
  +--> ?PR?_DEBUG_TXT_TIBBO?TIBBO
  +--> ?PR?_DEBUGBUFFERMF?TIBBO

?PR?_SEND_PORT?PTO_PARALELO                      -----    -----      -----    -----      003BH    000AH
  +--> ?PR?PULSO_BUS?PTO_PARALELO
  +--> ?PR?_DELAY_20US?DELAY

BL51 BANKED LINKER/LOCATER V6.22.2.0                                                  07/28/2021  11:20:17  PAGE 17


?PR?_ARMAR_TRAMA_PTO_PARALELO_EXPEDID...         -----    -----      -----    -----      0015H    0003H
  +--> ?PR?_RD_EEPROM?EEPROM
  +--> ?PR?_SEND_PORT?PTO_PARALELO
  +--> ?PR?DEBUG_DIVIDIR_TEXTO?TIBBO
  +--> ?CO?VERIFICADOR
  +--> ?PR?_DEBUG_TXT_TIBBO?TIBBO
  +--> ?PR?_DEBUGBUFFERMF?TIBBO

?PR?_CMD_LPR_SALIDA?ACCESCAN                     -----    -----      -----    -----      0015H    0025H
  +--> ?PR?DIR_BOARD_MONITOR?IO_SENSORES
  +--> ?PR?_BYTEHEX_DECIMAL?CLOCK
  +--> ?PR?_STRLEN?STRLEN
  +--> ?PR?_TWO_BYTEHEX_DECIMAL?CLOCK
  +--> ?PR?_BLOCK_READ_CLOCK_ASCII?CLOCK
  +--> ?PR?_MONITOR_CHR?ACCESCAN

?PR?DIR_BOARD_MONITOR?IO_SENSORES                -----    -----      -----    -----      -----    -----
  +--> ?PR?_RD_EEPROM?EEPROM

?PR?_BYTEHEX_DECIMAL?CLOCK                       -----    -----      -----    -----      003AH    0001H

?PR?_TWO_BYTEHEX_DECIMAL?CLOCK                   -----    -----      -----    -----      003AH    000CH
  +--> ?PR?_POW?POW

?PR?_POW?POW                                     -----    -----      -----    -----      0046H    000AH
  +--> ?PR?LOG?LOG
  +--> ?PR?EXP?EXP

?PR?LOG?LOG                                      0020H.0  0000H.1    -----    -----      0050H    0004H

?PR?_MONITOR_CHR?ACCESCAN                        -----    -----      -----    -----      003AH    0005H
  +--> ?PR?_TX_AUX?TIBBO

?PR?_WR_MF?LINTECH                               -----    -----      -----    -----      0011H    0026H
  +--> ?CO?LINTECH
  +--> ?PR?_DEBUG_TXT_TIBBO?TIBBO
  +--> ?PR?_DEBUG_CHR_TIBBO?TIBBO
  +--> ?PR?DIR_BOARD?IO_SENSORES
  +--> ?PR?_DEBUGBUFFERMF?TIBBO
  +--> ?PR?_ESCRIBIRCADENASOFT_BUFFER?MAIN

?PR?DIR_BOARD?IO_SENSORES                        -----    -----      -----    -----      0037H    0001H
  +--> ?PR?SEL_DIR1?IO_SENSORES
  +--> ?PR?SEL_DIR2?IO_SENSORES
  +--> ?PR?_RD_EEPROM?EEPROM

?PR?_MOV_CARD?LINTECH                            -----    -----      -----    -----      0011H    000CH
  +--> ?CO?LINTECH
  +--> ?PR?_DEBUG_TXT_TIBBO?TIBBO
  +--> ?PR?_DEBUGBUFFERMF?TIBBO
  +--> ?PR?_ESCRIBIRCADENASOFT_BUFFER?MAIN

?PR?VALIDASENSORES_OUT?IO_SENSORES               -----    -----      -----    -----      -----    -----
  +--> ?PR?SEL_SENSOR2?IO_SENSORES
  +--> ?PR?VALIDASENSOR?IO_SENSORES

?PR?_TRAMA_PTO_PARALELO_P?PTO_PARALELO           -----    -----      -----    -----      0011H    0008H
BL51 BANKED LINKER/LOCATER V6.22.2.0                                                  07/28/2021  11:20:17  PAGE 18


  +--> ?PR?_SEND_PORT?PTO_PARALELO
  +--> ?PR?DEBUG_DIVIDIR_TEXTO?TIBBO
  +--> ?PR?_DEBUGBUFFERMF?TIBBO

?PR?UNIQUE_IDENTIFIER_UID?LINTECH                -----    -----      -----    -----      0011H    000BH
  +--> ?CO?LINTECH
  +--> ?PR?_DEBUG_TXT_TIBBO?TIBBO
  +--> ?PR?_DEBUGBUFFERMF?TIBBO
  +--> ?PR?_ESCRIBIRCADENASOFT_BUFFER?MAIN

?PR?_ANALIZA_UID_CARD?VERIFICADOR                -----    -----      -----    -----      0011H    0004H
  +--> ?CO?VERIFICADOR
  +--> ?PR?_DEBUG_TXT_TIBBO?TIBBO
  +--> ?PR?_DEBUGBUFFERMF?TIBBO
  +--> ?PR?_DEBUG_CHR_TIBBO?TIBBO

?PR?LOADVERIFY_EEPROM?LINTECH                    -----    -----      -----    -----      0011H    0010H
  +--> ?CO?LINTECH
  +--> ?PR?_DEBUG_TXT_TIBBO?TIBBO
  +--> ?PR?_DEBUGBUFFERMF?TIBBO
  +--> ?PR?_ESCRIBIRCADENASOFT_BUFFER?MAIN

?PR?POWER_OFF?LINTECH                            -----    -----      -----    -----      0011H    000BH
  +--> ?CO?LINTECH
  +--> ?PR?_DEBUG_TXT_TIBBO?TIBBO
  +--> ?PR?_DEBUGBUFFERMF?TIBBO
  +--> ?PR?_ESCRIBIRCADENASOFT_BUFFER?MAIN

?PR?AUT_CARD_CHECK_STATUS?LINTECH                -----    -----      -----    -----      0011H    000BH
  +--> ?CO?LINTECH
  +--> ?PR?_DEBUG_TXT_TIBBO?TIBBO
  +--> ?PR?_DEBUGBUFFERMF?TIBBO
  +--> ?PR?_ESCRIBIRCADENASOFT_BUFFER?MAIN

?PR?_RECIBE_PORT?PTO_PARALELO                    -----    -----      -----    -----      0001H    0008H
  +--> ?PR?OFF_TIMER0_INTERRUP?MAIN
  +--> ?PR?ON_TIMER0_INTERRUP?MAIN

?PR?_VALIDA_TRAMA_PTO?ACCESCAN                   -----    -----      -----    -----      0001H    0010H
  +--> ?PR?_RD_EEPROM?EEPROM
  +--> ?CO?ACCESCAN
  +--> ?PR?_DEBUG_TXT_TIBBO?TIBBO
  +--> ?PR?_DEBUG_CHR_TIBBO?TIBBO
  +--> ?PR?_VALIDAR_CLK?CLOCK
  +--> ?PR?_BLOCK_WRITE_CLOCK_ASCII?CLOCK
  +--> ?PR?RELOJ_PANTALLA_LCD?PANTALLAS
  +--> ?PR?_SEND_PORT?PTO_PARALELO
  +--> ?PR?_PANTALLALCD?PANTALLAS
  +--> ?PR?FORMATO_EEPROM?EEPROM
  +--> ?PR?_BYTEHEX_DECIMAL?CLOCK
  +--> ?PR?_TWO_BYTEHEX_DECIMAL?CLOCK
  +--> ?PR?VALIDASENSORESPASO?IO_SENSORES
  +--> ?PR?_CMD_LPR_SALIDA_WIEGAND?ACCESCAN
  +--> ?PR?_PANTALLALCD_LINEA_2?PANTALLAS

?PR?_BLOCK_WRITE_CLOCK_ASCII?CLOCK               -----    -----      -----    -----      0011H    0003H
  +--> ?PR?_TWO_ONE?CLOCK
BL51 BANKED LINKER/LOCATER V6.22.2.0                                                  07/28/2021  11:20:17  PAGE 19


  +--> ?PR?_WR_CLK?CLOCK

?PR?_WR_CLK?CLOCK                                -----    -----      -----    -----      0014H    0002H
  +--> ?PR?_DELAY_20US?DELAY
  +--> ?PR?_EB_CLK?CLOCK

?PR?RELOJ_PANTALLA_LCD?PANTALLAS                 -----    -----      -----    -----      0011H    0014H
  +--> ?PR?_BLOCK_READ_CLOCK?CLOCK
  +--> ?PR?_LCD_TXT_NUM_CHAR?PANTALLAS
  +--> ?CO?PANTALLAS
  +--> ?PR?_BLOCK_READ_CLOCK_ASCII_RASBERRY?...
  +--> ?PR?_STRCAT?STRCAT
  +--> ?PR?_RASPBERRY_DATA?PANTALLAS

?PR?_BLOCK_READ_CLOCK?CLOCK                      -----    -----      -----    -----      0025H    0003H
  +--> ?PR?_LEE_CLK?CLOCK

?PR?_LCD_TXT_NUM_CHAR?PANTALLAS                  -----    -----      -----    -----      0025H    0006H
  +--> ?PR?_TX_CHRLCD?PANTALLAS

?PR?_BLOCK_READ_CLOCK_ASCII_RASBERRY?...         -----    -----      -----    -----      0025H    0003H
  +--> ?PR?_LEE_CLK?CLOCK

?PR?FORMATO_EEPROM?EEPROM                        -----    -----      -----    -----      0011H    0003H
  +--> ?PR?_WR_EEPROM?EEPROM

?PR?_CMD_LPR_SALIDA_WIEGAND?ACCESCAN             -----    -----      -----    -----      0011H    0022H
  +--> ?PR?DIR_BOARD_MONITOR?IO_SENSORES
  +--> ?PR?_BLOCK_READ_CLOCK_ASCII?CLOCK
  +--> ?PR?_MONITOR_CHR?ACCESCAN

?PR?_PANTALLALCD_LINEA_2?PANTALLAS               -----    -----      -----    -----      0011H    0033H
  +--> ?CO?PANTALLAS
  +--> ?PR?_LCD_TXT?PANTALLAS
  +--> ?PR?_STRLEN?STRLEN
  +--> ?PR?_TX_CHRLCD?PANTALLAS
  +--> ?PR?_STRCAT?STRCAT
  +--> ?PR?_RASPBERRY_DATA?PANTALLAS

?PR?_DEBUG_PTO_PARALELO?TIBBO                    -----    -----      -----    -----      0001H    0004H
  +--> ?CO?TIBBO
  +--> ?PR?_DEBUG_TXT_TIBBO?TIBBO
  +--> ?PR?_DEBUGBUFFERMF?TIBBO
  +--> ?PR?_DEBUG_CHR_TIBBO?TIBBO
  +--> ?PR?DEBUG_DIVIDIR_TEXTO?TIBBO

?PR?MSJ_LCD_INFORMATIVO?IO_SENSORES              -----    -----      -----    -----      0001H    0001H
  +--> ?PR?SEL_FUNCION?IO_SENSORES
  +--> ?PR?LOAD_AND_SEND_INFO_RELOJ?PTO_PARA...
  +--> ?PR?LOAD_AND_SEND_ID_COD?PTO_PARALELO
  +--> ?PR?_RD_EEPROM?EEPROM
  +--> ?PR?_SEND_PORTERR?PTO_PARALELO

?PR?LOAD_AND_SEND_INFO_RELOJ?PTO_PARA...         -----    -----      -----    -----      0002H    000BH
  +--> ?PR?_BLOCK_READ_CLOCK?CLOCK
  +--> ?PR?_LEE_CLK?CLOCK
  +--> ?PR?_SEND_PORT?PTO_PARALELO
BL51 BANKED LINKER/LOCATER V6.22.2.0                                                  07/28/2021  11:20:17  PAGE 20



?PR?LOAD_AND_SEND_ID_COD?PTO_PARALELO            -----    -----      -----    -----      0002H    0011H
  +--> ?CO?PTO_PARALELO
  +--> ?PR?PRINTF?PRINTF
  +--> ?PR?_SEND_PORT?PTO_PARALELO



SYMBOL TABLE OF MODULE:  .\Objects\verificador_v_01_raspberry (MAIN)

  VALUE           TYPE          NAME
  ----------------------------------

  -------         MODULE        MAIN
  C:0000H         SYMBOL        _ICE_DUMMY_
  D:0080H         PUBLIC        P0
  D:0090H         PUBLIC        P1
  C:AC3CH         PUBLIC        timer0_int
  D:00B0H         PUBLIC        P3
  B:00A8H.7       PUBLIC        EA
  C:B053H         PUBLIC        off_Timer0_Interrup
  X:010CH         PUBLIC        ValTimeOutCom
  X:010DH         PUBLIC        Buffer_Rta_Lintech
  X:013FH         PUBLIC        Timer_wait
  X:0140H         PUBLIC        g_cContByteRx
  B:0080H.0       PUBLIC        rx_ip
  B:0080H.3       PUBLIC        Atascado
  C:9D16H         PUBLIC        main
  X:0141H         PUBLIC        Timer_tivo
  B:0090H.7       PUBLIC        lock
  I:0022H         PUBLIC        rbuf
  C:B049H         PUBLIC        on_Timer0_Interrup
  I:0054H         PUBLIC        tbuf
  B:0090H.1       PUBLIC        DataIn
  D:0089H         PUBLIC        TMOD
  X:0143H         PUBLIC        Debug_Tibbo
  B:0021H.1       PUBLIC        prto_ready
  X:0144H         PUBLIC        Raspberry
  X:0145H         PUBLIC        SIN_COBRO
  X:0147H         PUBLIC        Tipo_Vehiculo
  B:00B0H.3       PUBLIC        busy
  C:AFBBH         PUBLIC        ini_timer
  B:00A8H.1       PUBLIC        ET0
  B:0088H.5       PUBLIC        TF0
  X:0148H         PUBLIC        COMPARACION_ACTIVA
  D:008CH         PUBLIC        TH0
  X:0149H         PUBLIC        ACK
  X:014AH         PUBLIC        g_cEstadoComSoft
  D:008AH         PUBLIC        TL0
  B:0088H.4       PUBLIC        TR0
  C:AFCBH         PUBLIC        inicia_board
  X:014BH         PUBLIC        T_GRACIA
  X:014DH         PUBLIC        COD_PARK
  B:0080H.7       PUBLIC        sel_com
  X:014FH         PUBLIC        STX_LINTECH
  C:AFEAH         PUBLIC        _getkey
  X:0150H         PUBLIC        g_cEstadoComSeqMF
BL51 BANKED LINKER/LOCATER V6.22.2.0                                                  07/28/2021  11:20:17  PAGE 21


  X:0151H         PUBLIC        ETX
  X:0152H         PUBLIC        ID_CLIENTE
  C:A7B8H         PUBLIC        _EscribirCadenaSoft_buffer
  B:0021H.2       PUBLIC        buffer_ready
  C:AA98H         PUBLIC        _putchar
  B:0021H.3       PUBLIC        placa_ready
  -------         PROC          TIMER0_INT
  C:AC3CH         LINE#         13
  C:AC42H         LINE#         15
  C:AC4AH         LINE#         16
  C:AC4AH         LINE#         17
  C:AC4CH         LINE#         18
  C:AC4EH         LINE#         19
  C:AC50H         LINE#         21
  C:AC50H         LINE#         22
  C:AC56H         LINE#         23
  C:AC5CH         LINE#         24
  C:AC6AH         LINE#         25
  C:AC6CH         LINE#         26
  C:AC6CH         LINE#         27
  -------         ENDPROC       TIMER0_INT
  -------         PROC          INI_TIMER
  C:AFBBH         LINE#         30
  C:AFBBH         LINE#         31
  C:AFBBH         LINE#         33
  C:AFC3H         LINE#         35
  C:AFC6H         LINE#         36
  C:AFC8H         LINE#         37
  C:AFCAH         LINE#         39
  -------         ENDPROC       INI_TIMER
  -------         PROC          ON_TIMER0_INTERRUP
  C:B049H         LINE#         42
  C:B049H         LINE#         43
  C:B049H         LINE#         44
  C:B04BH         LINE#         45
  C:B04DH         LINE#         47
  -------         ENDPROC       ON_TIMER0_INTERRUP
  -------         PROC          OFF_TIMER0_INTERRUP
  C:B053H         LINE#         50
  C:B053H         LINE#         51
  C:B053H         LINE#         52
  C:B055H         LINE#         54
  -------         ENDPROC       OFF_TIMER0_INTERRUP
  -------         PROC          _GETKEY
  -------         DO            
  D:0006H         SYMBOL        k
  -------         ENDDO         
  C:AFEAH         LINE#         62
  C:AFEAH         LINE#         63
  C:AFEAH         LINE#         67
  C:AFEAH         LINE#         68
  C:AFEDH         LINE#         69
  C:AFEDH         LINE#         70
  C:AFF5H         LINE#         72
  C:AFF5H         LINE#         73
  -------         ENDPROC       _GETKEY
  -------         PROC          _PUTCHAR
BL51 BANKED LINKER/LOCATER V6.22.2.0                                                  07/28/2021  11:20:17  PAGE 22


  X:00E0H         SYMBOL        c
  -------         DO            
  X:00E1H         SYMBOL        i
  -------         ENDDO         
  C:AA98H         LINE#         77
  C:AA9DH         LINE#         78
  C:AA9DH         LINE#         81
  C:AAACH         LINE#         82
  C:AAACH         LINE#         83
  C:AAC2H         LINE#         84
  C:AAC2H         LINE#         86
  C:AAD0H         LINE#         87
  C:AAD0H         LINE#         89
  C:AAD5H         LINE#         90
  -------         ENDPROC       _PUTCHAR
  -------         PROC          _ESCRIBIRCADENASOFT_BUFFER
  X:0037H         SYMBOL        buffer
  X:003AH         SYMBOL        tamano_cadena
  -------         DO            
  X:003BH         SYMBOL        i
  X:003CH         SYMBOL        d
  -------         ENDDO         
  C:A7B8H         LINE#         94
  C:A7C6H         LINE#         95
  C:A7C6H         LINE#         97
  C:A7D4H         LINE#         98
  C:A7D4H         LINE#         99
  C:A7EBH         LINE#         100
  C:A7F5H         LINE#         101
  C:A7FDH         LINE#         102
  -------         ENDPROC       _ESCRIBIRCADENASOFT_BUFFER
  -------         PROC          INICIA_BOARD
  C:AFCBH         LINE#         139
  C:AFCBH         LINE#         140
  C:AFCBH         LINE#         141
  C:AFCEH         LINE#         142
  C:AFD1H         LINE#         143
  C:AFD4H         LINE#         144
  C:AFD6H         LINE#         145
  C:AFD8H         LINE#         146
  C:AFDAH         LINE#         148
  -------         ENDPROC       INICIA_BOARD
  -------         PROC          MAIN
  -------         DO            
  X:00E4H         SYMBOL        buffer
  X:0000H         SYMBOL        Length_trama
  -------         ENDDO         
  C:9D16H         LINE#         158
  C:9D16H         LINE#         159
  C:9D16H         LINE#         167
  C:9D19H         LINE#         168
  C:9D1CH         LINE#         169
  C:9D1FH         LINE#         170
  C:9D22H         LINE#         171
  C:9D25H         LINE#         172
  C:9D27H         LINE#         174
  C:9D2AH         LINE#         175
BL51 BANKED LINKER/LOCATER V6.22.2.0                                                  07/28/2021  11:20:17  PAGE 23


  C:9D31H         LINE#         176
  C:9D34H         LINE#         177
  C:9D39H         LINE#         179
  C:9D3CH         LINE#         181
  C:9D3FH         LINE#         182
  C:9D3FH         LINE#         183
  C:9D42H         LINE#         184
  C:9D42H         LINE#         185
  C:9D45H         LINE#         186
  C:9D4BH         LINE#         187
  C:9D51H         LINE#         189
  C:9D51H         LINE#         190
  C:9D51H         LINE#         192
  C:9D54H         LINE#         194
  C:9D54H         LINE#         195
  C:9D57H         LINE#         196
  C:9D57H         LINE#         198
  C:9D65H         LINE#         201
  C:9D65H         LINE#         203
  C:9D68H         LINE#         205
  C:9D6BH         LINE#         206
  C:9D6BH         LINE#         209
  C:9D7AH         LINE#         212
  C:9D83H         LINE#         215
  C:9D91H         LINE#         218
  C:9D91H         LINE#         220
  C:9D93H         LINE#         222
  C:9D93H         LINE#         223
  C:9D96H         LINE#         224
  C:9D96H         LINE#         225
  C:9D99H         LINE#         229
  -------         ENDPROC       MAIN
  -------         ENDMOD        MAIN

  -------         MODULE        ACCESCAN
  C:0000H         SYMBOL        _ICE_DUMMY_
  D:0080H         PUBLIC        P0
  D:0090H         PUBLIC        P1
  I:0011H         PUBLIC        placa
  B:0080H.2       PUBLIC        led_err_imp
  C:A997H         PUBLIC        _Monitor_chr
  C:603AH         PUBLIC        _Cmd_LPR_Salida
  B:0080H.3       PUBLIC        Atascado
  B:0080H.0       PUBLIC        rx_ip
  B:0090H.7       PUBLIC        lock
  X:028CH         PUBLIC        USE_LPR
  C:3EE0H         PUBLIC        _Valida_Trama_Pto
  C:95EBH         PUBLIC        _recibe_cmd_Monitor
  C:87F3H         PUBLIC        _Cmd_LPR_Salida_wiegand
  -------         PROC          _VALIDA_TRAMA_PTO
  X:0001H         SYMBOL        buffer
  X:0004H         SYMBOL        length_trama
  -------         DO            
  X:028BH         SYMBOL        cont
  X:0005H         SYMBOL        bcc
  D:0004H         SYMBOL        j
  X:0006H         SYMBOL        buff
BL51 BANKED LINKER/LOCATER V6.22.2.0                                                  07/28/2021  11:20:17  PAGE 24


  -------         ENDDO         
  C:3EE0H         LINE#         124
  C:3EEEH         LINE#         125
  C:3EEEH         LINE#         128
  C:3EF1H         LINE#         131
  C:3EFEH         LINE#         133
  C:3F41H         LINE#         134
  C:3F41H         LINE#         135
  C:3F4AH         LINE#         136
  C:3F5FH         LINE#         137
  C:3F68H         LINE#         138
  C:3F75H         LINE#         139
  C:3F75H         LINE#         140
  C:3F91H         LINE#         141
  C:3F94H         LINE#         142
  C:3F9DH         LINE#         143
  C:3FA5H         LINE#         144
  C:3FAEH         LINE#         145
  C:3FC7H         LINE#         146
  C:3FC7H         LINE#         149
  C:3FD7H         LINE#         150
  C:3FD7H         LINE#         151
  C:3FEAH         LINE#         153
  C:3FEDH         LINE#         155
  C:3FEDH         LINE#         156
  C:3FEDH         LINE#         158
  C:3FEDH         LINE#         160
  C:3FF3H         LINE#         161
  C:3FF7H         LINE#         162
  C:3FFBH         LINE#         163
  C:3FFEH         LINE#         164
  C:4009H         LINE#         166
  C:4012H         LINE#         167
  C:401AH         LINE#         168
  C:4022H         LINE#         169
  C:402AH         LINE#         170
  C:4033H         LINE#         171
  C:4033H         LINE#         173
  C:4033H         LINE#         175
  C:4045H         LINE#         176
  C:4045H         LINE#         177
  C:404BH         LINE#         178
  C:4058H         LINE#         179
  C:4058H         LINE#         180
  C:405DH         LINE#         181
  C:405FH         LINE#         182
  C:4064H         LINE#         183
  C:4066H         LINE#         184
  C:4068H         LINE#         185
  C:406CH         LINE#         186
  C:406CH         LINE#         187
  C:406DH         LINE#         189
  C:4085H         LINE#         190
  C:4085H         LINE#         192
  C:4092H         LINE#         193
  C:4092H         LINE#         194
  C:4094H         LINE#         195
BL51 BANKED LINKER/LOCATER V6.22.2.0                                                  07/28/2021  11:20:17  PAGE 25


  C:4096H         LINE#         196
  C:4098H         LINE#         197
  C:409AH         LINE#         198
  C:409AH         LINE#         200
  C:40C0H         LINE#         201
  C:40C0H         LINE#         202
  C:40C4H         LINE#         203
  C:40C9H         LINE#         204
  C:40D2H         LINE#         205
  C:40D7H         LINE#         206
  C:40D7H         LINE#         209
  C:40D8H         LINE#         212
  C:40EAH         LINE#         213
  C:40EAH         LINE#         214
  C:40ECH         LINE#         215
  C:40EFH         LINE#         217
  C:4101H         LINE#         218
  C:4101H         LINE#         219
  C:4103H         LINE#         220
  C:4106H         LINE#         222
  C:4120H         LINE#         223
  C:4120H         LINE#         224
  C:4122H         LINE#         225
  C:4125H         LINE#         228
  C:413FH         LINE#         229
  C:413FH         LINE#         230
  C:4141H         LINE#         231
  C:4143H         LINE#         234
  C:415DH         LINE#         235
  C:415DH         LINE#         236
  C:415FH         LINE#         237
  C:4161H         LINE#         241
  C:417BH         LINE#         242
  C:417BH         LINE#         243
  C:417DH         LINE#         244
  C:417FH         LINE#         247
  C:4199H         LINE#         248
  C:4199H         LINE#         249
  C:419BH         LINE#         250
  C:419DH         LINE#         252
  C:41B7H         LINE#         253
  C:41B7H         LINE#         254
  C:41BCH         LINE#         255
  C:41BCH         LINE#         257
  C:41ECH         LINE#         258
  C:41ECH         LINE#         259
  C:41EFH         LINE#         260
  C:41EFH         LINE#         262
  C:4220H         LINE#         263
  C:4220H         LINE#         265
  C:4228H         LINE#         267
  C:4231H         LINE#         268
  C:4234H         LINE#         271
  C:4277H         LINE#         272
  C:4277H         LINE#         274
  C:428CH         LINE#         275
  C:4292H         LINE#         276
BL51 BANKED LINKER/LOCATER V6.22.2.0                                                  07/28/2021  11:20:17  PAGE 26


  C:42BCH         LINE#         279
  C:42C4H         LINE#         280
  C:42C4H         LINE#         283
  C:42CBH         LINE#         284
  C:42CBH         LINE#         285
  C:42D0H         LINE#         286
  C:42D0H         LINE#         287
  C:42D2H         LINE#         289
  C:42D2H         LINE#         290
  C:42DBH         LINE#         291
  C:42E3H         LINE#         292
  C:42E3H         LINE#         297
  C:42E5H         LINE#         300
  C:42E5H         LINE#         303
  C:42ECH         LINE#         304
  C:42ECH         LINE#         305
  C:42F1H         LINE#         306
  C:42F1H         LINE#         307
  C:42FCH         LINE#         311
  C:42FCH         LINE#         312
  C:42FCH         LINE#         314
  -------         ENDPROC       _VALIDA_TRAMA_PTO
  -------         PROC          _RECIBE_CMD_MONITOR
  X:0001H         SYMBOL        buffer_cmd
  -------         DO            
  X:0004H         SYMBOL        j
  X:0005H         SYMBOL        NumDatos
  D:0005H         SYMBOL        time_out
  X:0006H         SYMBOL        MaxChrRx
  D:0006H         SYMBOL        contador
  -------         ENDDO         
  C:95EBH         LINE#         320
  C:95F6H         LINE#         321
  C:95F6H         LINE#         325
  C:95FBH         LINE#         326
  C:95FFH         LINE#         328
  C:9607H         LINE#         329
  C:9607H         LINE#         330
  C:9618H         LINE#         331
  C:9618H         LINE#         332
  C:961BH         LINE#         333
  C:961CH         LINE#         334
  C:9622H         LINE#         335
  C:9622H         LINE#         336
  C:9627H         LINE#         337
  C:9630H         LINE#         338
  C:9630H         LINE#         339
  C:9632H         LINE#         340
  C:963AH         LINE#         341
  C:963AH         LINE#         342
  C:963CH         LINE#         343
  C:9641H         LINE#         344
  C:9647H         LINE#         345
  C:9659H         LINE#         346
  C:9663H         LINE#         347
  C:966BH         LINE#         349
  C:967AH         LINE#         352
BL51 BANKED LINKER/LOCATER V6.22.2.0                                                  07/28/2021  11:20:17  PAGE 27


  C:967AH         LINE#         353
  C:967FH         LINE#         354
  -------         ENDPROC       _RECIBE_CMD_MONITOR
  -------         PROC          _MONITOR_CHR
  X:003AH         SYMBOL        str
  X:003DH         SYMBOL        num_char
  -------         DO            
  X:003EH         SYMBOL        j
  -------         ENDDO         
  C:A997H         LINE#         409
  C:A9A5H         LINE#         410
  C:A9A5H         LINE#         412
  C:A9B3H         LINE#         413
  C:A9B3H         LINE#         414
  C:A9C5H         LINE#         415
  C:A9CFH         LINE#         416
  C:A9D7H         LINE#         417
  -------         ENDPROC       _MONITOR_CHR
  -------         PROC          _CMD_LPR_SALIDA_WIEGAND
  X:0011H         SYMBOL        buffer
  -------         DO            
  X:0014H         SYMBOL        Buffer_Lpr
  X:0032H         SYMBOL        j
  -------         ENDDO         
  C:87F3H         LINE#         422
  C:87FEH         LINE#         423
  C:87FEH         LINE#         425
  C:8804H         LINE#         426
  C:8809H         LINE#         427
  C:8811H         LINE#         428
  C:8815H         LINE#         429
  C:881EH         LINE#         430
  C:881EH         LINE#         431
  C:882FH         LINE#         432
  C:8831H         LINE#         434
  C:8831H         LINE#         435
  C:8842H         LINE#         436
  C:8842H         LINE#         440
  C:8859H         LINE#         441
  C:8859H         LINE#         442
  C:8868H         LINE#         443
  C:8872H         LINE#         445
  C:887AH         LINE#         446
  C:888EH         LINE#         448
  C:889EH         LINE#         449
  C:88AFH         LINE#         450
  C:88BCH         LINE#         454
  -------         ENDPROC       _CMD_LPR_SALIDA_WIEGAND
  -------         PROC          _CMD_LPR_SALIDA
  X:0015H         SYMBOL        buffer_S1_B0
  X:0018H         SYMBOL        buffer_S1_B
  -------         DO            
  X:001BH         SYMBOL        Buffer_Lpr
  X:0039H         SYMBOL        j
  -------         ENDDO         
  C:603AH         LINE#         459
  C:6045H         LINE#         460
BL51 BANKED LINKER/LOCATER V6.22.2.0                                                  07/28/2021  11:20:17  PAGE 28


  C:6045H         LINE#         464
  C:604BH         LINE#         465
  C:6050H         LINE#         466
  C:6058H         LINE#         467
  C:605CH         LINE#         471
  C:6065H         LINE#         472
  C:6065H         LINE#         473
  C:6076H         LINE#         474
  C:6078H         LINE#         476
  C:6078H         LINE#         477
  C:6089H         LINE#         478
  C:6089H         LINE#         479
  C:60A1H         LINE#         480
  C:60A1H         LINE#         481
  C:60B6H         LINE#         482
  C:60C4H         LINE#         483
  C:60D2H         LINE#         484
  C:60DEH         LINE#         485
  C:60ECH         LINE#         486
  C:6125H         LINE#         488
  C:6127H         LINE#         490
  C:6127H         LINE#         494
  C:6127H         LINE#         496
  C:6149H         LINE#         497
  C:6153H         LINE#         498
  C:6163H         LINE#         500
  C:6176H         LINE#         501
  C:6176H         LINE#         503
  C:6184H         LINE#         506
  C:6192H         LINE#         510
  C:619FH         LINE#         512
  C:61ADH         LINE#         514
  C:61BEH         LINE#         517
  C:61D2H         LINE#         519
  -------         ENDPROC       _CMD_LPR_SALIDA
  -------         ENDMOD        ACCESCAN

  -------         MODULE        CLOCK
  C:0000H         SYMBOL        _ICE_DUMMY_
  C:AA0CH         PUBLIC        _two_one
  D:0090H         PUBLIC        P1
  C:7684H         PUBLIC        _validar_clk
  C:AD33H         PUBLIC        _wr_clk
  C:64D6H         PUBLIC        _check_fechaOut
  C:5CB8H         PUBLIC        _Block_read_clock_ascii_rasberry
  B:00D0H.7       PUBLIC        CY
  C:0003H         PUBLIC        p_ck
  C:8D62H         PUBLIC        _check_fechaOut_2
  C:9680H         PUBLIC        _hex_ascii
  X:028DH         PUBLIC        data_clk
  C:B012H         PUBLIC        cond_ini_clock
  C:8A60H         PUBLIC        _Block_read_Clock
  B:0090H.4       PUBLIC        sck
  C:918BH         PUBLIC        _Block_read_Clock_Hex
  C:664FH         PUBLIC        _Block_read_clock_ascii
  C:AAF2H         PUBLIC        _hex_bcd
  C:AEB3H         PUBLIC        _bcd_hex
BL51 BANKED LINKER/LOCATER V6.22.2.0                                                  07/28/2021  11:20:17  PAGE 29


  C:A4E6H         PUBLIC        _ByteHex_Decimal
  C:98CCH         PUBLIC        _lee_clk
  C:3092H         PUBLIC        _analiza_tiempo
  B:0090H.5       PUBLIC        io
  C:9952H         PUBLIC        _Block_write_clock_ascii
  B:0090H.6       PUBLIC        rst
  C:AA59H         PUBLIC        _eb_clk
  C:4A60H         PUBLIC        _Two_ByteHex_Decimal
  -------         PROC          P_CK
  C:0003H         LINE#         40
  C:0003H         LINE#         41
  C:0003H         LINE#         42
  C:0005H         LINE#         43
  C:0008H         LINE#         44
  C:000AH         LINE#         45
  -------         ENDPROC       P_CK
  -------         PROC          _EB_CLK
  X:00C8H         SYMBOL        dir_clk
  -------         DO            
  X:00C9H         SYMBOL        nbits
  -------         ENDDO         
  C:AA59H         LINE#         47
  C:AA5EH         LINE#         49
  C:AA63H         LINE#         50
  C:AA63H         LINE#         51
  C:AA6CH         LINE#         52
  C:AA6FH         LINE#         53
  C:AA6FH         LINE#         54
  C:AA71H         LINE#         55
  C:AA73H         LINE#         57
  C:AA73H         LINE#         58
  C:AA75H         LINE#         59
  C:AA75H         LINE#         60
  C:AA78H         LINE#         61
  C:AA97H         LINE#         62
  -------         ENDPROC       _EB_CLK
  C:98C3H         SYMBOL        L?0180
  -------         PROC          L?0179
  -------         ENDPROC       L?0179
  C:98C3H         SYMBOL        L?0180
  -------         PROC          _LEE_CLK
  X:00C5H         SYMBOL        dir_clk
  -------         DO            
  X:00C6H         SYMBOL        nbits
  -------         ENDDO         
  C:98CCH         LINE#         64
  C:98D1H         LINE#         66
  C:98D3H         LINE#         67
  C:98DAH         LINE#         68
  C:98E2H         LINE#         69
  C:98FBH         LINE#         70
  C:98FBH         LINE#         71
  C:98FEH         LINE#         72
  C:98FEH         LINE#         73
  C:9905H         LINE#         74
  C:990FH         LINE#         75
  C:9914H         LINE#         76
BL51 BANKED LINKER/LOCATER V6.22.2.0                                                  07/28/2021  11:20:17  PAGE 30


  C:9914H         LINE#         77
  C:9914H         LINE#         78
  C:9917H         LINE#         79
  C:9917H         LINE#         80
  C:991EH         LINE#         81
  C:992FH         LINE#         82
  C:992FH         LINE#         83
  C:9937H         LINE#         84
  C:9937H         LINE#         85
  C:9937H         LINE#         86
  C:993AH         LINE#         87
  C:994AH         LINE#         88
  C:994CH         LINE#         89
  C:9951H         LINE#         90
  -------         ENDPROC       _LEE_CLK
  -------         PROC          _WR_CLK
  X:0014H         SYMBOL        dir_clk
  X:0015H         SYMBOL        byte
  C:AD33H         LINE#         92
  C:AD3BH         LINE#         93
  C:AD3DH         LINE#         94
  C:AD44H         LINE#         95
  C:AD4CH         LINE#         96
  C:AD55H         LINE#         97
  C:AD58H         LINE#         98
  C:AD5AH         LINE#         100
  -------         ENDPROC       _WR_CLK
  C:A9D8H         SYMBOL        L?0175
  C:A9F6H         SYMBOL        L?0176
  -------         PROC          L?0174
  -------         ENDPROC       L?0174
  C:A9D8H         SYMBOL        L?0175
  C:A9F6H         SYMBOL        L?0176
  -------         PROC          _TWO_ONE
  D:0007H         SYMBOL        byte_h
  D:0005H         SYMBOL        byte_l
  -------         DO            
  D:0007H         SYMBOL        byte_out
  -------         ENDDO         
  C:AA0CH         LINE#         102
  C:AA0CH         LINE#         103
  C:AA0CH         LINE#         105
  C:AA0FH         LINE#         106
  C:AA13H         LINE#         107
  C:AA16H         LINE#         108
  C:AA18H         LINE#         109
  C:AA18H         LINE#         110
  -------         ENDPROC       _TWO_ONE
  -------         PROC          _VALIDAR_CLK
  D:0001H         SYMBOL        datos_clock
  -------         DO            
  D:0007H         SYMBOL        validador
  -------         ENDDO         
  C:7684H         LINE#         114
  C:7684H         LINE#         115
  C:7684H         LINE#         116
  C:7686H         LINE#         119
BL51 BANKED LINKER/LOCATER V6.22.2.0                                                  07/28/2021  11:20:17  PAGE 31


  C:769BH         LINE#         120
  C:769BH         LINE#         122
  C:76B3H         LINE#         123
  C:76B3H         LINE#         125
  C:76CBH         LINE#         126
  C:76CBH         LINE#         127
  C:76E3H         LINE#         128
  C:76E3H         LINE#         129
  C:76FBH         LINE#         130
  C:76FBH         LINE#         131
  C:7710H         LINE#         132
  C:7710H         LINE#         133
  C:7722H         LINE#         134
  C:7722H         LINE#         135
  C:7734H         LINE#         136
  C:7734H         LINE#         137
  C:7746H         LINE#         138
  C:7746H         LINE#         139
  C:7758H         LINE#         140
  C:7758H         LINE#         141
  C:776AH         LINE#         142
  C:776AH         LINE#         143
  C:777AH         LINE#         144
  C:777AH         LINE#         145
  C:777AH         LINE#         146
  C:777AH         LINE#         147
  C:777BH         LINE#         149
  C:777BH         LINE#         150
  C:777DH         LINE#         151
  C:777DH         LINE#         152
  C:777EH         LINE#         154
  C:777EH         LINE#         155
  C:7780H         LINE#         157
  C:7780H         LINE#         158
  C:7781H         LINE#         160
  C:7781H         LINE#         161
  C:7783H         LINE#         163
  C:7783H         LINE#         165
  C:7784H         LINE#         167
  C:7784H         LINE#         168
  C:7786H         LINE#         170
  C:7786H         LINE#         171
  C:7787H         LINE#         173
  C:7787H         LINE#         174
  C:7789H         LINE#         176
  C:7789H         LINE#         177
  C:778AH         LINE#         179
  C:778AH         LINE#         180
  C:778CH         LINE#         182
  C:778CH         LINE#         183
  C:778DH         LINE#         185
  C:778DH         LINE#         186
  C:778FH         LINE#         188
  C:778FH         LINE#         189
  C:778FH         LINE#         191
  C:7790H         LINE#         193
  C:7790H         LINE#         194
BL51 BANKED LINKER/LOCATER V6.22.2.0                                                  07/28/2021  11:20:17  PAGE 32


  C:7792H         LINE#         196
  C:7792H         LINE#         198
  C:7793H         LINE#         201
  C:7793H         LINE#         202
  C:7795H         LINE#         204
  C:7795H         LINE#         206
  C:7796H         LINE#         209
  C:7796H         LINE#         210
  C:7798H         LINE#         212
  C:7798H         LINE#         214
  C:7798H         LINE#         216
  -------         ENDPROC       _VALIDAR_CLK
  -------         PROC          _BLOCK_WRITE_CLOCK_ASCII
  X:0011H         SYMBOL        datos_clock
  C:9952H         LINE#         222
  C:995DH         LINE#         224
  C:995DH         LINE#         228
  C:9967H         LINE#         229
  C:9967H         LINE#         230
  C:9967H         LINE#         231
  C:9967H         LINE#         233
  C:9971H         LINE#         234
  C:997BH         LINE#         235
  C:9985H         LINE#         236
  C:9985H         LINE#         237
  C:9985H         LINE#         238
  C:9985H         LINE#         240
  C:998FH         LINE#         241
  C:998FH         LINE#         242
  C:998FH         LINE#         243
  C:998FH         LINE#         245
  C:9999H         LINE#         246
  C:9999H         LINE#         247
  C:9999H         LINE#         248
  C:9999H         LINE#         250
  C:99A3H         LINE#         251
  C:99A3H         LINE#         252
  C:99A3H         LINE#         253
  C:99A3H         LINE#         255
  C:99ADH         LINE#         256
  C:99B7H         LINE#         257
  C:99C1H         LINE#         258
  C:99CBH         LINE#         260
  -------         ENDPROC       _BLOCK_WRITE_CLOCK_ASCII
  -------         PROC          _BCD_HEX
[...]
  C:839AH         LINE#         256
  C:839AH         LINE#         259
  C:839DH         LINE#         261
  C:83BDH         LINE#         262
  C:83BDH         LINE#         263
  C:83C4H         LINE#         264
  C:83C4H         LINE#         265
  C:83CAH         LINE#         266
  C:83CCH         LINE#         267
  C:83D3H         LINE#         268
  C:83D3H         LINE#         269
  C:83D9H         LINE#         270
  C:83DBH         LINE#         271
BL51 BANKED LINKER/LOCATER V6.22.2.0                                                  07/28/2021  11:20:17  PAGE 121


  C:83E2H         LINE#         272
  C:83E2H         LINE#         273
  C:83E8H         LINE#         274
  C:83EAH         LINE#         275
  C:83F1H         LINE#         276
  C:83F1H         LINE#         277
  C:83F7H         LINE#         278
  C:83F9H         LINE#         279
  C:8400H         LINE#         280
  C:8400H         LINE#         281
  C:8409H         LINE#         282
  C:8409H         LINE#         284
  C:840FH         LINE#         285
  C:8412H         LINE#         286
  C:8414H         LINE#         287
  C:8418H         LINE#         288
  C:841CH         LINE#         289
  C:8420H         LINE#         290
  C:8428H         LINE#         291
  C:842CH         LINE#         292
  C:8438H         LINE#         293
  C:8438H         LINE#         294
  C:844CH         LINE#         295
  C:844FH         LINE#         296
  C:8457H         LINE#         297
  C:8459H         LINE#         298
  C:845EH         LINE#         299
  C:846DH         LINE#         300
  C:8478H         LINE#         301
  C:847EH         LINE#         302
  C:847EH         LINE#         304
  -------         ENDPROC       _MOV_CARD
  -------         PROC          AUT_CARD_CHECK_STATUS
  -------         DO            
  D:0003H         SYMBOL        j
  X:0011H         SYMBOL        bcc
  X:0012H         SYMBOL        g_scArrTxComSoft
  -------         ENDDO         
  C:9FA0H         LINE#         310
  C:9FA0H         LINE#         311
  C:9FA0H         LINE#         314
  C:9FA5H         LINE#         316
  C:9FAEH         LINE#         318
  C:9FB4H         LINE#         319
  C:9FB7H         LINE#         320
  C:9FB9H         LINE#         321
  C:9FBDH         LINE#         322
  C:9FC1H         LINE#         323
  C:9FC5H         LINE#         324
  C:9FC9H         LINE#         325
  C:9FCDH         LINE#         326
  C:9FD9H         LINE#         327
  C:9FD9H         LINE#         328
  C:9FEDH         LINE#         329
  C:9FF0H         LINE#         330
  C:9FF8H         LINE#         331
  C:9FFAH         LINE#         332
BL51 BANKED LINKER/LOCATER V6.22.2.0                                                  07/28/2021  11:20:17  PAGE 122


  C:9FFFH         LINE#         333
  C:A00EH         LINE#         334
  C:A019H         LINE#         335
  C:A01FH         LINE#         336
  -------         ENDPROC       AUT_CARD_CHECK_STATUS
  -------         PROC          DWLOAD_EEPROM
  -------         DO            
  D:0003H         SYMBOL        j
  X:0002H         SYMBOL        bcc
  X:0003H         SYMBOL        g_scArrTxComSoft
  -------         ENDDO         
  C:90E2H         LINE#         342
  C:90E2H         LINE#         343
  C:90E2H         LINE#         346
  C:90E7H         LINE#         347
  C:90F0H         LINE#         349
  C:90F6H         LINE#         350
  C:90F9H         LINE#         351
  C:90FBH         LINE#         352
  C:90FFH         LINE#         353
  C:9103H         LINE#         354
  C:9107H         LINE#         355
  C:910BH         LINE#         356
  C:910EH         LINE#         357
  C:9112H         LINE#         358
  C:9115H         LINE#         359
  C:9118H         LINE#         360
  C:911CH         LINE#         361
  C:9120H         LINE#         362
  C:9124H         LINE#         363
  C:9128H         LINE#         364
  C:912CH         LINE#         365
  C:9130H         LINE#         366
  C:9134H         LINE#         367
  C:9138H         LINE#         369
  C:9144H         LINE#         370
  C:9144H         LINE#         371
  C:9158H         LINE#         372
  C:915BH         LINE#         373
  C:9163H         LINE#         374
  C:9165H         LINE#         375
  C:916AH         LINE#         376
  C:9179H         LINE#         377
  C:9184H         LINE#         378
  C:918AH         LINE#         379
  -------         ENDPROC       DWLOAD_EEPROM
  -------         PROC          LOADVERIFY_EEPROM
  -------         DO            
  D:0003H         SYMBOL        j
  X:0011H         SYMBOL        bcc
  X:0012H         SYMBOL        g_scArrTxComSoft
  -------         ENDDO         
  C:97A2H         LINE#         385
  C:97A2H         LINE#         386
  C:97A2H         LINE#         389
  C:97A7H         LINE#         390
  C:97B0H         LINE#         393
BL51 BANKED LINKER/LOCATER V6.22.2.0                                                  07/28/2021  11:20:17  PAGE 123


  C:97B6H         LINE#         394
  C:97B9H         LINE#         395
  C:97BBH         LINE#         396
  C:97BFH         LINE#         397
  C:97C3H         LINE#         398
  C:97C7H         LINE#         399
  C:97CBH         LINE#         400
  C:97CEH         LINE#         401
  C:97D2H         LINE#         402
  C:97D5H         LINE#         403
  C:97D8H         LINE#         404
  C:97DCH         LINE#         405
  C:97E0H         LINE#         409
  C:97ECH         LINE#         410
  C:97ECH         LINE#         411
  C:9800H         LINE#         412
  C:9803H         LINE#         413
  C:980BH         LINE#         414
  C:980DH         LINE#         415
  C:9812H         LINE#         416
  C:9821H         LINE#         417
  C:982CH         LINE#         418
  C:9832H         LINE#         420
  -------         ENDPROC       LOADVERIFY_EEPROM
  -------         PROC          _RD_MF
  X:0011H         SYMBOL        Sector
  X:0012H         SYMBOL        Bloque
  -------         DO            
  D:0003H         SYMBOL        j
  X:0013H         SYMBOL        bcc
  X:0014H         SYMBOL        g_scArrTxComSoft
  -------         ENDDO         
  C:8B25H         LINE#         426
  C:8B2DH         LINE#         427
  C:8B2DH         LINE#         431
  C:8B30H         LINE#         433
  C:8B39H         LINE#         434
  C:8B41H         LINE#         436
  C:8B4AH         LINE#         437
  C:8B52H         LINE#         438
  C:8B5BH         LINE#         441
  C:8B61H         LINE#         442
  C:8B64H         LINE#         443
  C:8B66H         LINE#         444
  C:8B6AH         LINE#         445
  C:8B6EH         LINE#         446
  C:8B72H         LINE#         447
  C:8B76H         LINE#         448
  C:8B79H         LINE#         449
  C:8B7DH         LINE#         450
  C:8B85H         LINE#         451
  C:8B8DH         LINE#         452
  C:8B91H         LINE#         453
  C:8B95H         LINE#         455
  C:8BA1H         LINE#         456
  C:8BA1H         LINE#         457
  C:8BB5H         LINE#         458
BL51 BANKED LINKER/LOCATER V6.22.2.0                                                  07/28/2021  11:20:17  PAGE 124


  C:8BB8H         LINE#         459
  C:8BC0H         LINE#         462
  C:8BC2H         LINE#         463
  C:8BC7H         LINE#         464
  C:8BD6H         LINE#         465
  C:8BE1H         LINE#         466
  C:8BE7H         LINE#         468
  -------         ENDPROC       _RD_MF
  -------         PROC          _WR_MF
  X:0011H         SYMBOL        Sector
  X:0012H         SYMBOL        Bloque
  X:0013H         SYMBOL        buffer
  -------         DO            
  X:0016H         SYMBOL        j
  X:0017H         SYMBOL        bcc
  X:0018H         SYMBOL        g_scArrTxComSoft
  -------         ENDDO         
  C:635BH         LINE#         475
  C:636CH         LINE#         477
  C:636CH         LINE#         480
  C:6371H         LINE#         482
  C:637AH         LINE#         483
  C:6382H         LINE#         485
  C:638BH         LINE#         486
  C:6393H         LINE#         487
  C:639CH         LINE#         489
  C:63A2H         LINE#         490
  C:63A5H         LINE#         491
  C:63A7H         LINE#         492
  C:63ABH         LINE#         494
  C:63AFH         LINE#         495
  C:63B3H         LINE#         496
  C:63B7H         LINE#         497
  C:63BAH         LINE#         498
  C:63BEH         LINE#         499
  C:63C7H         LINE#         500
  C:63CFH         LINE#         501
  C:63D3H         LINE#         503
  C:63D8H         LINE#         504
  C:63D8H         LINE#         509
  C:63DBH         LINE#         510
  C:63DDH         LINE#         511
  C:63DFH         LINE#         512
  C:63E1H         LINE#         513
  C:63E3H         LINE#         518
  C:63E5H         LINE#         519
  C:63E7H         LINE#         520
  C:63E9H         LINE#         525
  C:63FEH         LINE#         526
  C:63FEH         LINE#         527
  C:63FFH         LINE#         528
  C:6401H         LINE#         530
  C:6401H         LINE#         531
  C:6416H         LINE#         532
  C:6416H         LINE#         536
  C:6420H         LINE#         541
  C:6433H         LINE#         542
BL51 BANKED LINKER/LOCATER V6.22.2.0                                                  07/28/2021  11:20:17  PAGE 125


  C:6433H         LINE#         543
  C:6433H         LINE#         544
  C:6433H         LINE#         546
  C:6433H         LINE#         547
  C:6439H         LINE#         548
  C:6439H         LINE#         553
  C:643EH         LINE#         554
  C:6440H         LINE#         555
  C:6442H         LINE#         556
  C:6444H         LINE#         557
  C:6446H         LINE#         559
  C:6448H         LINE#         561
  C:6448H         LINE#         562
  C:645CH         LINE#         563
  C:645CH         LINE#         564
  C:6468H         LINE#         565
  C:6470H         LINE#         566
  C:6470H         LINE#         571
  C:6476H         LINE#         573
  C:6489H         LINE#         574
  C:6489H         LINE#         575
  C:649EH         LINE#         576
  C:64A6H         LINE#         577
  C:64AEH         LINE#         580
  C:64B0H         LINE#         581
  C:64B5H         LINE#         582
  C:64C4H         LINE#         583
  C:64CFH         LINE#         584
  C:64D5H         LINE#         586
  -------         ENDPROC       _WR_MF
  -------         PROC          UNIQUE_IDENTIFIER_UID
  -------         DO            
  D:0003H         SYMBOL        j
  X:0011H         SYMBOL        bcc
  X:0012H         SYMBOL        g_scArrTxComSoft
  -------         ENDDO         
  C:9C07H         LINE#         591
  C:9C07H         LINE#         592
  C:9C07H         LINE#         595
  C:9C0CH         LINE#         597
  C:9C15H         LINE#         599
  C:9C1BH         LINE#         600
  C:9C1EH         LINE#         601
  C:9C20H         LINE#         602
  C:9C24H         LINE#         603
  C:9C28H         LINE#         604
  C:9C2CH         LINE#         605
  C:9C30H         LINE#         606
  C:9C34H         LINE#         607
  C:9C38H         LINE#         608
  C:9C3CH         LINE#         609
  C:9C48H         LINE#         610
  C:9C48H         LINE#         611
  C:9C5CH         LINE#         612
  C:9C5FH         LINE#         613
  C:9C67H         LINE#         614
  C:9C69H         LINE#         615
BL51 BANKED LINKER/LOCATER V6.22.2.0                                                  07/28/2021  11:20:17  PAGE 126


  C:9C6EH         LINE#         616
  C:9C7DH         LINE#         617
  C:9C88H         LINE#         618
  C:9C8EH         LINE#         619
  -------         ENDPROC       UNIQUE_IDENTIFIER_UID
  -------         PROC          POWER_OFF
  -------         DO            
  D:0003H         SYMBOL        j
  X:0011H         SYMBOL        bcc
  X:0012H         SYMBOL        g_scArrTxComSoft
  -------         ENDDO         
  C:A020H         LINE#         620
  C:A020H         LINE#         621
  C:A020H         LINE#         624
  C:A025H         LINE#         626
  C:A02EH         LINE#         628
  C:A034H         LINE#         629
  C:A037H         LINE#         630
  C:A039H         LINE#         631
  C:A03DH         LINE#         632
  C:A041H         LINE#         633
  C:A045H         LINE#         634
  C:A049H         LINE#         635
  C:A04DH         LINE#         636
  C:A059H         LINE#         637
  C:A059H         LINE#         638
  C:A06DH         LINE#         639
  C:A070H         LINE#         640
  C:A078H         LINE#         641
  C:A07AH         LINE#         642
  C:A07FH         LINE#         643
  C:A08EH         LINE#         644
  C:A099H         LINE#         645
  C:A09FH         LINE#         648
  -------         ENDPROC       POWER_OFF
  -------         ENDMOD        LINTECH

  -------         MODULE        ?C?FPADD
  C:1DCFH         PUBLIC        ?C?FPADD
  C:1DCBH         PUBLIC        ?C?FPSUB
  -------         ENDMOD        ?C?FPADD

  -------         MODULE        ?C?FPMUL
  C:1EC0H         PUBLIC        ?C?FPMUL
  -------         ENDMOD        ?C?FPMUL

  -------         MODULE        ?C?FCAST
  C:1FD0H         PUBLIC        ?C?FCASTC
  C:1FCBH         PUBLIC        ?C?FCASTI
  C:1FC6H         PUBLIC        ?C?FCASTL
  -------         ENDMOD        ?C?FCAST

  -------         MODULE        ?C?CASTF
  C:2004H         PUBLIC        ?C?CASTF
  -------         ENDMOD        ?C?CASTF

  -------         MODULE        PRINTF
BL51 BANKED LINKER/LOCATER V6.22.2.0                                                  07/28/2021  11:20:17  PAGE 127


  X:00B0H         PUBLIC        ?_PRINTF?BYTE
  X:00B0H         PUBLIC        ?_SPRINTF?BYTE
  C:3AC8H         PUBLIC        _PRINTF
  C:3AC2H         PUBLIC        _SPRINTF
  -------         ENDMOD        PRINTF

  -------         MODULE        POW
  X:0046H         PUBLIC        ?_pow?BYTE
  C:67BEH         PUBLIC        _pow
  -------         ENDMOD        POW

  -------         MODULE        ?C?CHKFLOAT
  C:2085H         PUBLIC        ?C?CHKFLOAT
  -------         ENDMOD        ?C?CHKFLOAT

  -------         MODULE        ?C?FPCMP
  C:20A1H         PUBLIC        ?C?FPCMP
  C:209FH         PUBLIC        ?C?FPCMP3
  -------         ENDMOD        ?C?FPCMP

  -------         MODULE        ?C?FPNEG
  C:2118H         PUBLIC        ?C?FPNEG
  -------         ENDMOD        ?C?FPNEG

  -------         MODULE        ?C?FPROUND
  C:2129H         PUBLIC        ?C?FPROUND
  -------         ENDMOD        ?C?FPROUND

  -------         MODULE        ?C?FPCONVERT
  C:2166H         PUBLIC        ?C?FPCONVERT
  -------         ENDMOD        ?C?FPCONVERT

  -------         MODULE        EXP
  C:9589H         PUBLIC        _EXP
  -------         ENDMOD        EXP

  -------         MODULE        LOG
  C:7234H         PUBLIC        _LOG
  C:7230H         PUBLIC        _LOG10
  -------         ENDMOD        LOG

  -------         MODULE        ?C?FPDIV
  C:226EH         PUBLIC        ?C?FPDIV
  -------         ENDMOD        ?C?FPDIV

  -------         MODULE        ?C?FTNPWR
  C:233BH         PUBLIC        ?C?FTNPWR
  -------         ENDMOD        ?C?FTNPWR

  -------         MODULE        ?C?COPY
  C:2498H         PUBLIC        ?C?COPY
  -------         ENDMOD        ?C?COPY

  -------         MODULE        ?C?CLDPTR
  C:24BEH         PUBLIC        ?C?CLDPTR
  -------         ENDMOD        ?C?CLDPTR

BL51 BANKED LINKER/LOCATER V6.22.2.0                                                  07/28/2021  11:20:17  PAGE 128


  -------         MODULE        ?C?CLDOPTR
  C:24D7H         PUBLIC        ?C?CLDOPTR
  -------         ENDMOD        ?C?CLDOPTR

  -------         MODULE        ?C?CSTPTR
  C:2504H         PUBLIC        ?C?CSTPTR
  -------         ENDMOD        ?C?CSTPTR

  -------         MODULE        ?C?CSTOPTR
  C:2516H         PUBLIC        ?C?CSTOPTR
  -------         ENDMOD        ?C?CSTOPTR

  -------         MODULE        ?C?IMUL
  C:2538H         PUBLIC        ?C?IMUL
  -------         ENDMOD        ?C?IMUL

  -------         MODULE        ?C?UIDIV
  C:254AH         PUBLIC        ?C?UIDIV
  -------         ENDMOD        ?C?UIDIV

  -------         MODULE        ?C?IILDX
  C:259FH         PUBLIC        ?C?IILDX
  -------         ENDMOD        ?C?IILDX

  -------         MODULE        ?C?LNEG
  C:25B5H         PUBLIC        ?C?LNEG
  -------         ENDMOD        ?C?LNEG

  -------         MODULE        ?C?ULCMP
  C:25C3H         PUBLIC        ?C?ULCMP
  -------         ENDMOD        ?C?ULCMP

  -------         MODULE        ?C?LLDCODE
  C:25D4H         PUBLIC        ?C?LLDCODE
  -------         ENDMOD        ?C?LLDCODE

  -------         MODULE        ?C?LLDXDATA0
  C:25E4H         PUBLIC        ?C?LLDXDATA0
  -------         ENDMOD        ?C?LLDXDATA0

  -------         MODULE        ?C?LLDCODE0
  C:25F0H         PUBLIC        ?C?LLDCODE0
  -------         ENDMOD        ?C?LLDCODE0

  -------         MODULE        ?C?LSTXDATA
  C:2600H         PUBLIC        ?C?LSTXDATA
  -------         ENDMOD        ?C?LSTXDATA

  -------         MODULE        ?C?LSTKXDATA
  C:260CH         PUBLIC        ?C?LSTKXDATA
  -------         ENDMOD        ?C?LSTKXDATA

  -------         MODULE        ?C?PLDIXDATA
  C:263DH         PUBLIC        ?C?PLDIXDATA
  -------         ENDMOD        ?C?PLDIXDATA

  -------         MODULE        ?C?PSTXDATA
BL51 BANKED LINKER/LOCATER V6.22.2.0                                                  07/28/2021  11:20:17  PAGE 129


  C:2654H         PUBLIC        ?C?PSTXDATA
  -------         ENDMOD        ?C?PSTXDATA

  -------         MODULE        ?C?CCASE
  C:265DH         PUBLIC        ?C?CCASE
  -------         ENDMOD        ?C?CCASE

  -------         MODULE        STRCAT
  X:005AH         PUBLIC        ?_strcat?BYTE
  C:A349H         PUBLIC        _strcat
  -------         ENDMOD        STRCAT

  -------         MODULE        ?C?STRCMP
  C:2801H         PUBLIC        ?C?STRCMP
  -------         ENDMOD        ?C?STRCMP

  -------         MODULE        ?C?STRCPY
  C:28EAH         PUBLIC        ?C?STRCPY
  -------         ENDMOD        ?C?STRCPY

  -------         MODULE        STRLEN
  C:000EH         PUBLIC        _STRLEN
  -------         ENDMOD        STRLEN

  -------         MODULE        STRTOK
  X:0078H         PUBLIC        ?_strtok?BYTE
  C:847FH         PUBLIC        _strtok
  -------         ENDMOD        STRTOK

  -------         MODULE        ATOI
  C:8641H         PUBLIC        _atoi
  -------         ENDMOD        ATOI

  -------         MODULE        MALLOC
  C:88C9H         PUBLIC        _malloc
  -------         ENDMOD        MALLOC

  -------         MODULE        INIT_MEM
  X:027AH         PUBLIC        __mem_avail__
  C:AB50H         PUBLIC        _init_mempool
  -------         ENDMOD        INIT_MEM

  -------         MODULE        FREE
  C:6E4CH         PUBLIC        _free
  -------         ENDMOD        FREE

  -------         MODULE        ?C?ILDIX
  C:2907H         PUBLIC        ?C?ILDIX
  -------         ENDMOD        ?C?ILDIX

  -------         MODULE        ISDIGIT
  C:AFDBH         PUBLIC        _isdigit
  -------         ENDMOD        ISDIGIT

  -------         MODULE        ISSPACE
  C:AF4DH         PUBLIC        _isspace
  -------         ENDMOD        ISSPACE
BL51 BANKED LINKER/LOCATER V6.22.2.0                                                  07/28/2021  11:20:17  PAGE 130



  -------         MODULE        STRSPN
  X:007EH         PUBLIC        ?_strspn?BYTE
  C:9D9BH         PUBLIC        _strspn
  -------         ENDMOD        STRSPN

  -------         MODULE        STRPBRK
  X:007EH         PUBLIC        ?_strpbrk?BYTE
  C:9E1FH         PUBLIC        _strpbrk
  -------         ENDMOD        STRPBRK

Program Size: data=128.7 xdata=655 code=45143
LINK/LOCATE RUN COMPLETE.  0 WARNING(S),  0 ERROR(S)
